<!doctype html public "-//w3c//dtd html 4.0 transitional//en">
<html><head>
<title>Static Call Graph - [.\Objects\Project.axf]</title></head>
<body><HR>
<H1>Static Call Graph for image .\Objects\Project.axf</H1><HR>
<BR><P>#&#060CALLGRAPH&#062# ARM Linker, 5060750: Last Updated: Mon Aug 19 23:41:47 2024
<BR><P>
<H3>Maximum Stack Usage =        340 bytes + Unknown(Cycles, Untraceable Function Pointers)</H3><H3>
Call chain for Maximum Stack Depth:</H3>
ESP8266_Get_ServerInfo &rArr; ESP8266_Read_Inter &rArr; FW_UART_ReadInter &rArr; RB_Read_Inter &rArr; RB_Find_StringCS &rArr; Strfind
<P>
<H3>
Mutually Recursive functions
</H3> <LI><a href="#[2]">HardFault_Handler</a>&nbsp;&nbsp;&nbsp;&rArr;&nbsp;&nbsp;&nbsp;<a href="#[2]">HardFault_Handler</a><BR>
 <LI><a href="#[3]">MemManage_Handler</a>&nbsp;&nbsp;&nbsp;&rArr;&nbsp;&nbsp;&nbsp;<a href="#[3]">MemManage_Handler</a><BR>
 <LI><a href="#[4]">BusFault_Handler</a>&nbsp;&nbsp;&nbsp;&rArr;&nbsp;&nbsp;&nbsp;<a href="#[4]">BusFault_Handler</a><BR>
 <LI><a href="#[5]">UsageFault_Handler</a>&nbsp;&nbsp;&nbsp;&rArr;&nbsp;&nbsp;&nbsp;<a href="#[5]">UsageFault_Handler</a><BR>
 <LI><a href="#[6]">SVC_Handler</a>&nbsp;&nbsp;&nbsp;&rArr;&nbsp;&nbsp;&nbsp;<a href="#[6]">SVC_Handler</a><BR>
 <LI><a href="#[7]">DebugMon_Handler</a>&nbsp;&nbsp;&nbsp;&rArr;&nbsp;&nbsp;&nbsp;<a href="#[7]">DebugMon_Handler</a><BR>
 <LI><a href="#[8]">PendSV_Handler</a>&nbsp;&nbsp;&nbsp;&rArr;&nbsp;&nbsp;&nbsp;<a href="#[8]">PendSV_Handler</a><BR>
 <LI><a href="#[1c]">ADC_IRQHandler</a>&nbsp;&nbsp;&nbsp;&rArr;&nbsp;&nbsp;&nbsp;<a href="#[1c]">ADC_IRQHandler</a><BR>
</UL>
<P>
<H3>
Function Pointers
</H3><UL>
 <LI><a href="#[1c]">ADC_IRQHandler</a> from startup_stm32f401xe.o(.text) referenced from startup_stm32f401xe.o(RESET)
 <LI><a href="#[4]">BusFault_Handler</a> from startup_stm32f401xe.o(.text) referenced from startup_stm32f401xe.o(RESET)
 <LI><a href="#[7a]">Bus_Init</a> from ili9341.o(i.Bus_Init) referenced from ili9341.o(i.ILI_Init)
 <LI><a href="#[10c]">Bus_LCD8_Init</a> from fw_bus.o(i.Bus_LCD8_Init) referenced from fw_bus.o(.constdata)
 <LI><a href="#[10f]">Bus_LCD8_ReadData</a> from fw_bus.o(i.Bus_LCD8_ReadData) referenced from fw_bus.o(.constdata)
 <LI><a href="#[4a]">Bus_LCD8_ReadDataU16</a> from fw_bus.o(i.Bus_LCD8_ReadDataU16) referenced from fw_bus.o(i.Bus_LCD8_Init)
 <LI><a href="#[47]">Bus_LCD8_ReadDataU32</a> from fw_bus.o(i.Bus_LCD8_ReadDataU32) referenced from fw_bus.o(i.Bus_LCD8_Init)
 <LI><a href="#[4d]">Bus_LCD8_ReadDataU8</a> from fw_bus.o(i.Bus_LCD8_ReadDataU8) referenced from fw_bus.o(i.Bus_LCD8_Init)
 <LI><a href="#[10d]">Bus_LCD8_WriteCmd</a> from fw_bus.o(i.Bus_LCD8_WriteCmd) referenced from fw_bus.o(.constdata)
 <LI><a href="#[48]">Bus_LCD8_WriteCmdU16</a> from fw_bus.o(i.Bus_LCD8_WriteCmdU16) referenced from fw_bus.o(i.Bus_LCD8_Init)
 <LI><a href="#[45]">Bus_LCD8_WriteCmdU32</a> from fw_bus.o(i.Bus_LCD8_WriteCmdU32) referenced from fw_bus.o(i.Bus_LCD8_Init)
 <LI><a href="#[4b]">Bus_LCD8_WriteCmdU8</a> from fw_bus.o(i.Bus_LCD8_WriteCmdU8) referenced from fw_bus.o(i.Bus_LCD8_Init)
 <LI><a href="#[10e]">Bus_LCD8_WriteData</a> from fw_bus.o(i.Bus_LCD8_WriteData) referenced from fw_bus.o(.constdata)
 <LI><a href="#[49]">Bus_LCD8_WriteDataU16</a> from fw_bus.o(i.Bus_LCD8_WriteDataU16) referenced from fw_bus.o(i.Bus_LCD8_Init)
 <LI><a href="#[46]">Bus_LCD8_WriteDataU32</a> from fw_bus.o(i.Bus_LCD8_WriteDataU32) referenced from fw_bus.o(i.Bus_LCD8_Init)
 <LI><a href="#[4c]">Bus_LCD8_WriteDataU8</a> from fw_bus.o(i.Bus_LCD8_WriteDataU8) referenced from fw_bus.o(i.Bus_LCD8_Init)
 <LI><a href="#[7d]">Bus_Read_Data</a> from ili9341.o(i.Bus_Read_Data) referenced from ili9341.o(i.ILI_Init)
 <LI><a href="#[7b]">Bus_Write_Cmd</a> from ili9341.o(i.Bus_Write_Cmd) referenced from ili9341.o(i.ILI_Init)
 <LI><a href="#[7c]">Bus_Write_Data</a> from ili9341.o(i.Bus_Write_Data) referenced from ili9341.o(i.ILI_Init)
 <LI><a href="#[15]">DMA1_Stream0_IRQHandler</a> from startup_stm32f401xe.o(.text) referenced from startup_stm32f401xe.o(RESET)
 <LI><a href="#[16]">DMA1_Stream1_IRQHandler</a> from startup_stm32f401xe.o(.text) referenced from startup_stm32f401xe.o(RESET)
 <LI><a href="#[17]">DMA1_Stream2_IRQHandler</a> from startup_stm32f401xe.o(.text) referenced from startup_stm32f401xe.o(RESET)
 <LI><a href="#[18]">DMA1_Stream3_IRQHandler</a> from startup_stm32f401xe.o(.text) referenced from startup_stm32f401xe.o(RESET)
 <LI><a href="#[19]">DMA1_Stream4_IRQHandler</a> from startup_stm32f401xe.o(.text) referenced from startup_stm32f401xe.o(RESET)
 <LI><a href="#[1a]">DMA1_Stream5_IRQHandler</a> from startup_stm32f401xe.o(.text) referenced from startup_stm32f401xe.o(RESET)
 <LI><a href="#[1b]">DMA1_Stream6_IRQHandler</a> from startup_stm32f401xe.o(.text) referenced from startup_stm32f401xe.o(RESET)
 <LI><a href="#[30]">DMA1_Stream7_IRQHandler</a> from startup_stm32f401xe.o(.text) referenced from startup_stm32f401xe.o(RESET)
 <LI><a href="#[34]">DMA2_Stream0_IRQHandler</a> from startup_stm32f401xe.o(.text) referenced from startup_stm32f401xe.o(RESET)
 <LI><a href="#[35]">DMA2_Stream1_IRQHandler</a> from startup_stm32f401xe.o(.text) referenced from startup_stm32f401xe.o(RESET)
 <LI><a href="#[36]">DMA2_Stream2_IRQHandler</a> from startup_stm32f401xe.o(.text) referenced from startup_stm32f401xe.o(RESET)
 <LI><a href="#[37]">DMA2_Stream3_IRQHandler</a> from startup_stm32f401xe.o(.text) referenced from startup_stm32f401xe.o(RESET)
 <LI><a href="#[38]">DMA2_Stream4_IRQHandler</a> from startup_stm32f401xe.o(.text) referenced from startup_stm32f401xe.o(RESET)
 <LI><a href="#[3a]">DMA2_Stream5_IRQHandler</a> from startup_stm32f401xe.o(.text) referenced from startup_stm32f401xe.o(RESET)
 <LI><a href="#[3b]">DMA2_Stream6_IRQHandler</a> from startup_stm32f401xe.o(.text) referenced from startup_stm32f401xe.o(RESET)
 <LI><a href="#[3c]">DMA2_Stream7_IRQHandler</a> from startup_stm32f401xe.o(.text) referenced from startup_stm32f401xe.o(RESET)
 <LI><a href="#[f7]">DS_Get_Temprature</a> from ds18b20.o(i.DS_Get_Temprature) referenced from ds18b20.o(.constdata)
 <LI><a href="#[f4]">DS_Init</a> from ds18b20.o(i.DS_Init) referenced from ds18b20.o(.constdata)
 <LI><a href="#[f5]">DS_Reset</a> from ds18b20.o(i.DS_Reset) referenced from ds18b20.o(.constdata)
 <LI><a href="#[f6]">DS_Set_Period</a> from ds18b20.o(i.DS_Set_Period) referenced from ds18b20.o(.constdata)
 <LI><a href="#[7]">DebugMon_Handler</a> from startup_stm32f401xe.o(.text) referenced from startup_stm32f401xe.o(RESET)
 <LI><a href="#[a7]">Delay_Get_Clock</a> from ll_delay.o(i.Delay_Get_Clock) referenced from ll_delay.o(.constdata)
 <LI><a href="#[a9]">Delay_Get_Counter</a> from ll_delay.o(i.Delay_Get_Counter) referenced from ll_delay.o(.constdata)
 <LI><a href="#[a8]">Delay_Get_Reload</a> from ll_delay.o(i.Delay_Get_Reload) referenced from ll_delay.o(.constdata)
 <LI><a href="#[aa]">Delay_Get_TickTime</a> from ll_delay.o(i.Delay_Get_TickTime) referenced from ll_delay.o(.constdata)
 <LI><a href="#[a6]">Delay_Init</a> from ll_delay.o(i.Delay_Init) referenced from ll_delay.o(.constdata)
 <LI><a href="#[e2]">ESP8266_AP_AutoLink</a> from esp8266.o(i.ESP8266_AP_AutoLink) referenced from esp8266.o(.constdata)
 <LI><a href="#[e0]">ESP8266_AP_Link</a> from esp8266.o(i.ESP8266_AP_Link) referenced from esp8266.o(.constdata)
 <LI><a href="#[df]">ESP8266_AP_Probe</a> from esp8266.o(i.ESP8266_AP_Probe) referenced from esp8266.o(.constdata)
 <LI><a href="#[e1]">ESP8266_AP_Unlink</a> from esp8266.o(i.ESP8266_AP_Unlink) referenced from esp8266.o(.constdata)
 <LI><a href="#[d9]">ESP8266_Enter_LPM</a> from esp8266.o(i.ESP8266_Enter_LPM) referenced from esp8266.o(.constdata)
 <LI><a href="#[da]">ESP8266_Exit_LPM</a> from esp8266.o(i.ESP8266_Exit_LPM) referenced from esp8266.o(.constdata)
 <LI><a href="#[e3]">ESP8266_Get_APInfo</a> from esp8266.o(i.ESP8266_Get_APInfo) referenced from esp8266.o(.constdata)
 <LI><a href="#[e6]">ESP8266_Get_LinkState</a> from esp8266.o(i.ESP8266_Get_LinkState) referenced from esp8266.o(.constdata)
 <LI><a href="#[de]">ESP8266_Get_LocalInof</a> from esp8266.o(i.ESP8266_Get_LocalInof) referenced from esp8266.o(.constdata)
 <LI><a href="#[dc]">ESP8266_Get_Mode</a> from esp8266.o(i.ESP8266_Get_Mode) referenced from esp8266.o(.constdata)
 <LI><a href="#[e5]">ESP8266_Get_ServerInfo</a> from esp8266.o(i.ESP8266_Get_ServerInfo) referenced from esp8266.o(.constdata)
 <LI><a href="#[d6]">ESP8266_Init</a> from esp8266.o(i.ESP8266_Init) referenced from esp8266.o(.constdata)
 <LI><a href="#[e9]">ESP8266_Read</a> from esp8266.o(i.ESP8266_Read) referenced from esp8266.o(.constdata)
 <LI><a href="#[d7]">ESP8266_Reset</a> from esp8266.o(i.ESP8266_Reset) referenced from esp8266.o(.constdata)
 <LI><a href="#[d8]">ESP8266_Restore</a> from esp8266.o(i.ESP8266_Restore) referenced from esp8266.o(.constdata)
 <LI><a href="#[e4]">ESP8266_Server_Link</a> from esp8266.o(i.ESP8266_Server_Link) referenced from esp8266.o(.constdata)
 <LI><a href="#[dd]">ESP8266_Set_LocalInfo</a> from esp8266.o(i.ESP8266_Set_LocalInfo) referenced from esp8266.o(.constdata)
 <LI><a href="#[db]">ESP8266_Set_Mode</a> from esp8266.o(i.ESP8266_Set_Mode) referenced from esp8266.o(.constdata)
 <LI><a href="#[e7]">ESP8266_Set_TRPT</a> from esp8266.o(i.ESP8266_Set_TRPT) referenced from esp8266.o(.constdata)
 <LI><a href="#[e8]">ESP8266_Write</a> from esp8266.o(i.ESP8266_Write) referenced from esp8266.o(.constdata)
 <LI><a href="#[10]">EXTI0_IRQHandler</a> from startup_stm32f401xe.o(.text) referenced from startup_stm32f401xe.o(RESET)
 <LI><a href="#[2d]">EXTI15_10_IRQHandler</a> from startup_stm32f401xe.o(.text) referenced from startup_stm32f401xe.o(RESET)
 <LI><a href="#[11]">EXTI1_IRQHandler</a> from startup_stm32f401xe.o(.text) referenced from startup_stm32f401xe.o(RESET)
 <LI><a href="#[12]">EXTI2_IRQHandler</a> from startup_stm32f401xe.o(.text) referenced from startup_stm32f401xe.o(RESET)
 <LI><a href="#[13]">EXTI3_IRQHandler</a> from startup_stm32f401xe.o(.text) referenced from startup_stm32f401xe.o(RESET)
 <LI><a href="#[14]">EXTI4_IRQHandler</a> from startup_stm32f401xe.o(.text) referenced from startup_stm32f401xe.o(RESET)
 <LI><a href="#[1d]">EXTI9_5_IRQHandler</a> from startup_stm32f401xe.o(.text) referenced from startup_stm32f401xe.o(RESET)
 <LI><a href="#[e]">FLASH_IRQHandler</a> from startup_stm32f401xe.o(.text) referenced from startup_stm32f401xe.o(RESET)
 <LI><a href="#[40]">FPU_IRQHandler</a> from startup_stm32f401xe.o(.text) referenced from startup_stm32f401xe.o(RESET)
 <LI><a href="#[4f]">FW_Delay_DefMs</a> from fw_delay.o(i.FW_Delay_DefMs) referenced from fw_delay.o(i.FW_Delay_Init)
 <LI><a href="#[11e]">FW_GPIO_Driver_Probe</a> from fw_gpio.o(i.FW_GPIO_Driver_Probe) referenced from fw_gpio.o(Device_Table)
 <LI><a href="#[51]">FW_GPIO_ToggleUseGetOutput</a> from fw_gpio.o(i.FW_GPIO_ToggleUseGetOutput) referenced from fw_gpio.o(i.FW_GPIO_Driver_Probe)
 <LI><a href="#[50]">FW_GPIO_ToggleUseLAPI</a> from fw_gpio.o(i.FW_GPIO_ToggleUseLAPI) referenced from fw_gpio.o(i.FW_GPIO_Driver_Probe)
 <LI><a href="#[52]">FW_I2C_IH_RC</a> from fw_i2c.o(i.FW_I2C_IH_RC) referenced from fw_i2c.o(i.FW_I2C_Init)
 <LI><a href="#[53]">FW_I2C_IH_RX</a> from fw_i2c.o(i.FW_I2C_IH_RX) referenced from fw_i2c.o(i.FW_I2C_Init)
 <LI><a href="#[54]">FW_I2C_IH_TC</a> from fw_i2c.o(i.FW_I2C_IH_TC) referenced from fw_i2c.o(i.FW_I2C_Init)
 <LI><a href="#[55]">FW_I2C_IH_TX</a> from fw_i2c.o(i.FW_I2C_IH_TX) referenced from fw_i2c.o(i.FW_I2C_Init)
 <LI><a href="#[5b]">FW_I2C_ReadDMA</a> from fw_i2c.o(i.FW_I2C_ReadDMA) referenced from fw_i2c.o(i.FW_I2C_Init)
 <LI><a href="#[5a]">FW_I2C_ReadINT</a> from fw_i2c.o(i.FW_I2C_ReadINT) referenced from fw_i2c.o(i.FW_I2C_Init)
 <LI><a href="#[59]">FW_I2C_ReadPOL</a> from fw_i2c.o(i.FW_I2C_ReadPOL) referenced from fw_i2c.o(i.FW_I2C_Init)
 <LI><a href="#[58]">FW_I2C_WriteDMA</a> from fw_i2c.o(i.FW_I2C_WriteDMA) referenced from fw_i2c.o(i.FW_I2C_Init)
 <LI><a href="#[57]">FW_I2C_WriteINT</a> from fw_i2c.o(i.FW_I2C_WriteINT) referenced from fw_i2c.o(i.FW_I2C_Init)
 <LI><a href="#[56]">FW_I2C_WritePOL</a> from fw_i2c.o(i.FW_I2C_WritePOL) referenced from fw_i2c.o(i.FW_I2C_Init)
 <LI><a href="#[4e]">FW_OS_Delay</a> from fw_os.o(i.FW_OS_Delay) referenced from fw_delay.o(i.FW_Delay_Init)
 <LI><a href="#[115]">FW_SI2C_Init</a> from fw_si2c.o(i.FW_SI2C_Init) referenced from fw_si2c.o(.constdata)
 <LI><a href="#[117]">FW_SI2C_Read</a> from fw_si2c.o(i.FW_SI2C_Read) referenced from fw_si2c.o(.constdata)
 <LI><a href="#[116]">FW_SI2C_Write</a> from fw_si2c.o(i.FW_SI2C_Write) referenced from fw_si2c.o(.constdata)
 <LI><a href="#[66]">FW_SPI_CSIOSet</a> from fw_spi.o(i.FW_SPI_CSIOSet) referenced from fw_spi.o(i.FW_SPI_Init)
 <LI><a href="#[5c]">FW_SPI_IH_RC</a> from fw_spi.o(i.FW_SPI_IH_RC) referenced from fw_spi.o(i.FW_SPI_Init)
 <LI><a href="#[5d]">FW_SPI_IH_RX</a> from fw_spi.o(i.FW_SPI_IH_RX) referenced from fw_spi.o(i.FW_SPI_Init)
 <LI><a href="#[5e]">FW_SPI_IH_TC</a> from fw_spi.o(i.FW_SPI_IH_TC) referenced from fw_spi.o(i.FW_SPI_Init)
 <LI><a href="#[5f]">FW_SPI_IH_TX</a> from fw_spi.o(i.FW_SPI_IH_TX) referenced from fw_spi.o(i.FW_SPI_Init)
 <LI><a href="#[65]">FW_SPI_ReadDMA</a> from fw_spi.o(i.FW_SPI_ReadDMA) referenced from fw_spi.o(i.FW_SPI_Init)
 <LI><a href="#[64]">FW_SPI_ReadINT</a> from fw_spi.o(i.FW_SPI_ReadINT) referenced from fw_spi.o(i.FW_SPI_Init)
 <LI><a href="#[63]">FW_SPI_ReadPOL</a> from fw_spi.o(i.FW_SPI_ReadPOL) referenced from fw_spi.o(i.FW_SPI_Init)
 <LI><a href="#[62]">FW_SPI_WriteDMA</a> from fw_spi.o(i.FW_SPI_WriteDMA) referenced from fw_spi.o(i.FW_SPI_Init)
 <LI><a href="#[61]">FW_SPI_WriteINT</a> from fw_spi.o(i.FW_SPI_WriteINT) referenced from fw_spi.o(i.FW_SPI_Init)
 <LI><a href="#[60]">FW_SPI_WritePOL</a> from fw_spi.o(i.FW_SPI_WritePOL) referenced from fw_spi.o(i.FW_SPI_Init)
 <LI><a href="#[69]">FW_UART_IH_RC</a> from fw_uart.o(i.FW_UART_IH_RC) referenced from fw_uart.o(i.FW_UART_Init)
 <LI><a href="#[6a]">FW_UART_IH_RX</a> from fw_uart.o(i.FW_UART_IH_RX) referenced from fw_uart.o(i.FW_UART_Init)
 <LI><a href="#[6b]">FW_UART_IH_TC</a> from fw_uart.o(i.FW_UART_IH_TC) referenced from fw_uart.o(i.FW_UART_Init)
 <LI><a href="#[6c]">FW_UART_IH_TX</a> from fw_uart.o(i.FW_UART_IH_TX) referenced from fw_uart.o(i.FW_UART_Init)
 <LI><a href="#[72]">FW_UART_ReadDMA</a> from fw_uart.o(i.FW_UART_ReadDMA) referenced from fw_uart.o(i.FW_UART_Init)
 <LI><a href="#[71]">FW_UART_ReadINT</a> from fw_uart.o(i.FW_UART_ReadINT) referenced from fw_uart.o(i.FW_UART_Init)
 <LI><a href="#[70]">FW_UART_ReadPOL</a> from fw_uart.o(i.FW_UART_ReadPOL) referenced from fw_uart.o(i.FW_UART_Init)
 <LI><a href="#[73]">FW_UART_WaitNull</a> from fw_uart.o(i.FW_UART_WaitNull) referenced from fw_uart.o(i.FW_UART_ReadPOL)
 <LI><a href="#[73]">FW_UART_WaitNull</a> from fw_uart.o(i.FW_UART_WaitNull) referenced from fw_uart.o(i.FW_UART_WritePOL)
 <LI><a href="#[6f]">FW_UART_WriteDMA</a> from fw_uart.o(i.FW_UART_WriteDMA) referenced from fw_uart.o(i.FW_UART_Init)
 <LI><a href="#[6e]">FW_UART_WriteINT</a> from fw_uart.o(i.FW_UART_WriteINT) referenced from fw_uart.o(i.FW_UART_Init)
 <LI><a href="#[6d]">FW_UART_WritePOL</a> from fw_uart.o(i.FW_UART_WritePOL) referenced from fw_uart.o(i.FW_UART_Init)
 <LI><a href="#[106]">HC595_Port_Init</a> from hc595.o(i.HC595_Port_Init) referenced from hc595.o(.constdata)
 <LI><a href="#[107]">HC595_Port_Write</a> from hc595.o(i.HC595_Port_Write) referenced from hc595.o(.constdata)
 <LI><a href="#[2]">HardFault_Handler</a> from startup_stm32f401xe.o(.text) referenced from startup_stm32f401xe.o(RESET)
 <LI><a href="#[26]">I2C1_ER_IRQHandler</a> from startup_stm32f401xe.o(.text) referenced from startup_stm32f401xe.o(RESET)
 <LI><a href="#[25]">I2C1_EV_IRQHandler</a> from startup_stm32f401xe.o(.text) referenced from startup_stm32f401xe.o(RESET)
 <LI><a href="#[28]">I2C2_ER_IRQHandler</a> from startup_stm32f401xe.o(.text) referenced from startup_stm32f401xe.o(RESET)
 <LI><a href="#[27]">I2C2_EV_IRQHandler</a> from startup_stm32f401xe.o(.text) referenced from startup_stm32f401xe.o(RESET)
 <LI><a href="#[3f]">I2C3_ER_IRQHandler</a> from startup_stm32f401xe.o(.text) referenced from startup_stm32f401xe.o(RESET)
 <LI><a href="#[3e]">I2C3_EV_IRQHandler</a> from startup_stm32f401xe.o(.text) referenced from startup_stm32f401xe.o(RESET)
 <LI><a href="#[11f]">IFlash_Driver_Probe</a> from fw_flash.o(i.IFlash_Driver_Probe) referenced from fw_flash.o(Device_Table)
 <LI><a href="#[bb]">ILI_BL_Get</a> from ili9341.o(i.ILI_BL_Get) referenced from ili9341.o(.constdata)
 <LI><a href="#[ba]">ILI_BL_Set</a> from ili9341.o(i.ILI_BL_Set) referenced from ili9341.o(.constdata)
 <LI><a href="#[bd]">ILI_Draw_Point</a> from ili9341.o(i.ILI_Draw_Point) referenced from ili9341.o(.constdata)
 <LI><a href="#[bc]">ILI_Fill_Area</a> from ili9341.o(i.ILI_Fill_Area) referenced from ili9341.o(.constdata)
 <LI><a href="#[b9]">ILI_Get_CID</a> from ili9341.o(i.ILI_Get_CID) referenced from ili9341.o(.constdata)
 <LI><a href="#[be]">ILI_Get_Point</a> from ili9341.o(i.ILI_Get_Point) referenced from ili9341.o(.constdata)
 <LI><a href="#[b8]">ILI_Init</a> from ili9341.o(i.ILI_Init) referenced from ili9341.o(.constdata)
 <LI><a href="#[67]">ILock</a> from fw_system.o(i.ILock) referenced from fw_system.o(i.FW_System_Init)
 <LI><a href="#[b7]">IO_Encoder_GetCounter</a> from io_encoder.o(i.IO_Encoder_GetCounter) referenced from io_encoder.o(.constdata)
 <LI><a href="#[b6]">IO_Encoder_Init</a> from io_encoder.o(i.IO_Encoder_Init) referenced from io_encoder.o(.constdata)
 <LI><a href="#[78]">IO_HC595_CTL</a> from hc595.o(i.IO_HC595_CTL) referenced from hc595.o(i.HC595_Port_Init)
 <LI><a href="#[77]">IO_HC595_Init</a> from hc595.o(i.IO_HC595_Init) referenced from hc595.o(i.HC595_Port_Init)
 <LI><a href="#[79]">IO_HC595_Write</a> from hc595.o(i.IO_HC595_Write) referenced from hc595.o(i.HC595_Port_Init)
 <LI><a href="#[7e]">IO_Init</a> from ili9341.o(i.IO_Init) referenced from ili9341.o(i.ILI_Init)
 <LI><a href="#[81]">IO_Read_Data</a> from ili9341.o(i.IO_Read_Data) referenced from ili9341.o(i.ILI_Init)
 <LI><a href="#[7f]">IO_Write_Cmd</a> from ili9341.o(i.IO_Write_Cmd) referenced from ili9341.o(i.ILI_Init)
 <LI><a href="#[80]">IO_Write_Data</a> from ili9341.o(i.IO_Write_Data) referenced from ili9341.o(i.ILI_Init)
 <LI><a href="#[120]">IRTC_Driver_Probe</a> from fw_rtc.o(i.IRTC_Driver_Probe) referenced from fw_rtc.o(Device_Table)
 <LI><a href="#[68]">IUnlock</a> from fw_system.o(i.IUnlock) referenced from fw_system.o(i.FW_System_Init)
 <LI><a href="#[121]">IWDG_Driver_Probe</a> from fw_wdg.o(i.IWDG_Driver_Probe) referenced from fw_wdg.o(Device_Table)
 <LI><a href="#[f2]">MF_S522_BlockRead</a> from fm17522.o(i.MF_S522_BlockRead) referenced from fm17522.o(.constdata)
 <LI><a href="#[f3]">MF_S522_BlockWrite</a> from fm17522.o(i.MF_S522_BlockWrite) referenced from fm17522.o(.constdata)
 <LI><a href="#[f1]">MF_S522_CardActive</a> from fm17522.o(i.MF_S522_CardActive) referenced from fm17522.o(.constdata)
 <LI><a href="#[ef]">MF_S522_CardHalt</a> from fm17522.o(i.MF_S522_CardHalt) referenced from fm17522.o(.constdata)
 <LI><a href="#[f0]">MF_S522_CardRequest</a> from fm17522.o(i.MF_S522_CardRequest) referenced from fm17522.o(.constdata)
 <LI><a href="#[ea]">MF_S522_Init</a> from fm17522.o(i.MF_S522_Init) referenced from fm17522.o(.constdata)
 <LI><a href="#[ec]">MF_S522_LPMConfig</a> from fm17522.o(i.MF_S522_LPMConfig) referenced from fm17522.o(.constdata)
 <LI><a href="#[eb]">MF_S522_Reset</a> from fm17522.o(i.MF_S522_Reset) referenced from fm17522.o(.constdata)
 <LI><a href="#[ed]">MF_S522_SetCP</a> from fm17522.o(i.MF_S522_SetCP) referenced from fm17522.o(.constdata)
 <LI><a href="#[ee]">MF_S522_SetRFM</a> from fm17522.o(i.MF_S522_SetRFM) referenced from fm17522.o(.constdata)
 <LI><a href="#[3]">MemManage_Handler</a> from startup_stm32f401xe.o(.text) referenced from startup_stm32f401xe.o(RESET)
 <LI><a href="#[125]">NLock</a> from fw_system.o(i.NLock) referenced from fw_system.o(.data)
 <LI><a href="#[1]">NMI_Handler</a> from ll_system.o(i.NMI_Handler) referenced from startup_stm32f401xe.o(RESET)
 <LI><a href="#[126]">NUnlock</a> from fw_system.o(i.NUnlock) referenced from fw_system.o(.data)
 <LI><a href="#[39]">OTG_FS_IRQHandler</a> from startup_stm32f401xe.o(.text) referenced from startup_stm32f401xe.o(RESET)
 <LI><a href="#[2f]">OTG_FS_WKUP_IRQHandler</a> from startup_stm32f401xe.o(.text) referenced from startup_stm32f401xe.o(RESET)
 <LI><a href="#[b]">PVD_IRQHandler</a> from startup_stm32f401xe.o(.text) referenced from startup_stm32f401xe.o(RESET)
 <LI><a href="#[11d]">PWM_CTL</a> from fw_timer.o(i.PWM_CTL) referenced from fw_timer.o(.constdata)
 <LI><a href="#[11c]">PWM_Get_DC</a> from fw_timer.o(i.PWM_Get_DC) referenced from fw_timer.o(.constdata)
 <LI><a href="#[11a]">PWM_Get_Frequency</a> from fw_timer.o(i.PWM_Get_Frequency) referenced from fw_timer.o(.constdata)
 <LI><a href="#[118]">PWM_Init</a> from fw_timer.o(i.PWM_Init) referenced from fw_timer.o(.constdata)
 <LI><a href="#[11b]">PWM_Set_DC</a> from fw_timer.o(i.PWM_Set_DC) referenced from fw_timer.o(.constdata)
 <LI><a href="#[119]">PWM_Set_Frequency</a> from fw_timer.o(i.PWM_Set_Frequency) referenced from fw_timer.o(.constdata)
 <LI><a href="#[8]">PendSV_Handler</a> from startup_stm32f401xe.o(.text) referenced from startup_stm32f401xe.o(RESET)
 <LI><a href="#[ab]">Pin_DeInit</a> from ll_gpio.o(i.Pin_DeInit) referenced from ll_gpio.o(.constdata)
 <LI><a href="#[ae]">Pin_GetOutput</a> from ll_gpio.o(i.Pin_GetOutput) referenced from ll_gpio.o(.constdata)
 <LI><a href="#[ac]">Pin_Init</a> from ll_gpio.o(i.Pin_Init) referenced from ll_gpio.o(.constdata)
 <LI><a href="#[af]">Pin_Read</a> from ll_gpio.o(i.Pin_Read) referenced from ll_gpio.o(.constdata)
 <LI><a href="#[b0]">Pin_Toggle</a> from ll_gpio.o(i.Pin_Toggle) referenced from ll_gpio.o(.constdata)
 <LI><a href="#[ad]">Pin_Write</a> from ll_gpio.o(i.Pin_Write) referenced from ll_gpio.o(.constdata)
 <LI><a href="#[b2]">Port_DeInit</a> from ll_gpio.o(i.Port_DeInit) referenced from ll_gpio.o(.constdata)
 <LI><a href="#[b1]">Port_GetDefault</a> from ll_gpio.o(i.Port_GetDefault) referenced from ll_gpio.o(.constdata)
 <LI><a href="#[b4]">Port_GetOutput</a> from ll_gpio.o(i.Port_GetOutput) referenced from ll_gpio.o(.constdata)
 <LI><a href="#[b5]">Port_Read</a> from ll_gpio.o(i.Port_Read) referenced from ll_gpio.o(.constdata)
 <LI><a href="#[b3]">Port_Write</a> from ll_gpio.o(i.Port_Write) referenced from ll_gpio.o(.constdata)
 <LI><a href="#[f]">RCC_IRQHandler</a> from startup_stm32f401xe.o(.text) referenced from startup_stm32f401xe.o(RESET)
 <LI><a href="#[2e]">RTC_Alarm_IRQHandler</a> from startup_stm32f401xe.o(.text) referenced from startup_stm32f401xe.o(RESET)
 <LI><a href="#[d]">RTC_WKUP_IRQHandler</a> from startup_stm32f401xe.o(.text) referenced from startup_stm32f401xe.o(RESET)
 <LI><a href="#[0]">Reset_Handler</a> from startup_stm32f401xe.o(.text) referenced from startup_stm32f401xe.o(RESET)
 <LI><a href="#[90]">SCK_CPOL0</a> from fw_sspi.o(i.SCK_CPOL0) referenced from fw_sspi.o(i.SSPI_Init)
 <LI><a href="#[8d]">SCK_CPOL1</a> from fw_sspi.o(i.SCK_CPOL1) referenced from fw_sspi.o(i.SSPI_Init)
 <LI><a href="#[8e]">SCK_FE</a> from fw_sspi.o(i.SCK_FE) referenced from fw_sspi.o(i.SSPI_Init)
 <LI><a href="#[8f]">SCK_RE</a> from fw_sspi.o(i.SCK_RE) referenced from fw_sspi.o(i.SSPI_Init)
 <LI><a href="#[31]">SDIO_IRQHandler</a> from startup_stm32f401xe.o(.text) referenced from startup_stm32f401xe.o(RESET)
 <LI><a href="#[87]">SGP_Erase_Chip</a> from gd25q64.o(i.SGP_Erase_Chip) referenced from gd25q64.o(i.SNOR_Init)
 <LI><a href="#[88]">SGP_Erase_Sector</a> from gd25q64.o(i.SGP_Erase_Sector) referenced from gd25q64.o(i.SNOR_Init)
 <LI><a href="#[86]">SGP_Get_CID</a> from gd25q64.o(i.SGP_Get_CID) referenced from gd25q64.o(i.SNOR_Init)
 <LI><a href="#[83]">SGP_Get_Reg</a> from fm17522.o(i.SGP_Get_Reg) referenced from fm17522.o(i.MF_S522_Init)
 <LI><a href="#[82]">SGP_Init</a> from fm17522.o(i.SGP_Init) referenced from fm17522.o(i.MF_S522_Init)
 <LI><a href="#[85]">SGP_Init</a> from gd25q64.o(i.SGP_Init) referenced from gd25q64.o(i.SNOR_Init)
 <LI><a href="#[8a]">SGP_Read</a> from gd25q64.o(i.SGP_Read) referenced from gd25q64.o(i.SNOR_Init)
 <LI><a href="#[84]">SGP_Set_Reg</a> from fm17522.o(i.SGP_Set_Reg) referenced from fm17522.o(i.MF_S522_Init)
 <LI><a href="#[89]">SGP_Write</a> from gd25q64.o(i.SGP_Write) referenced from gd25q64.o(i.SNOR_Init)
 <LI><a href="#[c6]">SNOR_Erase_Chip</a> from gd25q64.o(i.SNOR_Erase_Chip) referenced from gd25q64.o(.constdata)
 <LI><a href="#[c7]">SNOR_Erase_Sector</a> from gd25q64.o(i.SNOR_Erase_Sector) referenced from gd25q64.o(.constdata)
 <LI><a href="#[c4]">SNOR_Get_CID</a> from gd25q64.o(i.SNOR_Get_CID) referenced from gd25q64.o(.constdata)
 <LI><a href="#[c3]">SNOR_Get_Main</a> from gd25q64.o(i.SNOR_Get_Main) referenced from gd25q64.o(.constdata)
 <LI><a href="#[c5]">SNOR_Get_PEState</a> from gd25q64.o(i.SNOR_Get_PEState) referenced from gd25q64.o(.constdata)
 <LI><a href="#[c1]">SNOR_Get_SectorBase</a> from gd25q64.o(i.SNOR_Get_SectorBase) referenced from gd25q64.o(.constdata)
 <LI><a href="#[c0]">SNOR_Get_SectorNum</a> from gd25q64.o(i.SNOR_Get_SectorNum) referenced from gd25q64.o(.constdata)
 <LI><a href="#[c2]">SNOR_Get_SectorSize</a> from gd25q64.o(i.SNOR_Get_SectorSize) referenced from gd25q64.o(.constdata)
 <LI><a href="#[bf]">SNOR_Init</a> from gd25q64.o(i.SNOR_Init) referenced from gd25q64.o(.constdata)
 <LI><a href="#[c9]">SNOR_Read</a> from gd25q64.o(i.SNOR_Read) referenced from gd25q64.o(.constdata)
 <LI><a href="#[c8]">SNOR_Write</a> from gd25q64.o(i.SNOR_Write) referenced from gd25q64.o(.constdata)
 <LI><a href="#[29]">SPI1_IRQHandler</a> from startup_stm32f401xe.o(.text) referenced from startup_stm32f401xe.o(RESET)
 <LI><a href="#[2a]">SPI2_IRQHandler</a> from startup_stm32f401xe.o(.text) referenced from startup_stm32f401xe.o(RESET)
 <LI><a href="#[33]">SPI3_IRQHandler</a> from startup_stm32f401xe.o(.text) referenced from startup_stm32f401xe.o(RESET)
 <LI><a href="#[41]">SPI4_IRQHandler</a> from startup_stm32f401xe.o(.text) referenced from startup_stm32f401xe.o(RESET)
 <LI><a href="#[75]">SPI_HC595_CTL</a> from hc595.o(i.SPI_HC595_CTL) referenced from hc595.o(i.HC595_Port_Init)
 <LI><a href="#[74]">SPI_HC595_Init</a> from hc595.o(i.SPI_HC595_Init) referenced from hc595.o(i.HC595_Port_Init)
 <LI><a href="#[76]">SPI_HC595_Write</a> from hc595.o(i.SPI_HC595_Write) referenced from hc595.o(i.HC595_Port_Init)
 <LI><a href="#[112]">SSPI_CS_Set</a> from fw_sspi.o(i.SSPI_CS_Set) referenced from fw_sspi.o(.constdata)
 <LI><a href="#[110]">SSPI_DeInit</a> from fw_sspi.o(i.SSPI_DeInit) referenced from fw_sspi.o(.constdata)
 <LI><a href="#[111]">SSPI_Init</a> from fw_sspi.o(i.SSPI_Init) referenced from fw_sspi.o(.constdata)
 <LI><a href="#[114]">SSPI_Read</a> from fw_sspi.o(i.SSPI_Read) referenced from fw_sspi.o(.constdata)
 <LI><a href="#[113]">SSPI_Write</a> from fw_sspi.o(i.SSPI_Write) referenced from fw_sspi.o(.constdata)
 <LI><a href="#[fb]">ST7735_BL_Get</a> from st7735.o(i.ST7735_BL_Get) referenced from st7735.o(.constdata)
 <LI><a href="#[fa]">ST7735_BL_Set</a> from st7735.o(i.ST7735_BL_Set) referenced from st7735.o(.constdata)
 <LI><a href="#[fd]">ST7735_Draw_Point</a> from st7735.o(i.ST7735_Draw_Point) referenced from st7735.o(.constdata)
 <LI><a href="#[fc]">ST7735_Fill_Area</a> from st7735.o(i.ST7735_Fill_Area) referenced from st7735.o(.constdata)
 <LI><a href="#[f9]">ST7735_Get_CID</a> from st7735.o(i.ST7735_Get_CID) referenced from st7735.o(.constdata)
 <LI><a href="#[fe]">ST7735_Get_Point</a> from st7735.o(i.ST7735_Get_Point) referenced from st7735.o(.constdata)
 <LI><a href="#[ff]">ST7735_Get_ScreenSize</a> from st7735.o(i.ST7735_Get_ScreenSize) referenced from st7735.o(.constdata)
 <LI><a href="#[f8]">ST7735_Init</a> from st7735.o(i.ST7735_Init) referenced from st7735.o(.constdata)
 <LI><a href="#[108]">SUART_Init</a> from fw_suart.o(i.SUART_Init) referenced from fw_suart.o(.constdata)
 <LI><a href="#[10a]">SUART_RX_Byte</a> from fw_suart.o(i.SUART_RX_Byte) referenced from fw_suart.o(.constdata)
 <LI><a href="#[109]">SUART_TX_Byte</a> from fw_suart.o(i.SUART_TX_Byte) referenced from fw_suart.o(.constdata)
 <LI><a href="#[10b]">SUART_Wait_RC</a> from fw_suart.o(i.SUART_Wait_RC) referenced from fw_suart.o(.constdata)
 <LI><a href="#[6]">SVC_Handler</a> from startup_stm32f401xe.o(.text) referenced from startup_stm32f401xe.o(RESET)
 <LI><a href="#[9]">SysTick_Handler</a> from ll_delay.o(i.SysTick_Handler) referenced from startup_stm32f401xe.o(RESET)
 <LI><a href="#[43]">SystemInit</a> from system_stm32f4xx.o(i.SystemInit) referenced from startup_stm32f401xe.o(.text)
 <LI><a href="#[a1]">System_Disable_IRQ</a> from ll_system.o(i.System_Disable_IRQ) referenced from ll_system.o(.constdata)
 <LI><a href="#[a2]">System_Enable_IRQ</a> from ll_system.o(i.System_Enable_IRQ) referenced from ll_system.o(.constdata)
 <LI><a href="#[a5]">System_Get_Sysclk</a> from ll_system.o(i.System_Get_Sysclk) referenced from ll_system.o(.constdata)
 <LI><a href="#[a0]">System_Init</a> from ll_system.o(i.System_Init) referenced from ll_system.o(.constdata)
 <LI><a href="#[a4]">System_Set_Sysclk</a> from ll_system.o(i.System_Set_Sysclk) referenced from ll_system.o(.constdata)
 <LI><a href="#[c]">TAMP_STAMP_IRQHandler</a> from startup_stm32f401xe.o(.text) referenced from startup_stm32f401xe.o(RESET)
 <LI><a href="#[1e]">TIM1_BRK_TIM9_IRQHandler</a> from startup_stm32f401xe.o(.text) referenced from startup_stm32f401xe.o(RESET)
 <LI><a href="#[21]">TIM1_CC_IRQHandler</a> from startup_stm32f401xe.o(.text) referenced from startup_stm32f401xe.o(RESET)
 <LI><a href="#[20]">TIM1_TRG_COM_TIM11_IRQHandler</a> from startup_stm32f401xe.o(.text) referenced from startup_stm32f401xe.o(RESET)
 <LI><a href="#[1f]">TIM1_UP_TIM10_IRQHandler</a> from startup_stm32f401xe.o(.text) referenced from startup_stm32f401xe.o(RESET)
 <LI><a href="#[22]">TIM2_IRQHandler</a> from startup_stm32f401xe.o(.text) referenced from startup_stm32f401xe.o(RESET)
 <LI><a href="#[23]">TIM3_IRQHandler</a> from startup_stm32f401xe.o(.text) referenced from startup_stm32f401xe.o(RESET)
 <LI><a href="#[24]">TIM4_IRQHandler</a> from startup_stm32f401xe.o(.text) referenced from startup_stm32f401xe.o(RESET)
 <LI><a href="#[32]">TIM5_IRQHandler</a> from startup_stm32f401xe.o(.text) referenced from startup_stm32f401xe.o(RESET)
 <LI><a href="#[104]">TM77_Get_Sample</a> from tm7711.o(i.TM77_Get_Sample) referenced from tm7711.o(.constdata)
 <LI><a href="#[103]">TM77_Get_Temprature</a> from tm7711.o(i.TM77_Get_Temprature) referenced from tm7711.o(.constdata)
 <LI><a href="#[100]">TM77_Init</a> from tm7711.o(i.TM77_Init) referenced from tm7711.o(.constdata)
 <LI><a href="#[101]">TM77_Reset</a> from tm7711.o(i.TM77_Reset) referenced from tm7711.o(.constdata)
 <LI><a href="#[105]">TM77_Sample_Formula</a> from tm7711.o(i.TM77_Sample_Formula) referenced from tm7711.o(.constdata)
 <LI><a href="#[102]">TM77_Set_Period</a> from tm7711.o(i.TM77_Set_Period) referenced from tm7711.o(.constdata)
 <LI><a href="#[8c]">TRByte_LSB</a> from fw_sspi.o(i.TRByte_LSB) referenced from fw_sspi.o(i.SSPI_Init)
 <LI><a href="#[8b]">TRByte_MSB</a> from fw_sspi.o(i.TRByte_MSB) referenced from fw_sspi.o(i.SSPI_Init)
 <LI><a href="#[2b]">USART1_IRQHandler</a> from startup_stm32f401xe.o(.text) referenced from startup_stm32f401xe.o(RESET)
 <LI><a href="#[2c]">USART2_IRQHandler</a> from startup_stm32f401xe.o(.text) referenced from startup_stm32f401xe.o(RESET)
 <LI><a href="#[3d]">USART6_IRQHandler</a> from startup_stm32f401xe.o(.text) referenced from startup_stm32f401xe.o(RESET)
 <LI><a href="#[5]">UsageFault_Handler</a> from startup_stm32f401xe.o(.text) referenced from startup_stm32f401xe.o(RESET)
 <LI><a href="#[d4]">WF183D_Get_Pressure</a> from wf183d.o(i.WF183D_Get_Pressure) referenced from wf183d.o(.constdata)
 <LI><a href="#[d3]">WF183D_Get_Temprature</a> from wf183d.o(i.WF183D_Get_Temprature) referenced from wf183d.o(.constdata)
 <LI><a href="#[95]">WF183D_I2C_GetPressure</a> from wf183d.o(i.WF183D_I2C_GetPressure) referenced from wf183d.o(i.WF183D_Init)
 <LI><a href="#[96]">WF183D_I2C_GetTemprature</a> from wf183d.o(i.WF183D_I2C_GetTemprature) referenced from wf183d.o(i.WF183D_Init)
 <LI><a href="#[94]">WF183D_I2C_Init</a> from wf183d.o(i.WF183D_I2C_Init) referenced from wf183d.o(i.WF183D_Init)
 <LI><a href="#[d0]">WF183D_Init</a> from wf183d.o(i.WF183D_Init) referenced from wf183d.o(.constdata)
 <LI><a href="#[98]">WF183D_OWI_GetPressure</a> from wf183d.o(i.WF183D_OWI_GetPressure) referenced from wf183d.o(i.WF183D_Init)
 <LI><a href="#[99]">WF183D_OWI_GetTemprature</a> from wf183d.o(i.WF183D_OWI_GetTemprature) referenced from wf183d.o(i.WF183D_Init)
 <LI><a href="#[97]">WF183D_OWI_Init</a> from wf183d.o(i.WF183D_OWI_Init) referenced from wf183d.o(i.WF183D_Init)
 <LI><a href="#[d5]">WF183D_Press_Formula</a> from wf183d.o(i.WF183D_Press_Formula) referenced from wf183d.o(.constdata)
 <LI><a href="#[d1]">WF183D_Reset</a> from wf183d.o(i.WF183D_Reset) referenced from wf183d.o(.constdata)
 <LI><a href="#[d2]">WF183D_Set_Period</a> from wf183d.o(i.WF183D_Set_Period) referenced from wf183d.o(.constdata)
 <LI><a href="#[92]">WF183D_UART_GetPressure</a> from wf183d.o(i.WF183D_UART_GetPressure) referenced from wf183d.o(i.WF183D_Init)
 <LI><a href="#[93]">WF183D_UART_GetTemprature</a> from wf183d.o(i.WF183D_UART_GetTemprature) referenced from wf183d.o(i.WF183D_Init)
 <LI><a href="#[91]">WF183D_UART_Init</a> from wf183d.o(i.WF183D_UART_Init) referenced from wf183d.o(i.WF183D_Init)
 <LI><a href="#[ce]">WF200D_Get_Pressure</a> from wf200d.o(i.WF200D_Get_Pressure) referenced from wf200d.o(.constdata)
 <LI><a href="#[cd]">WF200D_Get_Temprature</a> from wf200d.o(i.WF200D_Get_Temprature) referenced from wf200d.o(.constdata)
 <LI><a href="#[9a]">WF200D_I2C_Init</a> from wf200d.o(i.WF200D_I2C_Init) referenced from wf200d.o(i.WF200D_Init)
 <LI><a href="#[9c]">WF200D_I2C_ReadByte</a> from wf200d.o(i.WF200D_I2C_ReadByte) referenced from wf200d.o(i.WF200D_Init)
 <LI><a href="#[9b]">WF200D_I2C_WriteByte</a> from wf200d.o(i.WF200D_I2C_WriteByte) referenced from wf200d.o(i.WF200D_Init)
 <LI><a href="#[ca]">WF200D_Init</a> from wf200d.o(i.WF200D_Init) referenced from wf200d.o(.constdata)
 <LI><a href="#[cf]">WF200D_Press_Formula</a> from wf200d.o(i.WF200D_Press_Formula) referenced from wf200d.o(.constdata)
 <LI><a href="#[cb]">WF200D_Reset</a> from wf200d.o(i.WF200D_Reset) referenced from wf200d.o(.constdata)
 <LI><a href="#[9d]">WF200D_SPI_Init</a> from wf200d.o(i.WF200D_SPI_Init) referenced from wf200d.o(i.WF200D_Init)
 <LI><a href="#[9f]">WF200D_SPI_ReadByte</a> from wf200d.o(i.WF200D_SPI_ReadByte) referenced from wf200d.o(i.WF200D_Init)
 <LI><a href="#[9e]">WF200D_SPI_WriteByte</a> from wf200d.o(i.WF200D_SPI_WriteByte) referenced from wf200d.o(i.WF200D_Init)
 <LI><a href="#[cc]">WF200D_Set_Period</a> from wf200d.o(i.WF200D_Set_Period) referenced from wf200d.o(.constdata)
 <LI><a href="#[122]">WWDG_Driver_Probe</a> from fw_wdg.o(i.WWDG_Driver_Probe) referenced from fw_wdg.o(Device_Table)
 <LI><a href="#[a]">WWDG_IRQHandler</a> from startup_stm32f401xe.o(.text) referenced from startup_stm32f401xe.o(RESET)
 <LI><a href="#[a3]">__asm___11_ll_system_c_bb8ca80c__System_Get_IRQState</a> from ll_system.o(.emb_text) referenced from ll_system.o(.constdata)
 <LI><a href="#[44]">__main</a> from entry.o(.ARM.Collect$$$$00000000) referenced from startup_stm32f401xe.o(.text)
 <LI><a href="#[124]">free</a> from mallocr.o(i.__free$realloc) referenced from mm.o(.data)
 <LI><a href="#[42]">main</a> from fw_startup.o(i.$Sub$$main) referenced from entry9a.o(.ARM.Collect$$$$0000000B)
 <LI><a href="#[123]">malloc</a> from mallocr.o(i.__malloc$realloc) referenced 2 times from mm.o(.data)
</UL>
<P>
<H3>
Global Symbols
</H3>
<P><STRONG><a name="[44]"></a>__main</STRONG> (Thumb, 0 bytes, Stack size unknown bytes, entry.o(.ARM.Collect$$$$00000000))
<BR>[Address Reference Count : 1]<UL><LI> startup_stm32f401xe.o(.text)
</UL>
<P><STRONG><a name="[204]"></a>_main_stk</STRONG> (Thumb, 0 bytes, Stack size unknown bytes, entry2.o(.ARM.Collect$$$$00000001))

<P><STRONG><a name="[127]"></a>_main_scatterload</STRONG> (Thumb, 0 bytes, Stack size unknown bytes, entry5.o(.ARM.Collect$$$$00000004))
<BR><BR>[Calls]<UL><LI><a href="#[128]">&gt;&gt;</a>&nbsp;&nbsp;&nbsp;__scatterload
</UL>

<P><STRONG><a name="[131]"></a>__main_after_scatterload</STRONG> (Thumb, 0 bytes, Stack size unknown bytes, entry5.o(.ARM.Collect$$$$00000004))
<BR><BR>[Called By]<UL><LI><a href="#[128]">&gt;&gt;</a>&nbsp;&nbsp;&nbsp;__scatterload
</UL>

<P><STRONG><a name="[205]"></a>_main_clock</STRONG> (Thumb, 0 bytes, Stack size unknown bytes, entry7b.o(.ARM.Collect$$$$00000008))

<P><STRONG><a name="[206]"></a>_main_cpp_init</STRONG> (Thumb, 0 bytes, Stack size unknown bytes, entry8b.o(.ARM.Collect$$$$0000000A))

<P><STRONG><a name="[207]"></a>_main_init</STRONG> (Thumb, 0 bytes, Stack size unknown bytes, entry9a.o(.ARM.Collect$$$$0000000B))

<P><STRONG><a name="[208]"></a>__rt_final_cpp</STRONG> (Thumb, 0 bytes, Stack size unknown bytes, entry10a.o(.ARM.Collect$$$$0000000D))

<P><STRONG><a name="[209]"></a>__rt_final_exit</STRONG> (Thumb, 0 bytes, Stack size unknown bytes, entry11a.o(.ARM.Collect$$$$0000000F))

<P><STRONG><a name="[a3]"></a>__asm___11_ll_system_c_bb8ca80c__System_Get_IRQState</STRONG> (Thumb, 10 bytes, Stack size 0 bytes, ll_system.o(.emb_text))
<BR>[Address Reference Count : 1]<UL><LI> ll_system.o(.constdata)
</UL>
<P><STRONG><a name="[0]"></a>Reset_Handler</STRONG> (Thumb, 8 bytes, Stack size 0 bytes, startup_stm32f401xe.o(.text))
<BR>[Address Reference Count : 1]<UL><LI> startup_stm32f401xe.o(RESET)
</UL>
<P><STRONG><a name="[2]"></a>HardFault_Handler</STRONG> (Thumb, 2 bytes, Stack size 0 bytes, startup_stm32f401xe.o(.text))
<BR><BR>[Calls]<UL><LI><a href="#[2]">&gt;&gt;</a>&nbsp;&nbsp;&nbsp;HardFault_Handler
</UL>
<BR>[Called By]<UL><LI><a href="#[2]">&gt;&gt;</a>&nbsp;&nbsp;&nbsp;HardFault_Handler
</UL>
<BR>[Address Reference Count : 1]<UL><LI> startup_stm32f401xe.o(RESET)
</UL>
<P><STRONG><a name="[3]"></a>MemManage_Handler</STRONG> (Thumb, 2 bytes, Stack size 0 bytes, startup_stm32f401xe.o(.text))
<BR><BR>[Calls]<UL><LI><a href="#[3]">&gt;&gt;</a>&nbsp;&nbsp;&nbsp;MemManage_Handler
</UL>
<BR>[Called By]<UL><LI><a href="#[3]">&gt;&gt;</a>&nbsp;&nbsp;&nbsp;MemManage_Handler
</UL>
<BR>[Address Reference Count : 1]<UL><LI> startup_stm32f401xe.o(RESET)
</UL>
<P><STRONG><a name="[4]"></a>BusFault_Handler</STRONG> (Thumb, 2 bytes, Stack size 0 bytes, startup_stm32f401xe.o(.text))
<BR><BR>[Calls]<UL><LI><a href="#[4]">&gt;&gt;</a>&nbsp;&nbsp;&nbsp;BusFault_Handler
</UL>
<BR>[Called By]<UL><LI><a href="#[4]">&gt;&gt;</a>&nbsp;&nbsp;&nbsp;BusFault_Handler
</UL>
<BR>[Address Reference Count : 1]<UL><LI> startup_stm32f401xe.o(RESET)
</UL>
<P><STRONG><a name="[5]"></a>UsageFault_Handler</STRONG> (Thumb, 2 bytes, Stack size 0 bytes, startup_stm32f401xe.o(.text))
<BR><BR>[Calls]<UL><LI><a href="#[5]">&gt;&gt;</a>&nbsp;&nbsp;&nbsp;UsageFault_Handler
</UL>
<BR>[Called By]<UL><LI><a href="#[5]">&gt;&gt;</a>&nbsp;&nbsp;&nbsp;UsageFault_Handler
</UL>
<BR>[Address Reference Count : 1]<UL><LI> startup_stm32f401xe.o(RESET)
</UL>
<P><STRONG><a name="[6]"></a>SVC_Handler</STRONG> (Thumb, 2 bytes, Stack size 0 bytes, startup_stm32f401xe.o(.text))
<BR><BR>[Calls]<UL><LI><a href="#[6]">&gt;&gt;</a>&nbsp;&nbsp;&nbsp;SVC_Handler
</UL>
<BR>[Called By]<UL><LI><a href="#[6]">&gt;&gt;</a>&nbsp;&nbsp;&nbsp;SVC_Handler
</UL>
<BR>[Address Reference Count : 1]<UL><LI> startup_stm32f401xe.o(RESET)
</UL>
<P><STRONG><a name="[7]"></a>DebugMon_Handler</STRONG> (Thumb, 2 bytes, Stack size 0 bytes, startup_stm32f401xe.o(.text))
<BR><BR>[Calls]<UL><LI><a href="#[7]">&gt;&gt;</a>&nbsp;&nbsp;&nbsp;DebugMon_Handler
</UL>
<BR>[Called By]<UL><LI><a href="#[7]">&gt;&gt;</a>&nbsp;&nbsp;&nbsp;DebugMon_Handler
</UL>
<BR>[Address Reference Count : 1]<UL><LI> startup_stm32f401xe.o(RESET)
</UL>
<P><STRONG><a name="[8]"></a>PendSV_Handler</STRONG> (Thumb, 2 bytes, Stack size 0 bytes, startup_stm32f401xe.o(.text))
<BR><BR>[Calls]<UL><LI><a href="#[8]">&gt;&gt;</a>&nbsp;&nbsp;&nbsp;PendSV_Handler
</UL>
<BR>[Called By]<UL><LI><a href="#[8]">&gt;&gt;</a>&nbsp;&nbsp;&nbsp;PendSV_Handler
</UL>
<BR>[Address Reference Count : 1]<UL><LI> startup_stm32f401xe.o(RESET)
</UL>
<P><STRONG><a name="[1c]"></a>ADC_IRQHandler</STRONG> (Thumb, 0 bytes, Stack size 0 bytes, startup_stm32f401xe.o(.text))
<BR><BR>[Calls]<UL><LI><a href="#[1c]">&gt;&gt;</a>&nbsp;&nbsp;&nbsp;ADC_IRQHandler
</UL>
<BR>[Called By]<UL><LI><a href="#[1c]">&gt;&gt;</a>&nbsp;&nbsp;&nbsp;ADC_IRQHandler
</UL>
<BR>[Address Reference Count : 1]<UL><LI> startup_stm32f401xe.o(RESET)
</UL>
<P><STRONG><a name="[15]"></a>DMA1_Stream0_IRQHandler</STRONG> (Thumb, 0 bytes, Stack size 0 bytes, startup_stm32f401xe.o(.text))
<BR>[Address Reference Count : 1]<UL><LI> startup_stm32f401xe.o(RESET)
</UL>
<P><STRONG><a name="[16]"></a>DMA1_Stream1_IRQHandler</STRONG> (Thumb, 0 bytes, Stack size 0 bytes, startup_stm32f401xe.o(.text))
<BR>[Address Reference Count : 1]<UL><LI> startup_stm32f401xe.o(RESET)
</UL>
<P><STRONG><a name="[17]"></a>DMA1_Stream2_IRQHandler</STRONG> (Thumb, 0 bytes, Stack size 0 bytes, startup_stm32f401xe.o(.text))
<BR>[Address Reference Count : 1]<UL><LI> startup_stm32f401xe.o(RESET)
</UL>
<P><STRONG><a name="[18]"></a>DMA1_Stream3_IRQHandler</STRONG> (Thumb, 0 bytes, Stack size 0 bytes, startup_stm32f401xe.o(.text))
<BR>[Address Reference Count : 1]<UL><LI> startup_stm32f401xe.o(RESET)
</UL>
<P><STRONG><a name="[19]"></a>DMA1_Stream4_IRQHandler</STRONG> (Thumb, 0 bytes, Stack size 0 bytes, startup_stm32f401xe.o(.text))
<BR>[Address Reference Count : 1]<UL><LI> startup_stm32f401xe.o(RESET)
</UL>
<P><STRONG><a name="[1a]"></a>DMA1_Stream5_IRQHandler</STRONG> (Thumb, 0 bytes, Stack size 0 bytes, startup_stm32f401xe.o(.text))
<BR>[Address Reference Count : 1]<UL><LI> startup_stm32f401xe.o(RESET)
</UL>
<P><STRONG><a name="[1b]"></a>DMA1_Stream6_IRQHandler</STRONG> (Thumb, 0 bytes, Stack size 0 bytes, startup_stm32f401xe.o(.text))
<BR>[Address Reference Count : 1]<UL><LI> startup_stm32f401xe.o(RESET)
</UL>
<P><STRONG><a name="[30]"></a>DMA1_Stream7_IRQHandler</STRONG> (Thumb, 0 bytes, Stack size 0 bytes, startup_stm32f401xe.o(.text))
<BR>[Address Reference Count : 1]<UL><LI> startup_stm32f401xe.o(RESET)
</UL>
<P><STRONG><a name="[34]"></a>DMA2_Stream0_IRQHandler</STRONG> (Thumb, 0 bytes, Stack size 0 bytes, startup_stm32f401xe.o(.text))
<BR>[Address Reference Count : 1]<UL><LI> startup_stm32f401xe.o(RESET)
</UL>
<P><STRONG><a name="[35]"></a>DMA2_Stream1_IRQHandler</STRONG> (Thumb, 0 bytes, Stack size 0 bytes, startup_stm32f401xe.o(.text))
<BR>[Address Reference Count : 1]<UL><LI> startup_stm32f401xe.o(RESET)
</UL>
<P><STRONG><a name="[36]"></a>DMA2_Stream2_IRQHandler</STRONG> (Thumb, 0 bytes, Stack size 0 bytes, startup_stm32f401xe.o(.text))
<BR>[Address Reference Count : 1]<UL><LI> startup_stm32f401xe.o(RESET)
</UL>
<P><STRONG><a name="[37]"></a>DMA2_Stream3_IRQHandler</STRONG> (Thumb, 0 bytes, Stack size 0 bytes, startup_stm32f401xe.o(.text))
<BR>[Address Reference Count : 1]<UL><LI> startup_stm32f401xe.o(RESET)
</UL>
<P><STRONG><a name="[38]"></a>DMA2_Stream4_IRQHandler</STRONG> (Thumb, 0 bytes, Stack size 0 bytes, startup_stm32f401xe.o(.text))
<BR>[Address Reference Count : 1]<UL><LI> startup_stm32f401xe.o(RESET)
</UL>
<P><STRONG><a name="[3a]"></a>DMA2_Stream5_IRQHandler</STRONG> (Thumb, 0 bytes, Stack size 0 bytes, startup_stm32f401xe.o(.text))
<BR>[Address Reference Count : 1]<UL><LI> startup_stm32f401xe.o(RESET)
</UL>
<P><STRONG><a name="[3b]"></a>DMA2_Stream6_IRQHandler</STRONG> (Thumb, 0 bytes, Stack size 0 bytes, startup_stm32f401xe.o(.text))
<BR>[Address Reference Count : 1]<UL><LI> startup_stm32f401xe.o(RESET)
</UL>
<P><STRONG><a name="[3c]"></a>DMA2_Stream7_IRQHandler</STRONG> (Thumb, 0 bytes, Stack size 0 bytes, startup_stm32f401xe.o(.text))
<BR>[Address Reference Count : 1]<UL><LI> startup_stm32f401xe.o(RESET)
</UL>
<P><STRONG><a name="[10]"></a>EXTI0_IRQHandler</STRONG> (Thumb, 0 bytes, Stack size 0 bytes, startup_stm32f401xe.o(.text))
<BR>[Address Reference Count : 1]<UL><LI> startup_stm32f401xe.o(RESET)
</UL>
<P><STRONG><a name="[2d]"></a>EXTI15_10_IRQHandler</STRONG> (Thumb, 0 bytes, Stack size 0 bytes, startup_stm32f401xe.o(.text))
<BR>[Address Reference Count : 1]<UL><LI> startup_stm32f401xe.o(RESET)
</UL>
<P><STRONG><a name="[11]"></a>EXTI1_IRQHandler</STRONG> (Thumb, 0 bytes, Stack size 0 bytes, startup_stm32f401xe.o(.text))
<BR>[Address Reference Count : 1]<UL><LI> startup_stm32f401xe.o(RESET)
</UL>
<P><STRONG><a name="[12]"></a>EXTI2_IRQHandler</STRONG> (Thumb, 0 bytes, Stack size 0 bytes, startup_stm32f401xe.o(.text))
<BR>[Address Reference Count : 1]<UL><LI> startup_stm32f401xe.o(RESET)
</UL>
<P><STRONG><a name="[13]"></a>EXTI3_IRQHandler</STRONG> (Thumb, 0 bytes, Stack size 0 bytes, startup_stm32f401xe.o(.text))
<BR>[Address Reference Count : 1]<UL><LI> startup_stm32f401xe.o(RESET)
</UL>
<P><STRONG><a name="[14]"></a>EXTI4_IRQHandler</STRONG> (Thumb, 0 bytes, Stack size 0 bytes, startup_stm32f401xe.o(.text))
<BR>[Address Reference Count : 1]<UL><LI> startup_stm32f401xe.o(RESET)
</UL>
<P><STRONG><a name="[1d]"></a>EXTI9_5_IRQHandler</STRONG> (Thumb, 0 bytes, Stack size 0 bytes, startup_stm32f401xe.o(.text))
<BR>[Address Reference Count : 1]<UL><LI> startup_stm32f401xe.o(RESET)
</UL>
<P><STRONG><a name="[e]"></a>FLASH_IRQHandler</STRONG> (Thumb, 0 bytes, Stack size 0 bytes, startup_stm32f401xe.o(.text))
<BR>[Address Reference Count : 1]<UL><LI> startup_stm32f401xe.o(RESET)
</UL>
<P><STRONG><a name="[40]"></a>FPU_IRQHandler</STRONG> (Thumb, 0 bytes, Stack size 0 bytes, startup_stm32f401xe.o(.text))
<BR>[Address Reference Count : 1]<UL><LI> startup_stm32f401xe.o(RESET)
</UL>
<P><STRONG><a name="[26]"></a>I2C1_ER_IRQHandler</STRONG> (Thumb, 0 bytes, Stack size 0 bytes, startup_stm32f401xe.o(.text))
<BR>[Address Reference Count : 1]<UL><LI> startup_stm32f401xe.o(RESET)
</UL>
<P><STRONG><a name="[25]"></a>I2C1_EV_IRQHandler</STRONG> (Thumb, 0 bytes, Stack size 0 bytes, startup_stm32f401xe.o(.text))
<BR>[Address Reference Count : 1]<UL><LI> startup_stm32f401xe.o(RESET)
</UL>
<P><STRONG><a name="[28]"></a>I2C2_ER_IRQHandler</STRONG> (Thumb, 0 bytes, Stack size 0 bytes, startup_stm32f401xe.o(.text))
<BR>[Address Reference Count : 1]<UL><LI> startup_stm32f401xe.o(RESET)
</UL>
<P><STRONG><a name="[27]"></a>I2C2_EV_IRQHandler</STRONG> (Thumb, 0 bytes, Stack size 0 bytes, startup_stm32f401xe.o(.text))
<BR>[Address Reference Count : 1]<UL><LI> startup_stm32f401xe.o(RESET)
</UL>
<P><STRONG><a name="[3f]"></a>I2C3_ER_IRQHandler</STRONG> (Thumb, 0 bytes, Stack size 0 bytes, startup_stm32f401xe.o(.text))
<BR>[Address Reference Count : 1]<UL><LI> startup_stm32f401xe.o(RESET)
</UL>
<P><STRONG><a name="[3e]"></a>I2C3_EV_IRQHandler</STRONG> (Thumb, 0 bytes, Stack size 0 bytes, startup_stm32f401xe.o(.text))
<BR>[Address Reference Count : 1]<UL><LI> startup_stm32f401xe.o(RESET)
</UL>
<P><STRONG><a name="[39]"></a>OTG_FS_IRQHandler</STRONG> (Thumb, 0 bytes, Stack size 0 bytes, startup_stm32f401xe.o(.text))
<BR>[Address Reference Count : 1]<UL><LI> startup_stm32f401xe.o(RESET)
</UL>
<P><STRONG><a name="[2f]"></a>OTG_FS_WKUP_IRQHandler</STRONG> (Thumb, 0 bytes, Stack size 0 bytes, startup_stm32f401xe.o(.text))
<BR>[Address Reference Count : 1]<UL><LI> startup_stm32f401xe.o(RESET)
</UL>
<P><STRONG><a name="[b]"></a>PVD_IRQHandler</STRONG> (Thumb, 0 bytes, Stack size 0 bytes, startup_stm32f401xe.o(.text))
<BR>[Address Reference Count : 1]<UL><LI> startup_stm32f401xe.o(RESET)
</UL>
<P><STRONG><a name="[f]"></a>RCC_IRQHandler</STRONG> (Thumb, 0 bytes, Stack size 0 bytes, startup_stm32f401xe.o(.text))
<BR>[Address Reference Count : 1]<UL><LI> startup_stm32f401xe.o(RESET)
</UL>
<P><STRONG><a name="[2e]"></a>RTC_Alarm_IRQHandler</STRONG> (Thumb, 0 bytes, Stack size 0 bytes, startup_stm32f401xe.o(.text))
<BR>[Address Reference Count : 1]<UL><LI> startup_stm32f401xe.o(RESET)
</UL>
<P><STRONG><a name="[d]"></a>RTC_WKUP_IRQHandler</STRONG> (Thumb, 0 bytes, Stack size 0 bytes, startup_stm32f401xe.o(.text))
<BR>[Address Reference Count : 1]<UL><LI> startup_stm32f401xe.o(RESET)
</UL>
<P><STRONG><a name="[31]"></a>SDIO_IRQHandler</STRONG> (Thumb, 0 bytes, Stack size 0 bytes, startup_stm32f401xe.o(.text))
<BR>[Address Reference Count : 1]<UL><LI> startup_stm32f401xe.o(RESET)
</UL>
<P><STRONG><a name="[29]"></a>SPI1_IRQHandler</STRONG> (Thumb, 0 bytes, Stack size 0 bytes, startup_stm32f401xe.o(.text))
<BR>[Address Reference Count : 1]<UL><LI> startup_stm32f401xe.o(RESET)
</UL>
<P><STRONG><a name="[2a]"></a>SPI2_IRQHandler</STRONG> (Thumb, 0 bytes, Stack size 0 bytes, startup_stm32f401xe.o(.text))
<BR>[Address Reference Count : 1]<UL><LI> startup_stm32f401xe.o(RESET)
</UL>
<P><STRONG><a name="[33]"></a>SPI3_IRQHandler</STRONG> (Thumb, 0 bytes, Stack size 0 bytes, startup_stm32f401xe.o(.text))
<BR>[Address Reference Count : 1]<UL><LI> startup_stm32f401xe.o(RESET)
</UL>
<P><STRONG><a name="[41]"></a>SPI4_IRQHandler</STRONG> (Thumb, 0 bytes, Stack size 0 bytes, startup_stm32f401xe.o(.text))
<BR>[Address Reference Count : 1]<UL><LI> startup_stm32f401xe.o(RESET)
</UL>
<P><STRONG><a name="[c]"></a>TAMP_STAMP_IRQHandler</STRONG> (Thumb, 0 bytes, Stack size 0 bytes, startup_stm32f401xe.o(.text))
<BR>[Address Reference Count : 1]<UL><LI> startup_stm32f401xe.o(RESET)
</UL>
<P><STRONG><a name="[1e]"></a>TIM1_BRK_TIM9_IRQHandler</STRONG> (Thumb, 0 bytes, Stack size 0 bytes, startup_stm32f401xe.o(.text))
<BR>[Address Reference Count : 1]<UL><LI> startup_stm32f401xe.o(RESET)
</UL>
<P><STRONG><a name="[21]"></a>TIM1_CC_IRQHandler</STRONG> (Thumb, 0 bytes, Stack size 0 bytes, startup_stm32f401xe.o(.text))
<BR>[Address Reference Count : 1]<UL><LI> startup_stm32f401xe.o(RESET)
</UL>
<P><STRONG><a name="[20]"></a>TIM1_TRG_COM_TIM11_IRQHandler</STRONG> (Thumb, 0 bytes, Stack size 0 bytes, startup_stm32f401xe.o(.text))
<BR>[Address Reference Count : 1]<UL><LI> startup_stm32f401xe.o(RESET)
</UL>
<P><STRONG><a name="[1f]"></a>TIM1_UP_TIM10_IRQHandler</STRONG> (Thumb, 0 bytes, Stack size 0 bytes, startup_stm32f401xe.o(.text))
<BR>[Address Reference Count : 1]<UL><LI> startup_stm32f401xe.o(RESET)
</UL>
<P><STRONG><a name="[22]"></a>TIM2_IRQHandler</STRONG> (Thumb, 0 bytes, Stack size 0 bytes, startup_stm32f401xe.o(.text))
<BR>[Address Reference Count : 1]<UL><LI> startup_stm32f401xe.o(RESET)
</UL>
<P><STRONG><a name="[23]"></a>TIM3_IRQHandler</STRONG> (Thumb, 0 bytes, Stack size 0 bytes, startup_stm32f401xe.o(.text))
<BR>[Address Reference Count : 1]<UL><LI> startup_stm32f401xe.o(RESET)
</UL>
<P><STRONG><a name="[24]"></a>TIM4_IRQHandler</STRONG> (Thumb, 0 bytes, Stack size 0 bytes, startup_stm32f401xe.o(.text))
<BR>[Address Reference Count : 1]<UL><LI> startup_stm32f401xe.o(RESET)
</UL>
<P><STRONG><a name="[32]"></a>TIM5_IRQHandler</STRONG> (Thumb, 0 bytes, Stack size 0 bytes, startup_stm32f401xe.o(.text))
<BR>[Address Reference Count : 1]<UL><LI> startup_stm32f401xe.o(RESET)
</UL>
<P><STRONG><a name="[2b]"></a>USART1_IRQHandler</STRONG> (Thumb, 0 bytes, Stack size 0 bytes, startup_stm32f401xe.o(.text))
<BR>[Address Reference Count : 1]<UL><LI> startup_stm32f401xe.o(RESET)
</UL>
<P><STRONG><a name="[2c]"></a>USART2_IRQHandler</STRONG> (Thumb, 0 bytes, Stack size 0 bytes, startup_stm32f401xe.o(.text))
<BR>[Address Reference Count : 1]<UL><LI> startup_stm32f401xe.o(RESET)
</UL>
<P><STRONG><a name="[3d]"></a>USART6_IRQHandler</STRONG> (Thumb, 0 bytes, Stack size 0 bytes, startup_stm32f401xe.o(.text))
<BR>[Address Reference Count : 1]<UL><LI> startup_stm32f401xe.o(RESET)
</UL>
<P><STRONG><a name="[a]"></a>WWDG_IRQHandler</STRONG> (Thumb, 0 bytes, Stack size 0 bytes, startup_stm32f401xe.o(.text))
<BR>[Address Reference Count : 1]<UL><LI> startup_stm32f401xe.o(RESET)
</UL>
<P><STRONG><a name="[12f]"></a>__rt_ctype_table</STRONG> (Thumb, 4 bytes, Stack size 0 bytes, ctype_o.o(.text))
<BR><BR>[Called By]<UL><LI><a href="#[12e]">&gt;&gt;</a>&nbsp;&nbsp;&nbsp;strtol
</UL>

<P><STRONG><a name="[20a]"></a>____aeabi_memcpy8$ret$move</STRONG> (Thumb, 0 bytes, Stack size 8 bytes, memmove.o(.text), UNUSED)

<P><STRONG><a name="[20b]"></a>___aeabi_memmove4$ret</STRONG> (Thumb, 0 bytes, Stack size 8 bytes, memmove.o(.text), UNUSED)

<P><STRONG><a name="[20c]"></a>___aeabi_memmove8$ret</STRONG> (Thumb, 0 bytes, Stack size 8 bytes, memmove.o(.text), UNUSED)

<P><STRONG><a name="[159]"></a>__aeabi_memcpy</STRONG> (Thumb, 66 bytes, Stack size 8 bytes, memmove.o(.text))
<BR><BR>[Stack]<UL><LI>Max Depth = 8<LI>Call Chain = __aeabi_memcpy
</UL>
<BR>[Called By]<UL><LI><a href="#[c8]">&gt;&gt;</a>&nbsp;&nbsp;&nbsp;SNOR_Write
<LI><a href="#[1b3]">&gt;&gt;</a>&nbsp;&nbsp;&nbsp;RB_Write
<LI><a href="#[1b5]">&gt;&gt;</a>&nbsp;&nbsp;&nbsp;RB_Read
<LI><a href="#[1df]">&gt;&gt;</a>&nbsp;&nbsp;&nbsp;RB_Find_StringCS
<LI><a href="#[165]">&gt;&gt;</a>&nbsp;&nbsp;&nbsp;FM_Anticollision
<LI><a href="#[e5]">&gt;&gt;</a>&nbsp;&nbsp;&nbsp;ESP8266_Get_ServerInfo
<LI><a href="#[203]">&gt;&gt;</a>&nbsp;&nbsp;&nbsp;internal_alloc
</UL>

<P><STRONG><a name="[1a6]"></a>__aeabi_memcpy4</STRONG> (Thumb, 0 bytes, Stack size 8 bytes, memmove.o(.text))
<BR><BR>[Stack]<UL><LI>Max Depth = 8<LI>Call Chain = __aeabi_memcpy4
</UL>
<BR>[Called By]<UL><LI><a href="#[1b6]">&gt;&gt;</a>&nbsp;&nbsp;&nbsp;FW_SPI_Init
<LI><a href="#[15a]">&gt;&gt;</a>&nbsp;&nbsp;&nbsp;FW_UART_Init
<LI><a href="#[1a3]">&gt;&gt;</a>&nbsp;&nbsp;&nbsp;FW_I2C_Init
</UL>

<P><STRONG><a name="[15e]"></a>__aeabi_memmove</STRONG> (Thumb, 0 bytes, Stack size 8 bytes, memmove.o(.text))
<BR><BR>[Stack]<UL><LI>Max Depth = 8<LI>Call Chain = __aeabi_memmove
</UL>
<BR>[Called By]<UL><LI><a href="#[153]">&gt;&gt;</a>&nbsp;&nbsp;&nbsp;ESP8266_Read_Inter
</UL>

<P><STRONG><a name="[20d]"></a>memcpy</STRONG> (Thumb, 0 bytes, Stack size 8 bytes, memmove.o(.text), UNUSED)

<P><STRONG><a name="[20e]"></a>memmove</STRONG> (Thumb, 0 bytes, Stack size 8 bytes, memmove.o(.text), UNUSED)

<P><STRONG><a name="[12a]"></a>__aeabi_memset</STRONG> (Thumb, 14 bytes, Stack size 0 bytes, memseta.o(.text))
<BR><BR>[Called By]<UL><LI><a href="#[12b]">&gt;&gt;</a>&nbsp;&nbsp;&nbsp;memset
<LI><a href="#[129]">&gt;&gt;</a>&nbsp;&nbsp;&nbsp;__aeabi_memclr
</UL>

<P><STRONG><a name="[20f]"></a>__aeabi_memset4</STRONG> (Thumb, 0 bytes, Stack size 0 bytes, memseta.o(.text), UNUSED)

<P><STRONG><a name="[210]"></a>__aeabi_memset8</STRONG> (Thumb, 0 bytes, Stack size 0 bytes, memseta.o(.text), UNUSED)

<P><STRONG><a name="[129]"></a>__aeabi_memclr</STRONG> (Thumb, 4 bytes, Stack size 0 bytes, memseta.o(.text))
<BR><BR>[Calls]<UL><LI><a href="#[12a]">&gt;&gt;</a>&nbsp;&nbsp;&nbsp;__aeabi_memset
</UL>
<BR>[Called By]<UL><LI><a href="#[1a7]">&gt;&gt;</a>&nbsp;&nbsp;&nbsp;SGTR_Config
</UL>

<P><STRONG><a name="[152]"></a>__aeabi_memclr4</STRONG> (Thumb, 0 bytes, Stack size 0 bytes, memseta.o(.text))
<BR><BR>[Called By]<UL><LI><a href="#[1a5]">&gt;&gt;</a>&nbsp;&nbsp;&nbsp;SGTR_DeInit
<LI><a href="#[1a7]">&gt;&gt;</a>&nbsp;&nbsp;&nbsp;SGTR_Config
<LI><a href="#[db]">&gt;&gt;</a>&nbsp;&nbsp;&nbsp;ESP8266_Set_Mode
<LI><a href="#[e5]">&gt;&gt;</a>&nbsp;&nbsp;&nbsp;ESP8266_Get_ServerInfo
<LI><a href="#[e6]">&gt;&gt;</a>&nbsp;&nbsp;&nbsp;ESP8266_Get_LinkState
<LI><a href="#[110]">&gt;&gt;</a>&nbsp;&nbsp;&nbsp;SSPI_DeInit
</UL>

<P><STRONG><a name="[211]"></a>__aeabi_memclr8</STRONG> (Thumb, 0 bytes, Stack size 0 bytes, memseta.o(.text), UNUSED)

<P><STRONG><a name="[12b]"></a>memset</STRONG> (Thumb, 18 bytes, Stack size 8 bytes, memseta.o(.text), UNUSED)
<BR><BR>[Calls]<UL><LI><a href="#[12a]">&gt;&gt;</a>&nbsp;&nbsp;&nbsp;__aeabi_memset
</UL>

<P><STRONG><a name="[161]"></a>strcat</STRONG> (Thumb, 24 bytes, Stack size 0 bytes, strcat.o(.text))
<BR><BR>[Called By]<UL><LI><a href="#[db]">&gt;&gt;</a>&nbsp;&nbsp;&nbsp;ESP8266_Set_Mode
</UL>

<P><STRONG><a name="[14c]"></a>strstr</STRONG> (Thumb, 36 bytes, Stack size 12 bytes, strstr.o(.text))
<BR><BR>[Stack]<UL><LI>Max Depth = 12<LI>Call Chain = strstr
</UL>
<BR>[Called By]<UL><LI><a href="#[e5]">&gt;&gt;</a>&nbsp;&nbsp;&nbsp;ESP8266_Get_ServerInfo
<LI><a href="#[e3]">&gt;&gt;</a>&nbsp;&nbsp;&nbsp;ESP8266_Get_APInfo
<LI><a href="#[e0]">&gt;&gt;</a>&nbsp;&nbsp;&nbsp;ESP8266_AP_Link
</UL>

<P><STRONG><a name="[14d]"></a>strlen</STRONG> (Thumb, 14 bytes, Stack size 0 bytes, strlen.o(.text))
<BR><BR>[Called By]<UL><LI><a href="#[1c1]">&gt;&gt;</a>&nbsp;&nbsp;&nbsp;RB_String_IsExist
<LI><a href="#[1c0]">&gt;&gt;</a>&nbsp;&nbsp;&nbsp;RB_Read_Inter
<LI><a href="#[1bd]">&gt;&gt;</a>&nbsp;&nbsp;&nbsp;RB_Read_Fisrt
<LI><a href="#[1e4]">&gt;&gt;</a>&nbsp;&nbsp;&nbsp;RB_Find_StringCS_RL1
<LI><a href="#[1df]">&gt;&gt;</a>&nbsp;&nbsp;&nbsp;RB_Find_StringCS
<LI><a href="#[13a]">&gt;&gt;</a>&nbsp;&nbsp;&nbsp;ESP8266_Write_Cmd
<LI><a href="#[153]">&gt;&gt;</a>&nbsp;&nbsp;&nbsp;ESP8266_Read_Inter
<LI><a href="#[e5]">&gt;&gt;</a>&nbsp;&nbsp;&nbsp;ESP8266_Get_ServerInfo
<LI><a href="#[e3]">&gt;&gt;</a>&nbsp;&nbsp;&nbsp;ESP8266_Get_APInfo
<LI><a href="#[e0]">&gt;&gt;</a>&nbsp;&nbsp;&nbsp;ESP8266_AP_Link
</UL>

<P><STRONG><a name="[158]"></a>strcmp</STRONG> (Thumb, 28 bytes, Stack size 8 bytes, strcmp.o(.text))
<BR><BR>[Stack]<UL><LI>Max Depth = 8<LI>Call Chain = strcmp
</UL>
<BR>[Called By]<UL><LI><a href="#[e5]">&gt;&gt;</a>&nbsp;&nbsp;&nbsp;ESP8266_Get_ServerInfo
</UL>

<P><STRONG><a name="[151]"></a>strcpy</STRONG> (Thumb, 18 bytes, Stack size 0 bytes, strcpy.o(.text))
<BR><BR>[Called By]<UL><LI><a href="#[e3]">&gt;&gt;</a>&nbsp;&nbsp;&nbsp;ESP8266_Get_APInfo
<LI><a href="#[135]">&gt;&gt;</a>&nbsp;&nbsp;&nbsp;FW_Device_PreBind
</UL>

<P><STRONG><a name="[17e]"></a>strncmp</STRONG> (Thumb, 30 bytes, Stack size 12 bytes, strncmp.o(.text))
<BR><BR>[Stack]<UL><LI>Max Depth = 12<LI>Call Chain = strncmp
</UL>
<BR>[Called By]<UL><LI><a href="#[17c]">&gt;&gt;</a>&nbsp;&nbsp;&nbsp;FW_Device_Find
<LI><a href="#[176]">&gt;&gt;</a>&nbsp;&nbsp;&nbsp;FW_Driver_Find
<LI><a href="#[135]">&gt;&gt;</a>&nbsp;&nbsp;&nbsp;FW_Device_PreBind
</UL>

<P><STRONG><a name="[150]"></a>strtok</STRONG> (Thumb, 62 bytes, Stack size 16 bytes, strtok.o(.text))
<BR><BR>[Stack]<UL><LI>Max Depth = 16<LI>Call Chain = strtok
</UL>
<BR>[Called By]<UL><LI><a href="#[e5]">&gt;&gt;</a>&nbsp;&nbsp;&nbsp;ESP8266_Get_ServerInfo
<LI><a href="#[e3]">&gt;&gt;</a>&nbsp;&nbsp;&nbsp;ESP8266_Get_APInfo
</UL>

<P><STRONG><a name="[12c]"></a>atoi</STRONG> (Thumb, 26 bytes, Stack size 16 bytes, atoi.o(.text))
<BR><BR>[Stack]<UL><LI>Max Depth = 88<LI>Call Chain = atoi &rArr; strtol &rArr; _strtoul
</UL>
<BR>[Calls]<UL><LI><a href="#[12e]">&gt;&gt;</a>&nbsp;&nbsp;&nbsp;strtol
<LI><a href="#[12d]">&gt;&gt;</a>&nbsp;&nbsp;&nbsp;__aeabi_errno_addr
</UL>
<BR>[Called By]<UL><LI><a href="#[e9]">&gt;&gt;</a>&nbsp;&nbsp;&nbsp;ESP8266_Read
<LI><a href="#[e3]">&gt;&gt;</a>&nbsp;&nbsp;&nbsp;ESP8266_Get_APInfo
</UL>

<P><STRONG><a name="[12e]"></a>strtol</STRONG> (Thumb, 112 bytes, Stack size 32 bytes, strtol.o(.text))
<BR><BR>[Stack]<UL><LI>Max Depth = 72<LI>Call Chain = strtol &rArr; _strtoul
</UL>
<BR>[Calls]<UL><LI><a href="#[12f]">&gt;&gt;</a>&nbsp;&nbsp;&nbsp;__rt_ctype_table
<LI><a href="#[130]">&gt;&gt;</a>&nbsp;&nbsp;&nbsp;_strtoul
<LI><a href="#[12d]">&gt;&gt;</a>&nbsp;&nbsp;&nbsp;__aeabi_errno_addr
</UL>
<BR>[Called By]<UL><LI><a href="#[12c]">&gt;&gt;</a>&nbsp;&nbsp;&nbsp;atoi
</UL>

<P><STRONG><a name="[128]"></a>__scatterload</STRONG> (Thumb, 28 bytes, Stack size 0 bytes, init.o(.text))
<BR><BR>[Calls]<UL><LI><a href="#[131]">&gt;&gt;</a>&nbsp;&nbsp;&nbsp;__main_after_scatterload
</UL>
<BR>[Called By]<UL><LI><a href="#[127]">&gt;&gt;</a>&nbsp;&nbsp;&nbsp;_main_scatterload
</UL>

<P><STRONG><a name="[212]"></a>__scatterload_rt2</STRONG> (Thumb, 0 bytes, Stack size 0 bytes, init.o(.text), UNUSED)

<P><STRONG><a name="[132]"></a>_chval</STRONG> (Thumb, 28 bytes, Stack size 0 bytes, _chval.o(.text))
<BR><BR>[Called By]<UL><LI><a href="#[130]">&gt;&gt;</a>&nbsp;&nbsp;&nbsp;_strtoul
</UL>

<P><STRONG><a name="[130]"></a>_strtoul</STRONG> (Thumb, 158 bytes, Stack size 40 bytes, _strtoul.o(.text))
<BR><BR>[Stack]<UL><LI>Max Depth = 40<LI>Call Chain = _strtoul
</UL>
<BR>[Calls]<UL><LI><a href="#[132]">&gt;&gt;</a>&nbsp;&nbsp;&nbsp;_chval
<LI><a href="#[12d]">&gt;&gt;</a>&nbsp;&nbsp;&nbsp;__aeabi_errno_addr
</UL>
<BR>[Called By]<UL><LI><a href="#[12e]">&gt;&gt;</a>&nbsp;&nbsp;&nbsp;strtol
</UL>

<P><STRONG><a name="[42]"></a>main</STRONG> (Thumb, 98 bytes, Stack size 16 bytes, fw_startup.o(i.$Sub$$main))
<BR><BR>[Stack]<UL><LI>Max Depth = 76<LI>Call Chain = main &rArr; FW_Delay_Init &rArr; FW_Driver_Find &rArr; strncmp
</UL>
<BR>[Calls]<UL><LI><a href="#[136]">&gt;&gt;</a>&nbsp;&nbsp;&nbsp;FW_Device_PreInit
<LI><a href="#[135]">&gt;&gt;</a>&nbsp;&nbsp;&nbsp;FW_Device_PreBind
<LI><a href="#[133]">&gt;&gt;</a>&nbsp;&nbsp;&nbsp;FW_System_Init
<LI><a href="#[134]">&gt;&gt;</a>&nbsp;&nbsp;&nbsp;FW_Delay_Init
<LI><a href="#[137]">&gt;&gt;</a>&nbsp;&nbsp;&nbsp;$Super$$main
</UL>
<BR>[Address Reference Count : 1]<UL><LI> entry9a.o(.ARM.Collect$$$$0000000B)
</UL>
<P><STRONG><a name="[17b]"></a>FW_Delay_GetUsDuration</STRONG> (Thumb, 94 bytes, Stack size 32 bytes, fw_delay.o(i.FW_Delay_GetUsDuration))
<BR><BR>[Stack]<UL><LI>Max Depth = 32<LI>Call Chain = FW_Delay_GetUsDuration
</UL>
<BR>[Called By]<UL><LI><a href="#[134]">&gt;&gt;</a>&nbsp;&nbsp;&nbsp;FW_Delay_Init
</UL>

<P><STRONG><a name="[179]"></a>FW_Delay_GetUsStart</STRONG> (Thumb, 30 bytes, Stack size 16 bytes, fw_delay.o(i.FW_Delay_GetUsStart))
<BR><BR>[Stack]<UL><LI>Max Depth = 16<LI>Call Chain = FW_Delay_GetUsStart
</UL>
<BR>[Called By]<UL><LI><a href="#[134]">&gt;&gt;</a>&nbsp;&nbsp;&nbsp;FW_Delay_Init
</UL>

<P><STRONG><a name="[134]"></a>FW_Delay_Init</STRONG> (Thumb, 152 bytes, Stack size 24 bytes, fw_delay.o(i.FW_Delay_Init))
<BR><BR>[Stack]<UL><LI>Max Depth = 60<LI>Call Chain = FW_Delay_Init &rArr; FW_Driver_Find &rArr; strncmp
</UL>
<BR>[Calls]<UL><LI><a href="#[176]">&gt;&gt;</a>&nbsp;&nbsp;&nbsp;FW_Driver_Find
<LI><a href="#[17a]">&gt;&gt;</a>&nbsp;&nbsp;&nbsp;FW_Delay_Us
<LI><a href="#[177]">&gt;&gt;</a>&nbsp;&nbsp;&nbsp;FW_OS_IsStart
<LI><a href="#[178]">&gt;&gt;</a>&nbsp;&nbsp;&nbsp;FW_OS_GetTickTime
<LI><a href="#[179]">&gt;&gt;</a>&nbsp;&nbsp;&nbsp;FW_Delay_GetUsStart
<LI><a href="#[17b]">&gt;&gt;</a>&nbsp;&nbsp;&nbsp;FW_Delay_GetUsDuration
</UL>
<BR>[Called By]<UL><LI><a href="#[42]">&gt;&gt;</a>&nbsp;&nbsp;&nbsp;main
</UL>

<P><STRONG><a name="[13b]"></a>FW_Delay_Ms</STRONG> (Thumb, 14 bytes, Stack size 8 bytes, fw_delay.o(i.FW_Delay_Ms))
<BR><BR>[Stack]<UL><LI>Max Depth = 8<LI>Call Chain = FW_Delay_Ms
</UL>
<BR>[Called By]<UL><LI><a href="#[1fa]">&gt;&gt;</a>&nbsp;&nbsp;&nbsp;Test
<LI><a href="#[eb]">&gt;&gt;</a>&nbsp;&nbsp;&nbsp;MF_S522_Reset
<LI><a href="#[175]">&gt;&gt;</a>&nbsp;&nbsp;&nbsp;FM_Set_RF
<LI><a href="#[172]">&gt;&gt;</a>&nbsp;&nbsp;&nbsp;FM_Config_ISOType
<LI><a href="#[16c]">&gt;&gt;</a>&nbsp;&nbsp;&nbsp;FM_Comm
<LI><a href="#[e8]">&gt;&gt;</a>&nbsp;&nbsp;&nbsp;ESP8266_Write
<LI><a href="#[e7]">&gt;&gt;</a>&nbsp;&nbsp;&nbsp;ESP8266_Set_TRPT
<LI><a href="#[e4]">&gt;&gt;</a>&nbsp;&nbsp;&nbsp;ESP8266_Server_Link
<LI><a href="#[d7]">&gt;&gt;</a>&nbsp;&nbsp;&nbsp;ESP8266_Reset
<LI><a href="#[e9]">&gt;&gt;</a>&nbsp;&nbsp;&nbsp;ESP8266_Read
<LI><a href="#[e1]">&gt;&gt;</a>&nbsp;&nbsp;&nbsp;ESP8266_AP_Unlink
<LI><a href="#[df]">&gt;&gt;</a>&nbsp;&nbsp;&nbsp;ESP8266_AP_Probe
<LI><a href="#[e0]">&gt;&gt;</a>&nbsp;&nbsp;&nbsp;ESP8266_AP_Link
<LI><a href="#[138]">&gt;&gt;</a>&nbsp;&nbsp;&nbsp;AT_Send
<LI><a href="#[93]">&gt;&gt;</a>&nbsp;&nbsp;&nbsp;WF183D_UART_GetTemprature
<LI><a href="#[92]">&gt;&gt;</a>&nbsp;&nbsp;&nbsp;WF183D_UART_GetPressure
<LI><a href="#[cd]">&gt;&gt;</a>&nbsp;&nbsp;&nbsp;WF200D_Get_Temprature
<LI><a href="#[ce]">&gt;&gt;</a>&nbsp;&nbsp;&nbsp;WF200D_Get_Pressure
</UL>

<P><STRONG><a name="[1f6]"></a>FW_Delay_TickTock</STRONG> (Thumb, 12 bytes, Stack size 0 bytes, fw_delay.o(i.FW_Delay_TickTock))
<BR><BR>[Called By]<UL><LI><a href="#[9]">&gt;&gt;</a>&nbsp;&nbsp;&nbsp;SysTick_Handler
</UL>

<P><STRONG><a name="[17a]"></a>FW_Delay_Us</STRONG> (Thumb, 86 bytes, Stack size 32 bytes, fw_delay.o(i.FW_Delay_Us))
<BR><BR>[Stack]<UL><LI>Max Depth = 32<LI>Call Chain = FW_Delay_Us
</UL>
<BR>[Called By]<UL><LI><a href="#[b8]">&gt;&gt;</a>&nbsp;&nbsp;&nbsp;ILI_Init
<LI><a href="#[f8]">&gt;&gt;</a>&nbsp;&nbsp;&nbsp;ST7735_Init
<LI><a href="#[141]">&gt;&gt;</a>&nbsp;&nbsp;&nbsp;FW_OW_WaitACK
<LI><a href="#[140]">&gt;&gt;</a>&nbsp;&nbsp;&nbsp;FW_OW_Reset
<LI><a href="#[144]">&gt;&gt;</a>&nbsp;&nbsp;&nbsp;FW_OW_Init
<LI><a href="#[79]">&gt;&gt;</a>&nbsp;&nbsp;&nbsp;IO_HC595_Write
<LI><a href="#[102]">&gt;&gt;</a>&nbsp;&nbsp;&nbsp;TM77_Set_Period
<LI><a href="#[103]">&gt;&gt;</a>&nbsp;&nbsp;&nbsp;TM77_Get_Temprature
<LI><a href="#[104]">&gt;&gt;</a>&nbsp;&nbsp;&nbsp;TM77_Get_Sample
<LI><a href="#[134]">&gt;&gt;</a>&nbsp;&nbsp;&nbsp;FW_Delay_Init
<LI><a href="#[109]">&gt;&gt;</a>&nbsp;&nbsp;&nbsp;SUART_TX_Byte
<LI><a href="#[10a]">&gt;&gt;</a>&nbsp;&nbsp;&nbsp;SUART_RX_Byte
<LI><a href="#[1a9]">&gt;&gt;</a>&nbsp;&nbsp;&nbsp;FW_OW_WriteByte
<LI><a href="#[1a8]">&gt;&gt;</a>&nbsp;&nbsp;&nbsp;FW_OW_ReadByte
<LI><a href="#[1ac]">&gt;&gt;</a>&nbsp;&nbsp;&nbsp;SI2C_Write_Byte
<LI><a href="#[1b1]">&gt;&gt;</a>&nbsp;&nbsp;&nbsp;SI2C_Stop
<LI><a href="#[1aa]">&gt;&gt;</a>&nbsp;&nbsp;&nbsp;SI2C_Start
<LI><a href="#[1ae]">&gt;&gt;</a>&nbsp;&nbsp;&nbsp;SI2C_Read_Byte
<LI><a href="#[1ad]">&gt;&gt;</a>&nbsp;&nbsp;&nbsp;SI2C_ACK
<LI><a href="#[117]">&gt;&gt;</a>&nbsp;&nbsp;&nbsp;FW_SI2C_Read
<LI><a href="#[8f]">&gt;&gt;</a>&nbsp;&nbsp;&nbsp;SCK_RE
<LI><a href="#[8e]">&gt;&gt;</a>&nbsp;&nbsp;&nbsp;SCK_FE
</UL>

<P><STRONG><a name="[17c]"></a>FW_Device_Find</STRONG> (Thumb, 62 bytes, Stack size 24 bytes, fw_device.o(i.FW_Device_Find))
<BR><BR>[Stack]<UL><LI>Max Depth = 36<LI>Call Chain = FW_Device_Find &rArr; strncmp
</UL>
<BR>[Calls]<UL><LI><a href="#[17f]">&gt;&gt;</a>&nbsp;&nbsp;&nbsp;FW_SEI
<LI><a href="#[17d]">&gt;&gt;</a>&nbsp;&nbsp;&nbsp;FW_SDI
<LI><a href="#[17e]">&gt;&gt;</a>&nbsp;&nbsp;&nbsp;strncmp
</UL>
<BR>[Called By]<UL><LI><a href="#[106]">&gt;&gt;</a>&nbsp;&nbsp;&nbsp;HC595_Port_Init
</UL>

<P><STRONG><a name="[135]"></a>FW_Device_PreBind</STRONG> (Thumb, 110 bytes, Stack size 24 bytes, fw_device.o(i.FW_Device_PreBind))
<BR><BR>[Stack]<UL><LI>Max Depth = 36<LI>Call Chain = FW_Device_PreBind &rArr; strncmp
</UL>
<BR>[Calls]<UL><LI><a href="#[180]">&gt;&gt;</a>&nbsp;&nbsp;&nbsp;FW_List_Init
<LI><a href="#[17e]">&gt;&gt;</a>&nbsp;&nbsp;&nbsp;strncmp
<LI><a href="#[151]">&gt;&gt;</a>&nbsp;&nbsp;&nbsp;strcpy
</UL>
<BR>[Called By]<UL><LI><a href="#[42]">&gt;&gt;</a>&nbsp;&nbsp;&nbsp;main
</UL>

<P><STRONG><a name="[136]"></a>FW_Device_PreInit</STRONG> (Thumb, 32 bytes, Stack size 16 bytes, fw_device.o(i.FW_Device_PreInit))
<BR><BR>[Stack]<UL><LI>Max Depth = 16<LI>Call Chain = FW_Device_PreInit
</UL>
<BR>[Called By]<UL><LI><a href="#[42]">&gt;&gt;</a>&nbsp;&nbsp;&nbsp;main
</UL>

<P><STRONG><a name="[176]"></a>FW_Driver_Find</STRONG> (Thumb, 42 bytes, Stack size 24 bytes, fw_driver.o(i.FW_Driver_Find))
<BR><BR>[Stack]<UL><LI>Max Depth = 36<LI>Call Chain = FW_Driver_Find &rArr; strncmp
</UL>
<BR>[Calls]<UL><LI><a href="#[17e]">&gt;&gt;</a>&nbsp;&nbsp;&nbsp;strncmp
</UL>
<BR>[Called By]<UL><LI><a href="#[bf]">&gt;&gt;</a>&nbsp;&nbsp;&nbsp;SNOR_Init
<LI><a href="#[b8]">&gt;&gt;</a>&nbsp;&nbsp;&nbsp;ILI_Init
<LI><a href="#[f8]">&gt;&gt;</a>&nbsp;&nbsp;&nbsp;ST7735_Init
<LI><a href="#[ea]">&gt;&gt;</a>&nbsp;&nbsp;&nbsp;MF_S522_Init
<LI><a href="#[d0]">&gt;&gt;</a>&nbsp;&nbsp;&nbsp;WF183D_Init
<LI><a href="#[ca]">&gt;&gt;</a>&nbsp;&nbsp;&nbsp;WF200D_Init
<LI><a href="#[11e]">&gt;&gt;</a>&nbsp;&nbsp;&nbsp;FW_GPIO_Driver_Probe
<LI><a href="#[133]">&gt;&gt;</a>&nbsp;&nbsp;&nbsp;FW_System_Init
<LI><a href="#[134]">&gt;&gt;</a>&nbsp;&nbsp;&nbsp;FW_Delay_Init
<LI><a href="#[122]">&gt;&gt;</a>&nbsp;&nbsp;&nbsp;WWDG_Driver_Probe
<LI><a href="#[121]">&gt;&gt;</a>&nbsp;&nbsp;&nbsp;IWDG_Driver_Probe
<LI><a href="#[120]">&gt;&gt;</a>&nbsp;&nbsp;&nbsp;IRTC_Driver_Probe
<LI><a href="#[11f]">&gt;&gt;</a>&nbsp;&nbsp;&nbsp;IFlash_Driver_Probe
</UL>

<P><STRONG><a name="[1a3]"></a>FW_I2C_Init</STRONG> (Thumb, 106 bytes, Stack size 104 bytes, fw_i2c.o(i.FW_I2C_Init))
<BR><BR>[Stack]<UL><LI>Max Depth = 128<LI>Call Chain = FW_I2C_Init &rArr; SGTR_Config &rArr; MM_Malloc
</UL>
<BR>[Calls]<UL><LI><a href="#[1a5]">&gt;&gt;</a>&nbsp;&nbsp;&nbsp;SGTR_DeInit
<LI><a href="#[1a7]">&gt;&gt;</a>&nbsp;&nbsp;&nbsp;SGTR_Config
<LI><a href="#[1a4]">&gt;&gt;</a>&nbsp;&nbsp;&nbsp;FW_Device_GetDriver
<LI><a href="#[1a6]">&gt;&gt;</a>&nbsp;&nbsp;&nbsp;__aeabi_memcpy4
</UL>
<BR>[Called By]<UL><LI><a href="#[94]">&gt;&gt;</a>&nbsp;&nbsp;&nbsp;WF183D_I2C_Init
<LI><a href="#[9a]">&gt;&gt;</a>&nbsp;&nbsp;&nbsp;WF200D_I2C_Init
</UL>

<P><STRONG><a name="[201]"></a>FW_I2C_Read</STRONG> (Thumb, 30 bytes, Stack size 24 bytes, fw_i2c.o(i.FW_I2C_Read))
<BR><BR>[Stack]<UL><LI>Max Depth = 24<LI>Call Chain = FW_I2C_Read
</UL>
<BR>[Called By]<UL><LI><a href="#[9c]">&gt;&gt;</a>&nbsp;&nbsp;&nbsp;WF200D_I2C_ReadByte
</UL>

<P><STRONG><a name="[1fc]"></a>FW_I2C_SetDelay</STRONG> (Thumb, 38 bytes, Stack size 12 bytes, fw_i2c.o(i.FW_I2C_SetDelay))
<BR><BR>[Stack]<UL><LI>Max Depth = 12<LI>Call Chain = FW_I2C_SetDelay
</UL>
<BR>[Called By]<UL><LI><a href="#[94]">&gt;&gt;</a>&nbsp;&nbsp;&nbsp;WF183D_I2C_Init
<LI><a href="#[9a]">&gt;&gt;</a>&nbsp;&nbsp;&nbsp;WF200D_I2C_Init
</UL>

<P><STRONG><a name="[202]"></a>FW_I2C_Write</STRONG> (Thumb, 30 bytes, Stack size 24 bytes, fw_i2c.o(i.FW_I2C_Write))
<BR><BR>[Stack]<UL><LI>Max Depth = 24<LI>Call Chain = FW_I2C_Write
</UL>
<BR>[Called By]<UL><LI><a href="#[9b]">&gt;&gt;</a>&nbsp;&nbsp;&nbsp;WF200D_I2C_WriteByte
</UL>

<P><STRONG><a name="[149]"></a>FW_Lock</STRONG> (Thumb, 10 bytes, Stack size 8 bytes, fw_system.o(i.FW_Lock))
<BR><BR>[Stack]<UL><LI>Max Depth = 8<LI>Call Chain = FW_Lock
</UL>
<BR>[Called By]<UL><LI><a href="#[1b3]">&gt;&gt;</a>&nbsp;&nbsp;&nbsp;RB_Write
<LI><a href="#[1c1]">&gt;&gt;</a>&nbsp;&nbsp;&nbsp;RB_String_IsExist
<LI><a href="#[1c0]">&gt;&gt;</a>&nbsp;&nbsp;&nbsp;RB_Read_Inter
<LI><a href="#[1bf]">&gt;&gt;</a>&nbsp;&nbsp;&nbsp;RB_Read_HL
<LI><a href="#[1bd]">&gt;&gt;</a>&nbsp;&nbsp;&nbsp;RB_Read_Fisrt
<LI><a href="#[1b5]">&gt;&gt;</a>&nbsp;&nbsp;&nbsp;RB_Read
<LI><a href="#[1b8]">&gt;&gt;</a>&nbsp;&nbsp;&nbsp;RB_PMB_Write
<LI><a href="#[1b7]">&gt;&gt;</a>&nbsp;&nbsp;&nbsp;RB_PMB_Set
<LI><a href="#[1b4]">&gt;&gt;</a>&nbsp;&nbsp;&nbsp;RB_Get_DataLength
<LI><a href="#[1ba]">&gt;&gt;</a>&nbsp;&nbsp;&nbsp;RB_Clear_Buffer
<LI><a href="#[1de]">&gt;&gt;</a>&nbsp;&nbsp;&nbsp;RB_Data_IsCC
<LI><a href="#[e5]">&gt;&gt;</a>&nbsp;&nbsp;&nbsp;ESP8266_Get_ServerInfo
<LI><a href="#[e6]">&gt;&gt;</a>&nbsp;&nbsp;&nbsp;ESP8266_Get_LinkState
<LI><a href="#[df]">&gt;&gt;</a>&nbsp;&nbsp;&nbsp;ESP8266_AP_Probe
<LI><a href="#[e0]">&gt;&gt;</a>&nbsp;&nbsp;&nbsp;ESP8266_AP_Link
<LI><a href="#[6e]">&gt;&gt;</a>&nbsp;&nbsp;&nbsp;FW_UART_WriteINT
<LI><a href="#[6f]">&gt;&gt;</a>&nbsp;&nbsp;&nbsp;FW_UART_WriteDMA
<LI><a href="#[6c]">&gt;&gt;</a>&nbsp;&nbsp;&nbsp;FW_UART_IH_TX
<LI><a href="#[6b]">&gt;&gt;</a>&nbsp;&nbsp;&nbsp;FW_UART_IH_TC
<LI><a href="#[6a]">&gt;&gt;</a>&nbsp;&nbsp;&nbsp;FW_UART_IH_RX
<LI><a href="#[69]">&gt;&gt;</a>&nbsp;&nbsp;&nbsp;FW_UART_IH_RC
<LI><a href="#[5f]">&gt;&gt;</a>&nbsp;&nbsp;&nbsp;FW_SPI_IH_TX
<LI><a href="#[5e]">&gt;&gt;</a>&nbsp;&nbsp;&nbsp;FW_SPI_IH_TC
<LI><a href="#[5d]">&gt;&gt;</a>&nbsp;&nbsp;&nbsp;FW_SPI_IH_RX
<LI><a href="#[5c]">&gt;&gt;</a>&nbsp;&nbsp;&nbsp;FW_SPI_IH_RC
</UL>

<P><STRONG><a name="[4e]"></a>FW_OS_Delay</STRONG> (Thumb, 36 bytes, Stack size 16 bytes, fw_os.o(i.FW_OS_Delay))
<BR><BR>[Stack]<UL><LI>Max Depth = 16<LI>Call Chain = FW_OS_Delay
</UL>
<BR>[Address Reference Count : 1]<UL><LI> fw_delay.o(i.FW_Delay_Init)
</UL>
<P><STRONG><a name="[178]"></a>FW_OS_GetTickTime</STRONG> (Thumb, 38 bytes, Stack size 8 bytes, fw_os.o(i.FW_OS_GetTickTime))
<BR><BR>[Stack]<UL><LI>Max Depth = 8<LI>Call Chain = FW_OS_GetTickTime
</UL>
<BR>[Called By]<UL><LI><a href="#[134]">&gt;&gt;</a>&nbsp;&nbsp;&nbsp;FW_Delay_Init
</UL>

<P><STRONG><a name="[177]"></a>FW_OS_IsStart</STRONG> (Thumb, 6 bytes, Stack size 0 bytes, fw_os.o(i.FW_OS_IsStart))
<BR><BR>[Called By]<UL><LI><a href="#[134]">&gt;&gt;</a>&nbsp;&nbsp;&nbsp;FW_Delay_Init
</UL>

<P><STRONG><a name="[144]"></a>FW_OW_Init</STRONG> (Thumb, 76 bytes, Stack size 16 bytes, fw_ow.o(i.FW_OW_Init))
<BR><BR>[Stack]<UL><LI>Max Depth = 56<LI>Call Chain = FW_OW_Init &rArr; FW_GPIO_Write &rArr; GPIO_PinWrite
</UL>
<BR>[Calls]<UL><LI><a href="#[17a]">&gt;&gt;</a>&nbsp;&nbsp;&nbsp;FW_Delay_Us
<LI><a href="#[1a2]">&gt;&gt;</a>&nbsp;&nbsp;&nbsp;FW_GPIO_Write
<LI><a href="#[194]">&gt;&gt;</a>&nbsp;&nbsp;&nbsp;FW_GPIO_Read
<LI><a href="#[18e]">&gt;&gt;</a>&nbsp;&nbsp;&nbsp;FW_GPIO_Init
</UL>
<BR>[Called By]<UL><LI><a href="#[f4]">&gt;&gt;</a>&nbsp;&nbsp;&nbsp;DS_Init
</UL>

<P><STRONG><a name="[145]"></a>FW_OW_Read</STRONG> (Thumb, 36 bytes, Stack size 24 bytes, fw_ow.o(i.FW_OW_Read))
<BR><BR>[Stack]<UL><LI>Max Depth = 88<LI>Call Chain = FW_OW_Read &rArr; FW_OW_ReadByte &rArr; FW_GPIO_Write &rArr; GPIO_PinWrite
</UL>
<BR>[Calls]<UL><LI><a href="#[1a8]">&gt;&gt;</a>&nbsp;&nbsp;&nbsp;FW_OW_ReadByte
</UL>
<BR>[Called By]<UL><LI><a href="#[143]">&gt;&gt;</a>&nbsp;&nbsp;&nbsp;DS_Read
</UL>

<P><STRONG><a name="[140]"></a>FW_OW_Reset</STRONG> (Thumb, 50 bytes, Stack size 16 bytes, fw_ow.o(i.FW_OW_Reset))
<BR><BR>[Stack]<UL><LI>Max Depth = 56<LI>Call Chain = FW_OW_Reset &rArr; FW_GPIO_Write &rArr; GPIO_PinWrite
</UL>
<BR>[Calls]<UL><LI><a href="#[17a]">&gt;&gt;</a>&nbsp;&nbsp;&nbsp;FW_Delay_Us
<LI><a href="#[1a2]">&gt;&gt;</a>&nbsp;&nbsp;&nbsp;FW_GPIO_Write
<LI><a href="#[18e]">&gt;&gt;</a>&nbsp;&nbsp;&nbsp;FW_GPIO_Init
</UL>
<BR>[Called By]<UL><LI><a href="#[f5]">&gt;&gt;</a>&nbsp;&nbsp;&nbsp;DS_Reset
<LI><a href="#[f7]">&gt;&gt;</a>&nbsp;&nbsp;&nbsp;DS_Get_Temprature
</UL>

<P><STRONG><a name="[141]"></a>FW_OW_WaitACK</STRONG> (Thumb, 90 bytes, Stack size 16 bytes, fw_ow.o(i.FW_OW_WaitACK))
<BR><BR>[Stack]<UL><LI>Max Depth = 56<LI>Call Chain = FW_OW_WaitACK &rArr; FW_GPIO_Init &rArr; GPIO_PinInit
</UL>
<BR>[Calls]<UL><LI><a href="#[17a]">&gt;&gt;</a>&nbsp;&nbsp;&nbsp;FW_Delay_Us
<LI><a href="#[194]">&gt;&gt;</a>&nbsp;&nbsp;&nbsp;FW_GPIO_Read
<LI><a href="#[18e]">&gt;&gt;</a>&nbsp;&nbsp;&nbsp;FW_GPIO_Init
</UL>
<BR>[Called By]<UL><LI><a href="#[f7]">&gt;&gt;</a>&nbsp;&nbsp;&nbsp;DS_Get_Temprature
</UL>

<P><STRONG><a name="[146]"></a>FW_OW_Write</STRONG> (Thumb, 36 bytes, Stack size 24 bytes, fw_ow.o(i.FW_OW_Write))
<BR><BR>[Stack]<UL><LI>Max Depth = 88<LI>Call Chain = FW_OW_Write &rArr; FW_OW_WriteByte &rArr; FW_GPIO_Write &rArr; GPIO_PinWrite
</UL>
<BR>[Calls]<UL><LI><a href="#[1a9]">&gt;&gt;</a>&nbsp;&nbsp;&nbsp;FW_OW_WriteByte
</UL>
<BR>[Called By]<UL><LI><a href="#[142]">&gt;&gt;</a>&nbsp;&nbsp;&nbsp;DS_Write
</UL>

<P><STRONG><a name="[17d]"></a>FW_SDI</STRONG> (Thumb, 12 bytes, Stack size 8 bytes, fw_system.o(i.FW_SDI))
<BR><BR>[Stack]<UL><LI>Max Depth = 8<LI>Call Chain = FW_SDI
</UL>
<BR>[Called By]<UL><LI><a href="#[17c]">&gt;&gt;</a>&nbsp;&nbsp;&nbsp;FW_Device_Find
</UL>

<P><STRONG><a name="[17f]"></a>FW_SEI</STRONG> (Thumb, 12 bytes, Stack size 8 bytes, fw_system.o(i.FW_SEI))
<BR><BR>[Stack]<UL><LI>Max Depth = 8<LI>Call Chain = FW_SEI
</UL>
<BR>[Called By]<UL><LI><a href="#[17c]">&gt;&gt;</a>&nbsp;&nbsp;&nbsp;FW_Device_Find
</UL>

<P><STRONG><a name="[1f0]"></a>FW_SPI_CSSet</STRONG> (Thumb, 16 bytes, Stack size 16 bytes, fw_spi.o(i.FW_SPI_CSSet))
<BR><BR>[Stack]<UL><LI>Max Depth = 16<LI>Call Chain = FW_SPI_CSSet
</UL>
<BR>[Called By]<UL><LI><a href="#[1eb]">&gt;&gt;</a>&nbsp;&nbsp;&nbsp;SGP_EN
<LI><a href="#[1ee]">&gt;&gt;</a>&nbsp;&nbsp;&nbsp;SGP_DI
<LI><a href="#[1cb]">&gt;&gt;</a>&nbsp;&nbsp;&nbsp;SGP_EN
<LI><a href="#[1cd]">&gt;&gt;</a>&nbsp;&nbsp;&nbsp;SGP_DI
<LI><a href="#[84]">&gt;&gt;</a>&nbsp;&nbsp;&nbsp;SGP_Set_Reg
<LI><a href="#[83]">&gt;&gt;</a>&nbsp;&nbsp;&nbsp;SGP_Get_Reg
<LI><a href="#[9e]">&gt;&gt;</a>&nbsp;&nbsp;&nbsp;WF200D_SPI_WriteByte
<LI><a href="#[9f]">&gt;&gt;</a>&nbsp;&nbsp;&nbsp;WF200D_SPI_ReadByte
<LI><a href="#[76]">&gt;&gt;</a>&nbsp;&nbsp;&nbsp;SPI_HC595_Write
</UL>

<P><STRONG><a name="[1b6]"></a>FW_SPI_Init</STRONG> (Thumb, 156 bytes, Stack size 104 bytes, fw_spi.o(i.FW_SPI_Init))
<BR><BR>[Stack]<UL><LI>Max Depth = 144<LI>Call Chain = FW_SPI_Init &rArr; FW_GPIO_Init &rArr; GPIO_PinInit
</UL>
<BR>[Calls]<UL><LI><a href="#[1a5]">&gt;&gt;</a>&nbsp;&nbsp;&nbsp;SGTR_DeInit
<LI><a href="#[1a7]">&gt;&gt;</a>&nbsp;&nbsp;&nbsp;SGTR_Config
<LI><a href="#[18b]">&gt;&gt;</a>&nbsp;&nbsp;&nbsp;FW_GPIO_Init
<LI><a href="#[1b2]">&gt;&gt;</a>&nbsp;&nbsp;&nbsp;FW_Device_GetDriver
<LI><a href="#[1a6]">&gt;&gt;</a>&nbsp;&nbsp;&nbsp;__aeabi_memcpy4
</UL>
<BR>[Called By]<UL><LI><a href="#[85]">&gt;&gt;</a>&nbsp;&nbsp;&nbsp;SGP_Init
<LI><a href="#[f8]">&gt;&gt;</a>&nbsp;&nbsp;&nbsp;ST7735_Init
<LI><a href="#[82]">&gt;&gt;</a>&nbsp;&nbsp;&nbsp;SGP_Init
<LI><a href="#[9d]">&gt;&gt;</a>&nbsp;&nbsp;&nbsp;WF200D_SPI_Init
<LI><a href="#[74]">&gt;&gt;</a>&nbsp;&nbsp;&nbsp;SPI_HC595_Init
</UL>

<P><STRONG><a name="[1f2]"></a>FW_SPI_Read</STRONG> (Thumb, 30 bytes, Stack size 24 bytes, fw_spi.o(i.FW_SPI_Read))
<BR><BR>[Stack]<UL><LI>Max Depth = 24<LI>Call Chain = FW_SPI_Read
</UL>
<BR>[Called By]<UL><LI><a href="#[1ed]">&gt;&gt;</a>&nbsp;&nbsp;&nbsp;SGP_Read_Byte
<LI><a href="#[8a]">&gt;&gt;</a>&nbsp;&nbsp;&nbsp;SGP_Read
<LI><a href="#[86]">&gt;&gt;</a>&nbsp;&nbsp;&nbsp;SGP_Get_CID
<LI><a href="#[83]">&gt;&gt;</a>&nbsp;&nbsp;&nbsp;SGP_Get_Reg
<LI><a href="#[9f]">&gt;&gt;</a>&nbsp;&nbsp;&nbsp;WF200D_SPI_ReadByte
</UL>

<P><STRONG><a name="[1cc]"></a>FW_SPI_Write</STRONG> (Thumb, 30 bytes, Stack size 24 bytes, fw_spi.o(i.FW_SPI_Write))
<BR><BR>[Stack]<UL><LI>Max Depth = 24<LI>Call Chain = FW_SPI_Write
</UL>
<BR>[Called By]<UL><LI><a href="#[1ec]">&gt;&gt;</a>&nbsp;&nbsp;&nbsp;SGP_Write_Byte
<LI><a href="#[89]">&gt;&gt;</a>&nbsp;&nbsp;&nbsp;SGP_Write
<LI><a href="#[1cf]">&gt;&gt;</a>&nbsp;&nbsp;&nbsp;LCD8_Write_Data
<LI><a href="#[1ce]">&gt;&gt;</a>&nbsp;&nbsp;&nbsp;LCD8_Write_Cmd
<LI><a href="#[1c9]">&gt;&gt;</a>&nbsp;&nbsp;&nbsp;LCD8_Write
<LI><a href="#[84]">&gt;&gt;</a>&nbsp;&nbsp;&nbsp;SGP_Set_Reg
<LI><a href="#[83]">&gt;&gt;</a>&nbsp;&nbsp;&nbsp;SGP_Get_Reg
<LI><a href="#[9e]">&gt;&gt;</a>&nbsp;&nbsp;&nbsp;WF200D_SPI_WriteByte
<LI><a href="#[9f]">&gt;&gt;</a>&nbsp;&nbsp;&nbsp;WF200D_SPI_ReadByte
<LI><a href="#[76]">&gt;&gt;</a>&nbsp;&nbsp;&nbsp;SPI_HC595_Write
</UL>

<P><STRONG><a name="[133]"></a>FW_System_Init</STRONG> (Thumb, 44 bytes, Stack size 8 bytes, fw_system.o(i.FW_System_Init))
<BR><BR>[Stack]<UL><LI>Max Depth = 44<LI>Call Chain = FW_System_Init &rArr; FW_Driver_Find &rArr; strncmp
</UL>
<BR>[Calls]<UL><LI><a href="#[176]">&gt;&gt;</a>&nbsp;&nbsp;&nbsp;FW_Driver_Find
</UL>
<BR>[Called By]<UL><LI><a href="#[42]">&gt;&gt;</a>&nbsp;&nbsp;&nbsp;main
</UL>

<P><STRONG><a name="[14e]"></a>FW_UART_ClearFIFO</STRONG> (Thumb, 26 bytes, Stack size 16 bytes, fw_uart.o(i.FW_UART_ClearFIFO))
<BR><BR>[Stack]<UL><LI>Max Depth = 32<LI>Call Chain = FW_UART_ClearFIFO &rArr; RB_Clear_Buffer &rArr; FW_Unlock
</UL>
<BR>[Calls]<UL><LI><a href="#[1ba]">&gt;&gt;</a>&nbsp;&nbsp;&nbsp;RB_Clear_Buffer
</UL>
<BR>[Called By]<UL><LI><a href="#[139]">&gt;&gt;</a>&nbsp;&nbsp;&nbsp;ESP8266_Clear_RBuff
</UL>

<P><STRONG><a name="[157]"></a>FW_UART_GetDataLength</STRONG> (Thumb, 30 bytes, Stack size 16 bytes, fw_uart.o(i.FW_UART_GetDataLength))
<BR><BR>[Stack]<UL><LI>Max Depth = 40<LI>Call Chain = FW_UART_GetDataLength &rArr; RB_Get_DataLength &rArr; FW_Unlock
</UL>
<BR>[Calls]<UL><LI><a href="#[1b4]">&gt;&gt;</a>&nbsp;&nbsp;&nbsp;RB_Get_DataLength
</UL>
<BR>[Called By]<UL><LI><a href="#[156]">&gt;&gt;</a>&nbsp;&nbsp;&nbsp;ESP8266_Get_RDL
</UL>

<P><STRONG><a name="[155]"></a>FW_UART_GetFIFOBBase</STRONG> (Thumb, 30 bytes, Stack size 16 bytes, fw_uart.o(i.FW_UART_GetFIFOBBase))
[...]
</UL>
<P><STRONG><a name="[113]"></a>SSPI_Write</STRONG> (Thumb, 36 bytes, Stack size 24 bytes, fw_sspi.o(i.SSPI_Write))
<BR><BR>[Stack]<UL><LI>Max Depth = 24<LI>Call Chain = SSPI_Write
</UL>
<BR>[Address Reference Count : 1]<UL><LI> fw_sspi.o(.constdata)
</UL>
<P><STRONG><a name="[8c]"></a>TRByte_LSB</STRONG> (Thumb, 104 bytes, Stack size 24 bytes, fw_sspi.o(i.TRByte_LSB))
<BR><BR>[Stack]<UL><LI>Max Depth = 64<LI>Call Chain = TRByte_LSB &rArr; FW_GPIO_Write &rArr; GPIO_PinWrite
</UL>
<BR>[Calls]<UL><LI><a href="#[1a0]">&gt;&gt;</a>&nbsp;&nbsp;&nbsp;FW_GPIO_Write
<LI><a href="#[193]">&gt;&gt;</a>&nbsp;&nbsp;&nbsp;FW_GPIO_Read
</UL>
<BR>[Address Reference Count : 1]<UL><LI> fw_sspi.o(i.SSPI_Init)
</UL>
<P><STRONG><a name="[8b]"></a>TRByte_MSB</STRONG> (Thumb, 104 bytes, Stack size 24 bytes, fw_sspi.o(i.TRByte_MSB))
<BR><BR>[Stack]<UL><LI>Max Depth = 64<LI>Call Chain = TRByte_MSB &rArr; FW_GPIO_Write &rArr; GPIO_PinWrite
</UL>
<BR>[Calls]<UL><LI><a href="#[1a0]">&gt;&gt;</a>&nbsp;&nbsp;&nbsp;FW_GPIO_Write
<LI><a href="#[193]">&gt;&gt;</a>&nbsp;&nbsp;&nbsp;FW_GPIO_Read
</UL>
<BR>[Address Reference Count : 1]<UL><LI> fw_sspi.o(i.SSPI_Init)
</UL>
<P><STRONG><a name="[1a4]"></a>FW_Device_GetDriver</STRONG> (Thumb, 6 bytes, Stack size 0 bytes, fw_i2c.o(i.FW_Device_GetDriver))
<BR><BR>[Called By]<UL><LI><a href="#[1a3]">&gt;&gt;</a>&nbsp;&nbsp;&nbsp;FW_I2C_Init
<LI><a href="#[56]">&gt;&gt;</a>&nbsp;&nbsp;&nbsp;FW_I2C_WritePOL
<LI><a href="#[59]">&gt;&gt;</a>&nbsp;&nbsp;&nbsp;FW_I2C_ReadPOL
</UL>

<P><STRONG><a name="[52]"></a>FW_I2C_IH_RC</STRONG> (Thumb, 2 bytes, Stack size 0 bytes, fw_i2c.o(i.FW_I2C_IH_RC))
<BR>[Address Reference Count : 1]<UL><LI> fw_i2c.o(i.FW_I2C_Init)
</UL>
<P><STRONG><a name="[53]"></a>FW_I2C_IH_RX</STRONG> (Thumb, 2 bytes, Stack size 0 bytes, fw_i2c.o(i.FW_I2C_IH_RX))
<BR>[Address Reference Count : 1]<UL><LI> fw_i2c.o(i.FW_I2C_Init)
</UL>
<P><STRONG><a name="[54]"></a>FW_I2C_IH_TC</STRONG> (Thumb, 2 bytes, Stack size 0 bytes, fw_i2c.o(i.FW_I2C_IH_TC))
<BR>[Address Reference Count : 1]<UL><LI> fw_i2c.o(i.FW_I2C_Init)
</UL>
<P><STRONG><a name="[55]"></a>FW_I2C_IH_TX</STRONG> (Thumb, 2 bytes, Stack size 0 bytes, fw_i2c.o(i.FW_I2C_IH_TX))
<BR>[Address Reference Count : 1]<UL><LI> fw_i2c.o(i.FW_I2C_Init)
</UL>
<P><STRONG><a name="[5b]"></a>FW_I2C_ReadDMA</STRONG> (Thumb, 8 bytes, Stack size 8 bytes, fw_i2c.o(i.FW_I2C_ReadDMA))
<BR><BR>[Stack]<UL><LI>Max Depth = 8<LI>Call Chain = FW_I2C_ReadDMA
</UL>
<BR>[Address Reference Count : 1]<UL><LI> fw_i2c.o(i.FW_I2C_Init)
</UL>
<P><STRONG><a name="[5a]"></a>FW_I2C_ReadINT</STRONG> (Thumb, 8 bytes, Stack size 8 bytes, fw_i2c.o(i.FW_I2C_ReadINT))
<BR><BR>[Stack]<UL><LI>Max Depth = 8<LI>Call Chain = FW_I2C_ReadINT
</UL>
<BR>[Address Reference Count : 1]<UL><LI> fw_i2c.o(i.FW_I2C_Init)
</UL>
<P><STRONG><a name="[59]"></a>FW_I2C_ReadPOL</STRONG> (Thumb, 38 bytes, Stack size 24 bytes, fw_i2c.o(i.FW_I2C_ReadPOL))
<BR><BR>[Stack]<UL><LI>Max Depth = 24<LI>Call Chain = FW_I2C_ReadPOL
</UL>
<BR>[Calls]<UL><LI><a href="#[1a4]">&gt;&gt;</a>&nbsp;&nbsp;&nbsp;FW_Device_GetDriver
</UL>
<BR>[Address Reference Count : 1]<UL><LI> fw_i2c.o(i.FW_I2C_Init)
</UL>
<P><STRONG><a name="[58]"></a>FW_I2C_WriteDMA</STRONG> (Thumb, 8 bytes, Stack size 8 bytes, fw_i2c.o(i.FW_I2C_WriteDMA))
<BR><BR>[Stack]<UL><LI>Max Depth = 8<LI>Call Chain = FW_I2C_WriteDMA
</UL>
<BR>[Address Reference Count : 1]<UL><LI> fw_i2c.o(i.FW_I2C_Init)
</UL>
<P><STRONG><a name="[57]"></a>FW_I2C_WriteINT</STRONG> (Thumb, 8 bytes, Stack size 8 bytes, fw_i2c.o(i.FW_I2C_WriteINT))
<BR><BR>[Stack]<UL><LI>Max Depth = 8<LI>Call Chain = FW_I2C_WriteINT
</UL>
<BR>[Address Reference Count : 1]<UL><LI> fw_i2c.o(i.FW_I2C_Init)
</UL>
<P><STRONG><a name="[56]"></a>FW_I2C_WritePOL</STRONG> (Thumb, 38 bytes, Stack size 24 bytes, fw_i2c.o(i.FW_I2C_WritePOL))
<BR><BR>[Stack]<UL><LI>Max Depth = 24<LI>Call Chain = FW_I2C_WritePOL
</UL>
<BR>[Calls]<UL><LI><a href="#[1a4]">&gt;&gt;</a>&nbsp;&nbsp;&nbsp;FW_Device_GetDriver
</UL>
<BR>[Address Reference Count : 1]<UL><LI> fw_i2c.o(i.FW_I2C_Init)
</UL>
<P><STRONG><a name="[18d]"></a>FW_GPIO_Init</STRONG> (Thumb, 22 bytes, Stack size 16 bytes, fw_si2c.o(i.FW_GPIO_Init))
<BR><BR>[Stack]<UL><LI>Max Depth = 40<LI>Call Chain = FW_GPIO_Init &rArr; GPIO_PinInit
</UL>
<BR>[Calls]<UL><LI><a href="#[182]">&gt;&gt;</a>&nbsp;&nbsp;&nbsp;GPIO_PinInit
</UL>
<BR>[Called By]<UL><LI><a href="#[1ae]">&gt;&gt;</a>&nbsp;&nbsp;&nbsp;SI2C_Read_Byte
<LI><a href="#[115]">&gt;&gt;</a>&nbsp;&nbsp;&nbsp;FW_SI2C_Init
</UL>

<P><STRONG><a name="[1a1]"></a>FW_GPIO_Write</STRONG> (Thumb, 18 bytes, Stack size 16 bytes, fw_si2c.o(i.FW_GPIO_Write))
<BR><BR>[Stack]<UL><LI>Max Depth = 40<LI>Call Chain = FW_GPIO_Write &rArr; GPIO_PinWrite
</UL>
<BR>[Calls]<UL><LI><a href="#[197]">&gt;&gt;</a>&nbsp;&nbsp;&nbsp;GPIO_PinWrite
</UL>
<BR>[Called By]<UL><LI><a href="#[1b0]">&gt;&gt;</a>&nbsp;&nbsp;&nbsp;SDA_OUT
<LI><a href="#[1af]">&gt;&gt;</a>&nbsp;&nbsp;&nbsp;SCL_OUT
<LI><a href="#[115]">&gt;&gt;</a>&nbsp;&nbsp;&nbsp;FW_SI2C_Init
</UL>

<P><STRONG><a name="[1ab]"></a>FW_I2C_Get10BAddrH</STRONG> (Thumb, 16 bytes, Stack size 0 bytes, fw_si2c.o(i.FW_I2C_Get10BAddrH))
<BR><BR>[Called By]<UL><LI><a href="#[116]">&gt;&gt;</a>&nbsp;&nbsp;&nbsp;FW_SI2C_Write
<LI><a href="#[117]">&gt;&gt;</a>&nbsp;&nbsp;&nbsp;FW_SI2C_Read
</UL>

<P><STRONG><a name="[115]"></a>FW_SI2C_Init</STRONG> (Thumb, 78 bytes, Stack size 8 bytes, fw_si2c.o(i.FW_SI2C_Init))
<BR><BR>[Stack]<UL><LI>Max Depth = 48<LI>Call Chain = FW_SI2C_Init &rArr; FW_GPIO_Write &rArr; GPIO_PinWrite
</UL>
<BR>[Calls]<UL><LI><a href="#[1a1]">&gt;&gt;</a>&nbsp;&nbsp;&nbsp;FW_GPIO_Write
<LI><a href="#[18d]">&gt;&gt;</a>&nbsp;&nbsp;&nbsp;FW_GPIO_Init
</UL>
<BR>[Address Reference Count : 1]<UL><LI> fw_si2c.o(.constdata)
</UL>
<P><STRONG><a name="[117]"></a>FW_SI2C_Read</STRONG> (Thumb, 330 bytes, Stack size 40 bytes, fw_si2c.o(i.FW_SI2C_Read))
<BR><BR>[Stack]<UL><LI>Max Depth = 112<LI>Call Chain = FW_SI2C_Read &rArr; SI2C_Write_Byte &rArr; SDA_OUT &rArr; FW_GPIO_Write &rArr; GPIO_PinWrite
</UL>
<BR>[Calls]<UL><LI><a href="#[17a]">&gt;&gt;</a>&nbsp;&nbsp;&nbsp;FW_Delay_Us
<LI><a href="#[1ac]">&gt;&gt;</a>&nbsp;&nbsp;&nbsp;SI2C_Write_Byte
<LI><a href="#[1b1]">&gt;&gt;</a>&nbsp;&nbsp;&nbsp;SI2C_Stop
<LI><a href="#[1aa]">&gt;&gt;</a>&nbsp;&nbsp;&nbsp;SI2C_Start
<LI><a href="#[1ae]">&gt;&gt;</a>&nbsp;&nbsp;&nbsp;SI2C_Read_Byte
<LI><a href="#[1ad]">&gt;&gt;</a>&nbsp;&nbsp;&nbsp;SI2C_ACK
<LI><a href="#[1b0]">&gt;&gt;</a>&nbsp;&nbsp;&nbsp;SDA_OUT
<LI><a href="#[1af]">&gt;&gt;</a>&nbsp;&nbsp;&nbsp;SCL_OUT
<LI><a href="#[1ab]">&gt;&gt;</a>&nbsp;&nbsp;&nbsp;FW_I2C_Get10BAddrH
</UL>
<BR>[Address Reference Count : 1]<UL><LI> fw_si2c.o(.constdata)
</UL>
<P><STRONG><a name="[116]"></a>FW_SI2C_Write</STRONG> (Thumb, 170 bytes, Stack size 40 bytes, fw_si2c.o(i.FW_SI2C_Write))
<BR><BR>[Stack]<UL><LI>Max Depth = 112<LI>Call Chain = FW_SI2C_Write &rArr; SI2C_Write_Byte &rArr; SDA_OUT &rArr; FW_GPIO_Write &rArr; GPIO_PinWrite
</UL>
<BR>[Calls]<UL><LI><a href="#[1ac]">&gt;&gt;</a>&nbsp;&nbsp;&nbsp;SI2C_Write_Byte
<LI><a href="#[1b1]">&gt;&gt;</a>&nbsp;&nbsp;&nbsp;SI2C_Stop
<LI><a href="#[1aa]">&gt;&gt;</a>&nbsp;&nbsp;&nbsp;SI2C_Start
<LI><a href="#[1ad]">&gt;&gt;</a>&nbsp;&nbsp;&nbsp;SI2C_ACK
<LI><a href="#[1ab]">&gt;&gt;</a>&nbsp;&nbsp;&nbsp;FW_I2C_Get10BAddrH
</UL>
<BR>[Address Reference Count : 1]<UL><LI> fw_si2c.o(.constdata)
</UL>
<P><STRONG><a name="[1af]"></a>SCL_OUT</STRONG> (Thumb, 32 bytes, Stack size 16 bytes, fw_si2c.o(i.SCL_OUT))
<BR><BR>[Stack]<UL><LI>Max Depth = 56<LI>Call Chain = SCL_OUT &rArr; FW_GPIO_Write &rArr; GPIO_PinWrite
</UL>
<BR>[Calls]<UL><LI><a href="#[1a1]">&gt;&gt;</a>&nbsp;&nbsp;&nbsp;FW_GPIO_Write
</UL>
<BR>[Called By]<UL><LI><a href="#[1ac]">&gt;&gt;</a>&nbsp;&nbsp;&nbsp;SI2C_Write_Byte
<LI><a href="#[1b1]">&gt;&gt;</a>&nbsp;&nbsp;&nbsp;SI2C_Stop
<LI><a href="#[1aa]">&gt;&gt;</a>&nbsp;&nbsp;&nbsp;SI2C_Start
<LI><a href="#[1ae]">&gt;&gt;</a>&nbsp;&nbsp;&nbsp;SI2C_Read_Byte
<LI><a href="#[1ad]">&gt;&gt;</a>&nbsp;&nbsp;&nbsp;SI2C_ACK
<LI><a href="#[117]">&gt;&gt;</a>&nbsp;&nbsp;&nbsp;FW_SI2C_Read
</UL>

<P><STRONG><a name="[1e9]"></a>SDA_IN</STRONG> (Thumb, 18 bytes, Stack size 16 bytes, fw_si2c.o(i.SDA_IN))
<BR><BR>[Stack]<UL><LI>Max Depth = 32<LI>Call Chain = SDA_IN &rArr; GPIO_PinRead
</UL>
<BR>[Calls]<UL><LI><a href="#[190]">&gt;&gt;</a>&nbsp;&nbsp;&nbsp;GPIO_PinRead
</UL>
<BR>[Called By]<UL><LI><a href="#[1ae]">&gt;&gt;</a>&nbsp;&nbsp;&nbsp;SI2C_Read_Byte
</UL>

<P><STRONG><a name="[1b0]"></a>SDA_OUT</STRONG> (Thumb, 32 bytes, Stack size 16 bytes, fw_si2c.o(i.SDA_OUT))
<BR><BR>[Stack]<UL><LI>Max Depth = 56<LI>Call Chain = SDA_OUT &rArr; FW_GPIO_Write &rArr; GPIO_PinWrite
</UL>
<BR>[Calls]<UL><LI><a href="#[1a1]">&gt;&gt;</a>&nbsp;&nbsp;&nbsp;FW_GPIO_Write
</UL>
<BR>[Called By]<UL><LI><a href="#[1ac]">&gt;&gt;</a>&nbsp;&nbsp;&nbsp;SI2C_Write_Byte
<LI><a href="#[1b1]">&gt;&gt;</a>&nbsp;&nbsp;&nbsp;SI2C_Stop
<LI><a href="#[1aa]">&gt;&gt;</a>&nbsp;&nbsp;&nbsp;SI2C_Start
<LI><a href="#[1ae]">&gt;&gt;</a>&nbsp;&nbsp;&nbsp;SI2C_Read_Byte
<LI><a href="#[1ad]">&gt;&gt;</a>&nbsp;&nbsp;&nbsp;SI2C_ACK
<LI><a href="#[117]">&gt;&gt;</a>&nbsp;&nbsp;&nbsp;FW_SI2C_Read
</UL>

<P><STRONG><a name="[1ad]"></a>SI2C_ACK</STRONG> (Thumb, 60 bytes, Stack size 8 bytes, fw_si2c.o(i.SI2C_ACK))
<BR><BR>[Stack]<UL><LI>Max Depth = 64<LI>Call Chain = SI2C_ACK &rArr; SDA_OUT &rArr; FW_GPIO_Write &rArr; GPIO_PinWrite
</UL>
<BR>[Calls]<UL><LI><a href="#[17a]">&gt;&gt;</a>&nbsp;&nbsp;&nbsp;FW_Delay_Us
<LI><a href="#[1b0]">&gt;&gt;</a>&nbsp;&nbsp;&nbsp;SDA_OUT
<LI><a href="#[1af]">&gt;&gt;</a>&nbsp;&nbsp;&nbsp;SCL_OUT
</UL>
<BR>[Called By]<UL><LI><a href="#[116]">&gt;&gt;</a>&nbsp;&nbsp;&nbsp;FW_SI2C_Write
<LI><a href="#[117]">&gt;&gt;</a>&nbsp;&nbsp;&nbsp;FW_SI2C_Read
</UL>

<P><STRONG><a name="[1ae]"></a>SI2C_Read_Byte</STRONG> (Thumb, 188 bytes, Stack size 16 bytes, fw_si2c.o(i.SI2C_Read_Byte))
<BR><BR>[Stack]<UL><LI>Max Depth = 72<LI>Call Chain = SI2C_Read_Byte &rArr; SDA_OUT &rArr; FW_GPIO_Write &rArr; GPIO_PinWrite
</UL>
<BR>[Calls]<UL><LI><a href="#[17a]">&gt;&gt;</a>&nbsp;&nbsp;&nbsp;FW_Delay_Us
<LI><a href="#[1b0]">&gt;&gt;</a>&nbsp;&nbsp;&nbsp;SDA_OUT
<LI><a href="#[1e9]">&gt;&gt;</a>&nbsp;&nbsp;&nbsp;SDA_IN
<LI><a href="#[1af]">&gt;&gt;</a>&nbsp;&nbsp;&nbsp;SCL_OUT
<LI><a href="#[18d]">&gt;&gt;</a>&nbsp;&nbsp;&nbsp;FW_GPIO_Init
</UL>
<BR>[Called By]<UL><LI><a href="#[117]">&gt;&gt;</a>&nbsp;&nbsp;&nbsp;FW_SI2C_Read
</UL>

<P><STRONG><a name="[1aa]"></a>SI2C_Start</STRONG> (Thumb, 58 bytes, Stack size 8 bytes, fw_si2c.o(i.SI2C_Start))
<BR><BR>[Stack]<UL><LI>Max Depth = 64<LI>Call Chain = SI2C_Start &rArr; SDA_OUT &rArr; FW_GPIO_Write &rArr; GPIO_PinWrite
</UL>
<BR>[Calls]<UL><LI><a href="#[17a]">&gt;&gt;</a>&nbsp;&nbsp;&nbsp;FW_Delay_Us
<LI><a href="#[1b0]">&gt;&gt;</a>&nbsp;&nbsp;&nbsp;SDA_OUT
<LI><a href="#[1af]">&gt;&gt;</a>&nbsp;&nbsp;&nbsp;SCL_OUT
</UL>
<BR>[Called By]<UL><LI><a href="#[116]">&gt;&gt;</a>&nbsp;&nbsp;&nbsp;FW_SI2C_Write
<LI><a href="#[117]">&gt;&gt;</a>&nbsp;&nbsp;&nbsp;FW_SI2C_Read
</UL>

<P><STRONG><a name="[1b1]"></a>SI2C_Stop</STRONG> (Thumb, 58 bytes, Stack size 8 bytes, fw_si2c.o(i.SI2C_Stop))
<BR><BR>[Stack]<UL><LI>Max Depth = 64<LI>Call Chain = SI2C_Stop &rArr; SDA_OUT &rArr; FW_GPIO_Write &rArr; GPIO_PinWrite
</UL>
<BR>[Calls]<UL><LI><a href="#[17a]">&gt;&gt;</a>&nbsp;&nbsp;&nbsp;FW_Delay_Us
<LI><a href="#[1b0]">&gt;&gt;</a>&nbsp;&nbsp;&nbsp;SDA_OUT
<LI><a href="#[1af]">&gt;&gt;</a>&nbsp;&nbsp;&nbsp;SCL_OUT
</UL>
<BR>[Called By]<UL><LI><a href="#[116]">&gt;&gt;</a>&nbsp;&nbsp;&nbsp;FW_SI2C_Write
<LI><a href="#[117]">&gt;&gt;</a>&nbsp;&nbsp;&nbsp;FW_SI2C_Read
</UL>

<P><STRONG><a name="[1ac]"></a>SI2C_Write_Byte</STRONG> (Thumb, 178 bytes, Stack size 16 bytes, fw_si2c.o(i.SI2C_Write_Byte))
<BR><BR>[Stack]<UL><LI>Max Depth = 72<LI>Call Chain = SI2C_Write_Byte &rArr; SDA_OUT &rArr; FW_GPIO_Write &rArr; GPIO_PinWrite
</UL>
<BR>[Calls]<UL><LI><a href="#[17a]">&gt;&gt;</a>&nbsp;&nbsp;&nbsp;FW_Delay_Us
<LI><a href="#[1b0]">&gt;&gt;</a>&nbsp;&nbsp;&nbsp;SDA_OUT
<LI><a href="#[1af]">&gt;&gt;</a>&nbsp;&nbsp;&nbsp;SCL_OUT
</UL>
<BR>[Called By]<UL><LI><a href="#[116]">&gt;&gt;</a>&nbsp;&nbsp;&nbsp;FW_SI2C_Write
<LI><a href="#[117]">&gt;&gt;</a>&nbsp;&nbsp;&nbsp;FW_SI2C_Read
</UL>

<P><STRONG><a name="[1da]"></a>FW_Device_GetDriver</STRONG> (Thumb, 6 bytes, Stack size 0 bytes, fw_timer.o(i.FW_Device_GetDriver))
<BR><BR>[Called By]<UL><LI><a href="#[119]">&gt;&gt;</a>&nbsp;&nbsp;&nbsp;PWM_Set_Frequency
<LI><a href="#[11b]">&gt;&gt;</a>&nbsp;&nbsp;&nbsp;PWM_Set_DC
<LI><a href="#[118]">&gt;&gt;</a>&nbsp;&nbsp;&nbsp;PWM_Init
<LI><a href="#[11a]">&gt;&gt;</a>&nbsp;&nbsp;&nbsp;PWM_Get_Frequency
<LI><a href="#[11c]">&gt;&gt;</a>&nbsp;&nbsp;&nbsp;PWM_Get_DC
<LI><a href="#[11d]">&gt;&gt;</a>&nbsp;&nbsp;&nbsp;PWM_CTL
</UL>

<P><STRONG><a name="[1d9]"></a>FW_Device_GetParent</STRONG> (Thumb, 6 bytes, Stack size 0 bytes, fw_timer.o(i.FW_Device_GetParent))
<BR><BR>[Called By]<UL><LI><a href="#[119]">&gt;&gt;</a>&nbsp;&nbsp;&nbsp;PWM_Set_Frequency
<LI><a href="#[11b]">&gt;&gt;</a>&nbsp;&nbsp;&nbsp;PWM_Set_DC
<LI><a href="#[118]">&gt;&gt;</a>&nbsp;&nbsp;&nbsp;PWM_Init
<LI><a href="#[11a]">&gt;&gt;</a>&nbsp;&nbsp;&nbsp;PWM_Get_Frequency
<LI><a href="#[11c]">&gt;&gt;</a>&nbsp;&nbsp;&nbsp;PWM_Get_DC
<LI><a href="#[11d]">&gt;&gt;</a>&nbsp;&nbsp;&nbsp;PWM_CTL
</UL>

<P><STRONG><a name="[11d]"></a>PWM_CTL</STRONG> (Thumb, 40 bytes, Stack size 24 bytes, fw_timer.o(i.PWM_CTL))
<BR><BR>[Stack]<UL><LI>Max Depth = 24<LI>Call Chain = PWM_CTL
</UL>
<BR>[Calls]<UL><LI><a href="#[1d9]">&gt;&gt;</a>&nbsp;&nbsp;&nbsp;FW_Device_GetParent
<LI><a href="#[1da]">&gt;&gt;</a>&nbsp;&nbsp;&nbsp;FW_Device_GetDriver
</UL>
<BR>[Address Reference Count : 1]<UL><LI> fw_timer.o(.constdata)
</UL>
<P><STRONG><a name="[11c]"></a>PWM_Get_DC</STRONG> (Thumb, 32 bytes, Stack size 16 bytes, fw_timer.o(i.PWM_Get_DC))
<BR><BR>[Stack]<UL><LI>Max Depth = 16<LI>Call Chain = PWM_Get_DC
</UL>
<BR>[Calls]<UL><LI><a href="#[1d9]">&gt;&gt;</a>&nbsp;&nbsp;&nbsp;FW_Device_GetParent
<LI><a href="#[1da]">&gt;&gt;</a>&nbsp;&nbsp;&nbsp;FW_Device_GetDriver
</UL>
<BR>[Address Reference Count : 1]<UL><LI> fw_timer.o(.constdata)
</UL>
<P><STRONG><a name="[11a]"></a>PWM_Get_Frequency</STRONG> (Thumb, 28 bytes, Stack size 16 bytes, fw_timer.o(i.PWM_Get_Frequency))
<BR><BR>[Stack]<UL><LI>Max Depth = 16<LI>Call Chain = PWM_Get_Frequency
</UL>
<BR>[Calls]<UL><LI><a href="#[1d9]">&gt;&gt;</a>&nbsp;&nbsp;&nbsp;FW_Device_GetParent
<LI><a href="#[1da]">&gt;&gt;</a>&nbsp;&nbsp;&nbsp;FW_Device_GetDriver
</UL>
<BR>[Address Reference Count : 1]<UL><LI> fw_timer.o(.constdata)
</UL>
<P><STRONG><a name="[118]"></a>PWM_Init</STRONG> (Thumb, 32 bytes, Stack size 16 bytes, fw_timer.o(i.PWM_Init))
<BR><BR>[Stack]<UL><LI>Max Depth = 16<LI>Call Chain = PWM_Init
</UL>
<BR>[Calls]<UL><LI><a href="#[1d9]">&gt;&gt;</a>&nbsp;&nbsp;&nbsp;FW_Device_GetParent
<LI><a href="#[1da]">&gt;&gt;</a>&nbsp;&nbsp;&nbsp;FW_Device_GetDriver
</UL>
<BR>[Address Reference Count : 1]<UL><LI> fw_timer.o(.constdata)
</UL>
<P><STRONG><a name="[11b]"></a>PWM_Set_DC</STRONG> (Thumb, 50 bytes, Stack size 24 bytes, fw_timer.o(i.PWM_Set_DC))
<BR><BR>[Stack]<UL><LI>Max Depth = 24<LI>Call Chain = PWM_Set_DC
</UL>
<BR>[Calls]<UL><LI><a href="#[1d9]">&gt;&gt;</a>&nbsp;&nbsp;&nbsp;FW_Device_GetParent
<LI><a href="#[1da]">&gt;&gt;</a>&nbsp;&nbsp;&nbsp;FW_Device_GetDriver
</UL>
<BR>[Address Reference Count : 1]<UL><LI> fw_timer.o(.constdata)
</UL>
<P><STRONG><a name="[119]"></a>PWM_Set_Frequency</STRONG> (Thumb, 44 bytes, Stack size 24 bytes, fw_timer.o(i.PWM_Set_Frequency))
<BR><BR>[Stack]<UL><LI>Max Depth = 24<LI>Call Chain = PWM_Set_Frequency
</UL>
<BR>[Calls]<UL><LI><a href="#[1d9]">&gt;&gt;</a>&nbsp;&nbsp;&nbsp;FW_Device_GetParent
<LI><a href="#[1da]">&gt;&gt;</a>&nbsp;&nbsp;&nbsp;FW_Device_GetDriver
</UL>
<BR>[Address Reference Count : 1]<UL><LI> fw_timer.o(.constdata)
</UL>
<P><STRONG><a name="[18e]"></a>FW_GPIO_Init</STRONG> (Thumb, 22 bytes, Stack size 16 bytes, fw_ow.o(i.FW_GPIO_Init))
<BR><BR>[Stack]<UL><LI>Max Depth = 40<LI>Call Chain = FW_GPIO_Init &rArr; GPIO_PinInit
</UL>
<BR>[Calls]<UL><LI><a href="#[182]">&gt;&gt;</a>&nbsp;&nbsp;&nbsp;GPIO_PinInit
</UL>
<BR>[Called By]<UL><LI><a href="#[141]">&gt;&gt;</a>&nbsp;&nbsp;&nbsp;FW_OW_WaitACK
<LI><a href="#[140]">&gt;&gt;</a>&nbsp;&nbsp;&nbsp;FW_OW_Reset
<LI><a href="#[144]">&gt;&gt;</a>&nbsp;&nbsp;&nbsp;FW_OW_Init
<LI><a href="#[1a9]">&gt;&gt;</a>&nbsp;&nbsp;&nbsp;FW_OW_WriteByte
<LI><a href="#[1a8]">&gt;&gt;</a>&nbsp;&nbsp;&nbsp;FW_OW_ReadByte
</UL>

<P><STRONG><a name="[194]"></a>FW_GPIO_Read</STRONG> (Thumb, 14 bytes, Stack size 8 bytes, fw_ow.o(i.FW_GPIO_Read))
<BR><BR>[Stack]<UL><LI>Max Depth = 24<LI>Call Chain = FW_GPIO_Read &rArr; GPIO_PinRead
</UL>
<BR>[Calls]<UL><LI><a href="#[190]">&gt;&gt;</a>&nbsp;&nbsp;&nbsp;GPIO_PinRead
</UL>
<BR>[Called By]<UL><LI><a href="#[141]">&gt;&gt;</a>&nbsp;&nbsp;&nbsp;FW_OW_WaitACK
<LI><a href="#[144]">&gt;&gt;</a>&nbsp;&nbsp;&nbsp;FW_OW_Init
<LI><a href="#[1a8]">&gt;&gt;</a>&nbsp;&nbsp;&nbsp;FW_OW_ReadByte
</UL>

<P><STRONG><a name="[1a2]"></a>FW_GPIO_Write</STRONG> (Thumb, 18 bytes, Stack size 16 bytes, fw_ow.o(i.FW_GPIO_Write))
<BR><BR>[Stack]<UL><LI>Max Depth = 40<LI>Call Chain = FW_GPIO_Write &rArr; GPIO_PinWrite
</UL>
<BR>[Calls]<UL><LI><a href="#[197]">&gt;&gt;</a>&nbsp;&nbsp;&nbsp;GPIO_PinWrite
</UL>
<BR>[Called By]<UL><LI><a href="#[140]">&gt;&gt;</a>&nbsp;&nbsp;&nbsp;FW_OW_Reset
<LI><a href="#[144]">&gt;&gt;</a>&nbsp;&nbsp;&nbsp;FW_OW_Init
<LI><a href="#[1a9]">&gt;&gt;</a>&nbsp;&nbsp;&nbsp;FW_OW_WriteByte
<LI><a href="#[1a8]">&gt;&gt;</a>&nbsp;&nbsp;&nbsp;FW_OW_ReadByte
</UL>

<P><STRONG><a name="[1a8]"></a>FW_OW_ReadByte</STRONG> (Thumb, 100 bytes, Stack size 24 bytes, fw_ow.o(i.FW_OW_ReadByte))
<BR><BR>[Stack]<UL><LI>Max Depth = 64<LI>Call Chain = FW_OW_ReadByte &rArr; FW_GPIO_Write &rArr; GPIO_PinWrite
</UL>
<BR>[Calls]<UL><LI><a href="#[17a]">&gt;&gt;</a>&nbsp;&nbsp;&nbsp;FW_Delay_Us
<LI><a href="#[1a2]">&gt;&gt;</a>&nbsp;&nbsp;&nbsp;FW_GPIO_Write
<LI><a href="#[194]">&gt;&gt;</a>&nbsp;&nbsp;&nbsp;FW_GPIO_Read
<LI><a href="#[18e]">&gt;&gt;</a>&nbsp;&nbsp;&nbsp;FW_GPIO_Init
</UL>
<BR>[Called By]<UL><LI><a href="#[145]">&gt;&gt;</a>&nbsp;&nbsp;&nbsp;FW_OW_Read
</UL>

<P><STRONG><a name="[1a9]"></a>FW_OW_WriteByte</STRONG> (Thumb, 114 bytes, Stack size 24 bytes, fw_ow.o(i.FW_OW_WriteByte))
<BR><BR>[Stack]<UL><LI>Max Depth = 64<LI>Call Chain = FW_OW_WriteByte &rArr; FW_GPIO_Write &rArr; GPIO_PinWrite
</UL>
<BR>[Calls]<UL><LI><a href="#[17a]">&gt;&gt;</a>&nbsp;&nbsp;&nbsp;FW_Delay_Us
<LI><a href="#[1a2]">&gt;&gt;</a>&nbsp;&nbsp;&nbsp;FW_GPIO_Write
<LI><a href="#[18e]">&gt;&gt;</a>&nbsp;&nbsp;&nbsp;FW_GPIO_Init
</UL>
<BR>[Called By]<UL><LI><a href="#[146]">&gt;&gt;</a>&nbsp;&nbsp;&nbsp;FW_OW_Write
</UL>

<P><STRONG><a name="[1d1]"></a>LL_AHB1_GRP1_ForceReset</STRONG> (Thumb, 12 bytes, Stack size 0 bytes, stm32f4xx_ll_gpio.o(i.LL_AHB1_GRP1_ForceReset))
<BR><BR>[Called By]<UL><LI><a href="#[1d0]">&gt;&gt;</a>&nbsp;&nbsp;&nbsp;LL_GPIO_DeInit
</UL>

<P><STRONG><a name="[1d2]"></a>LL_AHB1_GRP1_ReleaseReset</STRONG> (Thumb, 12 bytes, Stack size 0 bytes, stm32f4xx_ll_gpio.o(i.LL_AHB1_GRP1_ReleaseReset))
<BR><BR>[Called By]<UL><LI><a href="#[1d0]">&gt;&gt;</a>&nbsp;&nbsp;&nbsp;LL_GPIO_DeInit
</UL>

<P><STRONG><a name="[1e8]"></a>LL_RCC_PLL_GetN</STRONG> (Thumb, 10 bytes, Stack size 0 bytes, stm32f4xx_ll_rcc.o(i.LL_RCC_PLL_GetN))
<BR><BR>[Called By]<UL><LI><a href="#[1e7]">&gt;&gt;</a>&nbsp;&nbsp;&nbsp;RCC_PLL_GetFreqDomain_SYS
</UL>

<P><STRONG><a name="[203]"></a>internal_alloc</STRONG> (Thumb, 76 bytes, Stack size 24 bytes, mallocr.o(i.internal_alloc))
<BR><BR>[Stack]<UL><LI>Max Depth = 32<LI>Call Chain = internal_alloc &rArr; __aeabi_memcpy
</UL>
<BR>[Calls]<UL><LI><a href="#[159]">&gt;&gt;</a>&nbsp;&nbsp;&nbsp;__aeabi_memcpy
</UL>
<BR>[Called By]<UL><LI><a href="#[123]">&gt;&gt;</a>&nbsp;&nbsp;&nbsp;malloc
</UL>
<P>
<H3>
Undefined Global Symbols
</H3><HR></body></html>
