<html>
<body>
<pre>
<h1>µVision Build Log</h1>
<h2>Tool Versions:</h2>
IDE-Version: ¦ÌVision V5.29.0.0
Copyright (C) 2019 ARM Ltd and ARM Germany GmbH. All rights reserved.
License Information: S Administrator, S, LIC=EPPLD-8YQCT-5BPEB-2LCS9-VKYDK-TRBBD
 
Tool Versions:
Toolchain:       MDK-ARM Professional  Version: 5.29.0.0
Toolchain Path:  D:\Program Files (x86)\MDK\ARM\ARMCC\Bin
C Compiler:      Armcc.exe V5.06 update 6 (build 750)
Assembler:       Armasm.exe V5.06 update 6 (build 750)
Linker/Locator:  ArmLink.exe V5.06 update 6 (build 750)
Library Manager: ArmAr.exe V5.06 update 6 (build 750)
Hex Converter:   FromElf.exe V5.06 update 6 (build 750)
CPU DLL:         SARMCM3.DLL V5.29.0.0
Dialog DLL:      DARMCM1.DLL V1.19.2.0
Target DLL:      CMSIS_AGDI.dll V1.32.0.0
Dialog DLL:      TARMCM1.DLL V1.14.1.0
 
<h2>Project:</h2>
E:\0\Board\_Template_SW181_\Project\Project.uvprojx
Project File Date:  09/22/2024

<h2>Output:</h2>
*** Using Compiler 'V5.06 update 6 (build 750)', folder: 'D:\Program Files (x86)\MDK\ARM\ARMCC\Bin'
Build target 'Template'
compiling a76xx.c...
..\..\..\F2M_C\Device\Source\a76xx.c(150): warning:  #940-D: missing return statement at end of non-void function "A76_Get_RSSI" 
  }
..\..\..\F2M_C\Device\Source\a76xx.c(155): warning:  #940-D: missing return statement at end of non-void function "A76_Get_Server" 
  }
..\..\..\F2M_C\Device\Source\a76xx.c(160): warning:  #940-D: missing return statement at end of non-void function "A76_Get_PSService" 
  }
..\..\..\F2M_C\Device\Source\a76xx.c(165): warning:  #940-D: missing return statement at end of non-void function "A76_Get_UEInfo" 
  }
..\..\..\F2M_C\Device\Source\a76xx.c(180): warning:  #940-D: missing return statement at end of non-void function "A76_MQTT_Connect" 
  }
..\..\..\F2M_C\Device\Source\a76xx.c(56): warning:  #177-D: function "A76_Write_Msg"  was declared but never referenced
  __INLINE_STATIC_ void A76_Write_Msg(A76_Type *dev, const u8 *pdata, u32 num)
..\..\..\F2M_C\Device\Source\a76xx.c(62): warning:  #177-D: function "A76_Read_First"  was declared but never referenced
  __INLINE_STATIC_ u32  A76_Read_First(A76_Type *dev, const char *s, u8 *pdata, u32 num)
..\..\..\F2M_C\Device\Source\a76xx.c(68): warning:  #177-D: function "A76_Read_Inter"  was declared but never referenced
  __INLINE_STATIC_ u32  A76_Read_Inter(A76_Type *dev, const char *s1, const char *s2, u8 *pdata, u32 cntout)
..\..\..\F2M_C\Device\Source\a76xx.c(132): warning:  #177-D: function "A76_Switch_CmdMode"  was declared but never referenced
  static Bool A76_Switch_CmdMode(A76_Type *dev)
..\..\..\F2M_C\Device\Source\a76xx.c(142): warning:  #177-D: function "A76_Get_SIMCardStatus"  was declared but never referenced
  static Bool A76_Get_SIMCardStatus(A76_Type *dev)
..\..\..\F2M_C\Device\Source\a76xx.c(147): warning:  #177-D: function "A76_Get_RSSI"  was declared but never referenced
  static u8   A76_Get_RSSI(A76_Type *dev)
..\..\..\F2M_C\Device\Source\a76xx.c(152): warning:  #177-D: function "A76_Get_Server"  was declared but never referenced
  static u8   A76_Get_Server(A76_Type *dev)
..\..\..\F2M_C\Device\Source\a76xx.c(157): warning:  #177-D: function "A76_Get_PSService"  was declared but never referenced
  static u8   A76_Get_PSService(A76_Type *dev)
..\..\..\F2M_C\Device\Source\a76xx.c(162): warning:  #177-D: function "A76_Get_UEInfo"  was declared but never referenced
  static u8   A76_Get_UEInfo(A76_Type *dev)
..\..\..\F2M_C\Device\Source\a76xx.c: 14 warnings, 0 errors
linking...
Program Size: Code=36752 RO-data=2176 RW-data=108 ZI-data=6292  
FromELF: creating hex file...
".\Objects\Project.axf" - 0 Error(s), 14 Warning(s).

<h2>Software Packages used:</h2>

Package Vendor: Synwit
                http://www.synwit.com/pack/Synwit.SWM32_DFP.1.20.4.pack
                Synwit.SWM32_DFP.1.20.4
                Synwit 32bit MCU Device Support

<h2>Collection of Component include folders:</h2>
  .\RTE\_Template
  D:\Program Files (x86)\MDK\Arm\Packs\Synwit\SWM32_DFP\1.20.4\CSL\SWM181\CMSIS\DeviceSupport

<h2>Collection of Component Files used:</h2>
Build Time Elapsed:  00:00:02
</pre>
</body>
</html>
