<!doctype html public "-//w3c//dtd html 4.0 transitional//en">
<html><head>
<title>Static Call Graph - [.\Objects\Project.axf]</title></head>
<body><HR>
<H1>Static Call Graph for image .\Objects\Project.axf</H1><HR>
<BR><P>#&#060CALLGRAPH&#062# ARM Linker, 5060750: Last Updated: Mon Sep 09 22:41:55 2024
<BR><P>
<H3>Maximum Stack Usage =        352 bytes + Unknown(Cycles, Untraceable Function Pointers)</H3><H3>
Call chain for Maximum Stack Depth:</H3>
MF_S522_CardActive &rArr; MF_S522_CardRequest &rArr; FM_Anticollision &rArr; FM_Comm &rArr; FM_Read_FIFO &rArr; FM_Read_Reg
<P>
<H3>
Mutually Recursive functions
</H3> <LI><a href="#[3]">HardFault_Handler</a>&nbsp;&nbsp;&nbsp;&rArr;&nbsp;&nbsp;&nbsp;<a href="#[3]">HardFault_Handler</a><BR>
 <LI><a href="#[4]">SVC_Handler</a>&nbsp;&nbsp;&nbsp;&rArr;&nbsp;&nbsp;&nbsp;<a href="#[4]">SVC_Handler</a><BR>
 <LI><a href="#[5]">PendSV_Handler</a>&nbsp;&nbsp;&nbsp;&rArr;&nbsp;&nbsp;&nbsp;<a href="#[5]">PendSV_Handler</a><BR>
 <LI><a href="#[7]">IRQ0_Handler</a>&nbsp;&nbsp;&nbsp;&rArr;&nbsp;&nbsp;&nbsp;<a href="#[7]">IRQ0_Handler</a><BR>
 <LI><a href="#[8]">IRQ1_Handler</a>&nbsp;&nbsp;&nbsp;&rArr;&nbsp;&nbsp;&nbsp;<a href="#[8]">IRQ1_Handler</a><BR>
 <LI><a href="#[9]">IRQ2_Handler</a>&nbsp;&nbsp;&nbsp;&rArr;&nbsp;&nbsp;&nbsp;<a href="#[9]">IRQ2_Handler</a><BR>
 <LI><a href="#[a]">IRQ3_Handler</a>&nbsp;&nbsp;&nbsp;&rArr;&nbsp;&nbsp;&nbsp;<a href="#[a]">IRQ3_Handler</a><BR>
 <LI><a href="#[b]">IRQ4_Handler</a>&nbsp;&nbsp;&nbsp;&rArr;&nbsp;&nbsp;&nbsp;<a href="#[b]">IRQ4_Handler</a><BR>
 <LI><a href="#[c]">IRQ5_Handler</a>&nbsp;&nbsp;&nbsp;&rArr;&nbsp;&nbsp;&nbsp;<a href="#[c]">IRQ5_Handler</a><BR>
 <LI><a href="#[d]">IRQ6_Handler</a>&nbsp;&nbsp;&nbsp;&rArr;&nbsp;&nbsp;&nbsp;<a href="#[d]">IRQ6_Handler</a><BR>
 <LI><a href="#[e]">IRQ7_Handler</a>&nbsp;&nbsp;&nbsp;&rArr;&nbsp;&nbsp;&nbsp;<a href="#[e]">IRQ7_Handler</a><BR>
 <LI><a href="#[f]">IRQ8_Handler</a>&nbsp;&nbsp;&nbsp;&rArr;&nbsp;&nbsp;&nbsp;<a href="#[f]">IRQ8_Handler</a><BR>
 <LI><a href="#[10]">IRQ9_Handler</a>&nbsp;&nbsp;&nbsp;&rArr;&nbsp;&nbsp;&nbsp;<a href="#[10]">IRQ9_Handler</a><BR>
 <LI><a href="#[11]">IRQ10_Handler</a>&nbsp;&nbsp;&nbsp;&rArr;&nbsp;&nbsp;&nbsp;<a href="#[11]">IRQ10_Handler</a><BR>
 <LI><a href="#[12]">IRQ11_Handler</a>&nbsp;&nbsp;&nbsp;&rArr;&nbsp;&nbsp;&nbsp;<a href="#[12]">IRQ11_Handler</a><BR>
 <LI><a href="#[13]">IRQ12_Handler</a>&nbsp;&nbsp;&nbsp;&rArr;&nbsp;&nbsp;&nbsp;<a href="#[13]">IRQ12_Handler</a><BR>
 <LI><a href="#[14]">IRQ13_Handler</a>&nbsp;&nbsp;&nbsp;&rArr;&nbsp;&nbsp;&nbsp;<a href="#[14]">IRQ13_Handler</a><BR>
 <LI><a href="#[15]">IRQ14_Handler</a>&nbsp;&nbsp;&nbsp;&rArr;&nbsp;&nbsp;&nbsp;<a href="#[15]">IRQ14_Handler</a><BR>
 <LI><a href="#[16]">IRQ15_Handler</a>&nbsp;&nbsp;&nbsp;&rArr;&nbsp;&nbsp;&nbsp;<a href="#[16]">IRQ15_Handler</a><BR>
 <LI><a href="#[17]">IRQ16_Handler</a>&nbsp;&nbsp;&nbsp;&rArr;&nbsp;&nbsp;&nbsp;<a href="#[17]">IRQ16_Handler</a><BR>
 <LI><a href="#[18]">IRQ17_Handler</a>&nbsp;&nbsp;&nbsp;&rArr;&nbsp;&nbsp;&nbsp;<a href="#[18]">IRQ17_Handler</a><BR>
 <LI><a href="#[19]">IRQ18_Handler</a>&nbsp;&nbsp;&nbsp;&rArr;&nbsp;&nbsp;&nbsp;<a href="#[19]">IRQ18_Handler</a><BR>
 <LI><a href="#[1a]">IRQ19_Handler</a>&nbsp;&nbsp;&nbsp;&rArr;&nbsp;&nbsp;&nbsp;<a href="#[1a]">IRQ19_Handler</a><BR>
 <LI><a href="#[1b]">IRQ20_Handler</a>&nbsp;&nbsp;&nbsp;&rArr;&nbsp;&nbsp;&nbsp;<a href="#[1b]">IRQ20_Handler</a><BR>
 <LI><a href="#[1c]">IRQ21_Handler</a>&nbsp;&nbsp;&nbsp;&rArr;&nbsp;&nbsp;&nbsp;<a href="#[1c]">IRQ21_Handler</a><BR>
 <LI><a href="#[1d]">IRQ22_Handler</a>&nbsp;&nbsp;&nbsp;&rArr;&nbsp;&nbsp;&nbsp;<a href="#[1d]">IRQ22_Handler</a><BR>
 <LI><a href="#[1e]">IRQ23_Handler</a>&nbsp;&nbsp;&nbsp;&rArr;&nbsp;&nbsp;&nbsp;<a href="#[1e]">IRQ23_Handler</a><BR>
 <LI><a href="#[1f]">IRQ24_Handler</a>&nbsp;&nbsp;&nbsp;&rArr;&nbsp;&nbsp;&nbsp;<a href="#[1f]">IRQ24_Handler</a><BR>
 <LI><a href="#[20]">IRQ25_Handler</a>&nbsp;&nbsp;&nbsp;&rArr;&nbsp;&nbsp;&nbsp;<a href="#[20]">IRQ25_Handler</a><BR>
 <LI><a href="#[21]">IRQ26_Handler</a>&nbsp;&nbsp;&nbsp;&rArr;&nbsp;&nbsp;&nbsp;<a href="#[21]">IRQ26_Handler</a><BR>
 <LI><a href="#[22]">IRQ27_Handler</a>&nbsp;&nbsp;&nbsp;&rArr;&nbsp;&nbsp;&nbsp;<a href="#[22]">IRQ27_Handler</a><BR>
 <LI><a href="#[23]">IRQ28_Handler</a>&nbsp;&nbsp;&nbsp;&rArr;&nbsp;&nbsp;&nbsp;<a href="#[23]">IRQ28_Handler</a><BR>
 <LI><a href="#[24]">IRQ29_Handler</a>&nbsp;&nbsp;&nbsp;&rArr;&nbsp;&nbsp;&nbsp;<a href="#[24]">IRQ29_Handler</a><BR>
 <LI><a href="#[25]">IRQ30_Handler</a>&nbsp;&nbsp;&nbsp;&rArr;&nbsp;&nbsp;&nbsp;<a href="#[25]">IRQ30_Handler</a><BR>
 <LI><a href="#[26]">IRQ31_Handler</a>&nbsp;&nbsp;&nbsp;&rArr;&nbsp;&nbsp;&nbsp;<a href="#[26]">IRQ31_Handler</a><BR>
</UL>
<P>
<H3>
Function Pointers
</H3><UL>
 <LI><a href="#[60]">Bus_Init</a> from ili9341.o(i.Bus_Init) referenced from ili9341.o(i.ILI_Init)
 <LI><a href="#[113]">Bus_LCD8_Init</a> from fw_bus.o(i.Bus_LCD8_Init) referenced from fw_bus.o(.constdata)
 <LI><a href="#[116]">Bus_LCD8_ReadData</a> from fw_bus.o(i.Bus_LCD8_ReadData) referenced from fw_bus.o(.constdata)
 <LI><a href="#[2e]">Bus_LCD8_ReadDataU16</a> from fw_bus.o(i.Bus_LCD8_ReadDataU16) referenced from fw_bus.o(i.Bus_LCD8_Init)
 <LI><a href="#[2b]">Bus_LCD8_ReadDataU32</a> from fw_bus.o(i.Bus_LCD8_ReadDataU32) referenced from fw_bus.o(i.Bus_LCD8_Init)
 <LI><a href="#[31]">Bus_LCD8_ReadDataU8</a> from fw_bus.o(i.Bus_LCD8_ReadDataU8) referenced from fw_bus.o(i.Bus_LCD8_Init)
 <LI><a href="#[114]">Bus_LCD8_WriteCmd</a> from fw_bus.o(i.Bus_LCD8_WriteCmd) referenced from fw_bus.o(.constdata)
 <LI><a href="#[2c]">Bus_LCD8_WriteCmdU16</a> from fw_bus.o(i.Bus_LCD8_WriteCmdU16) referenced from fw_bus.o(i.Bus_LCD8_Init)
 <LI><a href="#[29]">Bus_LCD8_WriteCmdU32</a> from fw_bus.o(i.Bus_LCD8_WriteCmdU32) referenced from fw_bus.o(i.Bus_LCD8_Init)
 <LI><a href="#[2f]">Bus_LCD8_WriteCmdU8</a> from fw_bus.o(i.Bus_LCD8_WriteCmdU8) referenced from fw_bus.o(i.Bus_LCD8_Init)
 <LI><a href="#[115]">Bus_LCD8_WriteData</a> from fw_bus.o(i.Bus_LCD8_WriteData) referenced from fw_bus.o(.constdata)
 <LI><a href="#[2d]">Bus_LCD8_WriteDataU16</a> from fw_bus.o(i.Bus_LCD8_WriteDataU16) referenced from fw_bus.o(i.Bus_LCD8_Init)
 <LI><a href="#[2a]">Bus_LCD8_WriteDataU32</a> from fw_bus.o(i.Bus_LCD8_WriteDataU32) referenced from fw_bus.o(i.Bus_LCD8_Init)
 <LI><a href="#[30]">Bus_LCD8_WriteDataU8</a> from fw_bus.o(i.Bus_LCD8_WriteDataU8) referenced from fw_bus.o(i.Bus_LCD8_Init)
 <LI><a href="#[63]">Bus_Read_Data</a> from ili9341.o(i.Bus_Read_Data) referenced from ili9341.o(i.ILI_Init)
 <LI><a href="#[61]">Bus_Write_Cmd</a> from ili9341.o(i.Bus_Write_Cmd) referenced from ili9341.o(i.ILI_Init)
 <LI><a href="#[62]">Bus_Write_Data</a> from ili9341.o(i.Bus_Write_Data) referenced from ili9341.o(i.ILI_Init)
 <LI><a href="#[fe]">DS_Get_Temprature</a> from ds18b20.o(i.DS_Get_Temprature) referenced from ds18b20.o(.constdata)
 <LI><a href="#[fb]">DS_Init</a> from ds18b20.o(i.DS_Init) referenced from ds18b20.o(.constdata)
 <LI><a href="#[fc]">DS_Reset</a> from ds18b20.o(i.DS_Reset) referenced from ds18b20.o(.constdata)
 <LI><a href="#[fd]">DS_Set_Period</a> from ds18b20.o(i.DS_Set_Period) referenced from ds18b20.o(.constdata)
 <LI><a href="#[91]">Delay_Get_Clock</a> from ll_delay.o(i.Delay_Get_Clock) referenced from ll_delay.o(.constdata)
 <LI><a href="#[93]">Delay_Get_Counter</a> from ll_delay.o(i.Delay_Get_Counter) referenced from ll_delay.o(.constdata)
 <LI><a href="#[92]">Delay_Get_Reload</a> from ll_delay.o(i.Delay_Get_Reload) referenced from ll_delay.o(.constdata)
 <LI><a href="#[94]">Delay_Get_TickTime</a> from ll_delay.o(i.Delay_Get_TickTime) referenced from ll_delay.o(.constdata)
 <LI><a href="#[90]">Delay_Init</a> from ll_delay.o(i.Delay_Init) referenced from ll_delay.o(.constdata)
 <LI><a href="#[e9]">ESP8266_AP_AutoLink</a> from esp8266.o(i.ESP8266_AP_AutoLink) referenced from esp8266.o(.constdata)
 <LI><a href="#[e7]">ESP8266_AP_Link</a> from esp8266.o(i.ESP8266_AP_Link) referenced from esp8266.o(.constdata)
 <LI><a href="#[e6]">ESP8266_AP_Probe</a> from esp8266.o(i.ESP8266_AP_Probe) referenced from esp8266.o(.constdata)
 <LI><a href="#[e8]">ESP8266_AP_Unlink</a> from esp8266.o(i.ESP8266_AP_Unlink) referenced from esp8266.o(.constdata)
 <LI><a href="#[e0]">ESP8266_Enter_LPM</a> from esp8266.o(i.ESP8266_Enter_LPM) referenced from esp8266.o(.constdata)
 <LI><a href="#[e1]">ESP8266_Exit_LPM</a> from esp8266.o(i.ESP8266_Exit_LPM) referenced from esp8266.o(.constdata)
 <LI><a href="#[ea]">ESP8266_Get_APInfo</a> from esp8266.o(i.ESP8266_Get_APInfo) referenced from esp8266.o(.constdata)
 <LI><a href="#[ed]">ESP8266_Get_LinkState</a> from esp8266.o(i.ESP8266_Get_LinkState) referenced from esp8266.o(.constdata)
 <LI><a href="#[e5]">ESP8266_Get_LocalInof</a> from esp8266.o(i.ESP8266_Get_LocalInof) referenced from esp8266.o(.constdata)
 <LI><a href="#[e3]">ESP8266_Get_Mode</a> from esp8266.o(i.ESP8266_Get_Mode) referenced from esp8266.o(.constdata)
 <LI><a href="#[ec]">ESP8266_Get_ServerInfo</a> from esp8266.o(i.ESP8266_Get_ServerInfo) referenced from esp8266.o(.constdata)
 <LI><a href="#[dd]">ESP8266_Init</a> from esp8266.o(i.ESP8266_Init) referenced from esp8266.o(.constdata)
 <LI><a href="#[f0]">ESP8266_Read</a> from esp8266.o(i.ESP8266_Read) referenced from esp8266.o(.constdata)
 <LI><a href="#[de]">ESP8266_Reset</a> from esp8266.o(i.ESP8266_Reset) referenced from esp8266.o(.constdata)
 <LI><a href="#[df]">ESP8266_Restore</a> from esp8266.o(i.ESP8266_Restore) referenced from esp8266.o(.constdata)
 <LI><a href="#[eb]">ESP8266_Server_Link</a> from esp8266.o(i.ESP8266_Server_Link) referenced from esp8266.o(.constdata)
 <LI><a href="#[e4]">ESP8266_Set_LocalInfo</a> from esp8266.o(i.ESP8266_Set_LocalInfo) referenced from esp8266.o(.constdata)
 <LI><a href="#[e2]">ESP8266_Set_Mode</a> from esp8266.o(i.ESP8266_Set_Mode) referenced from esp8266.o(.constdata)
 <LI><a href="#[ee]">ESP8266_Set_TRPT</a> from esp8266.o(i.ESP8266_Set_TRPT) referenced from esp8266.o(.constdata)
 <LI><a href="#[ef]">ESP8266_Write</a> from esp8266.o(i.ESP8266_Write) referenced from esp8266.o(.constdata)
 <LI><a href="#[12f]">EXT_GPIO_Config</a> from hc595.o(i.EXT_GPIO_Config) referenced from hc595.o(Device_Table)
 <LI><a href="#[125]">FW_Board_Init</a> from fw_startup.o(i.FW_Board_Init) referenced from fw_startup.o(Board_Init_Table)
 <LI><a href="#[126]">FW_DEV_Init</a> from fw_startup.o(i.FW_DEV_Init) referenced from fw_startup.o(Device_Init_Table)
 <LI><a href="#[33]">FW_Delay_DefMs</a> from fw_delay.o(i.FW_Delay_DefMs) referenced from fw_delay.o(i.FW_Delay_Init)
 <LI><a href="#[130]">FW_GPIO_Driver_Probe</a> from fw_gpio.o(i.FW_GPIO_Driver_Probe) referenced from fw_gpio.o(Device_Table)
 <LI><a href="#[35]">FW_GPIO_ToggleUseGetOutput</a> from fw_gpio.o(i.FW_GPIO_ToggleUseGetOutput) referenced from fw_gpio.o(i.FW_GPIO_Driver_Probe)
 <LI><a href="#[34]">FW_GPIO_ToggleUseLAPI</a> from fw_gpio.o(i.FW_GPIO_ToggleUseLAPI) referenced from fw_gpio.o(i.FW_GPIO_Driver_Probe)
 <LI><a href="#[36]">FW_I2C_IH_RC</a> from fw_i2c.o(i.FW_I2C_IH_RC) referenced from fw_i2c.o(i.FW_I2C_Init)
 <LI><a href="#[37]">FW_I2C_IH_RX</a> from fw_i2c.o(i.FW_I2C_IH_RX) referenced from fw_i2c.o(i.FW_I2C_Init)
 <LI><a href="#[38]">FW_I2C_IH_TC</a> from fw_i2c.o(i.FW_I2C_IH_TC) referenced from fw_i2c.o(i.FW_I2C_Init)
 <LI><a href="#[39]">FW_I2C_IH_TX</a> from fw_i2c.o(i.FW_I2C_IH_TX) referenced from fw_i2c.o(i.FW_I2C_Init)
 <LI><a href="#[3f]">FW_I2C_ReadDMA</a> from fw_i2c.o(i.FW_I2C_ReadDMA) referenced from fw_i2c.o(i.FW_I2C_Init)
 <LI><a href="#[3e]">FW_I2C_ReadINT</a> from fw_i2c.o(i.FW_I2C_ReadINT) referenced from fw_i2c.o(i.FW_I2C_Init)
 <LI><a href="#[3d]">FW_I2C_ReadPOL</a> from fw_i2c.o(i.FW_I2C_ReadPOL) referenced from fw_i2c.o(i.FW_I2C_Init)
 <LI><a href="#[3c]">FW_I2C_WriteDMA</a> from fw_i2c.o(i.FW_I2C_WriteDMA) referenced from fw_i2c.o(i.FW_I2C_Init)
 <LI><a href="#[3b]">FW_I2C_WriteINT</a> from fw_i2c.o(i.FW_I2C_WriteINT) referenced from fw_i2c.o(i.FW_I2C_Init)
 <LI><a href="#[3a]">FW_I2C_WritePOL</a> from fw_i2c.o(i.FW_I2C_WritePOL) referenced from fw_i2c.o(i.FW_I2C_Init)
 <LI><a href="#[32]">FW_OS_Delay</a> from fw_os.o(i.FW_OS_Delay) referenced from fw_delay.o(i.FW_Delay_Init)
 <LI><a href="#[135]">FW_Pre_Init</a> from fw_startup.o(i.FW_Pre_Init) referenced from fw_startup.o(Pre_Init_Table)
 <LI><a href="#[11c]">FW_SI2C_Init</a> from fw_si2c.o(i.FW_SI2C_Init) referenced from fw_si2c.o(.constdata)
 <LI><a href="#[11e]">FW_SI2C_Read</a> from fw_si2c.o(i.FW_SI2C_Read) referenced from fw_si2c.o(.constdata)
 <LI><a href="#[11d]">FW_SI2C_Write</a> from fw_si2c.o(i.FW_SI2C_Write) referenced from fw_si2c.o(.constdata)
 <LI><a href="#[4a]">FW_SPI_CSIOSet</a> from fw_spi.o(i.FW_SPI_CSIOSet) referenced from fw_spi.o(i.FW_SPI_Init)
 <LI><a href="#[40]">FW_SPI_IH_RC</a> from fw_spi.o(i.FW_SPI_IH_RC) referenced from fw_spi.o(i.FW_SPI_Init)
 <LI><a href="#[41]">FW_SPI_IH_RX</a> from fw_spi.o(i.FW_SPI_IH_RX) referenced from fw_spi.o(i.FW_SPI_Init)
 <LI><a href="#[42]">FW_SPI_IH_TC</a> from fw_spi.o(i.FW_SPI_IH_TC) referenced from fw_spi.o(i.FW_SPI_Init)
 <LI><a href="#[43]">FW_SPI_IH_TX</a> from fw_spi.o(i.FW_SPI_IH_TX) referenced from fw_spi.o(i.FW_SPI_Init)
 <LI><a href="#[49]">FW_SPI_ReadDMA</a> from fw_spi.o(i.FW_SPI_ReadDMA) referenced from fw_spi.o(i.FW_SPI_Init)
 <LI><a href="#[48]">FW_SPI_ReadINT</a> from fw_spi.o(i.FW_SPI_ReadINT) referenced from fw_spi.o(i.FW_SPI_Init)
 <LI><a href="#[47]">FW_SPI_ReadPOL</a> from fw_spi.o(i.FW_SPI_ReadPOL) referenced from fw_spi.o(i.FW_SPI_Init)
 <LI><a href="#[46]">FW_SPI_WriteDMA</a> from fw_spi.o(i.FW_SPI_WriteDMA) referenced from fw_spi.o(i.FW_SPI_Init)
 <LI><a href="#[45]">FW_SPI_WriteINT</a> from fw_spi.o(i.FW_SPI_WriteINT) referenced from fw_spi.o(i.FW_SPI_Init)
 <LI><a href="#[44]">FW_SPI_WritePOL</a> from fw_spi.o(i.FW_SPI_WritePOL) referenced from fw_spi.o(i.FW_SPI_Init)
 <LI><a href="#[4d]">FW_UART_IH_RC</a> from fw_uart.o(i.FW_UART_IH_RC) referenced from fw_uart.o(i.FW_UART_Init)
 <LI><a href="#[4e]">FW_UART_IH_RX</a> from fw_uart.o(i.FW_UART_IH_RX) referenced from fw_uart.o(i.FW_UART_Init)
 <LI><a href="#[4f]">FW_UART_IH_TC</a> from fw_uart.o(i.FW_UART_IH_TC) referenced from fw_uart.o(i.FW_UART_Init)
 <LI><a href="#[50]">FW_UART_IH_TX</a> from fw_uart.o(i.FW_UART_IH_TX) referenced from fw_uart.o(i.FW_UART_Init)
 <LI><a href="#[56]">FW_UART_ReadDMA</a> from fw_uart.o(i.FW_UART_ReadDMA) referenced from fw_uart.o(i.FW_UART_Init)
 <LI><a href="#[55]">FW_UART_ReadINT</a> from fw_uart.o(i.FW_UART_ReadINT) referenced from fw_uart.o(i.FW_UART_Init)
 <LI><a href="#[54]">FW_UART_ReadPOL</a> from fw_uart.o(i.FW_UART_ReadPOL) referenced from fw_uart.o(i.FW_UART_Init)
 <LI><a href="#[57]">FW_UART_WaitNull</a> from fw_uart.o(i.FW_UART_WaitNull) referenced from fw_uart.o(i.FW_UART_ReadPOL)
 <LI><a href="#[57]">FW_UART_WaitNull</a> from fw_uart.o(i.FW_UART_WaitNull) referenced from fw_uart.o(i.FW_UART_WritePOL)
 <LI><a href="#[53]">FW_UART_WriteDMA</a> from fw_uart.o(i.FW_UART_WriteDMA) referenced from fw_uart.o(i.FW_UART_Init)
 <LI><a href="#[52]">FW_UART_WriteINT</a> from fw_uart.o(i.FW_UART_WriteINT) referenced from fw_uart.o(i.FW_UART_Init)
 <LI><a href="#[51]">FW_UART_WritePOL</a> from fw_uart.o(i.FW_UART_WritePOL) referenced from fw_uart.o(i.FW_UART_Init)
 <LI><a href="#[12e]">HC595_Config</a> from hc595.o(i.HC595_Config) referenced from hc595.o(Device_Table)
 <LI><a href="#[10d]">HC595_Port_Init</a> from hc595.o(i.HC595_Port_Init) referenced from hc595.o(.constdata)
 <LI><a href="#[10e]">HC595_Port_Write</a> from hc595.o(i.HC595_Port_Write) referenced from hc595.o(.constdata)
 <LI><a href="#[3]">HardFault_Handler</a> from startup_swm181.o(.text) referenced from startup_swm181.o(RESET)
 <LI><a href="#[131]">IFlash_Driver_Probe</a> from fw_flash.o(i.IFlash_Driver_Probe) referenced from fw_flash.o(Device_Table)
 <LI><a href="#[ac]">IFlash_Erase_Sector</a> from ll_flash.o(i.IFlash_Erase_Sector) referenced from ll_flash.o(.constdata)
 <LI><a href="#[aa]">IFlash_Get_CID</a> from ll_flash.o(i.IFlash_Get_CID) referenced from ll_flash.o(.constdata)
 <LI><a href="#[a9]">IFlash_Get_Main</a> from ll_flash.o(i.IFlash_Get_Main) referenced from ll_flash.o(.constdata)
 <LI><a href="#[ab]">IFlash_Get_PE</a> from ll_flash.o(i.IFlash_Get_PE) referenced from ll_flash.o(.constdata)
 <LI><a href="#[a7]">IFlash_Get_SectorBase</a> from ll_flash.o(i.IFlash_Get_SectorBase) referenced from ll_flash.o(.constdata)
 <LI><a href="#[a6]">IFlash_Get_SectorNum</a> from ll_flash.o(i.IFlash_Get_SectorNum) referenced from ll_flash.o(.constdata)
 <LI><a href="#[a8]">IFlash_Get_SectorSize</a> from ll_flash.o(i.IFlash_Get_SectorSize) referenced from ll_flash.o(.constdata)
 <LI><a href="#[ae]">IFlash_Read</a> from ll_flash.o(i.IFlash_Read) referenced from ll_flash.o(.constdata)
 <LI><a href="#[5f]">IFlash_Read_Gran</a> from ll_flash.o(i.IFlash_Read_Gran) referenced from ll_flash.o(i.IFlash_Read)
 <LI><a href="#[5f]">IFlash_Read_Gran</a> from ll_flash.o(i.IFlash_Read_Gran) referenced from ll_flash.o(i.IFlash_Write)
 <LI><a href="#[ad]">IFlash_Write</a> from ll_flash.o(i.IFlash_Write) referenced from ll_flash.o(.constdata)
 <LI><a href="#[5e]">IFlash_Write_Gran</a> from ll_flash.o(i.IFlash_Write_Gran) referenced from ll_flash.o(i.IFlash_Read)
 <LI><a href="#[5e]">IFlash_Write_Gran</a> from ll_flash.o(i.IFlash_Write_Gran) referenced from ll_flash.o(i.IFlash_Write)
 <LI><a href="#[c2]">ILI_BL_Get</a> from ili9341.o(i.ILI_BL_Get) referenced from ili9341.o(.constdata)
 <LI><a href="#[c1]">ILI_BL_Set</a> from ili9341.o(i.ILI_BL_Set) referenced from ili9341.o(.constdata)
 <LI><a href="#[c4]">ILI_Draw_Point</a> from ili9341.o(i.ILI_Draw_Point) referenced from ili9341.o(.constdata)
 <LI><a href="#[c3]">ILI_Fill_Area</a> from ili9341.o(i.ILI_Fill_Area) referenced from ili9341.o(.constdata)
 <LI><a href="#[c0]">ILI_Get_CID</a> from ili9341.o(i.ILI_Get_CID) referenced from ili9341.o(.constdata)
 <LI><a href="#[c5]">ILI_Get_Point</a> from ili9341.o(i.ILI_Get_Point) referenced from ili9341.o(.constdata)
 <LI><a href="#[bf]">ILI_Init</a> from ili9341.o(i.ILI_Init) referenced from ili9341.o(.constdata)
 <LI><a href="#[4b]">ILock</a> from fw_system.o(i.ILock) referenced from fw_system.o(i.FW_System_Init)
 <LI><a href="#[be]">IO_Encoder_GetCounter</a> from io_encoder.o(i.IO_Encoder_GetCounter) referenced from io_encoder.o(.constdata)
 <LI><a href="#[bd]">IO_Encoder_Init</a> from io_encoder.o(i.IO_Encoder_Init) referenced from io_encoder.o(.constdata)
 <LI><a href="#[5c]">IO_HC595_CTL</a> from hc595.o(i.IO_HC595_CTL) referenced from hc595.o(i.HC595_Port_Init)
 <LI><a href="#[5b]">IO_HC595_Init</a> from hc595.o(i.IO_HC595_Init) referenced from hc595.o(i.HC595_Port_Init)
 <LI><a href="#[5d]">IO_HC595_Write</a> from hc595.o(i.IO_HC595_Write) referenced from hc595.o(i.HC595_Port_Init)
 <LI><a href="#[64]">IO_Init</a> from ili9341.o(i.IO_Init) referenced from ili9341.o(i.ILI_Init)
 <LI><a href="#[67]">IO_Read_Data</a> from ili9341.o(i.IO_Read_Data) referenced from ili9341.o(i.ILI_Init)
 <LI><a href="#[65]">IO_Write_Cmd</a> from ili9341.o(i.IO_Write_Cmd) referenced from ili9341.o(i.ILI_Init)
 <LI><a href="#[66]">IO_Write_Data</a> from ili9341.o(i.IO_Write_Data) referenced from ili9341.o(i.ILI_Init)
 <LI><a href="#[7]">IRQ0_Handler</a> from startup_swm181.o(.text) referenced from startup_swm181.o(RESET)
 <LI><a href="#[11]">IRQ10_Handler</a> from startup_swm181.o(.text) referenced from startup_swm181.o(RESET)
 <LI><a href="#[12]">IRQ11_Handler</a> from startup_swm181.o(.text) referenced from startup_swm181.o(RESET)
 <LI><a href="#[13]">IRQ12_Handler</a> from startup_swm181.o(.text) referenced from startup_swm181.o(RESET)
 <LI><a href="#[14]">IRQ13_Handler</a> from startup_swm181.o(.text) referenced from startup_swm181.o(RESET)
 <LI><a href="#[15]">IRQ14_Handler</a> from startup_swm181.o(.text) referenced from startup_swm181.o(RESET)
 <LI><a href="#[16]">IRQ15_Handler</a> from startup_swm181.o(.text) referenced from startup_swm181.o(RESET)
 <LI><a href="#[17]">IRQ16_Handler</a> from startup_swm181.o(.text) referenced from startup_swm181.o(RESET)
 <LI><a href="#[18]">IRQ17_Handler</a> from startup_swm181.o(.text) referenced from startup_swm181.o(RESET)
 <LI><a href="#[19]">IRQ18_Handler</a> from startup_swm181.o(.text) referenced from startup_swm181.o(RESET)
 <LI><a href="#[1a]">IRQ19_Handler</a> from startup_swm181.o(.text) referenced from startup_swm181.o(RESET)
 <LI><a href="#[8]">IRQ1_Handler</a> from startup_swm181.o(.text) referenced from startup_swm181.o(RESET)
 <LI><a href="#[1b]">IRQ20_Handler</a> from startup_swm181.o(.text) referenced from startup_swm181.o(RESET)
 <LI><a href="#[1c]">IRQ21_Handler</a> from startup_swm181.o(.text) referenced from startup_swm181.o(RESET)
 <LI><a href="#[1d]">IRQ22_Handler</a> from startup_swm181.o(.text) referenced from startup_swm181.o(RESET)
 <LI><a href="#[1e]">IRQ23_Handler</a> from startup_swm181.o(.text) referenced from startup_swm181.o(RESET)
 <LI><a href="#[1f]">IRQ24_Handler</a> from startup_swm181.o(.text) referenced from startup_swm181.o(RESET)
 <LI><a href="#[20]">IRQ25_Handler</a> from startup_swm181.o(.text) referenced from startup_swm181.o(RESET)
 <LI><a href="#[21]">IRQ26_Handler</a> from startup_swm181.o(.text) referenced from startup_swm181.o(RESET)
 <LI><a href="#[22]">IRQ27_Handler</a> from startup_swm181.o(.text) referenced from startup_swm181.o(RESET)
 <LI><a href="#[23]">IRQ28_Handler</a> from startup_swm181.o(.text) referenced from startup_swm181.o(RESET)
 <LI><a href="#[24]">IRQ29_Handler</a> from startup_swm181.o(.text) referenced from startup_swm181.o(RESET)
 <LI><a href="#[9]">IRQ2_Handler</a> from startup_swm181.o(.text) referenced from startup_swm181.o(RESET)
 <LI><a href="#[25]">IRQ30_Handler</a> from startup_swm181.o(.text) referenced from startup_swm181.o(RESET)
 <LI><a href="#[26]">IRQ31_Handler</a> from startup_swm181.o(.text) referenced from startup_swm181.o(RESET)
 <LI><a href="#[a]">IRQ3_Handler</a> from startup_swm181.o(.text) referenced from startup_swm181.o(RESET)
 <LI><a href="#[b]">IRQ4_Handler</a> from startup_swm181.o(.text) referenced from startup_swm181.o(RESET)
 <LI><a href="#[c]">IRQ5_Handler</a> from startup_swm181.o(.text) referenced from startup_swm181.o(RESET)
 <LI><a href="#[d]">IRQ6_Handler</a> from startup_swm181.o(.text) referenced from startup_swm181.o(RESET)
 <LI><a href="#[e]">IRQ7_Handler</a> from startup_swm181.o(.text) referenced from startup_swm181.o(RESET)
 <LI><a href="#[f]">IRQ8_Handler</a> from startup_swm181.o(.text) referenced from startup_swm181.o(RESET)
 <LI><a href="#[10]">IRQ9_Handler</a> from startup_swm181.o(.text) referenced from startup_swm181.o(RESET)
 <LI><a href="#[132]">IRTC_Driver_Probe</a> from fw_rtc.o(i.IRTC_Driver_Probe) referenced from fw_rtc.o(Device_Table)
 <LI><a href="#[4c]">IUnlock</a> from fw_system.o(i.IUnlock) referenced from fw_system.o(i.FW_System_Init)
 <LI><a href="#[133]">IWDG_Driver_Probe</a> from fw_wdg.o(i.IWDG_Driver_Probe) referenced from fw_wdg.o(Device_Table)
 <LI><a href="#[b0]">IWDG_FeedDog</a> from ll_wdg.o(i.IWDG_FeedDog) referenced from ll_wdg.o(.constdata)
 <LI><a href="#[b1]">IWDG_Get_MaxTime</a> from ll_wdg.o(i.IWDG_Get_MaxTime) referenced from ll_wdg.o(.constdata)
 <LI><a href="#[b2]">IWDG_Get_MinTime</a> from ll_wdg.o(i.IWDG_Get_MinTime) referenced from ll_wdg.o(.constdata)
 <LI><a href="#[af]">IWDG_Init</a> from ll_wdg.o(i.IWDG_Init) referenced from ll_wdg.o(.constdata)
 <LI><a href="#[b6]">LL_SPI_CTL</a> from ll_spi.o(i.LL_SPI_CTL) referenced from ll_spi.o(.constdata)
 <LI><a href="#[b5]">LL_SPI_Init</a> from ll_spi.o(i.LL_SPI_Init) referenced from ll_spi.o(.constdata)
 <LI><a href="#[ba]">LL_SPI_RX_Byte</a> from ll_spi.o(i.LL_SPI_RX_Byte) referenced from ll_spi.o(.constdata)
 <LI><a href="#[b8]">LL_SPI_RX_CTL</a> from ll_spi.o(i.LL_SPI_RX_CTL) referenced from ll_spi.o(.constdata)
 <LI><a href="#[b9]">LL_SPI_TX_Byte</a> from ll_spi.o(i.LL_SPI_TX_Byte) referenced from ll_spi.o(.constdata)
 <LI><a href="#[b7]">LL_SPI_TX_CTL</a> from ll_spi.o(i.LL_SPI_TX_CTL) referenced from ll_spi.o(.constdata)
 <LI><a href="#[bc]">LL_SPI_Wait_RC</a> from ll_spi.o(i.LL_SPI_Wait_RC) referenced from ll_spi.o(.constdata)
 <LI><a href="#[bb]">LL_SPI_Wait_TC</a> from ll_spi.o(i.LL_SPI_Wait_TC) referenced from ll_spi.o(.constdata)
 <LI><a href="#[9c]">LL_UART_Init</a> from ll_uart.o(i.LL_UART_Init) referenced from ll_uart.o(.constdata)
 <LI><a href="#[f9]">MF_S522_BlockRead</a> from fm17522.o(i.MF_S522_BlockRead) referenced from fm17522.o(.constdata)
 <LI><a href="#[fa]">MF_S522_BlockWrite</a> from fm17522.o(i.MF_S522_BlockWrite) referenced from fm17522.o(.constdata)
 <LI><a href="#[f8]">MF_S522_CardActive</a> from fm17522.o(i.MF_S522_CardActive) referenced from fm17522.o(.constdata)
 <LI><a href="#[f6]">MF_S522_CardHalt</a> from fm17522.o(i.MF_S522_CardHalt) referenced from fm17522.o(.constdata)
 <LI><a href="#[f7]">MF_S522_CardRequest</a> from fm17522.o(i.MF_S522_CardRequest) referenced from fm17522.o(.constdata)
 <LI><a href="#[f1]">MF_S522_Init</a> from fm17522.o(i.MF_S522_Init) referenced from fm17522.o(.constdata)
 <LI><a href="#[f3]">MF_S522_LPMConfig</a> from fm17522.o(i.MF_S522_LPMConfig) referenced from fm17522.o(.constdata)
 <LI><a href="#[f2]">MF_S522_Reset</a> from fm17522.o(i.MF_S522_Reset) referenced from fm17522.o(.constdata)
 <LI><a href="#[f4]">MF_S522_SetCP</a> from fm17522.o(i.MF_S522_SetCP) referenced from fm17522.o(.constdata)
 <LI><a href="#[f5]">MF_S522_SetRFM</a> from fm17522.o(i.MF_S522_SetRFM) referenced from fm17522.o(.constdata)
 <LI><a href="#[138]">NLock</a> from fw_system.o(i.NLock) referenced from fw_system.o(.data)
 <LI><a href="#[2]">NMI_Handler</a> from ll_system.o(i.NMI_Handler) referenced from startup_swm181.o(RESET)
 <LI><a href="#[139]">NUnlock</a> from fw_system.o(i.NUnlock) referenced from fw_system.o(.data)
 <LI><a href="#[124]">PWM_CTL</a> from fw_timer.o(i.PWM_CTL) referenced from fw_timer.o(.constdata)
 <LI><a href="#[123]">PWM_Get_DC</a> from fw_timer.o(i.PWM_Get_DC) referenced from fw_timer.o(.constdata)
 <LI><a href="#[121]">PWM_Get_Frequency</a> from fw_timer.o(i.PWM_Get_Frequency) referenced from fw_timer.o(.constdata)
 <LI><a href="#[11f]">PWM_Init</a> from fw_timer.o(i.PWM_Init) referenced from fw_timer.o(.constdata)
 <LI><a href="#[122]">PWM_Set_DC</a> from fw_timer.o(i.PWM_Set_DC) referenced from fw_timer.o(.constdata)
 <LI><a href="#[120]">PWM_Set_Frequency</a> from fw_timer.o(i.PWM_Set_Frequency) referenced from fw_timer.o(.constdata)
 <LI><a href="#[5]">PendSV_Handler</a> from startup_swm181.o(.text) referenced from startup_swm181.o(RESET)
 <LI><a href="#[97]">Pin_GetOutput</a> from ll_gpio.o(i.Pin_GetOutput) referenced from ll_gpio.o(.constdata)
 <LI><a href="#[95]">Pin_Init</a> from ll_gpio.o(i.Pin_Init) referenced from ll_gpio.o(.constdata)
 <LI><a href="#[98]">Pin_Read</a> from ll_gpio.o(i.Pin_Read) referenced from ll_gpio.o(.constdata)
 <LI><a href="#[96]">Pin_Write</a> from ll_gpio.o(i.Pin_Write) referenced from ll_gpio.o(.constdata)
 <LI><a href="#[9a]">Port_GetOutput</a> from ll_gpio.o(i.Port_GetOutput) referenced from ll_gpio.o(.constdata)
 <LI><a href="#[9b]">Port_Read</a> from ll_gpio.o(i.Port_Read) referenced from ll_gpio.o(.constdata)
 <LI><a href="#[99]">Port_Write</a> from ll_gpio.o(i.Port_Write) referenced from ll_gpio.o(.constdata)
 <LI><a href="#[1]">Reset_Handler</a> from startup_swm181.o(.text) referenced from startup_swm181.o(RESET)
 <LI><a href="#[76]">SCK_CPOL0</a> from fw_sspi.o(i.SCK_CPOL0) referenced from fw_sspi.o(i.SSPI_Init)
 <LI><a href="#[73]">SCK_CPOL1</a> from fw_sspi.o(i.SCK_CPOL1) referenced from fw_sspi.o(i.SSPI_Init)
 <LI><a href="#[74]">SCK_FE</a> from fw_sspi.o(i.SCK_FE) referenced from fw_sspi.o(i.SSPI_Init)
 <LI><a href="#[75]">SCK_RE</a> from fw_sspi.o(i.SCK_RE) referenced from fw_sspi.o(i.SSPI_Init)
 <LI><a href="#[6d]">SGP_Erase_Chip</a> from gd25q64.o(i.SGP_Erase_Chip) referenced from gd25q64.o(i.SNOR_Init)
 <LI><a href="#[6e]">SGP_Erase_Sector</a> from gd25q64.o(i.SGP_Erase_Sector) referenced from gd25q64.o(i.SNOR_Init)
 <LI><a href="#[6c]">SGP_Get_CID</a> from gd25q64.o(i.SGP_Get_CID) referenced from gd25q64.o(i.SNOR_Init)
 <LI><a href="#[69]">SGP_Get_Reg</a> from fm17522.o(i.SGP_Get_Reg) referenced from fm17522.o(i.MF_S522_Init)
 <LI><a href="#[68]">SGP_Init</a> from fm17522.o(i.SGP_Init) referenced from fm17522.o(i.MF_S522_Init)
 <LI><a href="#[6b]">SGP_Init</a> from gd25q64.o(i.SGP_Init) referenced from gd25q64.o(i.SNOR_Init)
 <LI><a href="#[70]">SGP_Read</a> from gd25q64.o(i.SGP_Read) referenced from gd25q64.o(i.SNOR_Init)
 <LI><a href="#[6a]">SGP_Set_Reg</a> from fm17522.o(i.SGP_Set_Reg) referenced from fm17522.o(i.MF_S522_Init)
 <LI><a href="#[6f]">SGP_Write</a> from gd25q64.o(i.SGP_Write) referenced from gd25q64.o(i.SNOR_Init)
 <LI><a href="#[cd]">SNOR_Erase_Chip</a> from gd25q64.o(i.SNOR_Erase_Chip) referenced from gd25q64.o(.constdata)
 <LI><a href="#[ce]">SNOR_Erase_Sector</a> from gd25q64.o(i.SNOR_Erase_Sector) referenced from gd25q64.o(.constdata)
 <LI><a href="#[cb]">SNOR_Get_CID</a> from gd25q64.o(i.SNOR_Get_CID) referenced from gd25q64.o(.constdata)
 <LI><a href="#[ca]">SNOR_Get_Main</a> from gd25q64.o(i.SNOR_Get_Main) referenced from gd25q64.o(.constdata)
 <LI><a href="#[cc]">SNOR_Get_PEState</a> from gd25q64.o(i.SNOR_Get_PEState) referenced from gd25q64.o(.constdata)
 <LI><a href="#[c8]">SNOR_Get_SectorBase</a> from gd25q64.o(i.SNOR_Get_SectorBase) referenced from gd25q64.o(.constdata)
 <LI><a href="#[c7]">SNOR_Get_SectorNum</a> from gd25q64.o(i.SNOR_Get_SectorNum) referenced from gd25q64.o(.constdata)
 <LI><a href="#[c9]">SNOR_Get_SectorSize</a> from gd25q64.o(i.SNOR_Get_SectorSize) referenced from gd25q64.o(.constdata)
 <LI><a href="#[c6]">SNOR_Init</a> from gd25q64.o(i.SNOR_Init) referenced from gd25q64.o(.constdata)
 <LI><a href="#[d0]">SNOR_Read</a> from gd25q64.o(i.SNOR_Read) referenced from gd25q64.o(.constdata)
 <LI><a href="#[cf]">SNOR_Write</a> from gd25q64.o(i.SNOR_Write) referenced from gd25q64.o(.constdata)
 <LI><a href="#[12b]">SPI0_Config</a> from ll_spi.o(i.SPI0_Config) referenced from ll_spi.o(Device_Table)
 <LI><a href="#[12c]">SPI1_Config</a> from ll_spi.o(i.SPI1_Config) referenced from ll_spi.o(Device_Table)
 <LI><a href="#[12d]">SPI2_Config</a> from ll_spi.o(i.SPI2_Config) referenced from ll_spi.o(Device_Table)
 <LI><a href="#[59]">SPI_HC595_CTL</a> from hc595.o(i.SPI_HC595_CTL) referenced from hc595.o(i.HC595_Port_Init)
 <LI><a href="#[58]">SPI_HC595_Init</a> from hc595.o(i.SPI_HC595_Init) referenced from hc595.o(i.HC595_Port_Init)
 <LI><a href="#[5a]">SPI_HC595_Write</a> from hc595.o(i.SPI_HC595_Write) referenced from hc595.o(i.HC595_Port_Init)
 <LI><a href="#[119]">SSPI_CS_Set</a> from fw_sspi.o(i.SSPI_CS_Set) referenced from fw_sspi.o(.constdata)
 <LI><a href="#[117]">SSPI_DeInit</a> from fw_sspi.o(i.SSPI_DeInit) referenced from fw_sspi.o(.constdata)
 <LI><a href="#[118]">SSPI_Init</a> from fw_sspi.o(i.SSPI_Init) referenced from fw_sspi.o(.constdata)
 <LI><a href="#[11b]">SSPI_Read</a> from fw_sspi.o(i.SSPI_Read) referenced from fw_sspi.o(.constdata)
 <LI><a href="#[11a]">SSPI_Write</a> from fw_sspi.o(i.SSPI_Write) referenced from fw_sspi.o(.constdata)
 <LI><a href="#[102]">ST7735_BL_Get</a> from st7735.o(i.ST7735_BL_Get) referenced from st7735.o(.constdata)
 <LI><a href="#[101]">ST7735_BL_Set</a> from st7735.o(i.ST7735_BL_Set) referenced from st7735.o(.constdata)
 <LI><a href="#[104]">ST7735_Draw_Point</a> from st7735.o(i.ST7735_Draw_Point) referenced from st7735.o(.constdata)
 <LI><a href="#[103]">ST7735_Fill_Area</a> from st7735.o(i.ST7735_Fill_Area) referenced from st7735.o(.constdata)
 <LI><a href="#[100]">ST7735_Get_CID</a> from st7735.o(i.ST7735_Get_CID) referenced from st7735.o(.constdata)
 <LI><a href="#[105]">ST7735_Get_Point</a> from st7735.o(i.ST7735_Get_Point) referenced from st7735.o(.constdata)
 <LI><a href="#[106]">ST7735_Get_ScreenSize</a> from st7735.o(i.ST7735_Get_ScreenSize) referenced from st7735.o(.constdata)
 <LI><a href="#[ff]">ST7735_Init</a> from st7735.o(i.ST7735_Init) referenced from st7735.o(.constdata)
 <LI><a href="#[10f]">SUART_Init</a> from fw_suart.o(i.SUART_Init) referenced from fw_suart.o(.constdata)
 <LI><a href="#[111]">SUART_RX_Byte</a> from fw_suart.o(i.SUART_RX_Byte) referenced from fw_suart.o(.constdata)
 <LI><a href="#[110]">SUART_TX_Byte</a> from fw_suart.o(i.SUART_TX_Byte) referenced from fw_suart.o(.constdata)
 <LI><a href="#[112]">SUART_Wait_RC</a> from fw_suart.o(i.SUART_Wait_RC) referenced from fw_suart.o(.constdata)
 <LI><a href="#[4]">SVC_Handler</a> from startup_swm181.o(.text) referenced from startup_swm181.o(RESET)
 <LI><a href="#[6]">SysTick_Handler</a> from ll_delay.o(i.SysTick_Handler) referenced from startup_swm181.o(RESET)
 <LI><a href="#[8f]">System_Clear_RSTSource</a> from ll_system.o(i.System_Clear_RSTSource) referenced from ll_system.o(.constdata)
 <LI><a href="#[87]">System_Disable_IRQ</a> from ll_system.o(i.System_Disable_IRQ) referenced from ll_system.o(.constdata)
 <LI><a href="#[88]">System_Enable_IRQ</a> from ll_system.o(i.System_Enable_IRQ) referenced from ll_system.o(.constdata)
 <LI><a href="#[89]">System_Get_IRQState</a> from ll_system.o(i.System_Get_IRQState) referenced from ll_system.o(.constdata)
 <LI><a href="#[8e]">System_Get_RSTSource</a> from ll_system.o(i.System_Get_RSTSource) referenced from ll_system.o(.constdata)
 <LI><a href="#[8b]">System_Get_Sysclk</a> from ll_system.o(i.System_Get_Sysclk) referenced from ll_system.o(.constdata)
 <LI><a href="#[86]">System_Init</a> from ll_system.o(i.System_Init) referenced from ll_system.o(.constdata)
 <LI><a href="#[8a]">System_Set_Sysclk</a> from ll_system.o(i.System_Set_Sysclk) referenced from ll_system.o(.constdata)
 <LI><a href="#[8c]">System_Set_VectorTable</a> from ll_system.o(i.System_Set_VectorTable) referenced from ll_system.o(.constdata)
 <LI><a href="#[8d]">System_Soft_Reset</a> from ll_system.o(i.System_Soft_Reset) referenced from ll_system.o(.constdata)
 <LI><a href="#[10b]">TM77_Get_Sample</a> from tm7711.o(i.TM77_Get_Sample) referenced from tm7711.o(.constdata)
 <LI><a href="#[10a]">TM77_Get_Temprature</a> from tm7711.o(i.TM77_Get_Temprature) referenced from tm7711.o(.constdata)
 <LI><a href="#[107]">TM77_Init</a> from tm7711.o(i.TM77_Init) referenced from tm7711.o(.constdata)
 <LI><a href="#[108]">TM77_Reset</a> from tm7711.o(i.TM77_Reset) referenced from tm7711.o(.constdata)
 <LI><a href="#[10c]">TM77_Sample_Formula</a> from tm7711.o(i.TM77_Sample_Formula) referenced from tm7711.o(.constdata)
 <LI><a href="#[109]">TM77_Set_Period</a> from tm7711.o(i.TM77_Set_Period) referenced from tm7711.o(.constdata)
 <LI><a href="#[72]">TRByte_LSB</a> from fw_sspi.o(i.TRByte_LSB) referenced from fw_sspi.o(i.SSPI_Init)
 <LI><a href="#[71]">TRByte_MSB</a> from fw_sspi.o(i.TRByte_MSB) referenced from fw_sspi.o(i.SSPI_Init)
 <LI><a href="#[12a]">UART3_Config</a> from ll_uart.o(i.UART3_Config) referenced from ll_uart.o(Device_Table)
 <LI><a href="#[9d]">UART_CTL</a> from ll_uart.o(i.UART_CTL) referenced from ll_uart.o(.constdata)
 <LI><a href="#[a5]">UART_Get_RDL</a> from ll_uart.o(i.UART_Get_RDL) referenced from ll_uart.o(.constdata)
 <LI><a href="#[a1]">UART_RX_Byte</a> from ll_uart.o(i.UART_RX_Byte) referenced from ll_uart.o(.constdata)
 <LI><a href="#[9f]">UART_RX_CTL</a> from ll_uart.o(i.UART_RX_CTL) referenced from ll_uart.o(.constdata)
 <LI><a href="#[a4]">UART_Set_TDL</a> from ll_uart.o(i.UART_Set_TDL) referenced from ll_uart.o(.constdata)
 <LI><a href="#[a0]">UART_TX_Byte</a> from ll_uart.o(i.UART_TX_Byte) referenced from ll_uart.o(.constdata)
 <LI><a href="#[9e]">UART_TX_CTL</a> from ll_uart.o(i.UART_TX_CTL) referenced from ll_uart.o(.constdata)
 <LI><a href="#[a3]">UART_Wait_RC</a> from ll_uart.o(i.UART_Wait_RC) referenced from ll_uart.o(.constdata)
 <LI><a href="#[a2]">UART_Wait_TC</a> from ll_uart.o(i.UART_Wait_TC) referenced from ll_uart.o(.constdata)
 <LI><a href="#[127]">USART0_Config</a> from ll_uart.o(i.USART0_Config) referenced from ll_uart.o(Device_Table)
 <LI><a href="#[128]">USART1_Config</a> from ll_uart.o(i.USART1_Config) referenced from ll_uart.o(Device_Table)
 <LI><a href="#[129]">USART2_Config</a> from ll_uart.o(i.USART2_Config) referenced from ll_uart.o(Device_Table)
 <LI><a href="#[db]">WF183D_Get_Pressure</a> from wf183d.o(i.WF183D_Get_Pressure) referenced from wf183d.o(.constdata)
 <LI><a href="#[da]">WF183D_Get_Temprature</a> from wf183d.o(i.WF183D_Get_Temprature) referenced from wf183d.o(.constdata)
 <LI><a href="#[7b]">WF183D_I2C_GetPressure</a> from wf183d.o(i.WF183D_I2C_GetPressure) referenced from wf183d.o(i.WF183D_Init)
 <LI><a href="#[7c]">WF183D_I2C_GetTemprature</a> from wf183d.o(i.WF183D_I2C_GetTemprature) referenced from wf183d.o(i.WF183D_Init)
 <LI><a href="#[7a]">WF183D_I2C_Init</a> from wf183d.o(i.WF183D_I2C_Init) referenced from wf183d.o(i.WF183D_Init)
 <LI><a href="#[d7]">WF183D_Init</a> from wf183d.o(i.WF183D_Init) referenced from wf183d.o(.constdata)
 <LI><a href="#[7e]">WF183D_OWI_GetPressure</a> from wf183d.o(i.WF183D_OWI_GetPressure) referenced from wf183d.o(i.WF183D_Init)
 <LI><a href="#[7f]">WF183D_OWI_GetTemprature</a> from wf183d.o(i.WF183D_OWI_GetTemprature) referenced from wf183d.o(i.WF183D_Init)
 <LI><a href="#[7d]">WF183D_OWI_Init</a> from wf183d.o(i.WF183D_OWI_Init) referenced from wf183d.o(i.WF183D_Init)
 <LI><a href="#[dc]">WF183D_Press_Formula</a> from wf183d.o(i.WF183D_Press_Formula) referenced from wf183d.o(.constdata)
 <LI><a href="#[d8]">WF183D_Reset</a> from wf183d.o(i.WF183D_Reset) referenced from wf183d.o(.constdata)
 <LI><a href="#[d9]">WF183D_Set_Period</a> from wf183d.o(i.WF183D_Set_Period) referenced from wf183d.o(.constdata)
 <LI><a href="#[78]">WF183D_UART_GetPressure</a> from wf183d.o(i.WF183D_UART_GetPressure) referenced from wf183d.o(i.WF183D_Init)
 <LI><a href="#[79]">WF183D_UART_GetTemprature</a> from wf183d.o(i.WF183D_UART_GetTemprature) referenced from wf183d.o(i.WF183D_Init)
 <LI><a href="#[77]">WF183D_UART_Init</a> from wf183d.o(i.WF183D_UART_Init) referenced from wf183d.o(i.WF183D_Init)
 <LI><a href="#[d5]">WF200D_Get_Pressure</a> from wf200d.o(i.WF200D_Get_Pressure) referenced from wf200d.o(.constdata)
 <LI><a href="#[d4]">WF200D_Get_Temprature</a> from wf200d.o(i.WF200D_Get_Temprature) referenced from wf200d.o(.constdata)
 <LI><a href="#[80]">WF200D_I2C_Init</a> from wf200d.o(i.WF200D_I2C_Init) referenced from wf200d.o(i.WF200D_Init)
 <LI><a href="#[82]">WF200D_I2C_ReadByte</a> from wf200d.o(i.WF200D_I2C_ReadByte) referenced from wf200d.o(i.WF200D_Init)
 <LI><a href="#[81]">WF200D_I2C_WriteByte</a> from wf200d.o(i.WF200D_I2C_WriteByte) referenced from wf200d.o(i.WF200D_Init)
 <LI><a href="#[d1]">WF200D_Init</a> from wf200d.o(i.WF200D_Init) referenced from wf200d.o(.constdata)
 <LI><a href="#[d6]">WF200D_Press_Formula</a> from wf200d.o(i.WF200D_Press_Formula) referenced from wf200d.o(.constdata)
 <LI><a href="#[d2]">WF200D_Reset</a> from wf200d.o(i.WF200D_Reset) referenced from wf200d.o(.constdata)
 <LI><a href="#[83]">WF200D_SPI_Init</a> from wf200d.o(i.WF200D_SPI_Init) referenced from wf200d.o(i.WF200D_Init)
 <LI><a href="#[85]">WF200D_SPI_ReadByte</a> from wf200d.o(i.WF200D_SPI_ReadByte) referenced from wf200d.o(i.WF200D_Init)
 <LI><a href="#[84]">WF200D_SPI_WriteByte</a> from wf200d.o(i.WF200D_SPI_WriteByte) referenced from wf200d.o(i.WF200D_Init)
 <LI><a href="#[d3]">WF200D_Set_Period</a> from wf200d.o(i.WF200D_Set_Period) referenced from wf200d.o(.constdata)
 <LI><a href="#[134]">WWDG_Driver_Probe</a> from fw_wdg.o(i.WWDG_Driver_Probe) referenced from fw_wdg.o(Device_Table)
 <LI><a href="#[b4]">WWDG_FeedDog</a> from ll_wdg.o(i.WWDG_FeedDog) referenced from ll_wdg.o(.constdata)
 <LI><a href="#[b3]">WWDG_Init</a> from ll_wdg.o(i.WWDG_Init) referenced from ll_wdg.o(.constdata)
 <LI><a href="#[28]">__main</a> from entry.o(.ARM.Collect$$$$00000000) referenced from startup_swm181.o(.text)
 <LI><a href="#[137]">free</a> from mallocr.o(i.__free$realloc) referenced from mm.o(.data)
 <LI><a href="#[27]">main</a> from fw_startup.o(i.$Sub$$main) referenced from entry9a.o(.ARM.Collect$$$$0000000B)
 <LI><a href="#[136]">malloc</a> from mallocr.o(i.__malloc$realloc) referenced 2 times from mm.o(.data)
</UL>
<P>
<H3>
Global Symbols
</H3>
<P><STRONG><a name="[28]"></a>__main</STRONG> (Thumb, 0 bytes, Stack size unknown bytes, entry.o(.ARM.Collect$$$$00000000))
<BR>[Address Reference Count : 1]<UL><LI> startup_swm181.o(.text)
</UL>
<P><STRONG><a name="[23b]"></a>_main_stk</STRONG> (Thumb, 0 bytes, Stack size unknown bytes, entry2.o(.ARM.Collect$$$$00000001))

<P><STRONG><a name="[13a]"></a>_main_scatterload</STRONG> (Thumb, 0 bytes, Stack size unknown bytes, entry5.o(.ARM.Collect$$$$00000004))
<BR><BR>[Calls]<UL><LI><a href="#[13b]">&gt;&gt;</a>&nbsp;&nbsp;&nbsp;__scatterload
</UL>

<P><STRONG><a name="[146]"></a>__main_after_scatterload</STRONG> (Thumb, 0 bytes, Stack size unknown bytes, entry5.o(.ARM.Collect$$$$00000004))
<BR><BR>[Called By]<UL><LI><a href="#[13b]">&gt;&gt;</a>&nbsp;&nbsp;&nbsp;__scatterload
</UL>

<P><STRONG><a name="[23c]"></a>_main_clock</STRONG> (Thumb, 0 bytes, Stack size unknown bytes, entry7b.o(.ARM.Collect$$$$00000008))

<P><STRONG><a name="[23d]"></a>_main_cpp_init</STRONG> (Thumb, 0 bytes, Stack size unknown bytes, entry8b.o(.ARM.Collect$$$$0000000A))

<P><STRONG><a name="[23e]"></a>_main_init</STRONG> (Thumb, 0 bytes, Stack size unknown bytes, entry9a.o(.ARM.Collect$$$$0000000B))

<P><STRONG><a name="[23f]"></a>__rt_final_cpp</STRONG> (Thumb, 0 bytes, Stack size unknown bytes, entry10a.o(.ARM.Collect$$$$0000000D))

<P><STRONG><a name="[240]"></a>__rt_final_exit</STRONG> (Thumb, 0 bytes, Stack size unknown bytes, entry11a.o(.ARM.Collect$$$$0000000F))

<P><STRONG><a name="[221]"></a>__asm___11_ll_system_c_bb8ca80c__A_System_Get_IRQState</STRONG> (Thumb, 6 bytes, Stack size 0 bytes, ll_system.o(.emb_text))
<BR><BR>[Called By]<UL><LI><a href="#[89]">&gt;&gt;</a>&nbsp;&nbsp;&nbsp;System_Get_IRQState
</UL>

<P><STRONG><a name="[1]"></a>Reset_Handler</STRONG> (Thumb, 4 bytes, Stack size 0 bytes, startup_swm181.o(.text))
<BR>[Address Reference Count : 1]<UL><LI> startup_swm181.o(RESET)
</UL>
<P><STRONG><a name="[3]"></a>HardFault_Handler</STRONG> (Thumb, 2 bytes, Stack size 0 bytes, startup_swm181.o(.text))
<BR><BR>[Calls]<UL><LI><a href="#[3]">&gt;&gt;</a>&nbsp;&nbsp;&nbsp;HardFault_Handler
</UL>
<BR>[Called By]<UL><LI><a href="#[3]">&gt;&gt;</a>&nbsp;&nbsp;&nbsp;HardFault_Handler
</UL>
<BR>[Address Reference Count : 1]<UL><LI> startup_swm181.o(RESET)
</UL>
<P><STRONG><a name="[4]"></a>SVC_Handler</STRONG> (Thumb, 2 bytes, Stack size 0 bytes, startup_swm181.o(.text))
<BR><BR>[Calls]<UL><LI><a href="#[4]">&gt;&gt;</a>&nbsp;&nbsp;&nbsp;SVC_Handler
</UL>
<BR>[Called By]<UL><LI><a href="#[4]">&gt;&gt;</a>&nbsp;&nbsp;&nbsp;SVC_Handler
</UL>
<BR>[Address Reference Count : 1]<UL><LI> startup_swm181.o(RESET)
</UL>
<P><STRONG><a name="[5]"></a>PendSV_Handler</STRONG> (Thumb, 2 bytes, Stack size 0 bytes, startup_swm181.o(.text))
<BR><BR>[Calls]<UL><LI><a href="#[5]">&gt;&gt;</a>&nbsp;&nbsp;&nbsp;PendSV_Handler
</UL>
<BR>[Called By]<UL><LI><a href="#[5]">&gt;&gt;</a>&nbsp;&nbsp;&nbsp;PendSV_Handler
</UL>
<BR>[Address Reference Count : 1]<UL><LI> startup_swm181.o(RESET)
</UL>
<P><STRONG><a name="[7]"></a>IRQ0_Handler</STRONG> (Thumb, 2 bytes, Stack size 0 bytes, startup_swm181.o(.text))
<BR><BR>[Calls]<UL><LI><a href="#[7]">&gt;&gt;</a>&nbsp;&nbsp;&nbsp;IRQ0_Handler
</UL>
<BR>[Called By]<UL><LI><a href="#[7]">&gt;&gt;</a>&nbsp;&nbsp;&nbsp;IRQ0_Handler
</UL>
<BR>[Address Reference Count : 1]<UL><LI> startup_swm181.o(RESET)
</UL>
<P><STRONG><a name="[8]"></a>IRQ1_Handler</STRONG> (Thumb, 2 bytes, Stack size 0 bytes, startup_swm181.o(.text))
<BR><BR>[Calls]<UL><LI><a href="#[8]">&gt;&gt;</a>&nbsp;&nbsp;&nbsp;IRQ1_Handler
</UL>
<BR>[Called By]<UL><LI><a href="#[8]">&gt;&gt;</a>&nbsp;&nbsp;&nbsp;IRQ1_Handler
</UL>
<BR>[Address Reference Count : 1]<UL><LI> startup_swm181.o(RESET)
</UL>
<P><STRONG><a name="[9]"></a>IRQ2_Handler</STRONG> (Thumb, 2 bytes, Stack size 0 bytes, startup_swm181.o(.text))
<BR><BR>[Calls]<UL><LI><a href="#[9]">&gt;&gt;</a>&nbsp;&nbsp;&nbsp;IRQ2_Handler
</UL>
<BR>[Called By]<UL><LI><a href="#[9]">&gt;&gt;</a>&nbsp;&nbsp;&nbsp;IRQ2_Handler
</UL>
<BR>[Address Reference Count : 1]<UL><LI> startup_swm181.o(RESET)
</UL>
<P><STRONG><a name="[a]"></a>IRQ3_Handler</STRONG> (Thumb, 2 bytes, Stack size 0 bytes, startup_swm181.o(.text))
<BR><BR>[Calls]<UL><LI><a href="#[a]">&gt;&gt;</a>&nbsp;&nbsp;&nbsp;IRQ3_Handler
</UL>
<BR>[Called By]<UL><LI><a href="#[a]">&gt;&gt;</a>&nbsp;&nbsp;&nbsp;IRQ3_Handler
</UL>
<BR>[Address Reference Count : 1]<UL><LI> startup_swm181.o(RESET)
</UL>
<P><STRONG><a name="[b]"></a>IRQ4_Handler</STRONG> (Thumb, 2 bytes, Stack size 0 bytes, startup_swm181.o(.text))
<BR><BR>[Calls]<UL><LI><a href="#[b]">&gt;&gt;</a>&nbsp;&nbsp;&nbsp;IRQ4_Handler
</UL>
<BR>[Called By]<UL><LI><a href="#[b]">&gt;&gt;</a>&nbsp;&nbsp;&nbsp;IRQ4_Handler
</UL>
<BR>[Address Reference Count : 1]<UL><LI> startup_swm181.o(RESET)
</UL>
<P><STRONG><a name="[c]"></a>IRQ5_Handler</STRONG> (Thumb, 2 bytes, Stack size 0 bytes, startup_swm181.o(.text))
<BR><BR>[Calls]<UL><LI><a href="#[c]">&gt;&gt;</a>&nbsp;&nbsp;&nbsp;IRQ5_Handler
</UL>
<BR>[Called By]<UL><LI><a href="#[c]">&gt;&gt;</a>&nbsp;&nbsp;&nbsp;IRQ5_Handler
</UL>
<BR>[Address Reference Count : 1]<UL><LI> startup_swm181.o(RESET)
</UL>
<P><STRONG><a name="[d]"></a>IRQ6_Handler</STRONG> (Thumb, 2 bytes, Stack size 0 bytes, startup_swm181.o(.text))
<BR><BR>[Calls]<UL><LI><a href="#[d]">&gt;&gt;</a>&nbsp;&nbsp;&nbsp;IRQ6_Handler
</UL>
<BR>[Called By]<UL><LI><a href="#[d]">&gt;&gt;</a>&nbsp;&nbsp;&nbsp;IRQ6_Handler
</UL>
<BR>[Address Reference Count : 1]<UL><LI> startup_swm181.o(RESET)
</UL>
<P><STRONG><a name="[e]"></a>IRQ7_Handler</STRONG> (Thumb, 2 bytes, Stack size 0 bytes, startup_swm181.o(.text))
<BR><BR>[Calls]<UL><LI><a href="#[e]">&gt;&gt;</a>&nbsp;&nbsp;&nbsp;IRQ7_Handler
</UL>
<BR>[Called By]<UL><LI><a href="#[e]">&gt;&gt;</a>&nbsp;&nbsp;&nbsp;IRQ7_Handler
</UL>
<BR>[Address Reference Count : 1]<UL><LI> startup_swm181.o(RESET)
</UL>
<P><STRONG><a name="[f]"></a>IRQ8_Handler</STRONG> (Thumb, 2 bytes, Stack size 0 bytes, startup_swm181.o(.text))
<BR><BR>[Calls]<UL><LI><a href="#[f]">&gt;&gt;</a>&nbsp;&nbsp;&nbsp;IRQ8_Handler
</UL>
<BR>[Called By]<UL><LI><a href="#[f]">&gt;&gt;</a>&nbsp;&nbsp;&nbsp;IRQ8_Handler
</UL>
<BR>[Address Reference Count : 1]<UL><LI> startup_swm181.o(RESET)
</UL>
<P><STRONG><a name="[10]"></a>IRQ9_Handler</STRONG> (Thumb, 2 bytes, Stack size 0 bytes, startup_swm181.o(.text))
<BR><BR>[Calls]<UL><LI><a href="#[10]">&gt;&gt;</a>&nbsp;&nbsp;&nbsp;IRQ9_Handler
</UL>
<BR>[Called By]<UL><LI><a href="#[10]">&gt;&gt;</a>&nbsp;&nbsp;&nbsp;IRQ9_Handler
</UL>
<BR>[Address Reference Count : 1]<UL><LI> startup_swm181.o(RESET)
</UL>
<P><STRONG><a name="[11]"></a>IRQ10_Handler</STRONG> (Thumb, 2 bytes, Stack size 0 bytes, startup_swm181.o(.text))
<BR><BR>[Calls]<UL><LI><a href="#[11]">&gt;&gt;</a>&nbsp;&nbsp;&nbsp;IRQ10_Handler
</UL>
<BR>[Called By]<UL><LI><a href="#[11]">&gt;&gt;</a>&nbsp;&nbsp;&nbsp;IRQ10_Handler
</UL>
<BR>[Address Reference Count : 1]<UL><LI> startup_swm181.o(RESET)
</UL>
<P><STRONG><a name="[12]"></a>IRQ11_Handler</STRONG> (Thumb, 2 bytes, Stack size 0 bytes, startup_swm181.o(.text))
<BR><BR>[Calls]<UL><LI><a href="#[12]">&gt;&gt;</a>&nbsp;&nbsp;&nbsp;IRQ11_Handler
</UL>
<BR>[Called By]<UL><LI><a href="#[12]">&gt;&gt;</a>&nbsp;&nbsp;&nbsp;IRQ11_Handler
</UL>
<BR>[Address Reference Count : 1]<UL><LI> startup_swm181.o(RESET)
</UL>
<P><STRONG><a name="[13]"></a>IRQ12_Handler</STRONG> (Thumb, 2 bytes, Stack size 0 bytes, startup_swm181.o(.text))
<BR><BR>[Calls]<UL><LI><a href="#[13]">&gt;&gt;</a>&nbsp;&nbsp;&nbsp;IRQ12_Handler
</UL>
<BR>[Called By]<UL><LI><a href="#[13]">&gt;&gt;</a>&nbsp;&nbsp;&nbsp;IRQ12_Handler
</UL>
<BR>[Address Reference Count : 1]<UL><LI> startup_swm181.o(RESET)
</UL>
<P><STRONG><a name="[14]"></a>IRQ13_Handler</STRONG> (Thumb, 2 bytes, Stack size 0 bytes, startup_swm181.o(.text))
<BR><BR>[Calls]<UL><LI><a href="#[14]">&gt;&gt;</a>&nbsp;&nbsp;&nbsp;IRQ13_Handler
</UL>
<BR>[Called By]<UL><LI><a href="#[14]">&gt;&gt;</a>&nbsp;&nbsp;&nbsp;IRQ13_Handler
</UL>
<BR>[Address Reference Count : 1]<UL><LI> startup_swm181.o(RESET)
</UL>
<P><STRONG><a name="[15]"></a>IRQ14_Handler</STRONG> (Thumb, 2 bytes, Stack size 0 bytes, startup_swm181.o(.text))
<BR><BR>[Calls]<UL><LI><a href="#[15]">&gt;&gt;</a>&nbsp;&nbsp;&nbsp;IRQ14_Handler
</UL>
<BR>[Called By]<UL><LI><a href="#[15]">&gt;&gt;</a>&nbsp;&nbsp;&nbsp;IRQ14_Handler
</UL>
<BR>[Address Reference Count : 1]<UL><LI> startup_swm181.o(RESET)
</UL>
<P><STRONG><a name="[16]"></a>IRQ15_Handler</STRONG> (Thumb, 2 bytes, Stack size 0 bytes, startup_swm181.o(.text))
<BR><BR>[Calls]<UL><LI><a href="#[16]">&gt;&gt;</a>&nbsp;&nbsp;&nbsp;IRQ15_Handler
</UL>
<BR>[Called By]<UL><LI><a href="#[16]">&gt;&gt;</a>&nbsp;&nbsp;&nbsp;IRQ15_Handler
</UL>
<BR>[Address Reference Count : 1]<UL><LI> startup_swm181.o(RESET)
</UL>
<P><STRONG><a name="[17]"></a>IRQ16_Handler</STRONG> (Thumb, 2 bytes, Stack size 0 bytes, startup_swm181.o(.text))
<BR><BR>[Calls]<UL><LI><a href="#[17]">&gt;&gt;</a>&nbsp;&nbsp;&nbsp;IRQ16_Handler
</UL>
<BR>[Called By]<UL><LI><a href="#[17]">&gt;&gt;</a>&nbsp;&nbsp;&nbsp;IRQ16_Handler
</UL>
<BR>[Address Reference Count : 1]<UL><LI> startup_swm181.o(RESET)
</UL>
<P><STRONG><a name="[18]"></a>IRQ17_Handler</STRONG> (Thumb, 2 bytes, Stack size 0 bytes, startup_swm181.o(.text))
<BR><BR>[Calls]<UL><LI><a href="#[18]">&gt;&gt;</a>&nbsp;&nbsp;&nbsp;IRQ17_Handler
</UL>
<BR>[Called By]<UL><LI><a href="#[18]">&gt;&gt;</a>&nbsp;&nbsp;&nbsp;IRQ17_Handler
</UL>
<BR>[Address Reference Count : 1]<UL><LI> startup_swm181.o(RESET)
</UL>
<P><STRONG><a name="[19]"></a>IRQ18_Handler</STRONG> (Thumb, 2 bytes, Stack size 0 bytes, startup_swm181.o(.text))
<BR><BR>[Calls]<UL><LI><a href="#[19]">&gt;&gt;</a>&nbsp;&nbsp;&nbsp;IRQ18_Handler
</UL>
<BR>[Called By]<UL><LI><a href="#[19]">&gt;&gt;</a>&nbsp;&nbsp;&nbsp;IRQ18_Handler
</UL>
<BR>[Address Reference Count : 1]<UL><LI> startup_swm181.o(RESET)
</UL>
<P><STRONG><a name="[1a]"></a>IRQ19_Handler</STRONG> (Thumb, 2 bytes, Stack size 0 bytes, startup_swm181.o(.text))
<BR><BR>[Calls]<UL><LI><a href="#[1a]">&gt;&gt;</a>&nbsp;&nbsp;&nbsp;IRQ19_Handler
</UL>
<BR>[Called By]<UL><LI><a href="#[1a]">&gt;&gt;</a>&nbsp;&nbsp;&nbsp;IRQ19_Handler
</UL>
<BR>[Address Reference Count : 1]<UL><LI> startup_swm181.o(RESET)
</UL>
<P><STRONG><a name="[1b]"></a>IRQ20_Handler</STRONG> (Thumb, 2 bytes, Stack size 0 bytes, startup_swm181.o(.text))
<BR><BR>[Calls]<UL><LI><a href="#[1b]">&gt;&gt;</a>&nbsp;&nbsp;&nbsp;IRQ20_Handler
</UL>
<BR>[Called By]<UL><LI><a href="#[1b]">&gt;&gt;</a>&nbsp;&nbsp;&nbsp;IRQ20_Handler
</UL>
<BR>[Address Reference Count : 1]<UL><LI> startup_swm181.o(RESET)
</UL>
<P><STRONG><a name="[1c]"></a>IRQ21_Handler</STRONG> (Thumb, 2 bytes, Stack size 0 bytes, startup_swm181.o(.text))
<BR><BR>[Calls]<UL><LI><a href="#[1c]">&gt;&gt;</a>&nbsp;&nbsp;&nbsp;IRQ21_Handler
</UL>
<BR>[Called By]<UL><LI><a href="#[1c]">&gt;&gt;</a>&nbsp;&nbsp;&nbsp;IRQ21_Handler
</UL>
<BR>[Address Reference Count : 1]<UL><LI> startup_swm181.o(RESET)
</UL>
<P><STRONG><a name="[1d]"></a>IRQ22_Handler</STRONG> (Thumb, 2 bytes, Stack size 0 bytes, startup_swm181.o(.text))
<BR><BR>[Calls]<UL><LI><a href="#[1d]">&gt;&gt;</a>&nbsp;&nbsp;&nbsp;IRQ22_Handler
</UL>
<BR>[Called By]<UL><LI><a href="#[1d]">&gt;&gt;</a>&nbsp;&nbsp;&nbsp;IRQ22_Handler
</UL>
<BR>[Address Reference Count : 1]<UL><LI> startup_swm181.o(RESET)
</UL>
<P><STRONG><a name="[1e]"></a>IRQ23_Handler</STRONG> (Thumb, 2 bytes, Stack size 0 bytes, startup_swm181.o(.text))
<BR><BR>[Calls]<UL><LI><a href="#[1e]">&gt;&gt;</a>&nbsp;&nbsp;&nbsp;IRQ23_Handler
</UL>
<BR>[Called By]<UL><LI><a href="#[1e]">&gt;&gt;</a>&nbsp;&nbsp;&nbsp;IRQ23_Handler
</UL>
<BR>[Address Reference Count : 1]<UL><LI> startup_swm181.o(RESET)
</UL>
<P><STRONG><a name="[1f]"></a>IRQ24_Handler</STRONG> (Thumb, 2 bytes, Stack size 0 bytes, startup_swm181.o(.text))
<BR><BR>[Calls]<UL><LI><a href="#[1f]">&gt;&gt;</a>&nbsp;&nbsp;&nbsp;IRQ24_Handler
</UL>
<BR>[Called By]<UL><LI><a href="#[1f]">&gt;&gt;</a>&nbsp;&nbsp;&nbsp;IRQ24_Handler
</UL>
<BR>[Address Reference Count : 1]<UL><LI> startup_swm181.o(RESET)
</UL>
<P><STRONG><a name="[20]"></a>IRQ25_Handler</STRONG> (Thumb, 2 bytes, Stack size 0 bytes, startup_swm181.o(.text))
<BR><BR>[Calls]<UL><LI><a href="#[20]">&gt;&gt;</a>&nbsp;&nbsp;&nbsp;IRQ25_Handler
</UL>
<BR>[Called By]<UL><LI><a href="#[20]">&gt;&gt;</a>&nbsp;&nbsp;&nbsp;IRQ25_Handler
</UL>
<BR>[Address Reference Count : 1]<UL><LI> startup_swm181.o(RESET)
</UL>
<P><STRONG><a name="[21]"></a>IRQ26_Handler</STRONG> (Thumb, 2 bytes, Stack size 0 bytes, startup_swm181.o(.text))
<BR><BR>[Calls]<UL><LI><a href="#[21]">&gt;&gt;</a>&nbsp;&nbsp;&nbsp;IRQ26_Handler
</UL>
<BR>[Called By]<UL><LI><a href="#[21]">&gt;&gt;</a>&nbsp;&nbsp;&nbsp;IRQ26_Handler
</UL>
<BR>[Address Reference Count : 1]<UL><LI> startup_swm181.o(RESET)
</UL>
<P><STRONG><a name="[22]"></a>IRQ27_Handler</STRONG> (Thumb, 2 bytes, Stack size 0 bytes, startup_swm181.o(.text))
<BR><BR>[Calls]<UL><LI><a href="#[22]">&gt;&gt;</a>&nbsp;&nbsp;&nbsp;IRQ27_Handler
</UL>
<BR>[Called By]<UL><LI><a href="#[22]">&gt;&gt;</a>&nbsp;&nbsp;&nbsp;IRQ27_Handler
</UL>
<BR>[Address Reference Count : 1]<UL><LI> startup_swm181.o(RESET)
</UL>
<P><STRONG><a name="[23]"></a>IRQ28_Handler</STRONG> (Thumb, 2 bytes, Stack size 0 bytes, startup_swm181.o(.text))
<BR><BR>[Calls]<UL><LI><a href="#[23]">&gt;&gt;</a>&nbsp;&nbsp;&nbsp;IRQ28_Handler
</UL>
<BR>[Called By]<UL><LI><a href="#[23]">&gt;&gt;</a>&nbsp;&nbsp;&nbsp;IRQ28_Handler
</UL>
<BR>[Address Reference Count : 1]<UL><LI> startup_swm181.o(RESET)
</UL>
<P><STRONG><a name="[24]"></a>IRQ29_Handler</STRONG> (Thumb, 2 bytes, Stack size 0 bytes, startup_swm181.o(.text))
<BR><BR>[Calls]<UL><LI><a href="#[24]">&gt;&gt;</a>&nbsp;&nbsp;&nbsp;IRQ29_Handler
</UL>
<BR>[Called By]<UL><LI><a href="#[24]">&gt;&gt;</a>&nbsp;&nbsp;&nbsp;IRQ29_Handler
</UL>
<BR>[Address Reference Count : 1]<UL><LI> startup_swm181.o(RESET)
</UL>
<P><STRONG><a name="[25]"></a>IRQ30_Handler</STRONG> (Thumb, 2 bytes, Stack size 0 bytes, startup_swm181.o(.text))
<BR><BR>[Calls]<UL><LI><a href="#[25]">&gt;&gt;</a>&nbsp;&nbsp;&nbsp;IRQ30_Handler
</UL>
<BR>[Called By]<UL><LI><a href="#[25]">&gt;&gt;</a>&nbsp;&nbsp;&nbsp;IRQ30_Handler
</UL>
<BR>[Address Reference Count : 1]<UL><LI> startup_swm181.o(RESET)
</UL>
<P><STRONG><a name="[26]"></a>IRQ31_Handler</STRONG> (Thumb, 2 bytes, Stack size 0 bytes, startup_swm181.o(.text))
<BR><BR>[Calls]<UL><LI><a href="#[26]">&gt;&gt;</a>&nbsp;&nbsp;&nbsp;IRQ31_Handler
</UL>
<BR>[Called By]<UL><LI><a href="#[26]">&gt;&gt;</a>&nbsp;&nbsp;&nbsp;IRQ31_Handler
</UL>
<BR>[Address Reference Count : 1]<UL><LI> startup_swm181.o(RESET)
</UL>
<P><STRONG><a name="[241]"></a>__aeabi_uidiv</STRONG> (Thumb, 0 bytes, Stack size 12 bytes, uidiv.o(.text), UNUSED)

<P><STRONG><a name="[13d]"></a>__aeabi_uidivmod</STRONG> (Thumb, 44 bytes, Stack size 12 bytes, uidiv.o(.text))
<BR><BR>[Stack]<UL><LI>Max Depth = 12<LI>Call Chain = __aeabi_uidivmod
</UL>
<BR>[Called By]<UL><LI><a href="#[af]">&gt;&gt;</a>&nbsp;&nbsp;&nbsp;IWDG_Init
<LI><a href="#[b1]">&gt;&gt;</a>&nbsp;&nbsp;&nbsp;IWDG_Get_MaxTime
<LI><a href="#[1e0]">&gt;&gt;</a>&nbsp;&nbsp;&nbsp;MBlock_Write_SelfAlign
<LI><a href="#[1de]">&gt;&gt;</a>&nbsp;&nbsp;&nbsp;MBlock_Read_SelfAlign
<LI><a href="#[202]">&gt;&gt;</a>&nbsp;&nbsp;&nbsp;UART_Init
<LI><a href="#[90]">&gt;&gt;</a>&nbsp;&nbsp;&nbsp;Delay_Init
<LI><a href="#[175]">&gt;&gt;</a>&nbsp;&nbsp;&nbsp;Itoa
<LI><a href="#[f0]">&gt;&gt;</a>&nbsp;&nbsp;&nbsp;ESP8266_Read
<LI><a href="#[1ca]">&gt;&gt;</a>&nbsp;&nbsp;&nbsp;RB_Write
<LI><a href="#[1cc]">&gt;&gt;</a>&nbsp;&nbsp;&nbsp;RB_Read
<LI><a href="#[20e]">&gt;&gt;</a>&nbsp;&nbsp;&nbsp;RB_Set_Index
<LI><a href="#[20d]">&gt;&gt;</a>&nbsp;&nbsp;&nbsp;RB_Offset_Index
<LI><a href="#[211]">&gt;&gt;</a>&nbsp;&nbsp;&nbsp;RB_Offset_Head
<LI><a href="#[184]">&gt;&gt;</a>&nbsp;&nbsp;&nbsp;FM_Set_Timer
<LI><a href="#[32]">&gt;&gt;</a>&nbsp;&nbsp;&nbsp;FW_OS_Delay
<LI><a href="#[191]">&gt;&gt;</a>&nbsp;&nbsp;&nbsp;FW_Delay_GetUsDuration
<LI><a href="#[33]">&gt;&gt;</a>&nbsp;&nbsp;&nbsp;FW_Delay_DefMs
<LI><a href="#[149]">&gt;&gt;</a>&nbsp;&nbsp;&nbsp;FW_Delay_Init
<LI><a href="#[118]">&gt;&gt;</a>&nbsp;&nbsp;&nbsp;SSPI_Init
<LI><a href="#[10f]">&gt;&gt;</a>&nbsp;&nbsp;&nbsp;SUART_Init
<LI><a href="#[13c]">&gt;&gt;</a>&nbsp;&nbsp;&nbsp;__aeabi_idivmod
</UL>

<P><STRONG><a name="[242]"></a>__aeabi_idiv</STRONG> (Thumb, 0 bytes, Stack size 16 bytes, idiv.o(.text), UNUSED)

<P><STRONG><a name="[13c]"></a>__aeabi_idivmod</STRONG> (Thumb, 40 bytes, Stack size 16 bytes, idiv.o(.text))
<BR><BR>[Stack]<UL><LI>Max Depth = 28<LI>Call Chain = __aeabi_idivmod &rArr; __aeabi_uidivmod
</UL>
<BR>[Calls]<UL><LI><a href="#[13d]">&gt;&gt;</a>&nbsp;&nbsp;&nbsp;__aeabi_uidivmod
</UL>
<BR>[Called By]<UL><LI><a href="#[11c]">&gt;&gt;</a>&nbsp;&nbsp;&nbsp;FW_SI2C_Init
</UL>

<P><STRONG><a name="[144]"></a>__rt_ctype_table</STRONG> (Thumb, 4 bytes, Stack size 0 bytes, ctype_o.o(.text))
<BR><BR>[Called By]<UL><LI><a href="#[143]">&gt;&gt;</a>&nbsp;&nbsp;&nbsp;strtol
</UL>

<P><STRONG><a name="[243]"></a>____aeabi_memcpy8$ret$move</STRONG> (Thumb, 0 bytes, Stack size 8 bytes, memmove.o(.text), UNUSED)

<P><STRONG><a name="[244]"></a>___aeabi_memmove4$ret</STRONG> (Thumb, 0 bytes, Stack size 8 bytes, memmove.o(.text), UNUSED)

<P><STRONG><a name="[245]"></a>___aeabi_memmove8$ret</STRONG> (Thumb, 0 bytes, Stack size 8 bytes, memmove.o(.text), UNUSED)

<P><STRONG><a name="[16e]"></a>__aeabi_memcpy</STRONG> (Thumb, 66 bytes, Stack size 8 bytes, memmove.o(.text))
<BR><BR>[Stack]<UL><LI>Max Depth = 8<LI>Call Chain = __aeabi_memcpy
</UL>
<BR>[Called By]<UL><LI><a href="#[1e0]">&gt;&gt;</a>&nbsp;&nbsp;&nbsp;MBlock_Write_SelfAlign
<LI><a href="#[1de]">&gt;&gt;</a>&nbsp;&nbsp;&nbsp;MBlock_Read_SelfAlign
<LI><a href="#[ec]">&gt;&gt;</a>&nbsp;&nbsp;&nbsp;ESP8266_Get_ServerInfo
<LI><a href="#[cf]">&gt;&gt;</a>&nbsp;&nbsp;&nbsp;SNOR_Write
<LI><a href="#[1ca]">&gt;&gt;</a>&nbsp;&nbsp;&nbsp;RB_Write
<LI><a href="#[1cc]">&gt;&gt;</a>&nbsp;&nbsp;&nbsp;RB_Read
<LI><a href="#[20a]">&gt;&gt;</a>&nbsp;&nbsp;&nbsp;RB_Find_StringCS
<LI><a href="#[17f]">&gt;&gt;</a>&nbsp;&nbsp;&nbsp;FM_Anticollision
<LI><a href="#[23a]">&gt;&gt;</a>&nbsp;&nbsp;&nbsp;internal_alloc
</UL>

<P><STRONG><a name="[1bd]"></a>__aeabi_memcpy4</STRONG> (Thumb, 0 bytes, Stack size 8 bytes, memmove.o(.text))
<BR><BR>[Stack]<UL><LI>Max Depth = 8<LI>Call Chain = __aeabi_memcpy4
</UL>
<BR>[Called By]<UL><LI><a href="#[16f]">&gt;&gt;</a>&nbsp;&nbsp;&nbsp;FW_UART_Init
<LI><a href="#[1ba]">&gt;&gt;</a>&nbsp;&nbsp;&nbsp;FW_I2C_Init
<LI><a href="#[1cd]">&gt;&gt;</a>&nbsp;&nbsp;&nbsp;FW_SPI_Init
</UL>

<P><STRONG><a name="[173]"></a>__aeabi_memmove</STRONG> (Thumb, 0 bytes, Stack size 8 bytes, memmove.o(.text))
<BR><BR>[Stack]<UL><LI>Max Depth = 8<LI>Call Chain = __aeabi_memmove
</UL>
<BR>[Called By]<UL><LI><a href="#[168]">&gt;&gt;</a>&nbsp;&nbsp;&nbsp;ESP8266_Read_Inter
</UL>

<P><STRONG><a name="[246]"></a>memcpy</STRONG> (Thumb, 0 bytes, Stack size 8 bytes, memmove.o(.text), UNUSED)

<P><STRONG><a name="[247]"></a>memmove</STRONG> (Thumb, 0 bytes, Stack size 8 bytes, memmove.o(.text), UNUSED)

<P><STRONG><a name="[13f]"></a>__aeabi_memset</STRONG> (Thumb, 14 bytes, Stack size 0 bytes, memseta.o(.text))
<BR><BR>[Called By]<UL><LI><a href="#[224]">&gt;&gt;</a>&nbsp;&nbsp;&nbsp;Test
<LI><a href="#[140]">&gt;&gt;</a>&nbsp;&nbsp;&nbsp;memset
<LI><a href="#[13e]">&gt;&gt;</a>&nbsp;&nbsp;&nbsp;__aeabi_memclr
</UL>

<P><STRONG><a name="[248]"></a>__aeabi_memset4</STRONG> (Thumb, 0 bytes, Stack size 0 bytes, memseta.o(.text), UNUSED)

<P><STRONG><a name="[249]"></a>__aeabi_memset8</STRONG> (Thumb, 0 bytes, Stack size 0 bytes, memseta.o(.text), UNUSED)

<P><STRONG><a name="[13e]"></a>__aeabi_memclr</STRONG> (Thumb, 4 bytes, Stack size 0 bytes, memseta.o(.text))
<BR><BR>[Calls]<UL><LI><a href="#[13f]">&gt;&gt;</a>&nbsp;&nbsp;&nbsp;__aeabi_memset
</UL>
<BR>[Called By]<UL><LI><a href="#[1be]">&gt;&gt;</a>&nbsp;&nbsp;&nbsp;SGTR_Config
<LI><a href="#[17f]">&gt;&gt;</a>&nbsp;&nbsp;&nbsp;FM_Anticollision
</UL>

<P><STRONG><a name="[167]"></a>__aeabi_memclr4</STRONG> (Thumb, 0 bytes, Stack size 0 bytes, memseta.o(.text))
<BR><BR>[Called By]<UL><LI><a href="#[e2]">&gt;&gt;</a>&nbsp;&nbsp;&nbsp;ESP8266_Set_Mode
<LI><a href="#[ec]">&gt;&gt;</a>&nbsp;&nbsp;&nbsp;ESP8266_Get_ServerInfo
<LI><a href="#[ed]">&gt;&gt;</a>&nbsp;&nbsp;&nbsp;ESP8266_Get_LinkState
<LI><a href="#[1bc]">&gt;&gt;</a>&nbsp;&nbsp;&nbsp;SGTR_DeInit
<LI><a href="#[1be]">&gt;&gt;</a>&nbsp;&nbsp;&nbsp;SGTR_Config
<LI><a href="#[117]">&gt;&gt;</a>&nbsp;&nbsp;&nbsp;SSPI_DeInit
</UL>

<P><STRONG><a name="[24a]"></a>__aeabi_memclr8</STRONG> (Thumb, 0 bytes, Stack size 0 bytes, memseta.o(.text), UNUSED)

<P><STRONG><a name="[140]"></a>memset</STRONG> (Thumb, 18 bytes, Stack size 8 bytes, memseta.o(.text), UNUSED)
<BR><BR>[Calls]<UL><LI><a href="#[13f]">&gt;&gt;</a>&nbsp;&nbsp;&nbsp;__aeabi_memset
</UL>

<P><STRONG><a name="[176]"></a>strcat</STRONG> (Thumb, 24 bytes, Stack size 0 bytes, strcat.o(.text))
<BR><BR>[Called By]<UL><LI><a href="#[e2]">&gt;&gt;</a>&nbsp;&nbsp;&nbsp;ESP8266_Set_Mode
</UL>

<P><STRONG><a name="[161]"></a>strstr</STRONG> (Thumb, 40 bytes, Stack size 12 bytes, strstr.o(.text))
<BR><BR>[Stack]<UL><LI>Max Depth = 12<LI>Call Chain = strstr
</UL>
<BR>[Called By]<UL><LI><a href="#[ec]">&gt;&gt;</a>&nbsp;&nbsp;&nbsp;ESP8266_Get_ServerInfo
<LI><a href="#[ea]">&gt;&gt;</a>&nbsp;&nbsp;&nbsp;ESP8266_Get_APInfo
<LI><a href="#[e7]">&gt;&gt;</a>&nbsp;&nbsp;&nbsp;ESP8266_AP_Link
</UL>

<P><STRONG><a name="[162]"></a>strlen</STRONG> (Thumb, 14 bytes, Stack size 0 bytes, strlen.o(.text))
<BR><BR>[Called By]<UL><LI><a href="#[14f]">&gt;&gt;</a>&nbsp;&nbsp;&nbsp;ESP8266_Write_Cmd
<LI><a href="#[168]">&gt;&gt;</a>&nbsp;&nbsp;&nbsp;ESP8266_Read_Inter
<LI><a href="#[ec]">&gt;&gt;</a>&nbsp;&nbsp;&nbsp;ESP8266_Get_ServerInfo
<LI><a href="#[ea]">&gt;&gt;</a>&nbsp;&nbsp;&nbsp;ESP8266_Get_APInfo
<LI><a href="#[e7]">&gt;&gt;</a>&nbsp;&nbsp;&nbsp;ESP8266_AP_Link
<LI><a href="#[1d8]">&gt;&gt;</a>&nbsp;&nbsp;&nbsp;RB_String_IsExist
<LI><a href="#[1d7]">&gt;&gt;</a>&nbsp;&nbsp;&nbsp;RB_Read_Inter
<LI><a href="#[1d4]">&gt;&gt;</a>&nbsp;&nbsp;&nbsp;RB_Read_Fisrt
<LI><a href="#[20f]">&gt;&gt;</a>&nbsp;&nbsp;&nbsp;RB_Find_StringCS_RL1
<LI><a href="#[20a]">&gt;&gt;</a>&nbsp;&nbsp;&nbsp;RB_Find_StringCS
</UL>

<P><STRONG><a name="[16d]"></a>strcmp</STRONG> (Thumb, 28 bytes, Stack size 8 bytes, strcmp.o(.text))
<BR><BR>[Stack]<UL><LI>Max Depth = 8<LI>Call Chain = strcmp
</UL>
<BR>[Called By]<UL><LI><a href="#[ec]">&gt;&gt;</a>&nbsp;&nbsp;&nbsp;ESP8266_Get_ServerInfo
</UL>

<P><STRONG><a name="[166]"></a>strcpy</STRONG> (Thumb, 18 bytes, Stack size 0 bytes, strcpy.o(.text))
<BR><BR>[Called By]<UL><LI><a href="#[ea]">&gt;&gt;</a>&nbsp;&nbsp;&nbsp;ESP8266_Get_APInfo
<LI><a href="#[14a]">&gt;&gt;</a>&nbsp;&nbsp;&nbsp;FW_Device_PreBind
</UL>

<P><STRONG><a name="[197]"></a>strncmp</STRONG> (Thumb, 30 bytes, Stack size 12 bytes, strncmp.o(.text))
<BR><BR>[Stack]<UL><LI>Max Depth = 12<LI>Call Chain = strncmp
</UL>
<BR>[Called By]<UL><LI><a href="#[9c]">&gt;&gt;</a>&nbsp;&nbsp;&nbsp;LL_UART_Init
<LI><a href="#[17a]">&gt;&gt;</a>&nbsp;&nbsp;&nbsp;FW_Device_Find
<LI><a href="#[b5]">&gt;&gt;</a>&nbsp;&nbsp;&nbsp;LL_SPI_Init
<LI><a href="#[17b]">&gt;&gt;</a>&nbsp;&nbsp;&nbsp;FW_Driver_Find
<LI><a href="#[14a]">&gt;&gt;</a>&nbsp;&nbsp;&nbsp;FW_Device_PreBind
</UL>

<P><STRONG><a name="[165]"></a>strtok</STRONG> (Thumb, 68 bytes, Stack size 16 bytes, strtok.o(.text))
<BR><BR>[Stack]<UL><LI>Max Depth = 16<LI>Call Chain = strtok
</UL>
<BR>[Called By]<UL><LI><a href="#[ec]">&gt;&gt;</a>&nbsp;&nbsp;&nbsp;ESP8266_Get_ServerInfo
<LI><a href="#[ea]">&gt;&gt;</a>&nbsp;&nbsp;&nbsp;ESP8266_Get_APInfo
</UL>

<P><STRONG><a name="[141]"></a>atoi</STRONG> (Thumb, 26 bytes, Stack size 16 bytes, atoi.o(.text))
<BR><BR>[Stack]<UL><LI>Max Depth = 88<LI>Call Chain = atoi &rArr; strtol &rArr; _strtoul
</UL>
<BR>[Calls]<UL><LI><a href="#[143]">&gt;&gt;</a>&nbsp;&nbsp;&nbsp;strtol
<LI><a href="#[142]">&gt;&gt;</a>&nbsp;&nbsp;&nbsp;__aeabi_errno_addr
</UL>
<BR>[Called By]<UL><LI><a href="#[f0]">&gt;&gt;</a>&nbsp;&nbsp;&nbsp;ESP8266_Read
<LI><a href="#[ea]">&gt;&gt;</a>&nbsp;&nbsp;&nbsp;ESP8266_Get_APInfo
</UL>

<P><STRONG><a name="[143]"></a>strtol</STRONG> (Thumb, 108 bytes, Stack size 32 bytes, strtol.o(.text))
<BR><BR>[Stack]<UL><LI>Max Depth = 72<LI>Call Chain = strtol &rArr; _strtoul
</UL>
<BR>[Calls]<UL><LI><a href="#[144]">&gt;&gt;</a>&nbsp;&nbsp;&nbsp;__rt_ctype_table
<LI><a href="#[145]">&gt;&gt;</a>&nbsp;&nbsp;&nbsp;_strtoul
<LI><a href="#[142]">&gt;&gt;</a>&nbsp;&nbsp;&nbsp;__aeabi_errno_addr
</UL>
<BR>[Called By]<UL><LI><a href="#[141]">&gt;&gt;</a>&nbsp;&nbsp;&nbsp;atoi
</UL>

<P><STRONG><a name="[13b]"></a>__scatterload</STRONG> (Thumb, 28 bytes, Stack size 0 bytes, init.o(.text))
<BR><BR>[Calls]<UL><LI><a href="#[146]">&gt;&gt;</a>&nbsp;&nbsp;&nbsp;__main_after_scatterload
</UL>
<BR>[Called By]<UL><LI><a href="#[13a]">&gt;&gt;</a>&nbsp;&nbsp;&nbsp;_main_scatterload
</UL>

<P><STRONG><a name="[24b]"></a>__scatterload_rt2</STRONG> (Thumb, 0 bytes, Stack size 0 bytes, init.o(.text), UNUSED)

<P><STRONG><a name="[147]"></a>_chval</STRONG> (Thumb, 30 bytes, Stack size 0 bytes, _chval.o(.text))
<BR><BR>[Called By]<UL><LI><a href="#[145]">&gt;&gt;</a>&nbsp;&nbsp;&nbsp;_strtoul
</UL>

<P><STRONG><a name="[145]"></a>_strtoul</STRONG> (Thumb, 166 bytes, Stack size 40 bytes, _strtoul.o(.text))
<BR><BR>[Stack]<UL><LI>Max Depth = 40<LI>Call Chain = _strtoul
</UL>
<BR>[Calls]<UL><LI><a href="#[147]">&gt;&gt;</a>&nbsp;&nbsp;&nbsp;_chval
<LI><a href="#[142]">&gt;&gt;</a>&nbsp;&nbsp;&nbsp;__aeabi_errno_addr
</UL>
<BR>[Called By]<UL><LI><a href="#[143]">&gt;&gt;</a>&nbsp;&nbsp;&nbsp;strtol
</UL>

<P><STRONG><a name="[27]"></a>main</STRONG> (Thumb, 104 bytes, Stack size 16 bytes, fw_startup.o(i.$Sub$$main))
<BR><BR>[Stack]<UL><LI>Max Depth = 92<LI>Call Chain = main &rArr; FW_Delay_Init &rArr; FW_Delay_GetUsDuration &rArr; __aeabi_uidivmod
</UL>
<BR>[Calls]<UL><LI><a href="#[148]">&gt;&gt;</a>&nbsp;&nbsp;&nbsp;FW_System_Init
<LI><a href="#[149]">&gt;&gt;</a>&nbsp;&nbsp;&nbsp;FW_Delay_Init
<LI><a href="#[14c]">&gt;&gt;</a>&nbsp;&nbsp;&nbsp;$Super$$main
<LI><a href="#[14b]">&gt;&gt;</a>&nbsp;&nbsp;&nbsp;FW_Device_PreInit
<LI><a href="#[14a]">&gt;&gt;</a>&nbsp;&nbsp;&nbsp;FW_Device_PreBind
</UL>
<BR>[Address Reference Count : 1]<UL><LI> entry9a.o(.ARM.Collect$$$$0000000B)
</UL>
<P><STRONG><a name="[17d]"></a>CACHE_Invalid</STRONG> (Thumb, 64 bytes, Stack size 0 bytes, swm181_cache.o(i.CACHE_Invalid))
<BR><BR>[Called By]<UL><LI><a href="#[17e]">&gt;&gt;</a>&nbsp;&nbsp;&nbsp;FLASH_Write
<LI><a href="#[17c]">&gt;&gt;</a>&nbsp;&nbsp;&nbsp;FLASH_Erase
</UL>

<P><STRONG><a name="[17c]"></a>FLASH_Erase</STRONG> (Thumb, 48 bytes, Stack size 16 bytes, swm181_flash.o(i.FLASH_Erase))
<BR><BR>[Stack]<UL><LI>Max Depth = 16<LI>Call Chain = FLASH_Erase
</UL>
<BR>[Calls]<UL><LI><a href="#[17d]">&gt;&gt;</a>&nbsp;&nbsp;&nbsp;CACHE_Invalid
</UL>
<BR>[Called By]<UL><LI><a href="#[ac]">&gt;&gt;</a>&nbsp;&nbsp;&nbsp;IFlash_Erase_Sector
</UL>

<P><STRONG><a name="[1df]"></a>FLASH_Read</STRONG> (Thumb, 132 bytes, Stack size 12 bytes, swm181_flash.o(i.FLASH_Read))
<BR><BR>[Stack]<UL><LI>Max Depth = 12<LI>Call Chain = FLASH_Read
</UL>
<BR>[Called By]<UL><LI><a href="#[5f]">&gt;&gt;</a>&nbsp;&nbsp;&nbsp;IFlash_Read_Gran
</UL>

<P><STRONG><a name="[17e]"></a>FLASH_Write</STRONG> (Thumb, 58 bytes, Stack size 32 bytes, swm181_flash.o(i.FLASH_Write))
<BR><BR>[Stack]<UL><LI>Max Depth = 32<LI>Call Chain = FLASH_Write
</UL>
<BR>[Calls]<UL><LI><a href="#[17d]">&gt;&gt;</a>&nbsp;&nbsp;&nbsp;CACHE_Invalid
</UL>
<BR>[Called By]<UL><LI><a href="#[5e]">&gt;&gt;</a>&nbsp;&nbsp;&nbsp;IFlash_Write_Gran
</UL>

<P><STRONG><a name="[125]"></a>FW_Board_Init</STRONG> (Thumb, 2 bytes, Stack size 0 bytes, fw_startup.o(i.FW_Board_Init))
<BR>[Address Reference Count : 1]<UL><LI> fw_startup.o(Board_Init_Table)
</UL>
<P><STRONG><a name="[126]"></a>FW_DEV_Init</STRONG> (Thumb, 2 bytes, Stack size 0 bytes, fw_startup.o(i.FW_DEV_Init))
<BR>[Address Reference Count : 1]<UL><LI> fw_startup.o(Device_Init_Table)
</UL>
<P><STRONG><a name="[191]"></a>FW_Delay_GetUsDuration</STRONG> (Thumb, 100 bytes, Stack size 40 bytes, fw_delay.o(i.FW_Delay_GetUsDuration))
<BR><BR>[Stack]<UL><LI>Max Depth = 52<LI>Call Chain = FW_Delay_GetUsDuration &rArr; __aeabi_uidivmod
</UL>
<BR>[Calls]<UL><LI><a href="#[13d]">&gt;&gt;</a>&nbsp;&nbsp;&nbsp;__aeabi_uidivmod
</UL>
<BR>[Called By]<UL><LI><a href="#[149]">&gt;&gt;</a>&nbsp;&nbsp;&nbsp;FW_Delay_Init
</UL>

<P><STRONG><a name="[194]"></a>FW_Delay_GetUsStart</STRONG> (Thumb, 30 bytes, Stack size 16 bytes, fw_delay.o(i.FW_Delay_GetUsStart))
<BR><BR>[Stack]<UL><LI>Max Depth = 16<LI>Call Chain = FW_Delay_GetUsStart
</UL>
<BR>[Called By]<UL><LI><a href="#[149]">&gt;&gt;</a>&nbsp;&nbsp;&nbsp;FW_Delay_Init
</UL>

<P><STRONG><a name="[149]"></a>FW_Delay_Init</STRONG> (Thumb, 158 bytes, Stack size 24 bytes, fw_delay.o(i.FW_Delay_Init))
<BR><BR>[Stack]<UL><LI>Max Depth = 76<LI>Call Chain = FW_Delay_Init &rArr; FW_Delay_GetUsDuration &rArr; __aeabi_uidivmod
</UL>
<BR>[Calls]<UL><LI><a href="#[17b]">&gt;&gt;</a>&nbsp;&nbsp;&nbsp;FW_Driver_Find
<LI><a href="#[195]">&gt;&gt;</a>&nbsp;&nbsp;&nbsp;FW_Delay_Us
<LI><a href="#[192]">&gt;&gt;</a>&nbsp;&nbsp;&nbsp;FW_OS_IsStart
<LI><a href="#[193]">&gt;&gt;</a>&nbsp;&nbsp;&nbsp;FW_OS_GetTickTime
<LI><a href="#[194]">&gt;&gt;</a>&nbsp;&nbsp;&nbsp;FW_Delay_GetUsStart
<LI><a href="#[191]">&gt;&gt;</a>&nbsp;&nbsp;&nbsp;FW_Delay_GetUsDuration
<LI><a href="#[13d]">&gt;&gt;</a>&nbsp;&nbsp;&nbsp;__aeabi_uidivmod
</UL>
<BR>[Called By]<UL><LI><a href="#[27]">&gt;&gt;</a>&nbsp;&nbsp;&nbsp;main
</UL>

<P><STRONG><a name="[150]"></a>FW_Delay_Ms</STRONG> (Thumb, 14 bytes, Stack size 8 bytes, fw_delay.o(i.FW_Delay_Ms))
<BR><BR>[Stack]<UL><LI>Max Depth = 8<LI>Call Chain = FW_Delay_Ms
</UL>
<BR>[Called By]<UL><LI><a href="#[224]">&gt;&gt;</a>&nbsp;&nbsp;&nbsp;Test
<LI><a href="#[ef]">&gt;&gt;</a>&nbsp;&nbsp;&nbsp;ESP8266_Write
<LI><a href="#[ee]">&gt;&gt;</a>&nbsp;&nbsp;&nbsp;ESP8266_Set_TRPT
<LI><a href="#[eb]">&gt;&gt;</a>&nbsp;&nbsp;&nbsp;ESP8266_Server_Link
<LI><a href="#[de]">&gt;&gt;</a>&nbsp;&nbsp;&nbsp;ESP8266_Reset
<LI><a href="#[f0]">&gt;&gt;</a>&nbsp;&nbsp;&nbsp;ESP8266_Read
<LI><a href="#[e8]">&gt;&gt;</a>&nbsp;&nbsp;&nbsp;ESP8266_AP_Unlink
<LI><a href="#[e6]">&gt;&gt;</a>&nbsp;&nbsp;&nbsp;ESP8266_AP_Probe
<LI><a href="#[e7]">&gt;&gt;</a>&nbsp;&nbsp;&nbsp;ESP8266_AP_Link
<LI><a href="#[14d]">&gt;&gt;</a>&nbsp;&nbsp;&nbsp;AT_Send
<LI><a href="#[79]">&gt;&gt;</a>&nbsp;&nbsp;&nbsp;WF183D_UART_GetTemprature
<LI><a href="#[78]">&gt;&gt;</a>&nbsp;&nbsp;&nbsp;WF183D_UART_GetPressure
<LI><a href="#[d4]">&gt;&gt;</a>&nbsp;&nbsp;&nbsp;WF200D_Get_Temprature
<LI><a href="#[d5]">&gt;&gt;</a>&nbsp;&nbsp;&nbsp;WF200D_Get_Pressure
<LI><a href="#[f2]">&gt;&gt;</a>&nbsp;&nbsp;&nbsp;MF_S522_Reset
<LI><a href="#[190]">&gt;&gt;</a>&nbsp;&nbsp;&nbsp;FM_Set_RF
<LI><a href="#[18c]">&gt;&gt;</a>&nbsp;&nbsp;&nbsp;FM_Config_ISOType
<LI><a href="#[186]">&gt;&gt;</a>&nbsp;&nbsp;&nbsp;FM_Comm
</UL>

<P><STRONG><a name="[220]"></a>FW_Delay_TickTock</STRONG> (Thumb, 12 bytes, Stack size 0 bytes, fw_delay.o(i.FW_Delay_TickTock))
<BR><BR>[Called By]<UL><LI><a href="#[6]">&gt;&gt;</a>&nbsp;&nbsp;&nbsp;SysTick_Handler
</UL>

<P><STRONG><a name="[195]"></a>FW_Delay_Us</STRONG> (Thumb, 84 bytes, Stack size 32 bytes, fw_delay.o(i.FW_Delay_Us))
<BR><BR>[Stack]<UL><LI>Max Depth = 32<LI>Call Chain = FW_Delay_Us
</UL>
<BR>[Called By]<UL><LI><a href="#[bf]">&gt;&gt;</a>&nbsp;&nbsp;&nbsp;ILI_Init
<LI><a href="#[5d]">&gt;&gt;</a>&nbsp;&nbsp;&nbsp;IO_HC595_Write
<LI><a href="#[109]">&gt;&gt;</a>&nbsp;&nbsp;&nbsp;TM77_Set_Period
<LI><a href="#[10a]">&gt;&gt;</a>&nbsp;&nbsp;&nbsp;TM77_Get_Temprature
<LI><a href="#[10b]">&gt;&gt;</a>&nbsp;&nbsp;&nbsp;TM77_Get_Sample
<LI><a href="#[ff]">&gt;&gt;</a>&nbsp;&nbsp;&nbsp;ST7735_Init
<LI><a href="#[156]">&gt;&gt;</a>&nbsp;&nbsp;&nbsp;FW_OW_WaitACK
<LI><a href="#[155]">&gt;&gt;</a>&nbsp;&nbsp;&nbsp;FW_OW_Reset
<LI><a href="#[159]">&gt;&gt;</a>&nbsp;&nbsp;&nbsp;FW_OW_Init
<LI><a href="#[149]">&gt;&gt;</a>&nbsp;&nbsp;&nbsp;FW_Delay_Init
<LI><a href="#[75]">&gt;&gt;</a>&nbsp;&nbsp;&nbsp;SCK_RE
<LI><a href="#[74]">&gt;&gt;</a>&nbsp;&nbsp;&nbsp;SCK_FE
<LI><a href="#[110]">&gt;&gt;</a>&nbsp;&nbsp;&nbsp;SUART_TX_Byte
<LI><a href="#[111]">&gt;&gt;</a>&nbsp;&nbsp;&nbsp;SUART_RX_Byte
<LI><a href="#[1c0]">&gt;&gt;</a>&nbsp;&nbsp;&nbsp;FW_OW_WriteByte
<LI><a href="#[1bf]">&gt;&gt;</a>&nbsp;&nbsp;&nbsp;FW_OW_ReadByte
<LI><a href="#[1c3]">&gt;&gt;</a>&nbsp;&nbsp;&nbsp;SI2C_Write_Byte
<LI><a href="#[1c8]">&gt;&gt;</a>&nbsp;&nbsp;&nbsp;SI2C_Stop
<LI><a href="#[1c1]">&gt;&gt;</a>&nbsp;&nbsp;&nbsp;SI2C_Start
<LI><a href="#[1c5]">&gt;&gt;</a>&nbsp;&nbsp;&nbsp;SI2C_Read_Byte
<LI><a href="#[1c4]">&gt;&gt;</a>&nbsp;&nbsp;&nbsp;SI2C_ACK
<LI><a href="#[11e]">&gt;&gt;</a>&nbsp;&nbsp;&nbsp;FW_SI2C_Read
</UL>

<P><STRONG><a name="[17a]"></a>FW_Device_Find</STRONG> (Thumb, 60 bytes, Stack size 24 bytes, fw_device.o(i.FW_Device_Find))
<BR><BR>[Stack]<UL><LI>Max Depth = 36<LI>Call Chain = FW_Device_Find &rArr; strncmp
</UL>
<BR>[Calls]<UL><LI><a href="#[198]">&gt;&gt;</a>&nbsp;&nbsp;&nbsp;FW_SEI
<LI><a href="#[196]">&gt;&gt;</a>&nbsp;&nbsp;&nbsp;FW_SDI
<LI><a href="#[197]">&gt;&gt;</a>&nbsp;&nbsp;&nbsp;strncmp
</UL>
<BR>[Called By]<UL><LI><a href="#[224]">&gt;&gt;</a>&nbsp;&nbsp;&nbsp;Test
<LI><a href="#[10d]">&gt;&gt;</a>&nbsp;&nbsp;&nbsp;HC595_Port_Init
<LI><a href="#[12f]">&gt;&gt;</a>&nbsp;&nbsp;&nbsp;EXT_GPIO_Config
</UL>

<P><STRONG><a name="[14a]"></a>FW_Device_PreBind</STRONG> (Thumb, 110 bytes, Stack size 24 bytes, fw_device.o(i.FW_Device_PreBind))
<BR><BR>[Stack]<UL><LI>Max Depth = 36<LI>Call Chain = FW_Device_PreBind &rArr; strncmp
</UL>
<BR>[Calls]<UL><LI><a href="#[199]">&gt;&gt;</a>&nbsp;&nbsp;&nbsp;FW_List_Init
<LI><a href="#[197]">&gt;&gt;</a>&nbsp;&nbsp;&nbsp;strncmp
<LI><a href="#[166]">&gt;&gt;</a>&nbsp;&nbsp;&nbsp;strcpy
</UL>
<BR>[Called By]<UL><LI><a href="#[27]">&gt;&gt;</a>&nbsp;&nbsp;&nbsp;main
</UL>

<P><STRONG><a name="[14b]"></a>FW_Device_PreInit</STRONG> (Thumb, 38 bytes, Stack size 16 bytes, fw_device.o(i.FW_Device_PreInit))
<BR><BR>[Stack]<UL><LI>Max Depth = 16<LI>Call Chain = FW_Device_PreInit
</UL>
<BR>[Called By]<UL><LI><a href="#[27]">&gt;&gt;</a>&nbsp;&nbsp;&nbsp;main
</UL>

<P><STRONG><a name="[17b]"></a>FW_Driver_Find</STRONG> (Thumb, 40 bytes, Stack size 24 bytes, fw_driver.o(i.FW_Driver_Find))
<BR><BR>[Stack]<UL><LI>Max Depth = 36<LI>Call Chain = FW_Driver_Find &rArr; strncmp
</UL>
<BR>[Calls]<UL><LI><a href="#[197]">&gt;&gt;</a>&nbsp;&nbsp;&nbsp;strncmp
</UL>
<BR>[Called By]<UL><LI><a href="#[d7]">&gt;&gt;</a>&nbsp;&nbsp;&nbsp;WF183D_Init
<LI><a href="#[d1]">&gt;&gt;</a>&nbsp;&nbsp;&nbsp;WF200D_Init
<LI><a href="#[c6]">&gt;&gt;</a>&nbsp;&nbsp;&nbsp;SNOR_Init
<LI><a href="#[bf]">&gt;&gt;</a>&nbsp;&nbsp;&nbsp;ILI_Init
<LI><a href="#[12f]">&gt;&gt;</a>&nbsp;&nbsp;&nbsp;EXT_GPIO_Config
<LI><a href="#[ff]">&gt;&gt;</a>&nbsp;&nbsp;&nbsp;ST7735_Init
<LI><a href="#[f1]">&gt;&gt;</a>&nbsp;&nbsp;&nbsp;MF_S522_Init
<LI><a href="#[148]">&gt;&gt;</a>&nbsp;&nbsp;&nbsp;FW_System_Init
<LI><a href="#[149]">&gt;&gt;</a>&nbsp;&nbsp;&nbsp;FW_Delay_Init
<LI><a href="#[130]">&gt;&gt;</a>&nbsp;&nbsp;&nbsp;FW_GPIO_Driver_Probe
<LI><a href="#[134]">&gt;&gt;</a>&nbsp;&nbsp;&nbsp;WWDG_Driver_Probe
<LI><a href="#[133]">&gt;&gt;</a>&nbsp;&nbsp;&nbsp;IWDG_Driver_Probe
<LI><a href="#[132]">&gt;&gt;</a>&nbsp;&nbsp;&nbsp;IRTC_Driver_Probe
<LI><a href="#[131]">&gt;&gt;</a>&nbsp;&nbsp;&nbsp;IFlash_Driver_Probe
</UL>

<P><STRONG><a name="[1ba]"></a>FW_I2C_Init</STRONG> (Thumb, 108 bytes, Stack size 104 bytes, fw_i2c.o(i.FW_I2C_Init))
<BR><BR>[Stack]<UL><LI>Max Depth = 128<LI>Call Chain = FW_I2C_Init &rArr; SGTR_Config &rArr; MM_Malloc
</UL>
<BR>[Calls]<UL><LI><a href="#[1bc]">&gt;&gt;</a>&nbsp;&nbsp;&nbsp;SGTR_DeInit
<LI><a href="#[1be]">&gt;&gt;</a>&nbsp;&nbsp;&nbsp;SGTR_Config
<LI><a href="#[1bb]">&gt;&gt;</a>&nbsp;&nbsp;&nbsp;FW_Device_GetDriver
<LI><a href="#[1bd]">&gt;&gt;</a>&nbsp;&nbsp;&nbsp;__aeabi_memcpy4
</UL>
<BR>[Called By]<UL><LI><a href="#[7a]">&gt;&gt;</a>&nbsp;&nbsp;&nbsp;WF183D_I2C_Init
<LI><a href="#[80]">&gt;&gt;</a>&nbsp;&nbsp;&nbsp;WF200D_I2C_Init
</UL>

<P><STRONG><a name="[238]"></a>FW_I2C_Read</STRONG> (Thumb, 26 bytes, Stack size 40 bytes, fw_i2c.o(i.FW_I2C_Read))
<BR><BR>[Stack]<UL><LI>Max Depth = 40<LI>Call Chain = FW_I2C_Read
</UL>
<BR>[Called By]<UL><LI><a href="#[82]">&gt;&gt;</a>&nbsp;&nbsp;&nbsp;WF200D_I2C_ReadByte
</UL>

<P><STRONG><a name="[233]"></a>FW_I2C_SetDelay</STRONG> (Thumb, 68 bytes, Stack size 20 bytes, fw_i2c.o(i.FW_I2C_SetDelay))
<BR><BR>[Stack]<UL><LI>Max Depth = 20<LI>Call Chain = FW_I2C_SetDelay
</UL>
<BR>[Called By]<UL><LI><a href="#[7a]">&gt;&gt;</a>&nbsp;&nbsp;&nbsp;WF183D_I2C_Init
<LI><a href="#[80]">&gt;&gt;</a>&nbsp;&nbsp;&nbsp;WF200D_I2C_Init
</UL>

<P><STRONG><a name="[239]"></a>FW_I2C_Write</STRONG> (Thumb, 26 bytes, Stack size 40 bytes, fw_i2c.o(i.FW_I2C_Write))
<BR><BR>[Stack]<UL><LI>Max Depth = 40<LI>Call Chain = FW_I2C_Write
</UL>
<BR>[Called By]<UL><LI><a href="#[81]">&gt;&gt;</a>&nbsp;&nbsp;&nbsp;WF200D_I2C_WriteByte
</UL>

<P><STRONG><a name="[15e]"></a>FW_Lock</STRONG> (Thumb, 10 bytes, Stack size 8 bytes, fw_system.o(i.FW_Lock))
<BR><BR>[Stack]<UL><LI>Max Depth = 8<LI>Call Chain = FW_Lock
</UL>
<BR>[Called By]<UL><LI><a href="#[ec]">&gt;&gt;</a>&nbsp;&nbsp;&nbsp;ESP8266_Get_ServerInfo
<LI><a href="#[ed]">&gt;&gt;</a>&nbsp;&nbsp;&nbsp;ESP8266_Get_LinkState
<LI><a href="#[e6]">&gt;&gt;</a>&nbsp;&nbsp;&nbsp;ESP8266_AP_Probe
<LI><a href="#[e7]">&gt;&gt;</a>&nbsp;&nbsp;&nbsp;ESP8266_AP_Link
<LI><a href="#[1ca]">&gt;&gt;</a>&nbsp;&nbsp;&nbsp;RB_Write
<LI><a href="#[1d8]">&gt;&gt;</a>&nbsp;&nbsp;&nbsp;RB_String_IsExist
<LI><a href="#[1d7]">&gt;&gt;</a>&nbsp;&nbsp;&nbsp;RB_Read_Inter
<LI><a href="#[1d6]">&gt;&gt;</a>&nbsp;&nbsp;&nbsp;RB_Read_HL
<LI><a href="#[1d4]">&gt;&gt;</a>&nbsp;&nbsp;&nbsp;RB_Read_Fisrt
<LI><a href="#[1cc]">&gt;&gt;</a>&nbsp;&nbsp;&nbsp;RB_Read
<LI><a href="#[1cf]">&gt;&gt;</a>&nbsp;&nbsp;&nbsp;RB_PMB_Write
<LI><a href="#[1ce]">&gt;&gt;</a>&nbsp;&nbsp;&nbsp;RB_PMB_Set
<LI><a href="#[1cb]">&gt;&gt;</a>&nbsp;&nbsp;&nbsp;RB_Get_DataLength
<LI><a href="#[1d1]">&gt;&gt;</a>&nbsp;&nbsp;&nbsp;RB_Clear_Buffer
<LI><a href="#[209]">&gt;&gt;</a>&nbsp;&nbsp;&nbsp;RB_Data_IsCC
<LI><a href="#[52]">&gt;&gt;</a>&nbsp;&nbsp;&nbsp;FW_UART_WriteINT
<LI><a href="#[53]">&gt;&gt;</a>&nbsp;&nbsp;&nbsp;FW_UART_WriteDMA
<LI><a href="#[50]">&gt;&gt;</a>&nbsp;&nbsp;&nbsp;FW_UART_IH_TX
<LI><a href="#[4f]">&gt;&gt;</a>&nbsp;&nbsp;&nbsp;FW_UART_IH_TC
<LI><a href="#[4e]">&gt;&gt;</a>&nbsp;&nbsp;&nbsp;FW_UART_IH_RX
<LI><a href="#[4d]">&gt;&gt;</a>&nbsp;&nbsp;&nbsp;FW_UART_IH_RC
<LI><a href="#[43]">&gt;&gt;</a>&nbsp;&nbsp;&nbsp;FW_SPI_IH_TX
<LI><a href="#[42]">&gt;&gt;</a>&nbsp;&nbsp;&nbsp;FW_SPI_IH_TC
<LI><a href="#[41]">&gt;&gt;</a>&nbsp;&nbsp;&nbsp;FW_SPI_IH_RX
<LI><a href="#[40]">&gt;&gt;</a>&nbsp;&nbsp;&nbsp;FW_SPI_IH_RC
</UL>

<P><STRONG><a name="[32]"></a>FW_OS_Delay</STRONG> (Thumb, 42 bytes, Stack size 16 bytes, fw_os.o(i.FW_OS_Delay))
<BR><BR>[Stack]<UL><LI>Max Depth = 28<LI>Call Chain = FW_OS_Delay &rArr; __aeabi_uidivmod
</UL>
<BR>[Calls]<UL><LI><a href="#[13d]">&gt;&gt;</a>&nbsp;&nbsp;&nbsp;__aeabi_uidivmod
</UL>
<BR>[Address Reference Count : 1]<UL><LI> fw_delay.o(i.FW_Delay_Init)
</UL>
<P><STRONG><a name="[193]"></a>FW_OS_GetTickTime</STRONG> (Thumb, 40 bytes, Stack size 8 bytes, fw_os.o(i.FW_OS_GetTickTime))
<BR><BR>[Stack]<UL><LI>Max Depth = 8<LI>Call Chain = FW_OS_GetTickTime
</UL>
<BR>[Called By]<UL><LI><a href="#[149]">&gt;&gt;</a>&nbsp;&nbsp;&nbsp;FW_Delay_Init
</UL>

[...]
<LI><a href="#[13d]">&gt;&gt;</a>&nbsp;&nbsp;&nbsp;__aeabi_uidivmod
</UL>
<BR>[Address Reference Count : 1]<UL><LI> fw_sspi.o(.constdata)
</UL>
<P><STRONG><a name="[11b]"></a>SSPI_Read</STRONG> (Thumb, 34 bytes, Stack size 24 bytes, fw_sspi.o(i.SSPI_Read))
<BR><BR>[Stack]<UL><LI>Max Depth = 24<LI>Call Chain = SSPI_Read
</UL>
<BR>[Address Reference Count : 1]<UL><LI> fw_sspi.o(.constdata)
</UL>
<P><STRONG><a name="[11a]"></a>SSPI_Write</STRONG> (Thumb, 32 bytes, Stack size 24 bytes, fw_sspi.o(i.SSPI_Write))
<BR><BR>[Stack]<UL><LI>Max Depth = 24<LI>Call Chain = SSPI_Write
</UL>
<BR>[Address Reference Count : 1]<UL><LI> fw_sspi.o(.constdata)
</UL>
<P><STRONG><a name="[72]"></a>TRByte_LSB</STRONG> (Thumb, 100 bytes, Stack size 24 bytes, fw_sspi.o(i.TRByte_LSB))
<BR><BR>[Stack]<UL><LI>Max Depth = 64<LI>Call Chain = TRByte_LSB &rArr; FW_GPIO_Write &rArr; GPIO_PinWrite
</UL>
<BR>[Calls]<UL><LI><a href="#[1b7]">&gt;&gt;</a>&nbsp;&nbsp;&nbsp;FW_GPIO_Write
<LI><a href="#[1ab]">&gt;&gt;</a>&nbsp;&nbsp;&nbsp;FW_GPIO_Read
</UL>
<BR>[Address Reference Count : 1]<UL><LI> fw_sspi.o(i.SSPI_Init)
</UL>
<P><STRONG><a name="[71]"></a>TRByte_MSB</STRONG> (Thumb, 100 bytes, Stack size 24 bytes, fw_sspi.o(i.TRByte_MSB))
<BR><BR>[Stack]<UL><LI>Max Depth = 64<LI>Call Chain = TRByte_MSB &rArr; FW_GPIO_Write &rArr; GPIO_PinWrite
</UL>
<BR>[Calls]<UL><LI><a href="#[1b7]">&gt;&gt;</a>&nbsp;&nbsp;&nbsp;FW_GPIO_Write
<LI><a href="#[1ab]">&gt;&gt;</a>&nbsp;&nbsp;&nbsp;FW_GPIO_Read
</UL>
<BR>[Address Reference Count : 1]<UL><LI> fw_sspi.o(i.SSPI_Init)
</UL>
<P><STRONG><a name="[1bb]"></a>FW_Device_GetDriver</STRONG> (Thumb, 6 bytes, Stack size 0 bytes, fw_i2c.o(i.FW_Device_GetDriver))
<BR><BR>[Called By]<UL><LI><a href="#[1ba]">&gt;&gt;</a>&nbsp;&nbsp;&nbsp;FW_I2C_Init
<LI><a href="#[3a]">&gt;&gt;</a>&nbsp;&nbsp;&nbsp;FW_I2C_WritePOL
<LI><a href="#[3d]">&gt;&gt;</a>&nbsp;&nbsp;&nbsp;FW_I2C_ReadPOL
</UL>

<P><STRONG><a name="[36]"></a>FW_I2C_IH_RC</STRONG> (Thumb, 2 bytes, Stack size 0 bytes, fw_i2c.o(i.FW_I2C_IH_RC))
<BR>[Address Reference Count : 1]<UL><LI> fw_i2c.o(i.FW_I2C_Init)
</UL>
<P><STRONG><a name="[37]"></a>FW_I2C_IH_RX</STRONG> (Thumb, 2 bytes, Stack size 0 bytes, fw_i2c.o(i.FW_I2C_IH_RX))
<BR>[Address Reference Count : 1]<UL><LI> fw_i2c.o(i.FW_I2C_Init)
</UL>
<P><STRONG><a name="[38]"></a>FW_I2C_IH_TC</STRONG> (Thumb, 2 bytes, Stack size 0 bytes, fw_i2c.o(i.FW_I2C_IH_TC))
<BR>[Address Reference Count : 1]<UL><LI> fw_i2c.o(i.FW_I2C_Init)
</UL>
<P><STRONG><a name="[39]"></a>FW_I2C_IH_TX</STRONG> (Thumb, 2 bytes, Stack size 0 bytes, fw_i2c.o(i.FW_I2C_IH_TX))
<BR>[Address Reference Count : 1]<UL><LI> fw_i2c.o(i.FW_I2C_Init)
</UL>
<P><STRONG><a name="[3f]"></a>FW_I2C_ReadDMA</STRONG> (Thumb, 8 bytes, Stack size 8 bytes, fw_i2c.o(i.FW_I2C_ReadDMA))
<BR><BR>[Stack]<UL><LI>Max Depth = 8<LI>Call Chain = FW_I2C_ReadDMA
</UL>
<BR>[Address Reference Count : 1]<UL><LI> fw_i2c.o(i.FW_I2C_Init)
</UL>
<P><STRONG><a name="[3e]"></a>FW_I2C_ReadINT</STRONG> (Thumb, 8 bytes, Stack size 8 bytes, fw_i2c.o(i.FW_I2C_ReadINT))
<BR><BR>[Stack]<UL><LI>Max Depth = 8<LI>Call Chain = FW_I2C_ReadINT
</UL>
<BR>[Address Reference Count : 1]<UL><LI> fw_i2c.o(i.FW_I2C_Init)
</UL>
<P><STRONG><a name="[3d]"></a>FW_I2C_ReadPOL</STRONG> (Thumb, 32 bytes, Stack size 40 bytes, fw_i2c.o(i.FW_I2C_ReadPOL))
<BR><BR>[Stack]<UL><LI>Max Depth = 40<LI>Call Chain = FW_I2C_ReadPOL
</UL>
<BR>[Calls]<UL><LI><a href="#[1bb]">&gt;&gt;</a>&nbsp;&nbsp;&nbsp;FW_Device_GetDriver
</UL>
<BR>[Address Reference Count : 1]<UL><LI> fw_i2c.o(i.FW_I2C_Init)
</UL>
<P><STRONG><a name="[3c]"></a>FW_I2C_WriteDMA</STRONG> (Thumb, 8 bytes, Stack size 8 bytes, fw_i2c.o(i.FW_I2C_WriteDMA))
<BR><BR>[Stack]<UL><LI>Max Depth = 8<LI>Call Chain = FW_I2C_WriteDMA
</UL>
<BR>[Address Reference Count : 1]<UL><LI> fw_i2c.o(i.FW_I2C_Init)
</UL>
<P><STRONG><a name="[3b]"></a>FW_I2C_WriteINT</STRONG> (Thumb, 8 bytes, Stack size 8 bytes, fw_i2c.o(i.FW_I2C_WriteINT))
<BR><BR>[Stack]<UL><LI>Max Depth = 8<LI>Call Chain = FW_I2C_WriteINT
</UL>
<BR>[Address Reference Count : 1]<UL><LI> fw_i2c.o(i.FW_I2C_Init)
</UL>
<P><STRONG><a name="[3a]"></a>FW_I2C_WritePOL</STRONG> (Thumb, 32 bytes, Stack size 40 bytes, fw_i2c.o(i.FW_I2C_WritePOL))
<BR><BR>[Stack]<UL><LI>Max Depth = 40<LI>Call Chain = FW_I2C_WritePOL
</UL>
<BR>[Calls]<UL><LI><a href="#[1bb]">&gt;&gt;</a>&nbsp;&nbsp;&nbsp;FW_Device_GetDriver
</UL>
<BR>[Address Reference Count : 1]<UL><LI> fw_i2c.o(i.FW_I2C_Init)
</UL>
<P><STRONG><a name="[1a5]"></a>FW_GPIO_Init</STRONG> (Thumb, 22 bytes, Stack size 16 bytes, fw_si2c.o(i.FW_GPIO_Init))
<BR><BR>[Stack]<UL><LI>Max Depth = 56<LI>Call Chain = FW_GPIO_Init &rArr; GPIO_PinInit
</UL>
<BR>[Calls]<UL><LI><a href="#[19b]">&gt;&gt;</a>&nbsp;&nbsp;&nbsp;GPIO_PinInit
</UL>
<BR>[Called By]<UL><LI><a href="#[1c5]">&gt;&gt;</a>&nbsp;&nbsp;&nbsp;SI2C_Read_Byte
<LI><a href="#[11c]">&gt;&gt;</a>&nbsp;&nbsp;&nbsp;FW_SI2C_Init
</UL>

<P><STRONG><a name="[1b8]"></a>FW_GPIO_Write</STRONG> (Thumb, 18 bytes, Stack size 16 bytes, fw_si2c.o(i.FW_GPIO_Write))
<BR><BR>[Stack]<UL><LI>Max Depth = 40<LI>Call Chain = FW_GPIO_Write &rArr; GPIO_PinWrite
</UL>
<BR>[Calls]<UL><LI><a href="#[1af]">&gt;&gt;</a>&nbsp;&nbsp;&nbsp;GPIO_PinWrite
</UL>
<BR>[Called By]<UL><LI><a href="#[1c7]">&gt;&gt;</a>&nbsp;&nbsp;&nbsp;SDA_OUT
<LI><a href="#[1c6]">&gt;&gt;</a>&nbsp;&nbsp;&nbsp;SCL_OUT
<LI><a href="#[11c]">&gt;&gt;</a>&nbsp;&nbsp;&nbsp;FW_SI2C_Init
</UL>

<P><STRONG><a name="[1c2]"></a>FW_I2C_Get10BAddrH</STRONG> (Thumb, 16 bytes, Stack size 0 bytes, fw_si2c.o(i.FW_I2C_Get10BAddrH))
<BR><BR>[Called By]<UL><LI><a href="#[11d]">&gt;&gt;</a>&nbsp;&nbsp;&nbsp;FW_SI2C_Write
<LI><a href="#[11e]">&gt;&gt;</a>&nbsp;&nbsp;&nbsp;FW_SI2C_Read
</UL>

<P><STRONG><a name="[11c]"></a>FW_SI2C_Init</STRONG> (Thumb, 82 bytes, Stack size 8 bytes, fw_si2c.o(i.FW_SI2C_Init))
<BR><BR>[Stack]<UL><LI>Max Depth = 64<LI>Call Chain = FW_SI2C_Init &rArr; FW_GPIO_Init &rArr; GPIO_PinInit
</UL>
<BR>[Calls]<UL><LI><a href="#[1b8]">&gt;&gt;</a>&nbsp;&nbsp;&nbsp;FW_GPIO_Write
<LI><a href="#[1a5]">&gt;&gt;</a>&nbsp;&nbsp;&nbsp;FW_GPIO_Init
<LI><a href="#[13c]">&gt;&gt;</a>&nbsp;&nbsp;&nbsp;__aeabi_idivmod
</UL>
<BR>[Address Reference Count : 1]<UL><LI> fw_si2c.o(.constdata)
</UL>
<P><STRONG><a name="[11e]"></a>FW_SI2C_Read</STRONG> (Thumb, 328 bytes, Stack size 56 bytes, fw_si2c.o(i.FW_SI2C_Read))
<BR><BR>[Stack]<UL><LI>Max Depth = 128<LI>Call Chain = FW_SI2C_Read &rArr; SI2C_Write_Byte &rArr; SDA_OUT &rArr; FW_GPIO_Write &rArr; GPIO_PinWrite
</UL>
<BR>[Calls]<UL><LI><a href="#[195]">&gt;&gt;</a>&nbsp;&nbsp;&nbsp;FW_Delay_Us
<LI><a href="#[1c3]">&gt;&gt;</a>&nbsp;&nbsp;&nbsp;SI2C_Write_Byte
<LI><a href="#[1c8]">&gt;&gt;</a>&nbsp;&nbsp;&nbsp;SI2C_Stop
<LI><a href="#[1c1]">&gt;&gt;</a>&nbsp;&nbsp;&nbsp;SI2C_Start
<LI><a href="#[1c5]">&gt;&gt;</a>&nbsp;&nbsp;&nbsp;SI2C_Read_Byte
<LI><a href="#[1c4]">&gt;&gt;</a>&nbsp;&nbsp;&nbsp;SI2C_ACK
<LI><a href="#[1c7]">&gt;&gt;</a>&nbsp;&nbsp;&nbsp;SDA_OUT
<LI><a href="#[1c6]">&gt;&gt;</a>&nbsp;&nbsp;&nbsp;SCL_OUT
<LI><a href="#[1c2]">&gt;&gt;</a>&nbsp;&nbsp;&nbsp;FW_I2C_Get10BAddrH
</UL>
<BR>[Address Reference Count : 1]<UL><LI> fw_si2c.o(.constdata)
</UL>
<P><STRONG><a name="[11d]"></a>FW_SI2C_Write</STRONG> (Thumb, 170 bytes, Stack size 56 bytes, fw_si2c.o(i.FW_SI2C_Write))
<BR><BR>[Stack]<UL><LI>Max Depth = 128<LI>Call Chain = FW_SI2C_Write &rArr; SI2C_Write_Byte &rArr; SDA_OUT &rArr; FW_GPIO_Write &rArr; GPIO_PinWrite
</UL>
<BR>[Calls]<UL><LI><a href="#[1c3]">&gt;&gt;</a>&nbsp;&nbsp;&nbsp;SI2C_Write_Byte
<LI><a href="#[1c8]">&gt;&gt;</a>&nbsp;&nbsp;&nbsp;SI2C_Stop
<LI><a href="#[1c1]">&gt;&gt;</a>&nbsp;&nbsp;&nbsp;SI2C_Start
<LI><a href="#[1c4]">&gt;&gt;</a>&nbsp;&nbsp;&nbsp;SI2C_ACK
<LI><a href="#[1c2]">&gt;&gt;</a>&nbsp;&nbsp;&nbsp;FW_I2C_Get10BAddrH
</UL>
<BR>[Address Reference Count : 1]<UL><LI> fw_si2c.o(.constdata)
</UL>
<P><STRONG><a name="[1c6]"></a>SCL_OUT</STRONG> (Thumb, 34 bytes, Stack size 16 bytes, fw_si2c.o(i.SCL_OUT))
<BR><BR>[Stack]<UL><LI>Max Depth = 56<LI>Call Chain = SCL_OUT &rArr; FW_GPIO_Write &rArr; GPIO_PinWrite
</UL>
<BR>[Calls]<UL><LI><a href="#[1b8]">&gt;&gt;</a>&nbsp;&nbsp;&nbsp;FW_GPIO_Write
</UL>
<BR>[Called By]<UL><LI><a href="#[1c3]">&gt;&gt;</a>&nbsp;&nbsp;&nbsp;SI2C_Write_Byte
<LI><a href="#[1c8]">&gt;&gt;</a>&nbsp;&nbsp;&nbsp;SI2C_Stop
<LI><a href="#[1c1]">&gt;&gt;</a>&nbsp;&nbsp;&nbsp;SI2C_Start
<LI><a href="#[1c5]">&gt;&gt;</a>&nbsp;&nbsp;&nbsp;SI2C_Read_Byte
<LI><a href="#[1c4]">&gt;&gt;</a>&nbsp;&nbsp;&nbsp;SI2C_ACK
<LI><a href="#[11e]">&gt;&gt;</a>&nbsp;&nbsp;&nbsp;FW_SI2C_Read
</UL>

<P><STRONG><a name="[212]"></a>SDA_IN</STRONG> (Thumb, 18 bytes, Stack size 16 bytes, fw_si2c.o(i.SDA_IN))
<BR><BR>[Stack]<UL><LI>Max Depth = 32<LI>Call Chain = SDA_IN &rArr; GPIO_PinRead
</UL>
<BR>[Calls]<UL><LI><a href="#[1a8]">&gt;&gt;</a>&nbsp;&nbsp;&nbsp;GPIO_PinRead
</UL>
<BR>[Called By]<UL><LI><a href="#[1c5]">&gt;&gt;</a>&nbsp;&nbsp;&nbsp;SI2C_Read_Byte
</UL>

<P><STRONG><a name="[1c7]"></a>SDA_OUT</STRONG> (Thumb, 34 bytes, Stack size 16 bytes, fw_si2c.o(i.SDA_OUT))
<BR><BR>[Stack]<UL><LI>Max Depth = 56<LI>Call Chain = SDA_OUT &rArr; FW_GPIO_Write &rArr; GPIO_PinWrite
</UL>
<BR>[Calls]<UL><LI><a href="#[1b8]">&gt;&gt;</a>&nbsp;&nbsp;&nbsp;FW_GPIO_Write
</UL>
<BR>[Called By]<UL><LI><a href="#[1c3]">&gt;&gt;</a>&nbsp;&nbsp;&nbsp;SI2C_Write_Byte
<LI><a href="#[1c8]">&gt;&gt;</a>&nbsp;&nbsp;&nbsp;SI2C_Stop
<LI><a href="#[1c1]">&gt;&gt;</a>&nbsp;&nbsp;&nbsp;SI2C_Start
<LI><a href="#[1c5]">&gt;&gt;</a>&nbsp;&nbsp;&nbsp;SI2C_Read_Byte
<LI><a href="#[1c4]">&gt;&gt;</a>&nbsp;&nbsp;&nbsp;SI2C_ACK
<LI><a href="#[11e]">&gt;&gt;</a>&nbsp;&nbsp;&nbsp;FW_SI2C_Read
</UL>

<P><STRONG><a name="[1c4]"></a>SI2C_ACK</STRONG> (Thumb, 54 bytes, Stack size 8 bytes, fw_si2c.o(i.SI2C_ACK))
<BR><BR>[Stack]<UL><LI>Max Depth = 64<LI>Call Chain = SI2C_ACK &rArr; SDA_OUT &rArr; FW_GPIO_Write &rArr; GPIO_PinWrite
</UL>
<BR>[Calls]<UL><LI><a href="#[195]">&gt;&gt;</a>&nbsp;&nbsp;&nbsp;FW_Delay_Us
<LI><a href="#[1c7]">&gt;&gt;</a>&nbsp;&nbsp;&nbsp;SDA_OUT
<LI><a href="#[1c6]">&gt;&gt;</a>&nbsp;&nbsp;&nbsp;SCL_OUT
</UL>
<BR>[Called By]<UL><LI><a href="#[11d]">&gt;&gt;</a>&nbsp;&nbsp;&nbsp;FW_SI2C_Write
<LI><a href="#[11e]">&gt;&gt;</a>&nbsp;&nbsp;&nbsp;FW_SI2C_Read
</UL>

<P><STRONG><a name="[1c5]"></a>SI2C_Read_Byte</STRONG> (Thumb, 182 bytes, Stack size 16 bytes, fw_si2c.o(i.SI2C_Read_Byte))
<BR><BR>[Stack]<UL><LI>Max Depth = 72<LI>Call Chain = SI2C_Read_Byte &rArr; SDA_OUT &rArr; FW_GPIO_Write &rArr; GPIO_PinWrite
</UL>
<BR>[Calls]<UL><LI><a href="#[195]">&gt;&gt;</a>&nbsp;&nbsp;&nbsp;FW_Delay_Us
<LI><a href="#[1c7]">&gt;&gt;</a>&nbsp;&nbsp;&nbsp;SDA_OUT
<LI><a href="#[212]">&gt;&gt;</a>&nbsp;&nbsp;&nbsp;SDA_IN
<LI><a href="#[1c6]">&gt;&gt;</a>&nbsp;&nbsp;&nbsp;SCL_OUT
<LI><a href="#[1a5]">&gt;&gt;</a>&nbsp;&nbsp;&nbsp;FW_GPIO_Init
</UL>
<BR>[Called By]<UL><LI><a href="#[11e]">&gt;&gt;</a>&nbsp;&nbsp;&nbsp;FW_SI2C_Read
</UL>

<P><STRONG><a name="[1c1]"></a>SI2C_Start</STRONG> (Thumb, 54 bytes, Stack size 8 bytes, fw_si2c.o(i.SI2C_Start))
<BR><BR>[Stack]<UL><LI>Max Depth = 64<LI>Call Chain = SI2C_Start &rArr; SDA_OUT &rArr; FW_GPIO_Write &rArr; GPIO_PinWrite
</UL>
<BR>[Calls]<UL><LI><a href="#[195]">&gt;&gt;</a>&nbsp;&nbsp;&nbsp;FW_Delay_Us
<LI><a href="#[1c7]">&gt;&gt;</a>&nbsp;&nbsp;&nbsp;SDA_OUT
<LI><a href="#[1c6]">&gt;&gt;</a>&nbsp;&nbsp;&nbsp;SCL_OUT
</UL>
<BR>[Called By]<UL><LI><a href="#[11d]">&gt;&gt;</a>&nbsp;&nbsp;&nbsp;FW_SI2C_Write
<LI><a href="#[11e]">&gt;&gt;</a>&nbsp;&nbsp;&nbsp;FW_SI2C_Read
</UL>

<P><STRONG><a name="[1c8]"></a>SI2C_Stop</STRONG> (Thumb, 54 bytes, Stack size 8 bytes, fw_si2c.o(i.SI2C_Stop))
<BR><BR>[Stack]<UL><LI>Max Depth = 64<LI>Call Chain = SI2C_Stop &rArr; SDA_OUT &rArr; FW_GPIO_Write &rArr; GPIO_PinWrite
</UL>
<BR>[Calls]<UL><LI><a href="#[195]">&gt;&gt;</a>&nbsp;&nbsp;&nbsp;FW_Delay_Us
<LI><a href="#[1c7]">&gt;&gt;</a>&nbsp;&nbsp;&nbsp;SDA_OUT
<LI><a href="#[1c6]">&gt;&gt;</a>&nbsp;&nbsp;&nbsp;SCL_OUT
</UL>
<BR>[Called By]<UL><LI><a href="#[11d]">&gt;&gt;</a>&nbsp;&nbsp;&nbsp;FW_SI2C_Write
<LI><a href="#[11e]">&gt;&gt;</a>&nbsp;&nbsp;&nbsp;FW_SI2C_Read
</UL>

<P><STRONG><a name="[1c3]"></a>SI2C_Write_Byte</STRONG> (Thumb, 174 bytes, Stack size 16 bytes, fw_si2c.o(i.SI2C_Write_Byte))
<BR><BR>[Stack]<UL><LI>Max Depth = 72<LI>Call Chain = SI2C_Write_Byte &rArr; SDA_OUT &rArr; FW_GPIO_Write &rArr; GPIO_PinWrite
</UL>
<BR>[Calls]<UL><LI><a href="#[195]">&gt;&gt;</a>&nbsp;&nbsp;&nbsp;FW_Delay_Us
<LI><a href="#[1c7]">&gt;&gt;</a>&nbsp;&nbsp;&nbsp;SDA_OUT
<LI><a href="#[1c6]">&gt;&gt;</a>&nbsp;&nbsp;&nbsp;SCL_OUT
</UL>
<BR>[Called By]<UL><LI><a href="#[11d]">&gt;&gt;</a>&nbsp;&nbsp;&nbsp;FW_SI2C_Write
<LI><a href="#[11e]">&gt;&gt;</a>&nbsp;&nbsp;&nbsp;FW_SI2C_Read
</UL>

<P><STRONG><a name="[205]"></a>FW_Device_GetDriver</STRONG> (Thumb, 6 bytes, Stack size 0 bytes, fw_timer.o(i.FW_Device_GetDriver))
<BR><BR>[Called By]<UL><LI><a href="#[120]">&gt;&gt;</a>&nbsp;&nbsp;&nbsp;PWM_Set_Frequency
<LI><a href="#[122]">&gt;&gt;</a>&nbsp;&nbsp;&nbsp;PWM_Set_DC
<LI><a href="#[11f]">&gt;&gt;</a>&nbsp;&nbsp;&nbsp;PWM_Init
<LI><a href="#[121]">&gt;&gt;</a>&nbsp;&nbsp;&nbsp;PWM_Get_Frequency
<LI><a href="#[123]">&gt;&gt;</a>&nbsp;&nbsp;&nbsp;PWM_Get_DC
<LI><a href="#[124]">&gt;&gt;</a>&nbsp;&nbsp;&nbsp;PWM_CTL
</UL>

<P><STRONG><a name="[204]"></a>FW_Device_GetParent</STRONG> (Thumb, 6 bytes, Stack size 0 bytes, fw_timer.o(i.FW_Device_GetParent))
<BR><BR>[Called By]<UL><LI><a href="#[120]">&gt;&gt;</a>&nbsp;&nbsp;&nbsp;PWM_Set_Frequency
<LI><a href="#[122]">&gt;&gt;</a>&nbsp;&nbsp;&nbsp;PWM_Set_DC
<LI><a href="#[11f]">&gt;&gt;</a>&nbsp;&nbsp;&nbsp;PWM_Init
<LI><a href="#[121]">&gt;&gt;</a>&nbsp;&nbsp;&nbsp;PWM_Get_Frequency
<LI><a href="#[123]">&gt;&gt;</a>&nbsp;&nbsp;&nbsp;PWM_Get_DC
<LI><a href="#[124]">&gt;&gt;</a>&nbsp;&nbsp;&nbsp;PWM_CTL
</UL>

<P><STRONG><a name="[124]"></a>PWM_CTL</STRONG> (Thumb, 36 bytes, Stack size 24 bytes, fw_timer.o(i.PWM_CTL))
<BR><BR>[Stack]<UL><LI>Max Depth = 24<LI>Call Chain = PWM_CTL
</UL>
<BR>[Calls]<UL><LI><a href="#[204]">&gt;&gt;</a>&nbsp;&nbsp;&nbsp;FW_Device_GetParent
<LI><a href="#[205]">&gt;&gt;</a>&nbsp;&nbsp;&nbsp;FW_Device_GetDriver
</UL>
<BR>[Address Reference Count : 1]<UL><LI> fw_timer.o(.constdata)
</UL>
<P><STRONG><a name="[123]"></a>PWM_Get_DC</STRONG> (Thumb, 32 bytes, Stack size 16 bytes, fw_timer.o(i.PWM_Get_DC))
<BR><BR>[Stack]<UL><LI>Max Depth = 16<LI>Call Chain = PWM_Get_DC
</UL>
<BR>[Calls]<UL><LI><a href="#[204]">&gt;&gt;</a>&nbsp;&nbsp;&nbsp;FW_Device_GetParent
<LI><a href="#[205]">&gt;&gt;</a>&nbsp;&nbsp;&nbsp;FW_Device_GetDriver
</UL>
<BR>[Address Reference Count : 1]<UL><LI> fw_timer.o(.constdata)
</UL>
<P><STRONG><a name="[121]"></a>PWM_Get_Frequency</STRONG> (Thumb, 28 bytes, Stack size 16 bytes, fw_timer.o(i.PWM_Get_Frequency))
<BR><BR>[Stack]<UL><LI>Max Depth = 16<LI>Call Chain = PWM_Get_Frequency
</UL>
<BR>[Calls]<UL><LI><a href="#[204]">&gt;&gt;</a>&nbsp;&nbsp;&nbsp;FW_Device_GetParent
<LI><a href="#[205]">&gt;&gt;</a>&nbsp;&nbsp;&nbsp;FW_Device_GetDriver
</UL>
<BR>[Address Reference Count : 1]<UL><LI> fw_timer.o(.constdata)
</UL>
<P><STRONG><a name="[11f]"></a>PWM_Init</STRONG> (Thumb, 32 bytes, Stack size 16 bytes, fw_timer.o(i.PWM_Init))
<BR><BR>[Stack]<UL><LI>Max Depth = 16<LI>Call Chain = PWM_Init
</UL>
<BR>[Calls]<UL><LI><a href="#[204]">&gt;&gt;</a>&nbsp;&nbsp;&nbsp;FW_Device_GetParent
<LI><a href="#[205]">&gt;&gt;</a>&nbsp;&nbsp;&nbsp;FW_Device_GetDriver
</UL>
<BR>[Address Reference Count : 1]<UL><LI> fw_timer.o(.constdata)
</UL>
<P><STRONG><a name="[122]"></a>PWM_Set_DC</STRONG> (Thumb, 44 bytes, Stack size 24 bytes, fw_timer.o(i.PWM_Set_DC))
<BR><BR>[Stack]<UL><LI>Max Depth = 24<LI>Call Chain = PWM_Set_DC
</UL>
<BR>[Calls]<UL><LI><a href="#[204]">&gt;&gt;</a>&nbsp;&nbsp;&nbsp;FW_Device_GetParent
<LI><a href="#[205]">&gt;&gt;</a>&nbsp;&nbsp;&nbsp;FW_Device_GetDriver
</UL>
<BR>[Address Reference Count : 1]<UL><LI> fw_timer.o(.constdata)
</UL>
<P><STRONG><a name="[120]"></a>PWM_Set_Frequency</STRONG> (Thumb, 40 bytes, Stack size 24 bytes, fw_timer.o(i.PWM_Set_Frequency))
<BR><BR>[Stack]<UL><LI>Max Depth = 24<LI>Call Chain = PWM_Set_Frequency
</UL>
<BR>[Calls]<UL><LI><a href="#[204]">&gt;&gt;</a>&nbsp;&nbsp;&nbsp;FW_Device_GetParent
<LI><a href="#[205]">&gt;&gt;</a>&nbsp;&nbsp;&nbsp;FW_Device_GetDriver
</UL>
<BR>[Address Reference Count : 1]<UL><LI> fw_timer.o(.constdata)
</UL>
<P><STRONG><a name="[1a6]"></a>FW_GPIO_Init</STRONG> (Thumb, 22 bytes, Stack size 16 bytes, fw_ow.o(i.FW_GPIO_Init))
<BR><BR>[Stack]<UL><LI>Max Depth = 56<LI>Call Chain = FW_GPIO_Init &rArr; GPIO_PinInit
</UL>
<BR>[Calls]<UL><LI><a href="#[19b]">&gt;&gt;</a>&nbsp;&nbsp;&nbsp;GPIO_PinInit
</UL>
<BR>[Called By]<UL><LI><a href="#[156]">&gt;&gt;</a>&nbsp;&nbsp;&nbsp;FW_OW_WaitACK
<LI><a href="#[155]">&gt;&gt;</a>&nbsp;&nbsp;&nbsp;FW_OW_Reset
<LI><a href="#[159]">&gt;&gt;</a>&nbsp;&nbsp;&nbsp;FW_OW_Init
<LI><a href="#[1c0]">&gt;&gt;</a>&nbsp;&nbsp;&nbsp;FW_OW_WriteByte
<LI><a href="#[1bf]">&gt;&gt;</a>&nbsp;&nbsp;&nbsp;FW_OW_ReadByte
</UL>

<P><STRONG><a name="[1ac]"></a>FW_GPIO_Read</STRONG> (Thumb, 14 bytes, Stack size 8 bytes, fw_ow.o(i.FW_GPIO_Read))
<BR><BR>[Stack]<UL><LI>Max Depth = 24<LI>Call Chain = FW_GPIO_Read &rArr; GPIO_PinRead
</UL>
<BR>[Calls]<UL><LI><a href="#[1a8]">&gt;&gt;</a>&nbsp;&nbsp;&nbsp;GPIO_PinRead
</UL>
<BR>[Called By]<UL><LI><a href="#[156]">&gt;&gt;</a>&nbsp;&nbsp;&nbsp;FW_OW_WaitACK
<LI><a href="#[159]">&gt;&gt;</a>&nbsp;&nbsp;&nbsp;FW_OW_Init
<LI><a href="#[1bf]">&gt;&gt;</a>&nbsp;&nbsp;&nbsp;FW_OW_ReadByte
</UL>

<P><STRONG><a name="[1b9]"></a>FW_GPIO_Write</STRONG> (Thumb, 18 bytes, Stack size 16 bytes, fw_ow.o(i.FW_GPIO_Write))
<BR><BR>[Stack]<UL><LI>Max Depth = 40<LI>Call Chain = FW_GPIO_Write &rArr; GPIO_PinWrite
</UL>
<BR>[Calls]<UL><LI><a href="#[1af]">&gt;&gt;</a>&nbsp;&nbsp;&nbsp;GPIO_PinWrite
</UL>
<BR>[Called By]<UL><LI><a href="#[155]">&gt;&gt;</a>&nbsp;&nbsp;&nbsp;FW_OW_Reset
<LI><a href="#[159]">&gt;&gt;</a>&nbsp;&nbsp;&nbsp;FW_OW_Init
<LI><a href="#[1c0]">&gt;&gt;</a>&nbsp;&nbsp;&nbsp;FW_OW_WriteByte
<LI><a href="#[1bf]">&gt;&gt;</a>&nbsp;&nbsp;&nbsp;FW_OW_ReadByte
</UL>

<P><STRONG><a name="[1bf]"></a>FW_OW_ReadByte</STRONG> (Thumb, 96 bytes, Stack size 24 bytes, fw_ow.o(i.FW_OW_ReadByte))
<BR><BR>[Stack]<UL><LI>Max Depth = 80<LI>Call Chain = FW_OW_ReadByte &rArr; FW_GPIO_Init &rArr; GPIO_PinInit
</UL>
<BR>[Calls]<UL><LI><a href="#[195]">&gt;&gt;</a>&nbsp;&nbsp;&nbsp;FW_Delay_Us
<LI><a href="#[1b9]">&gt;&gt;</a>&nbsp;&nbsp;&nbsp;FW_GPIO_Write
<LI><a href="#[1ac]">&gt;&gt;</a>&nbsp;&nbsp;&nbsp;FW_GPIO_Read
<LI><a href="#[1a6]">&gt;&gt;</a>&nbsp;&nbsp;&nbsp;FW_GPIO_Init
</UL>
<BR>[Called By]<UL><LI><a href="#[15a]">&gt;&gt;</a>&nbsp;&nbsp;&nbsp;FW_OW_Read
</UL>

<P><STRONG><a name="[1c0]"></a>FW_OW_WriteByte</STRONG> (Thumb, 112 bytes, Stack size 24 bytes, fw_ow.o(i.FW_OW_WriteByte))
<BR><BR>[Stack]<UL><LI>Max Depth = 80<LI>Call Chain = FW_OW_WriteByte &rArr; FW_GPIO_Init &rArr; GPIO_PinInit
</UL>
<BR>[Calls]<UL><LI><a href="#[195]">&gt;&gt;</a>&nbsp;&nbsp;&nbsp;FW_Delay_Us
<LI><a href="#[1b9]">&gt;&gt;</a>&nbsp;&nbsp;&nbsp;FW_GPIO_Write
<LI><a href="#[1a6]">&gt;&gt;</a>&nbsp;&nbsp;&nbsp;FW_GPIO_Init
</UL>
<BR>[Called By]<UL><LI><a href="#[15b]">&gt;&gt;</a>&nbsp;&nbsp;&nbsp;FW_OW_Write
</UL>

<P><STRONG><a name="[1e7]"></a>NVIC_SetPriority</STRONG> (Thumb, 110 bytes, Stack size 8 bytes, swm181_irqmux.o(i.NVIC_SetPriority))
<BR><BR>[Stack]<UL><LI>Max Depth = 8<LI>Call Chain = NVIC_SetPriority
</UL>
<BR>[Called By]<UL><LI><a href="#[1e6]">&gt;&gt;</a>&nbsp;&nbsp;&nbsp;IRQ_Connect
</UL>

<P><STRONG><a name="[23a]"></a>internal_alloc</STRONG> (Thumb, 74 bytes, Stack size 24 bytes, mallocr.o(i.internal_alloc))
<BR><BR>[Stack]<UL><LI>Max Depth = 32<LI>Call Chain = internal_alloc &rArr; __aeabi_memcpy
</UL>
<BR>[Calls]<UL><LI><a href="#[16e]">&gt;&gt;</a>&nbsp;&nbsp;&nbsp;__aeabi_memcpy
</UL>
<BR>[Called By]<UL><LI><a href="#[136]">&gt;&gt;</a>&nbsp;&nbsp;&nbsp;malloc
</UL>
<P>
<H3>
Undefined Global Symbols
</H3><HR></body></html>
