<html>
<body>
<pre>
<h1>µVision Build Log</h1>
<h2>Tool Versions:</h2>
IDE-Version: ¦ÌVision V5.29.0.0
Copyright (C) 2019 ARM Ltd and ARM Germany GmbH. All rights reserved.
License Information: S Administrator, S, LIC=EPPLD-8YQCT-5BPEB-2LCS9-VKYDK-TRBBD
 
Tool Versions:
Toolchain:       MDK-ARM Professional  Version: 5.29.0.0
Toolchain Path:  D:\Program Files (x86)\MDK\ARM\ARMCC\Bin
C Compiler:      Armcc.exe V5.06 update 6 (build 750)
Assembler:       Armasm.exe V5.06 update 6 (build 750)
Linker/Locator:  ArmLink.exe V5.06 update 6 (build 750)
Library Manager: ArmAr.exe V5.06 update 6 (build 750)
Hex Converter:   FromElf.exe V5.06 update 6 (build 750)
CPU DLL:         SARMCM3.DLL V5.29.0.0
Dialog DLL:      DCM.DLL V1.17.3.0
Target DLL:      CMSIS_AGDI.dll V1.32.0.0
Dialog DLL:      TCM.DLL V1.36.5.0
 
<h2>Project:</h2>
E:\0-F2M_V1.0.0\Firmware\AT32F403A_407_Firmware_Library\project\at_start_f403a\examples\gpio\io_toggle\mdk_v5\io_toggle.uvprojx
Project File Date:  05/22/2024

<h2>Output:</h2>
*** Using Compiler 'V5.06 update 6 (build 750)', folder: 'D:\Program Files (x86)\MDK\ARM\ARMCC\Bin'
Build target 'io_toggle'
compiling main.c...
compiling at32f403a_407_board.c...
compiling at32f403a_407_int.c...
compiling at32f403a_407_clock.c...
compiling at32f403a_407_misc.c...
compiling at32f403a_407_gpio.c...
compiling at32f403a_407_usart.c...
compiling at32f403a_407_crm.c...
assembling startup_at32f403a_407.s...
compiling system_at32f403a_407.c...
linking...
Program Size: Code=1842 RO-data=438 RW-data=4 ZI-data=1636  
FromELF: creating hex file...
".\objects\io_toggle.axf" - 0 Error(s), 0 Warning(s).

<h2>Software Packages used:</h2>

Package Vendor: ArteryTek
                
                ArteryTek.AT32F403A_407_DFP.2.1.9
                ArteryTek AT32F403A_407 Series Device Support,Drivers

<h2>Collection of Component include folders:</h2>
  .\RTE\_io_toggle
  D:\Program Files (x86)\MDK\Arm\Packs\ArteryTek\AT32F403A_407_DFP\2.1.9\Device\Include

<h2>Collection of Component Files used:</h2>
Build Time Elapsed:  00:00:06
</pre>
</body>
</html>
