<html>
<body>
<pre>
<h1>µVision Build Log</h1>
<h2>Tool Versions:</h2>
IDE-Version: ¦ÌVision V5.29.0.0
Copyright (C) 2019 ARM Ltd and ARM Germany GmbH. All rights reserved.
License Information: S Administrator, S, LIC=EPPLD-8YQCT-5BPEB-2LCS9-VKYDK-TRBBD
 
Tool Versions:
Toolchain:       MDK-ARM Professional  Version: 5.29.0.0
Toolchain Path:  D:\Program Files (x86)\MDK\ARM\ARMCC\Bin
C Compiler:      Armcc.exe V5.06 update 6 (build 750)
Assembler:       Armasm.exe V5.06 update 6 (build 750)
Linker/Locator:  ArmLink.exe V5.06 update 6 (build 750)
Library Manager: ArmAr.exe V5.06 update 6 (build 750)
Hex Converter:   FromElf.exe V5.06 update 6 (build 750)
CPU DLL:         SARMCM3.DLL V5.29.0.0
Dialog DLL:      DCM.DLL V1.17.3.0
Target DLL:      Segger\JL2CM3.dll V2.99.20.0
Dialog DLL:      TCM.DLL V1.36.5.0
 
<h2>Project:</h2>
E:\0\Board\_Template_\Project\Project.uvprojx
Project File Date:  06/05/2024

<h2>Output:</h2>
*** Using Compiler 'V5.06 update 6 (build 750)', folder: 'D:\Program Files (x86)\MDK\ARM\ARMCC\Bin'
Build target 'Template'
compiling main.c...
compiling board.c...
compiling display.c...
compiling main_task.c...
compiling PowerUpUI.c...
compiling custom.c...
compiling events_init.c...
compiling ui.c...
compiling widgets_init.c...
compiling setup_scr_screen.c...
compiling lv_font_montserratMedium_12.c...
compiling gui_guider.c...
compiling ll_system.c...
compiling ll_delay.c...
compiling ll_exti.c...
compiling ll_gpio.c...
compiling ll_rtc.c...
compiling ll_wdg.c...
compiling ll_flash.c...
compiling ll_uart.c...
compiling ll_s2ram.c...
compiling ll_bkp.c...
compiling ll_usb.c...
compiling ll_bus.c...
compiling ll_adc.c...
assembling startup_gd32f30x_hd.s...
compiling ll_dac.c...
compiling bbb_scsi_driver.c...
compiling ll_timer.c...
..\LL_Driver\Source\ll_timer.c(207): warning:  #177-D: function "TIM_Init"  was declared but never referenced
  __INLINE_STATIC_ void TIM_Init(FW_TIM_Type *dev)
..\LL_Driver\Source\ll_timer.c: 1 warning, 0 errors
compiling ll_spi.c...
..\LL_Driver\Source\ll_spi.c(162): warning:  #177-D: variable "dma_init_struct"  was declared but never referenced
      dma_parameter_struct dma_init_struct;
..\LL_Driver\Source\ll_spi.c(257): warning:  #177-D: variable "spi"  was declared but never referenced
      u32 spi = (u32)dev->SPIx;
..\LL_Driver\Source\ll_spi.c(276): warning:  #177-D: variable "spi"  was declared but never referenced
      u32 spi = (u32)dev->SPIx;
..\LL_Driver\Source\ll_spi.c(17): warning:  #177-D: function "SPI_IRQHandler"  was declared but never referenced
  __INLINE_STATIC_ u8 SPI_IRQHandler(FW_SPI_Type *dev)
..\LL_Driver\Source\ll_spi.c: 4 warnings, 0 errors
compiling diskio.c...
compiling flash_access.c...
compiling msc_core.c...
compiling lfs_port.c...
..\Ports\littlefs\lfs_port.c(6): warning:  #177-D: variable "lfs"  was declared but never referenced
  static lfs_t lfs;
..\Ports\littlefs\lfs_port.c(7): warning:  #177-D: variable "file"  was declared but never referenced
  static lfs_file_t file;
..\Ports\littlefs\lfs_port.c(15): warning:  #177-D: function "lfs_port_init"  was declared but never referenced
  static void lfs_port_init(void *pdata)
..\Ports\littlefs\lfs_port.c(69): warning:  #177-D: variable "read_buf"  was declared but never referenced
  static u8 read_buf[256];
..\Ports\littlefs\lfs_port.c(70): warning:  #177-D: variable "prog_buf"  was declared but never referenced
  static u8 prog_buf[256];
..\Ports\littlefs\lfs_port.c(71): warning:  #177-D: variable "lookahead_buf"  was declared but never referenced
  static u32 lookahead_buf[32] = {0};
..\Ports\littlefs\lfs_port.c: 6 warnings, 0 errors
compiling lv_port_fs.c...
compiling mm.c...
compiling lv_port_disp.c...
compiling lv_port_indev.c...
..\Ports\LVGL\lv_port_indev.c(345): warning:  #177-D: function "encoder_handler"  was declared but never referenced
  static void encoder_handler(void)
..\Ports\LVGL\lv_port_indev.c: 1 warning, 0 errors
compiling stiming.c...
compiling time.c...
compiling mblock.c...
compiling rbuffer.c...
compiling serial.c...
compiling event.c...
compiling io_encoder.c...
compiling ili9341.c...
compiling gd25q64.c...
compiling wf200d.c...
compiling wf183d.c...
compiling ds18b20.c...
..\..\..\F2M_C\Device\Source\ds18b20.c(86): warning:  #177-D: variable "i"  was declared but never referenced
      u8 i;
..\..\..\F2M_C\Device\Source\ds18b20.c(87): warning:  #177-D: variable "msg"  was declared but never referenced
      u8 msg[9];
..\..\..\F2M_C\Device\Source\ds18b20.c: 2 warnings, 0 errors
compiling esp8266.c...
compiling fm17522.c...
compiling st7735.c...
compiling gyy0709.c...
compiling tm7711.c...
compiling key.c...
compiling led.c...
compiling qencoder.c...
compiling mifare.c...
compiling lcd.c...
compiling sensor.c...
compiling pwm.c...
compiling wifi.c...
compiling fw_device.c...
compiling fw_driver.c...
compiling fw_print.c...
compiling fw_startup.c...
compiling fw_system.c...
compiling fw_delay.c...
compiling fw_gpio.c...
compiling fw_adc.c...
compiling fw_bkp.c...
compiling fw_exti.c...
compiling fw_os.c...
compiling fw_pwr.c...
compiling fw_uart.c...
compiling fw_suart.c...
compiling fw_usb.c...
compiling fw_flash.c...
compiling fw_rtc.c...
compiling fw_wdg.c...
compiling fw_s2ram.c...
compiling fw_bus.c...
compiling fw_spi.c...
compiling fw_sspi.c...
compiling fw_i2c.c...
compiling fw_si2c.c...
compiling fw_sbus.c...
compiling fw_timer.c...
compiling fw_ow.c...
compiling fw_dac.c...
..\..\..\F2M_C\FWAL\HAL\Source\fw_dac.c(121): warning:  #177-D: variable "i"  was declared but never referenced
      u32 i;
..\..\..\F2M_C\FWAL\HAL\Source\fw_dac.c(122): warning:  #177-D: variable "p"  was declared but never referenced
      u8 *p = (u8 *)pdata;
..\..\..\F2M_C\FWAL\HAL\Source\fw_dac.c: 2 warnings, 0 errors
compiling lib_bsc.c...
compiling lib_int.c...
compiling lib_string.c...
compiling lib_ctrl.c...
compiling smodem_master.c...
compiling smodem_slave.c...
compiling system_gd32f30x.c...
compiling gd32f30x_bkp.c...
compiling gd32f30x_adc.c...
compiling gd32f30x_can.c...
compiling gd32f30x_crc.c...
compiling gd32f30x_ctc.c...
compiling gd32f30x_dac.c...
compiling gd32f30x_dbg.c...
compiling gd32f30x_dma.c...
compiling gd32f30x_enet.c...
compiling gd32f30x_exti.c...
compiling gd32f30x_exmc.c...
compiling gd32f30x_fwdgt.c...
compiling gd32f30x_gpio.c...
compiling gd32f30x_fmc.c...
compiling gd32f30x_i2c.c...
compiling gd32f30x_misc.c...
compiling gd32f30x_it.c...
compiling gd32f30x_pmu.c...
compiling gd32f30x_rcu.c...
compiling gd32f30x_sdio.c...
compiling gd32f30x_spi.c...
compiling gd32f30x_timer.c...
compiling gd32f30x_rtc.c...
compiling gd32f30x_wwdgt.c...
compiling gd32f30x_usart.c...
compiling usbd_core.c...
compiling ff.c...
compiling usbd_int.c...
compiling usbd_pwr.c...
compiling ffsystem.c...
compiling usbd_std.c...
compiling ffunicode.c...
compiling lfs_util.c...
compiling lv_disp.c...
compiling lv_event.c...
..\..\..\Third_Party\LVGL\src\core\lv_event.c(117): warning:  #188-D: enumerated type mixed with another type
      return e->code & ~LV_EVENT_PREPROCESS;
..\..\..\Third_Party\LVGL\src\core\lv_event.c: 1 warning, 0 errors
compiling lv_group.c...
compiling lfs.c...
compiling lv_indev.c...
compiling lv_indev_scroll.c...
compiling lv_obj_class.c...
compiling lv_obj.c...
compiling lv_obj_draw.c...
..\..\..\Third_Party\LVGL\src\core\lv_obj_draw.c(392): warning:  #188-D: enumerated type mixed with another type
      if(obj->spec_attr) return obj->spec_attr->layer_type;
..\..\..\Third_Party\LVGL\src\core\lv_obj_draw.c: 1 warning, 0 errors
compiling lv_obj_pos.c...
compiling lv_obj_scroll.c...
compiling lv_obj_style_gen.c...
compiling lv_obj_style.c...
compiling lv_obj_tree.c...
compiling lv_refr.c...
compiling lv_draw.c...
compiling lv_draw_arc.c...
compiling lv_theme.c...
compiling lv_draw_img.c...
compiling lv_draw_label.c...
compiling lv_draw_layer.c...
compiling lv_draw_line.c...
compiling lv_draw_rect.c...
compiling lv_draw_triangle.c...
compiling lv_draw_transform.c...
compiling lv_draw_mask.c...
compiling lv_img_buf.c...
compiling lv_img_cache.c...
compiling lv_img_decoder.c...
compiling lv_draw_sw.c...
compiling lv_draw_sw_arc.c...
compiling lv_draw_sw_dither.c...
compiling lv_draw_sw_blend.c...
compiling lv_draw_sw_gradient.c...
compiling lv_draw_sw_layer.c...
compiling lv_draw_sw_img.c...
compiling lv_draw_sw_letter.c...
compiling lv_draw_sw_line.c...
compiling lv_draw_sw_polygon.c...
compiling lv_draw_sw_rect.c...
..\..\..\Third_Party\LVGL\src\draw\sw\lv_draw_sw_rect.c(234): warning:  #546-D: transfer of control bypasses initialization of:
            variable "mask_any_center"  (declared at line 280)
          goto bg_clean_up;
          ^
..\..\..\Third_Party\LVGL\src\draw\sw\lv_draw_sw_rect.c: 1 warning, 0 errors
compiling lv_draw_sw_transform.c...
compiling lv_extra.c...
compiling lv_flex.c...
compiling lv_theme_basic.c...
compiling lv_theme_default.c...
compiling lv_grid.c...
..\..\..\Third_Party\LVGL\src\extra\layouts\grid\lv_grid.c(583): warning:  #188-D: enumerated type mixed with another type
      lv_grid_align_t col_align = get_cell_col_align(item);
..\..\..\Third_Party\LVGL\src\extra\layouts\grid\lv_grid.c(584): warning:  #188-D: enumerated type mixed with another type
      lv_grid_align_t row_align = get_cell_row_align(item);
..\..\..\Third_Party\LVGL\src\extra\layouts\grid\lv_grid.c: 2 warnings, 0 errors
compiling lv_theme_mono.c...
compiling lv_calendar_header_arrow.c...
compiling lv_animimg.c...
compiling lv_calendar.c...
compiling lv_calendar_header_dropdown.c...
compiling lv_colorwheel.c...
compiling lv_imgbtn.c...
compiling lv_keyboard.c...
compiling lv_chart.c...
compiling lv_list.c...
compiling lv_led.c...
compiling lv_menu.c...
compiling lv_msgbox.c...
compiling lv_meter.c...
compiling lv_spinbox.c...
compiling lv_span.c...
..\..\..\Third_Party\LVGL\src\extra\widgets\span\lv_span.c(901): warning:  #546-D: transfer of control bypasses initialization of:
            variable "align"  (declared at line 905)
              goto Next_line_init;
              ^
..\..\..\Third_Party\LVGL\src\extra\widgets\span\lv_span.c: 1 warning, 0 errors
compiling lv_spinner.c...
compiling lv_tileview.c...
compiling lv_tabview.c...
compiling lv_win.c...
compiling lv_png.c...
compiling lodepng.c...
compiling lv_fs_fatfs.c...
compiling lv_bmp.c...
compiling lv_font.c...
compiling lv_font_fmt_txt.c...
..\..\..\Third_Party\LVGL\src\font\lv_font_fmt_txt.c(137): warning:  #111-D: statement is unreachable
      return NULL;
..\..\..\Third_Party\LVGL\src\font\lv_font_fmt_txt.c: 1 warning, 0 errors
compiling lv_font_dejavu_16_persian_hebrew.c...
compiling lv_font_loader.c...
compiling lv_font_montserrat_8.c...
compiling lv_font_montserrat_10.c...
compiling lv_font_montserrat_12.c...
compiling lv_font_montserrat_12_subpx.c...
compiling lv_font_montserrat_14.c...
compiling lv_font_montserrat_16.c...
compiling lv_font_montserrat_18.c...
compiling lv_font_montserrat_20.c...
compiling lv_font_montserrat_22.c...
compiling lv_font_montserrat_24.c...
compiling lv_font_montserrat_26.c...
compiling lv_font_montserrat_28.c...
compiling lv_font_montserrat_28_compressed.c...
compiling lv_font_montserrat_30.c...
compiling lv_font_montserrat_32.c...
compiling lv_font_montserrat_36.c...
compiling lv_font_montserrat_38.c...
compiling lv_font_montserrat_34.c...
compiling lv_font_montserrat_40.c...
compiling lv_font_unscii_8.c...
compiling lv_font_simsun_16_cjk.c...
compiling lv_font_unscii_16.c...
compiling lv_font_montserrat_42.c...
compiling lv_font_montserrat_44.c...
compiling lv_font_montserrat_46.c...
compiling lv_font_montserrat_48.c...
compiling font_hczk_16.c...
compiling lv_hal_indev.c...
compiling font_alphc_16.c...
compiling lv_hal_disp.c...
..\..\..\Third_Party\LVGL\src\hal\lv_hal_disp.c(582): warning:  #188-D: enumerated type mixed with another type
      return disp->driver->rotated;
..\..\..\Third_Party\LVGL\src\hal\lv_hal_disp.c: 1 warning, 0 errors
compiling lv_hal_tick.c...
compiling lv_anim.c...
compiling lv_anim_timeline.c...
compiling lv_area.c...
compiling lv_async.c...
compiling lv_bidi.c...
compiling lv_color.c...
compiling lv_fs.c...
compiling lv_gc.c...
compiling lv_ll.c...
compiling lv_log.c...
compiling lv_lru.c...
..\..\..\Third_Party\LVGL\src\misc\lv_lru.c(238): warning:  #68-D: integer conversion resulted in a change of sign
      uint32_t i = 0, min_index = -1;
..\..\..\Third_Party\LVGL\src\misc\lv_lru.c(239): warning:  #68-D: integer conversion resulted in a change of sign
      uint64_t min_access_count = -1;
..\..\..\Third_Party\LVGL\src\misc\lv_lru.c: 2 warnings, 0 errors
compiling lv_math.c...
compiling lv_mem.c...
..\..\..\Third_Party\LVGL\src\misc\lv_mem.c(324): warning:  #111-D: statement is unreachable
      return NULL;
..\..\..\Third_Party\LVGL\src\misc\lv_mem.c: 1 warning, 0 errors
compiling lv_printf.c...
compiling lv_style.c...
..\..\..\Third_Party\LVGL\src\misc\lv_style.c(214): warning:  #188-D: enumerated type mixed with another type
      return last_custom_prop_id;
..\..\..\Third_Party\LVGL\src\misc\lv_style.c(219): warning:  #188-D: enumerated type mixed with another type
      return last_custom_prop_id - _LV_STYLE_LAST_BUILT_IN_PROP;
..\..\..\Third_Party\LVGL\src\misc\lv_style.c(290): warning:  #188-D: enumerated type mixed with another type
      lv_style_set_prop_internal(style, prop | meta, null_style_value, lv_style_set_prop_meta_helper);
..\..\..\Third_Party\LVGL\src\misc\lv_style.c: 3 warnings, 0 errors
compiling lv_templ.c...
compiling lv_style_gen.c...
compiling lv_timer.c...
compiling lv_txt_ap.c...
compiling lv_tlsf.c...
..\..\..\Third_Party\LVGL\src\misc\lv_tlsf.c(897): warning:  #68-D: integer conversion resulted in a change of sign
          offset_to_block(pool, -(int)block_header_overhead);
..\..\..\Third_Party\LVGL\src\misc\lv_tlsf.c(999): warning:  #68-D: integer conversion resulted in a change of sign
      block = offset_to_block(mem, -(tlsfptr_t)block_header_overhead);
..\..\..\Third_Party\LVGL\src\misc\lv_tlsf.c(1017): warning:  #68-D: integer conversion resulted in a change of sign
      block_header_t * block = offset_to_block(pool, -(int)block_header_overhead);
..\..\..\Third_Party\LVGL\src\misc\lv_tlsf.c: 3 warnings, 0 errors
compiling lv_txt.c...
compiling lv_utils.c...
compiling lv_btn.c...
compiling lv_bar.c...
compiling lv_arc.c...
compiling lv_btnmatrix.c...
compiling lv_checkbox.c...
compiling lv_canvas.c...
compiling lv_dropdown.c...
compiling lv_img.c...
compiling lv_objx_templ.c...
compiling lv_line.c...
compiling lv_label.c...
compiling lv_roller.c...
compiling lv_slider.c...
compiling lv_switch.c...
compiling lv_table.c...
compiling lv_textarea.c...
compiling cJSON.c...
..\..\..\Third_Party\cJSON\cJSON.c(2001): warning:  #2803-D: unrecognized GCC pragma
      #pragma GCC diagnostic push
..\..\..\Third_Party\cJSON\cJSON.c(2004): warning:  #2803-D: unrecognized GCC pragma
  #pragma GCC diagnostic ignored "-Wcast-qual"
..\..\..\Third_Party\cJSON\cJSON.c(2012): warning:  #2803-D: unrecognized GCC pragma
      #pragma GCC diagnostic pop
..\..\..\Third_Party\cJSON\cJSON.c: 3 warnings, 0 errors
linking...
.\Objects\Project.axf: Warning: L6330W: Undefined symbol Board_Init_Table$$Base (referred from fw_startup.o). Unused section has been removed.
.\Objects\Project.axf: Warning: L6330W: Undefined symbol Board_Init_Table$$Limit (referred from fw_startup.o). Unused section has been removed.
.\Objects\Project.axf: Warning: L6330W: Undefined symbol Device_Init_Table$$Base (referred from fw_startup.o). Unused section has been removed.
.\Objects\Project.axf: Warning: L6330W: Undefined symbol Device_Init_Table$$Limit (referred from fw_startup.o). Unused section has been removed.
.\Objects\Project.axf: Warning: L6330W: Undefined symbol Pre_Init_Table$$Base (referred from fw_startup.o). Unused section has been removed.
.\Objects\Project.axf: Warning: L6330W: Undefined symbol Pre_Init_Table$$Limit (referred from fw_startup.o). Unused section has been removed.
Program Size: Code=65044 RO-data=3036 RW-data=580 ZI-data=17676  
Finished: 0 information, 6 warning and 0 error messages.
FromELF: creating hex file...
".\Objects\Project.axf" - 0 Error(s), 42 Warning(s).

<h2>Software Packages used:</h2>

Package Vendor: GigaDevice
                http://gd32mcu.21ic.com/data/documents/yingyongruanjian/GigaDevice.GD32F30x_DFP.1.1.0.pack
                GigaDevice.GD32F30x_DFP.1.1.0
                GigaDevice GD32F30x Series Device Support and Examples

<h2>Collection of Component include folders:</h2>
  .\RTE\_Template
  D:\Program Files (x86)\MDK\Arm\Packs\GigaDevice\GD32F30x_DFP\1.1.0\Device\Include

<h2>Collection of Component Files used:</h2>
Build Time Elapsed:  00:01:22
</pre>
</body>
</html>
