<!doctype html public "-//w3c//dtd html 4.0 transitional//en">
<html><head>
<title>Static Call Graph - [.\Objects\Project.axf]</title></head>
<body><HR>
<H1>Static Call Graph for image .\Objects\Project.axf</H1><HR>
<BR><P>#&#060CALLGRAPH&#062# ARM Linker, 5060750: Last Updated: Wed May 22 23:52:14 2024
<BR><P>
<H3>Maximum Stack Usage =         76 bytes + Unknown(Cycles, Untraceable Function Pointers)</H3><H3>
Call chain for Maximum Stack Depth:</H3>
main &rArr; FW_Delay_Init &rArr; FW_Driver_Find &rArr; strncmp
<P>
<H3>
Mutually Recursive functions
</H3> <LI><a href="#[2]">HardFault_Handler</a>&nbsp;&nbsp;&nbsp;&rArr;&nbsp;&nbsp;&nbsp;<a href="#[2]">HardFault_Handler</a><BR>
 <LI><a href="#[3]">MemManage_Handler</a>&nbsp;&nbsp;&nbsp;&rArr;&nbsp;&nbsp;&nbsp;<a href="#[3]">MemManage_Handler</a><BR>
 <LI><a href="#[4]">BusFault_Handler</a>&nbsp;&nbsp;&nbsp;&rArr;&nbsp;&nbsp;&nbsp;<a href="#[4]">BusFault_Handler</a><BR>
 <LI><a href="#[5]">UsageFault_Handler</a>&nbsp;&nbsp;&nbsp;&rArr;&nbsp;&nbsp;&nbsp;<a href="#[5]">UsageFault_Handler</a><BR>
 <LI><a href="#[6]">SVC_Handler</a>&nbsp;&nbsp;&nbsp;&rArr;&nbsp;&nbsp;&nbsp;<a href="#[6]">SVC_Handler</a><BR>
 <LI><a href="#[7]">DebugMon_Handler</a>&nbsp;&nbsp;&nbsp;&rArr;&nbsp;&nbsp;&nbsp;<a href="#[7]">DebugMon_Handler</a><BR>
 <LI><a href="#[8]">PendSV_Handler</a>&nbsp;&nbsp;&nbsp;&rArr;&nbsp;&nbsp;&nbsp;<a href="#[8]">PendSV_Handler</a><BR>
 <LI><a href="#[4e]">ACC_IRQHandler</a>&nbsp;&nbsp;&nbsp;&rArr;&nbsp;&nbsp;&nbsp;<a href="#[4e]">ACC_IRQHandler</a><BR>
</UL>
<P>
<H3>
Function Pointers
</H3><UL>
 <LI><a href="#[4e]">ACC_IRQHandler</a> from startup_at32f403a_407.o(.text) referenced from startup_at32f403a_407.o(RESET)
 <LI><a href="#[1c]">ADC1_2_IRQHandler</a> from startup_at32f403a_407.o(.text) referenced from startup_at32f403a_407.o(RESET)
 <LI><a href="#[39]">ADC3_IRQHandler</a> from startup_at32f403a_407.o(.text) referenced from startup_at32f403a_407.o(RESET)
 <LI><a href="#[4]">BusFault_Handler</a> from startup_at32f403a_407.o(.text) referenced from startup_at32f403a_407.o(RESET)
 <LI><a href="#[1f]">CAN1_RX1_IRQHandler</a> from startup_at32f403a_407.o(.text) referenced from startup_at32f403a_407.o(RESET)
 <LI><a href="#[20]">CAN1_SE_IRQHandler</a> from startup_at32f403a_407.o(.text) referenced from startup_at32f403a_407.o(RESET)
 <LI><a href="#[4b]">CAN2_RX0_IRQHandler</a> from startup_at32f403a_407.o(.text) referenced from startup_at32f403a_407.o(RESET)
 <LI><a href="#[4c]">CAN2_RX1_IRQHandler</a> from startup_at32f403a_407.o(.text) referenced from startup_at32f403a_407.o(RESET)
 <LI><a href="#[4d]">CAN2_SE_IRQHandler</a> from startup_at32f403a_407.o(.text) referenced from startup_at32f403a_407.o(RESET)
 <LI><a href="#[4a]">CAN2_TX_IRQHandler</a> from startup_at32f403a_407.o(.text) referenced from startup_at32f403a_407.o(RESET)
 <LI><a href="#[f]">CRM_IRQHandler</a> from startup_at32f403a_407.o(.text) referenced from startup_at32f403a_407.o(RESET)
 <LI><a href="#[15]">DMA1_Channel1_IRQHandler</a> from startup_at32f403a_407.o(.text) referenced from startup_at32f403a_407.o(RESET)
 <LI><a href="#[16]">DMA1_Channel2_IRQHandler</a> from startup_at32f403a_407.o(.text) referenced from startup_at32f403a_407.o(RESET)
 <LI><a href="#[17]">DMA1_Channel3_IRQHandler</a> from startup_at32f403a_407.o(.text) referenced from startup_at32f403a_407.o(RESET)
 <LI><a href="#[18]">DMA1_Channel4_IRQHandler</a> from startup_at32f403a_407.o(.text) referenced from startup_at32f403a_407.o(RESET)
 <LI><a href="#[19]">DMA1_Channel5_IRQHandler</a> from startup_at32f403a_407.o(.text) referenced from startup_at32f403a_407.o(RESET)
 <LI><a href="#[1a]">DMA1_Channel6_IRQHandler</a> from startup_at32f403a_407.o(.text) referenced from startup_at32f403a_407.o(RESET)
 <LI><a href="#[1b]">DMA1_Channel7_IRQHandler</a> from startup_at32f403a_407.o(.text) referenced from startup_at32f403a_407.o(RESET)
 <LI><a href="#[42]">DMA2_Channel1_IRQHandler</a> from startup_at32f403a_407.o(.text) referenced from startup_at32f403a_407.o(RESET)
 <LI><a href="#[43]">DMA2_Channel2_IRQHandler</a> from startup_at32f403a_407.o(.text) referenced from startup_at32f403a_407.o(RESET)
 <LI><a href="#[44]">DMA2_Channel3_IRQHandler</a> from startup_at32f403a_407.o(.text) referenced from startup_at32f403a_407.o(RESET)
 <LI><a href="#[45]">DMA2_Channel4_5_IRQHandler</a> from startup_at32f403a_407.o(.text) referenced from startup_at32f403a_407.o(RESET)
 <LI><a href="#[51]">DMA2_Channel6_7_IRQHandler</a> from startup_at32f403a_407.o(.text) referenced from startup_at32f403a_407.o(RESET)
 <LI><a href="#[7]">DebugMon_Handler</a> from startup_at32f403a_407.o(.text) referenced from startup_at32f403a_407.o(RESET)
 <LI><a href="#[6a]">Delay_Get_Clock</a> from ll_delay.o(i.Delay_Get_Clock) referenced from ll_delay.o(.constdata)
 <LI><a href="#[6c]">Delay_Get_Counter</a> from ll_delay.o(i.Delay_Get_Counter) referenced from ll_delay.o(.constdata)
 <LI><a href="#[6b]">Delay_Get_Reload</a> from ll_delay.o(i.Delay_Get_Reload) referenced from ll_delay.o(.constdata)
 <LI><a href="#[6d]">Delay_Get_TickTime</a> from ll_delay.o(i.Delay_Get_TickTime) referenced from ll_delay.o(.constdata)
 <LI><a href="#[69]">Delay_Init</a> from ll_delay.o(i.Delay_Init) referenced from ll_delay.o(.constdata)
 <LI><a href="#[55]">EMAC_IRQHandler</a> from startup_at32f403a_407.o(.text) referenced from startup_at32f403a_407.o(RESET)
 <LI><a href="#[56]">EMAC_WKUP_IRQHandler</a> from startup_at32f403a_407.o(.text) referenced from startup_at32f403a_407.o(RESET)
 <LI><a href="#[10]">EXINT0_IRQHandler</a> from startup_at32f403a_407.o(.text) referenced from startup_at32f403a_407.o(RESET)
 <LI><a href="#[32]">EXINT15_10_IRQHandler</a> from startup_at32f403a_407.o(.text) referenced from startup_at32f403a_407.o(RESET)
 <LI><a href="#[11]">EXINT1_IRQHandler</a> from startup_at32f403a_407.o(.text) referenced from startup_at32f403a_407.o(RESET)
 <LI><a href="#[12]">EXINT2_IRQHandler</a> from startup_at32f403a_407.o(.text) referenced from startup_at32f403a_407.o(RESET)
 <LI><a href="#[13]">EXINT3_IRQHandler</a> from startup_at32f403a_407.o(.text) referenced from startup_at32f403a_407.o(RESET)
 <LI><a href="#[14]">EXINT4_IRQHandler</a> from startup_at32f403a_407.o(.text) referenced from startup_at32f403a_407.o(RESET)
 <LI><a href="#[21]">EXINT9_5_IRQHandler</a> from startup_at32f403a_407.o(.text) referenced from startup_at32f403a_407.o(RESET)
 <LI><a href="#[e]">FLASH_IRQHandler</a> from startup_at32f403a_407.o(.text) referenced from startup_at32f403a_407.o(RESET)
 <LI><a href="#[5a]">FW_Delay_DefMs</a> from fw_delay.o(i.FW_Delay_DefMs) referenced from fw_delay.o(i.FW_Delay_Init)
 <LI><a href="#[78]">FW_GPIO_Driver_Probe</a> from fw_gpio.o(i.FW_GPIO_Driver_Probe) referenced from fw_gpio.o(Device_Table)
 <LI><a href="#[5c]">FW_GPIO_ToggleUseGetOutput</a> from fw_gpio.o(i.FW_GPIO_ToggleUseGetOutput) referenced from fw_gpio.o(i.FW_GPIO_Driver_Probe)
 <LI><a href="#[5b]">FW_GPIO_ToggleUseLAPI</a> from fw_gpio.o(i.FW_GPIO_ToggleUseLAPI) referenced from fw_gpio.o(i.FW_GPIO_Driver_Probe)
 <LI><a href="#[2]">HardFault_Handler</a> from startup_at32f403a_407.o(.text) referenced from startup_at32f403a_407.o(RESET)
 <LI><a href="#[2a]">I2C1_ERR_IRQHandler</a> from startup_at32f403a_407.o(.text) referenced from startup_at32f403a_407.o(RESET)
 <LI><a href="#[29]">I2C1_EVT_IRQHandler</a> from startup_at32f403a_407.o(.text) referenced from startup_at32f403a_407.o(RESET)
 <LI><a href="#[2c]">I2C2_ERR_IRQHandler</a> from startup_at32f403a_407.o(.text) referenced from startup_at32f403a_407.o(RESET)
 <LI><a href="#[2b]">I2C2_EVT_IRQHandler</a> from startup_at32f403a_407.o(.text) referenced from startup_at32f403a_407.o(RESET)
 <LI><a href="#[48]">I2C3_ERR_IRQHandler</a> from startup_at32f403a_407.o(.text) referenced from startup_at32f403a_407.o(RESET)
 <LI><a href="#[47]">I2C3_EVT_IRQHandler</a> from startup_at32f403a_407.o(.text) referenced from startup_at32f403a_407.o(RESET)
 <LI><a href="#[5d]">ILock</a> from fw_system.o(i.ILock) referenced from fw_system.o(i.FW_System_Init)
 <LI><a href="#[5e]">IUnlock</a> from fw_system.o(i.IUnlock) referenced from fw_system.o(i.FW_System_Init)
 <LI><a href="#[3]">MemManage_Handler</a> from startup_at32f403a_407.o(.text) referenced from startup_at32f403a_407.o(RESET)
 <LI><a href="#[79]">NLock</a> from fw_system.o(i.NLock) referenced from fw_system.o(.data)
 <LI><a href="#[1]">NMI_Handler</a> from ll_system.o(i.NMI_Handler) referenced from startup_at32f403a_407.o(RESET)
 <LI><a href="#[7a]">NUnlock</a> from fw_system.o(i.NUnlock) referenced from fw_system.o(.data)
 <LI><a href="#[b]">PVM_IRQHandler</a> from startup_at32f403a_407.o(.text) referenced from startup_at32f403a_407.o(RESET)
 <LI><a href="#[8]">PendSV_Handler</a> from startup_at32f403a_407.o(.text) referenced from startup_at32f403a_407.o(RESET)
 <LI><a href="#[6e]">Pin_DeInit</a> from ll_gpio.o(i.Pin_DeInit) referenced from ll_gpio.o(.constdata)
 <LI><a href="#[71]">Pin_GetOutput</a> from ll_gpio.o(i.Pin_GetOutput) referenced from ll_gpio.o(.constdata)
 <LI><a href="#[6f]">Pin_Init</a> from ll_gpio.o(i.Pin_Init) referenced from ll_gpio.o(.constdata)
 <LI><a href="#[72]">Pin_Read</a> from ll_gpio.o(i.Pin_Read) referenced from ll_gpio.o(.constdata)
 <LI><a href="#[70]">Pin_Write</a> from ll_gpio.o(i.Pin_Write) referenced from ll_gpio.o(.constdata)
 <LI><a href="#[74]">Port_DeInit</a> from ll_gpio.o(i.Port_DeInit) referenced from ll_gpio.o(.constdata)
 <LI><a href="#[73]">Port_GetDefault</a> from ll_gpio.o(i.Port_GetDefault) referenced from ll_gpio.o(.constdata)
 <LI><a href="#[76]">Port_GetOutput</a> from ll_gpio.o(i.Port_GetOutput) referenced from ll_gpio.o(.constdata)
 <LI><a href="#[77]">Port_Read</a> from ll_gpio.o(i.Port_Read) referenced from ll_gpio.o(.constdata)
 <LI><a href="#[75]">Port_Write</a> from ll_gpio.o(i.Port_Write) referenced from ll_gpio.o(.constdata)
 <LI><a href="#[33]">RTCAlarm_IRQHandler</a> from startup_at32f403a_407.o(.text) referenced from startup_at32f403a_407.o(RESET)
 <LI><a href="#[d]">RTC_IRQHandler</a> from startup_at32f403a_407.o(.text) referenced from startup_at32f403a_407.o(RESET)
 <LI><a href="#[0]">Reset_Handler</a> from startup_at32f403a_407.o(.text) referenced from startup_at32f403a_407.o(RESET)
 <LI><a href="#[3b]">SDIO1_IRQHandler</a> from startup_at32f403a_407.o(.text) referenced from startup_at32f403a_407.o(RESET)
 <LI><a href="#[46]">SDIO2_IRQHandler</a> from startup_at32f403a_407.o(.text) referenced from startup_at32f403a_407.o(RESET)
 <LI><a href="#[2d]">SPI1_IRQHandler</a> from startup_at32f403a_407.o(.text) referenced from startup_at32f403a_407.o(RESET)
 <LI><a href="#[2e]">SPI2_I2S2EXT_IRQHandler</a> from startup_at32f403a_407.o(.text) referenced from startup_at32f403a_407.o(RESET)
 <LI><a href="#[3d]">SPI3_I2S3EXT_IRQHandler</a> from startup_at32f403a_407.o(.text) referenced from startup_at32f403a_407.o(RESET)
 <LI><a href="#[49]">SPI4_IRQHandler</a> from startup_at32f403a_407.o(.text) referenced from startup_at32f403a_407.o(RESET)
 <LI><a href="#[6]">SVC_Handler</a> from startup_at32f403a_407.o(.text) referenced from startup_at32f403a_407.o(RESET)
 <LI><a href="#[9]">SysTick_Handler</a> from ll_delay.o(i.SysTick_Handler) referenced from startup_at32f403a_407.o(RESET)
 <LI><a href="#[58]">SystemInit</a> from system_at32f403a_407.o(i.SystemInit) referenced from startup_at32f403a_407.o(.text)
 <LI><a href="#[68]">System_Clear_RSTSource</a> from ll_system.o(i.System_Clear_RSTSource) referenced from ll_system.o(.constdata)
 <LI><a href="#[60]">System_Disable_IRQ</a> from ll_system.o(i.System_Disable_IRQ) referenced from ll_system.o(.constdata)
 <LI><a href="#[61]">System_Enable_IRQ</a> from ll_system.o(i.System_Enable_IRQ) referenced from ll_system.o(.constdata)
 <LI><a href="#[67]">System_Get_RSTSource</a> from ll_system.o(i.System_Get_RSTSource) referenced from ll_system.o(.constdata)
 <LI><a href="#[64]">System_Get_Sysclk</a> from ll_system.o(i.System_Get_Sysclk) referenced from ll_system.o(.constdata)
 <LI><a href="#[5f]">System_Init</a> from ll_system.o(i.System_Init) referenced from ll_system.o(.constdata)
 <LI><a href="#[63]">System_Set_Sysclk</a> from ll_system.o(i.System_Set_Sysclk) referenced from ll_system.o(.constdata)
 <LI><a href="#[65]">System_Set_VectorTable</a> from ll_system.o(i.System_Set_VectorTable) referenced from ll_system.o(.constdata)
 <LI><a href="#[66]">System_Soft_Reset</a> from ll_system.o(i.System_Soft_Reset) referenced from ll_system.o(.constdata)
 <LI><a href="#[c]">TAMPER_IRQHandler</a> from startup_at32f403a_407.o(.text) referenced from startup_at32f403a_407.o(RESET)
 <LI><a href="#[22]">TMR1_BRK_TMR9_IRQHandler</a> from startup_at32f403a_407.o(.text) referenced from startup_at32f403a_407.o(RESET)
 <LI><a href="#[25]">TMR1_CH_IRQHandler</a> from startup_at32f403a_407.o(.text) referenced from startup_at32f403a_407.o(RESET)
 <LI><a href="#[23]">TMR1_OVF_TMR10_IRQHandler</a> from startup_at32f403a_407.o(.text) referenced from startup_at32f403a_407.o(RESET)
 <LI><a href="#[24]">TMR1_TRG_HALL_TMR11_IRQHandler</a> from startup_at32f403a_407.o(.text) referenced from startup_at32f403a_407.o(RESET)
 <LI><a href="#[26]">TMR2_GLOBAL_IRQHandler</a> from startup_at32f403a_407.o(.text) referenced from startup_at32f403a_407.o(RESET)
 <LI><a href="#[27]">TMR3_GLOBAL_IRQHandler</a> from startup_at32f403a_407.o(.text) referenced from startup_at32f403a_407.o(RESET)
 <LI><a href="#[28]">TMR4_GLOBAL_IRQHandler</a> from startup_at32f403a_407.o(.text) referenced from startup_at32f403a_407.o(RESET)
 <LI><a href="#[3c]">TMR5_GLOBAL_IRQHandler</a> from startup_at32f403a_407.o(.text) referenced from startup_at32f403a_407.o(RESET)
 <LI><a href="#[40]">TMR6_GLOBAL_IRQHandler</a> from startup_at32f403a_407.o(.text) referenced from startup_at32f403a_407.o(RESET)
 <LI><a href="#[41]">TMR7_GLOBAL_IRQHandler</a> from startup_at32f403a_407.o(.text) referenced from startup_at32f403a_407.o(RESET)
 <LI><a href="#[35]">TMR8_BRK_TMR12_IRQHandler</a> from startup_at32f403a_407.o(.text) referenced from startup_at32f403a_407.o(RESET)
 <LI><a href="#[38]">TMR8_CH_IRQHandler</a> from startup_at32f403a_407.o(.text) referenced from startup_at32f403a_407.o(RESET)
 <LI><a href="#[36]">TMR8_OVF_TMR13_IRQHandler</a> from startup_at32f403a_407.o(.text) referenced from startup_at32f403a_407.o(RESET)
 <LI><a href="#[37]">TMR8_TRG_HALL_TMR14_IRQHandler</a> from startup_at32f403a_407.o(.text) referenced from startup_at32f403a_407.o(RESET)
 <LI><a href="#[3e]">UART4_IRQHandler</a> from startup_at32f403a_407.o(.text) referenced from startup_at32f403a_407.o(RESET)
 <LI><a href="#[3f]">UART5_IRQHandler</a> from startup_at32f403a_407.o(.text) referenced from startup_at32f403a_407.o(RESET)
 <LI><a href="#[53]">UART7_IRQHandler</a> from startup_at32f403a_407.o(.text) referenced from startup_at32f403a_407.o(RESET)
 <LI><a href="#[54]">UART8_IRQHandler</a> from startup_at32f403a_407.o(.text) referenced from startup_at32f403a_407.o(RESET)
 <LI><a href="#[2f]">USART1_IRQHandler</a> from startup_at32f403a_407.o(.text) referenced from startup_at32f403a_407.o(RESET)
 <LI><a href="#[30]">USART2_IRQHandler</a> from startup_at32f403a_407.o(.text) referenced from startup_at32f403a_407.o(RESET)
 <LI><a href="#[31]">USART3_IRQHandler</a> from startup_at32f403a_407.o(.text) referenced from startup_at32f403a_407.o(RESET)
 <LI><a href="#[52]">USART6_IRQHandler</a> from startup_at32f403a_407.o(.text) referenced from startup_at32f403a_407.o(RESET)
 <LI><a href="#[34]">USBFSWakeUp_IRQHandler</a> from startup_at32f403a_407.o(.text) referenced from startup_at32f403a_407.o(RESET)
 <LI><a href="#[1d]">USBFS_H_CAN1_TX_IRQHandler</a> from startup_at32f403a_407.o(.text) referenced from startup_at32f403a_407.o(RESET)
 <LI><a href="#[1e]">USBFS_L_CAN1_RX0_IRQHandler</a> from startup_at32f403a_407.o(.text) referenced from startup_at32f403a_407.o(RESET)
 <LI><a href="#[4f]">USBFS_MAPH_IRQHandler</a> from startup_at32f403a_407.o(.text) referenced from startup_at32f403a_407.o(RESET)
 <LI><a href="#[50]">USBFS_MAPL_IRQHandler</a> from startup_at32f403a_407.o(.text) referenced from startup_at32f403a_407.o(RESET)
 <LI><a href="#[5]">UsageFault_Handler</a> from startup_at32f403a_407.o(.text) referenced from startup_at32f403a_407.o(RESET)
 <LI><a href="#[a]">WWDT_IRQHandler</a> from startup_at32f403a_407.o(.text) referenced from startup_at32f403a_407.o(RESET)
 <LI><a href="#[3a]">XMC_IRQHandler</a> from startup_at32f403a_407.o(.text) referenced from startup_at32f403a_407.o(RESET)
 <LI><a href="#[62]">__asm___11_ll_system_c_bb8ca80c__System_Get_IRQState</a> from ll_system.o(.emb_text) referenced from ll_system.o(.constdata)
 <LI><a href="#[59]">__main</a> from entry.o(.ARM.Collect$$$$00000000) referenced from startup_at32f403a_407.o(.text)
 <LI><a href="#[57]">main</a> from fw_startup.o(i.$Sub$$main) referenced from entry9a.o(.ARM.Collect$$$$0000000B)
</UL>
<P>
<H3>
Global Symbols
</H3>
<P><STRONG><a name="[59]"></a>__main</STRONG> (Thumb, 0 bytes, Stack size unknown bytes, entry.o(.ARM.Collect$$$$00000000))
<BR>[Address Reference Count : 1]<UL><LI> startup_at32f403a_407.o(.text)
</UL>
<P><STRONG><a name="[af]"></a>_main_stk</STRONG> (Thumb, 0 bytes, Stack size unknown bytes, entry2.o(.ARM.Collect$$$$00000001))

<P><STRONG><a name="[7b]"></a>_main_scatterload</STRONG> (Thumb, 0 bytes, Stack size unknown bytes, entry5.o(.ARM.Collect$$$$00000004))
<BR><BR>[Calls]<UL><LI><a href="#[7c]">&gt;&gt;</a>&nbsp;&nbsp;&nbsp;__scatterload
</UL>

<P><STRONG><a name="[7d]"></a>__main_after_scatterload</STRONG> (Thumb, 0 bytes, Stack size unknown bytes, entry5.o(.ARM.Collect$$$$00000004))
<BR><BR>[Called By]<UL><LI><a href="#[7c]">&gt;&gt;</a>&nbsp;&nbsp;&nbsp;__scatterload
</UL>

<P><STRONG><a name="[b0]"></a>_main_clock</STRONG> (Thumb, 0 bytes, Stack size unknown bytes, entry7b.o(.ARM.Collect$$$$00000008))

<P><STRONG><a name="[b1]"></a>_main_cpp_init</STRONG> (Thumb, 0 bytes, Stack size unknown bytes, entry8b.o(.ARM.Collect$$$$0000000A))

<P><STRONG><a name="[b2]"></a>_main_init</STRONG> (Thumb, 0 bytes, Stack size unknown bytes, entry9a.o(.ARM.Collect$$$$0000000B))

<P><STRONG><a name="[b3]"></a>__rt_final_cpp</STRONG> (Thumb, 0 bytes, Stack size unknown bytes, entry10a.o(.ARM.Collect$$$$0000000D))

<P><STRONG><a name="[b4]"></a>__rt_final_exit</STRONG> (Thumb, 0 bytes, Stack size unknown bytes, entry11a.o(.ARM.Collect$$$$0000000F))

<P><STRONG><a name="[62]"></a>__asm___11_ll_system_c_bb8ca80c__System_Get_IRQState</STRONG> (Thumb, 10 bytes, Stack size 0 bytes, ll_system.o(.emb_text))
<BR>[Address Reference Count : 1]<UL><LI> ll_system.o(.constdata)
</UL>
<P><STRONG><a name="[0]"></a>Reset_Handler</STRONG> (Thumb, 8 bytes, Stack size 0 bytes, startup_at32f403a_407.o(.text))
<BR>[Address Reference Count : 1]<UL><LI> startup_at32f403a_407.o(RESET)
</UL>
<P><STRONG><a name="[2]"></a>HardFault_Handler</STRONG> (Thumb, 2 bytes, Stack size 0 bytes, startup_at32f403a_407.o(.text))
<BR><BR>[Calls]<UL><LI><a href="#[2]">&gt;&gt;</a>&nbsp;&nbsp;&nbsp;HardFault_Handler
</UL>
<BR>[Called By]<UL><LI><a href="#[2]">&gt;&gt;</a>&nbsp;&nbsp;&nbsp;HardFault_Handler
</UL>
<BR>[Address Reference Count : 1]<UL><LI> startup_at32f403a_407.o(RESET)
</UL>
<P><STRONG><a name="[3]"></a>MemManage_Handler</STRONG> (Thumb, 2 bytes, Stack size 0 bytes, startup_at32f403a_407.o(.text))
<BR><BR>[Calls]<UL><LI><a href="#[3]">&gt;&gt;</a>&nbsp;&nbsp;&nbsp;MemManage_Handler
</UL>
<BR>[Called By]<UL><LI><a href="#[3]">&gt;&gt;</a>&nbsp;&nbsp;&nbsp;MemManage_Handler
</UL>
<BR>[Address Reference Count : 1]<UL><LI> startup_at32f403a_407.o(RESET)
</UL>
<P><STRONG><a name="[4]"></a>BusFault_Handler</STRONG> (Thumb, 2 bytes, Stack size 0 bytes, startup_at32f403a_407.o(.text))
<BR><BR>[Calls]<UL><LI><a href="#[4]">&gt;&gt;</a>&nbsp;&nbsp;&nbsp;BusFault_Handler
</UL>
<BR>[Called By]<UL><LI><a href="#[4]">&gt;&gt;</a>&nbsp;&nbsp;&nbsp;BusFault_Handler
</UL>
<BR>[Address Reference Count : 1]<UL><LI> startup_at32f403a_407.o(RESET)
</UL>
<P><STRONG><a name="[5]"></a>UsageFault_Handler</STRONG> (Thumb, 2 bytes, Stack size 0 bytes, startup_at32f403a_407.o(.text))
<BR><BR>[Calls]<UL><LI><a href="#[5]">&gt;&gt;</a>&nbsp;&nbsp;&nbsp;UsageFault_Handler
</UL>
<BR>[Called By]<UL><LI><a href="#[5]">&gt;&gt;</a>&nbsp;&nbsp;&nbsp;UsageFault_Handler
</UL>
<BR>[Address Reference Count : 1]<UL><LI> startup_at32f403a_407.o(RESET)
</UL>
<P><STRONG><a name="[6]"></a>SVC_Handler</STRONG> (Thumb, 2 bytes, Stack size 0 bytes, startup_at32f403a_407.o(.text))
<BR><BR>[Calls]<UL><LI><a href="#[6]">&gt;&gt;</a>&nbsp;&nbsp;&nbsp;SVC_Handler
</UL>
<BR>[Called By]<UL><LI><a href="#[6]">&gt;&gt;</a>&nbsp;&nbsp;&nbsp;SVC_Handler
</UL>
<BR>[Address Reference Count : 1]<UL><LI> startup_at32f403a_407.o(RESET)
</UL>
<P><STRONG><a name="[7]"></a>DebugMon_Handler</STRONG> (Thumb, 2 bytes, Stack size 0 bytes, startup_at32f403a_407.o(.text))
<BR><BR>[Calls]<UL><LI><a href="#[7]">&gt;&gt;</a>&nbsp;&nbsp;&nbsp;DebugMon_Handler
</UL>
<BR>[Called By]<UL><LI><a href="#[7]">&gt;&gt;</a>&nbsp;&nbsp;&nbsp;DebugMon_Handler
</UL>
<BR>[Address Reference Count : 1]<UL><LI> startup_at32f403a_407.o(RESET)
</UL>
<P><STRONG><a name="[8]"></a>PendSV_Handler</STRONG> (Thumb, 2 bytes, Stack size 0 bytes, startup_at32f403a_407.o(.text))
<BR><BR>[Calls]<UL><LI><a href="#[8]">&gt;&gt;</a>&nbsp;&nbsp;&nbsp;PendSV_Handler
</UL>
<BR>[Called By]<UL><LI><a href="#[8]">&gt;&gt;</a>&nbsp;&nbsp;&nbsp;PendSV_Handler
</UL>
<BR>[Address Reference Count : 1]<UL><LI> startup_at32f403a_407.o(RESET)
</UL>
<P><STRONG><a name="[4e]"></a>ACC_IRQHandler</STRONG> (Thumb, 0 bytes, Stack size 0 bytes, startup_at32f403a_407.o(.text))
<BR><BR>[Calls]<UL><LI><a href="#[4e]">&gt;&gt;</a>&nbsp;&nbsp;&nbsp;ACC_IRQHandler
</UL>
<BR>[Called By]<UL><LI><a href="#[4e]">&gt;&gt;</a>&nbsp;&nbsp;&nbsp;ACC_IRQHandler
</UL>
<BR>[Address Reference Count : 1]<UL><LI> startup_at32f403a_407.o(RESET)
</UL>
<P><STRONG><a name="[1c]"></a>ADC1_2_IRQHandler</STRONG> (Thumb, 0 bytes, Stack size 0 bytes, startup_at32f403a_407.o(.text))
<BR>[Address Reference Count : 1]<UL><LI> startup_at32f403a_407.o(RESET)
</UL>
<P><STRONG><a name="[39]"></a>ADC3_IRQHandler</STRONG> (Thumb, 0 bytes, Stack size 0 bytes, startup_at32f403a_407.o(.text))
<BR>[Address Reference Count : 1]<UL><LI> startup_at32f403a_407.o(RESET)
</UL>
<P><STRONG><a name="[1f]"></a>CAN1_RX1_IRQHandler</STRONG> (Thumb, 0 bytes, Stack size 0 bytes, startup_at32f403a_407.o(.text))
<BR>[Address Reference Count : 1]<UL><LI> startup_at32f403a_407.o(RESET)
</UL>
<P><STRONG><a name="[20]"></a>CAN1_SE_IRQHandler</STRONG> (Thumb, 0 bytes, Stack size 0 bytes, startup_at32f403a_407.o(.text))
<BR>[Address Reference Count : 1]<UL><LI> startup_at32f403a_407.o(RESET)
</UL>
<P><STRONG><a name="[4b]"></a>CAN2_RX0_IRQHandler</STRONG> (Thumb, 0 bytes, Stack size 0 bytes, startup_at32f403a_407.o(.text))
<BR>[Address Reference Count : 1]<UL><LI> startup_at32f403a_407.o(RESET)
</UL>
<P><STRONG><a name="[4c]"></a>CAN2_RX1_IRQHandler</STRONG> (Thumb, 0 bytes, Stack size 0 bytes, startup_at32f403a_407.o(.text))
<BR>[Address Reference Count : 1]<UL><LI> startup_at32f403a_407.o(RESET)
</UL>
<P><STRONG><a name="[4d]"></a>CAN2_SE_IRQHandler</STRONG> (Thumb, 0 bytes, Stack size 0 bytes, startup_at32f403a_407.o(.text))
<BR>[Address Reference Count : 1]<UL><LI> startup_at32f403a_407.o(RESET)
</UL>
<P><STRONG><a name="[4a]"></a>CAN2_TX_IRQHandler</STRONG> (Thumb, 0 bytes, Stack size 0 bytes, startup_at32f403a_407.o(.text))
<BR>[Address Reference Count : 1]<UL><LI> startup_at32f403a_407.o(RESET)
</UL>
<P><STRONG><a name="[f]"></a>CRM_IRQHandler</STRONG> (Thumb, 0 bytes, Stack size 0 bytes, startup_at32f403a_407.o(.text))
<BR>[Address Reference Count : 1]<UL><LI> startup_at32f403a_407.o(RESET)
</UL>
<P><STRONG><a name="[15]"></a>DMA1_Channel1_IRQHandler</STRONG> (Thumb, 0 bytes, Stack size 0 bytes, startup_at32f403a_407.o(.text))
<BR>[Address Reference Count : 1]<UL><LI> startup_at32f403a_407.o(RESET)
</UL>
<P><STRONG><a name="[16]"></a>DMA1_Channel2_IRQHandler</STRONG> (Thumb, 0 bytes, Stack size 0 bytes, startup_at32f403a_407.o(.text))
<BR>[Address Reference Count : 1]<UL><LI> startup_at32f403a_407.o(RESET)
</UL>
<P><STRONG><a name="[17]"></a>DMA1_Channel3_IRQHandler</STRONG> (Thumb, 0 bytes, Stack size 0 bytes, startup_at32f403a_407.o(.text))
<BR>[Address Reference Count : 1]<UL><LI> startup_at32f403a_407.o(RESET)
</UL>
<P><STRONG><a name="[18]"></a>DMA1_Channel4_IRQHandler</STRONG> (Thumb, 0 bytes, Stack size 0 bytes, startup_at32f403a_407.o(.text))
<BR>[Address Reference Count : 1]<UL><LI> startup_at32f403a_407.o(RESET)
</UL>
<P><STRONG><a name="[19]"></a>DMA1_Channel5_IRQHandler</STRONG> (Thumb, 0 bytes, Stack size 0 bytes, startup_at32f403a_407.o(.text))
<BR>[Address Reference Count : 1]<UL><LI> startup_at32f403a_407.o(RESET)
</UL>
<P><STRONG><a name="[1a]"></a>DMA1_Channel6_IRQHandler</STRONG> (Thumb, 0 bytes, Stack size 0 bytes, startup_at32f403a_407.o(.text))
<BR>[Address Reference Count : 1]<UL><LI> startup_at32f403a_407.o(RESET)
</UL>
<P><STRONG><a name="[1b]"></a>DMA1_Channel7_IRQHandler</STRONG> (Thumb, 0 bytes, Stack size 0 bytes, startup_at32f403a_407.o(.text))
<BR>[Address Reference Count : 1]<UL><LI> startup_at32f403a_407.o(RESET)
</UL>
<P><STRONG><a name="[42]"></a>DMA2_Channel1_IRQHandler</STRONG> (Thumb, 0 bytes, Stack size 0 bytes, startup_at32f403a_407.o(.text))
<BR>[Address Reference Count : 1]<UL><LI> startup_at32f403a_407.o(RESET)
</UL>
<P><STRONG><a name="[43]"></a>DMA2_Channel2_IRQHandler</STRONG> (Thumb, 0 bytes, Stack size 0 bytes, startup_at32f403a_407.o(.text))
<BR>[Address Reference Count : 1]<UL><LI> startup_at32f403a_407.o(RESET)
</UL>
<P><STRONG><a name="[44]"></a>DMA2_Channel3_IRQHandler</STRONG> (Thumb, 0 bytes, Stack size 0 bytes, startup_at32f403a_407.o(.text))
<BR>[Address Reference Count : 1]<UL><LI> startup_at32f403a_407.o(RESET)
</UL>
<P><STRONG><a name="[45]"></a>DMA2_Channel4_5_IRQHandler</STRONG> (Thumb, 0 bytes, Stack size 0 bytes, startup_at32f403a_407.o(.text))
<BR>[Address Reference Count : 1]<UL><LI> startup_at32f403a_407.o(RESET)
</UL>
<P><STRONG><a name="[51]"></a>DMA2_Channel6_7_IRQHandler</STRONG> (Thumb, 0 bytes, Stack size 0 bytes, startup_at32f403a_407.o(.text))
<BR>[Address Reference Count : 1]<UL><LI> startup_at32f403a_407.o(RESET)
</UL>
<P><STRONG><a name="[55]"></a>EMAC_IRQHandler</STRONG> (Thumb, 0 bytes, Stack size 0 bytes, startup_at32f403a_407.o(.text))
<BR>[Address Reference Count : 1]<UL><LI> startup_at32f403a_407.o(RESET)
</UL>
<P><STRONG><a name="[56]"></a>EMAC_WKUP_IRQHandler</STRONG> (Thumb, 0 bytes, Stack size 0 bytes, startup_at32f403a_407.o(.text))
<BR>[Address Reference Count : 1]<UL><LI> startup_at32f403a_407.o(RESET)
</UL>
<P><STRONG><a name="[10]"></a>EXINT0_IRQHandler</STRONG> (Thumb, 0 bytes, Stack size 0 bytes, startup_at32f403a_407.o(.text))
<BR>[Address Reference Count : 1]<UL><LI> startup_at32f403a_407.o(RESET)
</UL>
<P><STRONG><a name="[32]"></a>EXINT15_10_IRQHandler</STRONG> (Thumb, 0 bytes, Stack size 0 bytes, startup_at32f403a_407.o(.text))
<BR>[Address Reference Count : 1]<UL><LI> startup_at32f403a_407.o(RESET)
</UL>
<P><STRONG><a name="[11]"></a>EXINT1_IRQHandler</STRONG> (Thumb, 0 bytes, Stack size 0 bytes, startup_at32f403a_407.o(.text))
<BR>[Address Reference Count : 1]<UL><LI> startup_at32f403a_407.o(RESET)
</UL>
<P><STRONG><a name="[12]"></a>EXINT2_IRQHandler</STRONG> (Thumb, 0 bytes, Stack size 0 bytes, startup_at32f403a_407.o(.text))
<BR>[Address Reference Count : 1]<UL><LI> startup_at32f403a_407.o(RESET)
</UL>
<P><STRONG><a name="[13]"></a>EXINT3_IRQHandler</STRONG> (Thumb, 0 bytes, Stack size 0 bytes, startup_at32f403a_407.o(.text))
<BR>[Address Reference Count : 1]<UL><LI> startup_at32f403a_407.o(RESET)
</UL>
<P><STRONG><a name="[14]"></a>EXINT4_IRQHandler</STRONG> (Thumb, 0 bytes, Stack size 0 bytes, startup_at32f403a_407.o(.text))
<BR>[Address Reference Count : 1]<UL><LI> startup_at32f403a_407.o(RESET)
</UL>
<P><STRONG><a name="[21]"></a>EXINT9_5_IRQHandler</STRONG> (Thumb, 0 bytes, Stack size 0 bytes, startup_at32f403a_407.o(.text))
<BR>[Address Reference Count : 1]<UL><LI> startup_at32f403a_407.o(RESET)
</UL>
<P><STRONG><a name="[e]"></a>FLASH_IRQHandler</STRONG> (Thumb, 0 bytes, Stack size 0 bytes, startup_at32f403a_407.o(.text))
<BR>[Address Reference Count : 1]<UL><LI> startup_at32f403a_407.o(RESET)
</UL>
<P><STRONG><a name="[2a]"></a>I2C1_ERR_IRQHandler</STRONG> (Thumb, 0 bytes, Stack size 0 bytes, startup_at32f403a_407.o(.text))
<BR>[Address Reference Count : 1]<UL><LI> startup_at32f403a_407.o(RESET)
</UL>
<P><STRONG><a name="[29]"></a>I2C1_EVT_IRQHandler</STRONG> (Thumb, 0 bytes, Stack size 0 bytes, startup_at32f403a_407.o(.text))
<BR>[Address Reference Count : 1]<UL><LI> startup_at32f403a_407.o(RESET)
</UL>
<P><STRONG><a name="[2c]"></a>I2C2_ERR_IRQHandler</STRONG> (Thumb, 0 bytes, Stack size 0 bytes, startup_at32f403a_407.o(.text))
<BR>[Address Reference Count : 1]<UL><LI> startup_at32f403a_407.o(RESET)
</UL>
<P><STRONG><a name="[2b]"></a>I2C2_EVT_IRQHandler</STRONG> (Thumb, 0 bytes, Stack size 0 bytes, startup_at32f403a_407.o(.text))
<BR>[Address Reference Count : 1]<UL><LI> startup_at32f403a_407.o(RESET)
</UL>
<P><STRONG><a name="[48]"></a>I2C3_ERR_IRQHandler</STRONG> (Thumb, 0 bytes, Stack size 0 bytes, startup_at32f403a_407.o(.text))
<BR>[Address Reference Count : 1]<UL><LI> startup_at32f403a_407.o(RESET)
</UL>
<P><STRONG><a name="[47]"></a>I2C3_EVT_IRQHandler</STRONG> (Thumb, 0 bytes, Stack size 0 bytes, startup_at32f403a_407.o(.text))
<BR>[Address Reference Count : 1]<UL><LI> startup_at32f403a_407.o(RESET)
</UL>
<P><STRONG><a name="[b]"></a>PVM_IRQHandler</STRONG> (Thumb, 0 bytes, Stack size 0 bytes, startup_at32f403a_407.o(.text))
<BR>[Address Reference Count : 1]<UL><LI> startup_at32f403a_407.o(RESET)
</UL>
<P><STRONG><a name="[33]"></a>RTCAlarm_IRQHandler</STRONG> (Thumb, 0 bytes, Stack size 0 bytes, startup_at32f403a_407.o(.text))
<BR>[Address Reference Count : 1]<UL><LI> startup_at32f403a_407.o(RESET)
</UL>
<P><STRONG><a name="[d]"></a>RTC_IRQHandler</STRONG> (Thumb, 0 bytes, Stack size 0 bytes, startup_at32f403a_407.o(.text))
<BR>[Address Reference Count : 1]<UL><LI> startup_at32f403a_407.o(RESET)
</UL>
<P><STRONG><a name="[3b]"></a>SDIO1_IRQHandler</STRONG> (Thumb, 0 bytes, Stack size 0 bytes, startup_at32f403a_407.o(.text))
<BR>[Address Reference Count : 1]<UL><LI> startup_at32f403a_407.o(RESET)
</UL>
<P><STRONG><a name="[46]"></a>SDIO2_IRQHandler</STRONG> (Thumb, 0 bytes, Stack size 0 bytes, startup_at32f403a_407.o(.text))
<BR>[Address Reference Count : 1]<UL><LI> startup_at32f403a_407.o(RESET)
</UL>
<P><STRONG><a name="[2d]"></a>SPI1_IRQHandler</STRONG> (Thumb, 0 bytes, Stack size 0 bytes, startup_at32f403a_407.o(.text))
<BR>[Address Reference Count : 1]<UL><LI> startup_at32f403a_407.o(RESET)
</UL>
<P><STRONG><a name="[2e]"></a>SPI2_I2S2EXT_IRQHandler</STRONG> (Thumb, 0 bytes, Stack size 0 bytes, startup_at32f403a_407.o(.text))
<BR>[Address Reference Count : 1]<UL><LI> startup_at32f403a_407.o(RESET)
</UL>
<P><STRONG><a name="[3d]"></a>SPI3_I2S3EXT_IRQHandler</STRONG> (Thumb, 0 bytes, Stack size 0 bytes, startup_at32f403a_407.o(.text))
<BR>[Address Reference Count : 1]<UL><LI> startup_at32f403a_407.o(RESET)
</UL>
<P><STRONG><a name="[49]"></a>SPI4_IRQHandler</STRONG> (Thumb, 0 bytes, Stack size 0 bytes, startup_at32f403a_407.o(.text))
<BR>[Address Reference Count : 1]<UL><LI> startup_at32f403a_407.o(RESET)
</UL>
<P><STRONG><a name="[c]"></a>TAMPER_IRQHandler</STRONG> (Thumb, 0 bytes, Stack size 0 bytes, startup_at32f403a_407.o(.text))
<BR>[Address Reference Count : 1]<UL><LI> startup_at32f403a_407.o(RESET)
</UL>
<P><STRONG><a name="[22]"></a>TMR1_BRK_TMR9_IRQHandler</STRONG> (Thumb, 0 bytes, Stack size 0 bytes, startup_at32f403a_407.o(.text))
<BR>[Address Reference Count : 1]<UL><LI> startup_at32f403a_407.o(RESET)
</UL>
<P><STRONG><a name="[25]"></a>TMR1_CH_IRQHandler</STRONG> (Thumb, 0 bytes, Stack size 0 bytes, startup_at32f403a_407.o(.text))
<BR>[Address Reference Count : 1]<UL><LI> startup_at32f403a_407.o(RESET)
</UL>
<P><STRONG><a name="[23]"></a>TMR1_OVF_TMR10_IRQHandler</STRONG> (Thumb, 0 bytes, Stack size 0 bytes, startup_at32f403a_407.o(.text))
<BR>[Address Reference Count : 1]<UL><LI> startup_at32f403a_407.o(RESET)
</UL>
<P><STRONG><a name="[24]"></a>TMR1_TRG_HALL_TMR11_IRQHandler</STRONG> (Thumb, 0 bytes, Stack size 0 bytes, startup_at32f403a_407.o(.text))
<BR>[Address Reference Count : 1]<UL><LI> startup_at32f403a_407.o(RESET)
</UL>
<P><STRONG><a name="[26]"></a>TMR2_GLOBAL_IRQHandler</STRONG> (Thumb, 0 bytes, Stack size 0 bytes, startup_at32f403a_407.o(.text))
<BR>[Address Reference Count : 1]<UL><LI> startup_at32f403a_407.o(RESET)
</UL>
<P><STRONG><a name="[27]"></a>TMR3_GLOBAL_IRQHandler</STRONG> (Thumb, 0 bytes, Stack size 0 bytes, startup_at32f403a_407.o(.text))
<BR>[Address Reference Count : 1]<UL><LI> startup_at32f403a_407.o(RESET)
</UL>
<P><STRONG><a name="[28]"></a>TMR4_GLOBAL_IRQHandler</STRONG> (Thumb, 0 bytes, Stack size 0 bytes, startup_at32f403a_407.o(.text))
<BR>[Address Reference Count : 1]<UL><LI> startup_at32f403a_407.o(RESET)
</UL>
<P><STRONG><a name="[3c]"></a>TMR5_GLOBAL_IRQHandler</STRONG> (Thumb, 0 bytes, Stack size 0 bytes, startup_at32f403a_407.o(.text))
<BR>[Address Reference Count : 1]<UL><LI> startup_at32f403a_407.o(RESET)
</UL>
<P><STRONG><a name="[40]"></a>TMR6_GLOBAL_IRQHandler</STRONG> (Thumb, 0 bytes, Stack size 0 bytes, startup_at32f403a_407.o(.text))
<BR>[Address Reference Count : 1]<UL><LI> startup_at32f403a_407.o(RESET)
</UL>
<P><STRONG><a name="[41]"></a>TMR7_GLOBAL_IRQHandler</STRONG> (Thumb, 0 bytes, Stack size 0 bytes, startup_at32f403a_407.o(.text))
<BR>[Address Reference Count : 1]<UL><LI> startup_at32f403a_407.o(RESET)
</UL>
<P><STRONG><a name="[35]"></a>TMR8_BRK_TMR12_IRQHandler</STRONG> (Thumb, 0 bytes, Stack size 0 bytes, startup_at32f403a_407.o(.text))
<BR>[Address Reference Count : 1]<UL><LI> startup_at32f403a_407.o(RESET)
</UL>
<P><STRONG><a name="[38]"></a>TMR8_CH_IRQHandler</STRONG> (Thumb, 0 bytes, Stack size 0 bytes, startup_at32f403a_407.o(.text))
<BR>[Address Reference Count : 1]<UL><LI> startup_at32f403a_407.o(RESET)
</UL>
<P><STRONG><a name="[36]"></a>TMR8_OVF_TMR13_IRQHandler</STRONG> (Thumb, 0 bytes, Stack size 0 bytes, startup_at32f403a_407.o(.text))
<BR>[Address Reference Count : 1]<UL><LI> startup_at32f403a_407.o(RESET)
</UL>
<P><STRONG><a name="[37]"></a>TMR8_TRG_HALL_TMR14_IRQHandler</STRONG> (Thumb, 0 bytes, Stack size 0 bytes, startup_at32f403a_407.o(.text))
<BR>[Address Reference Count : 1]<UL><LI> startup_at32f403a_407.o(RESET)
</UL>
<P><STRONG><a name="[3e]"></a>UART4_IRQHandler</STRONG> (Thumb, 0 bytes, Stack size 0 bytes, startup_at32f403a_407.o(.text))
<BR>[Address Reference Count : 1]<UL><LI> startup_at32f403a_407.o(RESET)
</UL>
<P><STRONG><a name="[3f]"></a>UART5_IRQHandler</STRONG> (Thumb, 0 bytes, Stack size 0 bytes, startup_at32f403a_407.o(.text))
<BR>[Address Reference Count : 1]<UL><LI> startup_at32f403a_407.o(RESET)
</UL>
<P><STRONG><a name="[53]"></a>UART7_IRQHandler</STRONG> (Thumb, 0 bytes, Stack size 0 bytes, startup_at32f403a_407.o(.text))
<BR>[Address Reference Count : 1]<UL><LI> startup_at32f403a_407.o(RESET)
</UL>
<P><STRONG><a name="[54]"></a>UART8_IRQHandler</STRONG> (Thumb, 0 bytes, Stack size 0 bytes, startup_at32f403a_407.o(.text))
<BR>[Address Reference Count : 1]<UL><LI> startup_at32f403a_407.o(RESET)
</UL>
<P><STRONG><a name="[2f]"></a>USART1_IRQHandler</STRONG> (Thumb, 0 bytes, Stack size 0 bytes, startup_at32f403a_407.o(.text))
<BR>[Address Reference Count : 1]<UL><LI> startup_at32f403a_407.o(RESET)
</UL>
<P><STRONG><a name="[30]"></a>USART2_IRQHandler</STRONG> (Thumb, 0 bytes, Stack size 0 bytes, startup_at32f403a_407.o(.text))
<BR>[Address Reference Count : 1]<UL><LI> startup_at32f403a_407.o(RESET)
</UL>
<P><STRONG><a name="[31]"></a>USART3_IRQHandler</STRONG> (Thumb, 0 bytes, Stack size 0 bytes, startup_at32f403a_407.o(.text))
<BR>[Address Reference Count : 1]<UL><LI> startup_at32f403a_407.o(RESET)
</UL>
<P><STRONG><a name="[52]"></a>USART6_IRQHandler</STRONG> (Thumb, 0 bytes, Stack size 0 bytes, startup_at32f403a_407.o(.text))
<BR>[Address Reference Count : 1]<UL><LI> startup_at32f403a_407.o(RESET)
</UL>
<P><STRONG><a name="[34]"></a>USBFSWakeUp_IRQHandler</STRONG> (Thumb, 0 bytes, Stack size 0 bytes, startup_at32f403a_407.o(.text))
<BR>[Address Reference Count : 1]<UL><LI> startup_at32f403a_407.o(RESET)
</UL>
<P><STRONG><a name="[1d]"></a>USBFS_H_CAN1_TX_IRQHandler</STRONG> (Thumb, 0 bytes, Stack size 0 bytes, startup_at32f403a_407.o(.text))
<BR>[Address Reference Count : 1]<UL><LI> startup_at32f403a_407.o(RESET)
</UL>
<P><STRONG><a name="[1e]"></a>USBFS_L_CAN1_RX0_IRQHandler</STRONG> (Thumb, 0 bytes, Stack size 0 bytes, startup_at32f403a_407.o(.text))
<BR>[Address Reference Count : 1]<UL><LI> startup_at32f403a_407.o(RESET)
</UL>
<P><STRONG><a name="[4f]"></a>USBFS_MAPH_IRQHandler</STRONG> (Thumb, 0 bytes, Stack size 0 bytes, startup_at32f403a_407.o(.text))
<BR>[Address Reference Count : 1]<UL><LI> startup_at32f403a_407.o(RESET)
</UL>
<P><STRONG><a name="[50]"></a>USBFS_MAPL_IRQHandler</STRONG> (Thumb, 0 bytes, Stack size 0 bytes, startup_at32f403a_407.o(.text))
<BR>[Address Reference Count : 1]<UL><LI> startup_at32f403a_407.o(RESET)
</UL>
<P><STRONG><a name="[a]"></a>WWDT_IRQHandler</STRONG> (Thumb, 0 bytes, Stack size 0 bytes, startup_at32f403a_407.o(.text))
<BR>[Address Reference Count : 1]<UL><LI> startup_at32f403a_407.o(RESET)
</UL>
<P><STRONG><a name="[3a]"></a>XMC_IRQHandler</STRONG> (Thumb, 0 bytes, Stack size 0 bytes, startup_at32f403a_407.o(.text))
<BR>[Address Reference Count : 1]<UL><LI> startup_at32f403a_407.o(RESET)
</UL>
<P><STRONG><a name="[8a]"></a>strcpy</STRONG> (Thumb, 18 bytes, Stack size 0 bytes, strcpy.o(.text))
<BR><BR>[Called By]<UL><LI><a href="#[80]">&gt;&gt;</a>&nbsp;&nbsp;&nbsp;FW_Device_PreBind
</UL>

<P><STRONG><a name="[89]"></a>strncmp</STRONG> (Thumb, 30 bytes, Stack size 12 bytes, strncmp.o(.text))
<BR><BR>[Stack]<UL><LI>Max Depth = 12<LI>Call Chain = strncmp
</UL>
<BR>[Called By]<UL><LI><a href="#[84]">&gt;&gt;</a>&nbsp;&nbsp;&nbsp;FW_Driver_Find
<LI><a href="#[80]">&gt;&gt;</a>&nbsp;&nbsp;&nbsp;FW_Device_PreBind
</UL>

<P><STRONG><a name="[7c]"></a>__scatterload</STRONG> (Thumb, 28 bytes, Stack size 0 bytes, init.o(.text))
<BR><BR>[Calls]<UL><LI><a href="#[7d]">&gt;&gt;</a>&nbsp;&nbsp;&nbsp;__main_after_scatterload
</UL>
<BR>[Called By]<UL><LI><a href="#[7b]">&gt;&gt;</a>&nbsp;&nbsp;&nbsp;_main_scatterload
</UL>

<P><STRONG><a name="[b5]"></a>__scatterload_rt2</STRONG> (Thumb, 0 bytes, Stack size 0 bytes, init.o(.text), UNUSED)

<P><STRONG><a name="[57]"></a>main</STRONG> (Thumb, 98 bytes, Stack size 16 bytes, fw_startup.o(i.$Sub$$main))
<BR><BR>[Stack]<UL><LI>Max Depth = 76<LI>Call Chain = main &rArr; FW_Delay_Init &rArr; FW_Driver_Find &rArr; strncmp
</UL>
<BR>[Calls]<UL><LI><a href="#[7e]">&gt;&gt;</a>&nbsp;&nbsp;&nbsp;FW_System_Init
<LI><a href="#[7f]">&gt;&gt;</a>&nbsp;&nbsp;&nbsp;FW_Delay_Init
<LI><a href="#[82]">&gt;&gt;</a>&nbsp;&nbsp;&nbsp;$Super$$main
<LI><a href="#[81]">&gt;&gt;</a>&nbsp;&nbsp;&nbsp;FW_Device_PreInit
<LI><a href="#[80]">&gt;&gt;</a>&nbsp;&nbsp;&nbsp;FW_Device_PreBind
</UL>
<BR>[Address Reference Count : 1]<UL><LI> entry9a.o(.ARM.Collect$$$$0000000B)
</UL>
<P><STRONG><a name="[87]"></a>FW_Delay_GetUsDuration</STRONG> (Thumb, 94 bytes, Stack size 32 bytes, fw_delay.o(i.FW_Delay_GetUsDuration))
<BR><BR>[Stack]<UL><LI>Max Depth = 32<LI>Call Chain = FW_Delay_GetUsDuration
</UL>
<BR>[Called By]<UL><LI><a href="#[7f]">&gt;&gt;</a>&nbsp;&nbsp;&nbsp;FW_Delay_Init
</UL>

<P><STRONG><a name="[85]"></a>FW_Delay_GetUsStart</STRONG> (Thumb, 30 bytes, Stack size 16 bytes, fw_delay.o(i.FW_Delay_GetUsStart))
<BR><BR>[Stack]<UL><LI>Max Depth = 16<LI>Call Chain = FW_Delay_GetUsStart
</UL>
<BR>[Called By]<UL><LI><a href="#[7f]">&gt;&gt;</a>&nbsp;&nbsp;&nbsp;FW_Delay_Init
</UL>

<P><STRONG><a name="[7f]"></a>FW_Delay_Init</STRONG> (Thumb, 152 bytes, Stack size 24 bytes, fw_delay.o(i.FW_Delay_Init))
<BR><BR>[Stack]<UL><LI>Max Depth = 60<LI>Call Chain = FW_Delay_Init &rArr; FW_Driver_Find &rArr; strncmp
</UL>
<BR>[Calls]<UL><LI><a href="#[84]">&gt;&gt;</a>&nbsp;&nbsp;&nbsp;FW_Driver_Find
<LI><a href="#[86]">&gt;&gt;</a>&nbsp;&nbsp;&nbsp;FW_Delay_Us
<LI><a href="#[85]">&gt;&gt;</a>&nbsp;&nbsp;&nbsp;FW_Delay_GetUsStart
<LI><a href="#[87]">&gt;&gt;</a>&nbsp;&nbsp;&nbsp;FW_Delay_GetUsDuration
</UL>
<BR>[Called By]<UL><LI><a href="#[57]">&gt;&gt;</a>&nbsp;&nbsp;&nbsp;main
</UL>

<P><STRONG><a name="[ad]"></a>FW_Delay_Ms</STRONG> (Thumb, 14 bytes, Stack size 8 bytes, fw_delay.o(i.FW_Delay_Ms))
<BR><BR>[Stack]<UL><LI>Max Depth = 8<LI>Call Chain = FW_Delay_Ms
</UL>
<BR>[Called By]<UL><LI><a href="#[ac]">&gt;&gt;</a>&nbsp;&nbsp;&nbsp;Test
</UL>

<P><STRONG><a name="[9e]"></a>FW_Delay_TickTock</STRONG> (Thumb, 12 bytes, Stack size 0 bytes, fw_delay.o(i.FW_Delay_TickTock))
<BR><BR>[Called By]<UL><LI><a href="#[9]">&gt;&gt;</a>&nbsp;&nbsp;&nbsp;SysTick_Handler
</UL>

<P><STRONG><a name="[86]"></a>FW_Delay_Us</STRONG> (Thumb, 86 bytes, Stack size 32 bytes, fw_delay.o(i.FW_Delay_Us))
<BR><BR>[Stack]<UL><LI>Max Depth = 32<LI>Call Chain = FW_Delay_Us
</UL>
<BR>[Called By]<UL><LI><a href="#[7f]">&gt;&gt;</a>&nbsp;&nbsp;&nbsp;FW_Delay_Init
</UL>

<P><STRONG><a name="[80]"></a>FW_Device_PreBind</STRONG> (Thumb, 110 bytes, Stack size 24 bytes, fw_device.o(i.FW_Device_PreBind))
<BR><BR>[Stack]<UL><LI>Max Depth = 36<LI>Call Chain = FW_Device_PreBind &rArr; strncmp
</UL>
<BR>[Calls]<UL><LI><a href="#[88]">&gt;&gt;</a>&nbsp;&nbsp;&nbsp;FW_List_Init
<LI><a href="#[89]">&gt;&gt;</a>&nbsp;&nbsp;&nbsp;strncmp
<LI><a href="#[8a]">&gt;&gt;</a>&nbsp;&nbsp;&nbsp;strcpy
</UL>
<BR>[Called By]<UL><LI><a href="#[57]">&gt;&gt;</a>&nbsp;&nbsp;&nbsp;main
</UL>

<P><STRONG><a name="[81]"></a>FW_Device_PreInit</STRONG> (Thumb, 32 bytes, Stack size 16 bytes, fw_device.o(i.FW_Device_PreInit))
<BR><BR>[Stack]<UL><LI>Max Depth = 16<LI>Call Chain = FW_Device_PreInit
</UL>
<BR>[Called By]<UL><LI><a href="#[57]">&gt;&gt;</a>&nbsp;&nbsp;&nbsp;main
</UL>

<P><STRONG><a name="[84]"></a>FW_Driver_Find</STRONG> (Thumb, 42 bytes, Stack size 24 bytes, fw_driver.o(i.FW_Driver_Find))
<BR><BR>[Stack]<UL><LI>Max Depth = 36<LI>Call Chain = FW_Driver_Find &rArr; strncmp
</UL>
<BR>[Calls]<UL><LI><a href="#[89]">&gt;&gt;</a>&nbsp;&nbsp;&nbsp;strncmp
</UL>
<BR>[Called By]<UL><LI><a href="#[7e]">&gt;&gt;</a>&nbsp;&nbsp;&nbsp;FW_System_Init
<LI><a href="#[7f]">&gt;&gt;</a>&nbsp;&nbsp;&nbsp;FW_Delay_Init
<LI><a href="#[78]">&gt;&gt;</a>&nbsp;&nbsp;&nbsp;FW_GPIO_Driver_Probe
</UL>

<P><STRONG><a name="[90]"></a>FW_SDI</STRONG> (Thumb, 12 bytes, Stack size 8 bytes, fw_system.o(i.FW_SDI))
<BR><BR>[Stack]<UL><LI>Max Depth = 8<LI>Call Chain = FW_SDI
</UL>
<BR>[Called By]<UL><LI><a href="#[7e]">&gt;&gt;</a>&nbsp;&nbsp;&nbsp;FW_System_Init
</UL>

<P><STRONG><a name="[91]"></a>FW_SEI</STRONG> (Thumb, 12 bytes, Stack size 8 bytes, fw_system.o(i.FW_SEI))
<BR><BR>[Stack]<UL><LI>Max Depth = 8<LI>Call Chain = FW_SEI
</UL>
<BR>[Called By]<UL><LI><a href="#[7e]">&gt;&gt;</a>&nbsp;&nbsp;&nbsp;FW_System_Init
</UL>

<P><STRONG><a name="[7e]"></a>FW_System_Init</STRONG> (Thumb, 52 bytes, Stack size 8 bytes, fw_system.o(i.FW_System_Init))
<BR><BR>[Stack]<UL><LI>Max Depth = 44<LI>Call Chain = FW_System_Init &rArr; FW_Driver_Find &rArr; strncmp
</UL>
<BR>[Calls]<UL><LI><a href="#[84]">&gt;&gt;</a>&nbsp;&nbsp;&nbsp;FW_Driver_Find
<LI><a href="#[91]">&gt;&gt;</a>&nbsp;&nbsp;&nbsp;FW_SEI
<LI><a href="#[90]">&gt;&gt;</a>&nbsp;&nbsp;&nbsp;FW_SDI
</UL>
<BR>[Called By]<UL><LI><a href="#[57]">&gt;&gt;</a>&nbsp;&nbsp;&nbsp;main
</UL>

<P><STRONG><a name="[8c]"></a>GPIO_PinInit</STRONG> (Thumb, 44 bytes, Stack size 24 bytes, fw_gpio.o(i.GPIO_PinInit))
<BR><BR>[Stack]<UL><LI>Max Depth = 24<LI>Call Chain = GPIO_PinInit
</UL>
<BR>[Calls]<UL><LI><a href="#[8d]">&gt;&gt;</a>&nbsp;&nbsp;&nbsp;FW_Device_GetDriver
</UL>
<BR>[Called By]<UL><LI><a href="#[8b]">&gt;&gt;</a>&nbsp;&nbsp;&nbsp;FW_GPIO_Init
</UL>

<P><STRONG><a name="[92]"></a>GPIO_PinRead</STRONG> (Thumb, 30 bytes, Stack size 16 bytes, fw_gpio.o(i.GPIO_PinRead))
<BR><BR>[Stack]<UL><LI>Max Depth = 16<LI>Call Chain = GPIO_PinRead
</UL>
<BR>[Calls]<UL><LI><a href="#[8d]">&gt;&gt;</a>&nbsp;&nbsp;&nbsp;FW_Device_GetDriver
</UL>
<BR>[Called By]<UL><LI><a href="#[ac]">&gt;&gt;</a>&nbsp;&nbsp;&nbsp;Test
</UL>

<P><STRONG><a name="[8f]"></a>GPIO_PinWrite</STRONG> (Thumb, 38 bytes, Stack size 24 bytes, fw_gpio.o(i.GPIO_PinWrite))
<BR><BR>[Stack]<UL><LI>Max Depth = 24<LI>Call Chain = GPIO_PinWrite
</UL>
<BR>[Calls]<UL><LI><a href="#[8d]">&gt;&gt;</a>&nbsp;&nbsp;&nbsp;FW_Device_GetDriver
</UL>
<BR>[Called By]<UL><LI><a href="#[8e]">&gt;&gt;</a>&nbsp;&nbsp;&nbsp;FW_GPIO_Write
</UL>

<P><STRONG><a name="[1]"></a>NMI_Handler</STRONG> (Thumb, 2 bytes, Stack size 0 bytes, ll_system.o(i.NMI_Handler))
<BR>[Address Reference Count : 1]<UL><LI> startup_at32f403a_407.o(RESET)
</UL>
<P><STRONG><a name="[9]"></a>SysTick_Handler</STRONG> (Thumb, 8 bytes, Stack size 8 bytes, ll_delay.o(i.SysTick_Handler))
<BR><BR>[Stack]<UL><LI>Max Depth = 8<LI>Call Chain = SysTick_Handler
</UL>
<BR>[Calls]<UL><LI><a href="#[9e]">&gt;&gt;</a>&nbsp;&nbsp;&nbsp;FW_Delay_TickTock
</UL>
<BR>[Address Reference Count : 1]<UL><LI> startup_at32f403a_407.o(RESET)
</UL>
<P><STRONG><a name="[58]"></a>SystemInit</STRONG> (Thumb, 100 bytes, Stack size 0 bytes, system_at32f403a_407.o(i.SystemInit))
<BR>[Address Reference Count : 1]<UL><LI> startup_at32f403a_407.o(.text)
</UL>
<P><STRONG><a name="[ac]"></a>Test</STRONG> (Thumb, 112 bytes, Stack size 0 bytes, ll_gpio.o(i.Test))
<BR><BR>[Stack]<UL><LI>Max Depth = 40<LI>Call Chain = Test &rArr; FW_GPIO_Write &rArr; GPIO_PinWrite
</UL>
<BR>[Calls]<UL><LI><a href="#[92]">&gt;&gt;</a>&nbsp;&nbsp;&nbsp;GPIO_PinRead
<LI><a href="#[ad]">&gt;&gt;</a>&nbsp;&nbsp;&nbsp;FW_Delay_Ms
<LI><a href="#[8e]">&gt;&gt;</a>&nbsp;&nbsp;&nbsp;FW_GPIO_Write
<LI><a href="#[8b]">&gt;&gt;</a>&nbsp;&nbsp;&nbsp;FW_GPIO_Init
</UL>
<BR>[Called By]<UL><LI><a href="#[82]">&gt;&gt;</a>&nbsp;&nbsp;&nbsp;$Super$$main
</UL>

<P><STRONG><a name="[b6]"></a>__scatterload_copy</STRONG> (Thumb, 14 bytes, Stack size unknown bytes, handlers.o(i.__scatterload_copy), UNUSED)

<P><STRONG><a name="[b7]"></a>__scatterload_null</STRONG> (Thumb, 2 bytes, Stack size unknown bytes, handlers.o(i.__scatterload_null), UNUSED)

<P><STRONG><a name="[b8]"></a>__scatterload_zeroinit</STRONG> (Thumb, 14 bytes, Stack size unknown bytes, handlers.o(i.__scatterload_zeroinit), UNUSED)

<P><STRONG><a name="[a4]"></a>crm_ahb_div_set</STRONG> (Thumb, 14 bytes, Stack size 0 bytes, at32f403a_407_crm.o(i.crm_ahb_div_set))
<BR><BR>[Called By]<UL><LI><a href="#[5f]">&gt;&gt;</a>&nbsp;&nbsp;&nbsp;System_Init
</UL>

<P><STRONG><a name="[a6]"></a>crm_apb1_div_set</STRONG> (Thumb, 14 bytes, Stack size 0 bytes, at32f403a_407_crm.o(i.crm_apb1_div_set))
<BR><BR>[Called By]<UL><LI><a href="#[5f]">&gt;&gt;</a>&nbsp;&nbsp;&nbsp;System_Init
</UL>

<P><STRONG><a name="[a5]"></a>crm_apb2_div_set</STRONG> (Thumb, 14 bytes, Stack size 0 bytes, at32f403a_407_crm.o(i.crm_apb2_div_set))
<BR><BR>[Called By]<UL><LI><a href="#[5f]">&gt;&gt;</a>&nbsp;&nbsp;&nbsp;System_Init
</UL>

<P><STRONG><a name="[a7]"></a>crm_auto_step_mode_enable</STRONG> (Thumb, 34 bytes, Stack size 0 bytes, at32f403a_407_crm.o(i.crm_auto_step_mode_enable))
<BR><BR>[Called By]<UL><LI><a href="#[5f]">&gt;&gt;</a>&nbsp;&nbsp;&nbsp;System_Init
</UL>

<P><STRONG><a name="[a1]"></a>crm_clock_source_enable</STRONG> (Thumb, 90 bytes, Stack size 0 bytes, at32f403a_407_crm.o(i.crm_clock_source_enable))
<BR><BR>[Called By]<UL><LI><a href="#[5f]">&gt;&gt;</a>&nbsp;&nbsp;&nbsp;System_Init
</UL>

<P><STRONG><a name="[a2]"></a>crm_flag_get</STRONG> (Thumb, 42 bytes, Stack size 8 bytes, at32f403a_407_crm.o(i.crm_flag_get))
<BR><BR>[Stack]<UL><LI>Max Depth = 8<LI>Call Chain = crm_flag_get
</UL>
<BR>[Called By]<UL><LI><a href="#[5f]">&gt;&gt;</a>&nbsp;&nbsp;&nbsp;System_Init
</UL>

<P><STRONG><a name="[95]"></a>crm_periph_clock_enable</STRONG> (Thumb, 62 bytes, Stack size 8 bytes, at32f403a_407_crm.o(i.crm_periph_clock_enable))
<BR><BR>[Stack]<UL><LI>Max Depth = 8<LI>Call Chain = crm_periph_clock_enable
</UL>
<BR>[Called By]<UL><LI><a href="#[6f]">&gt;&gt;</a>&nbsp;&nbsp;&nbsp;Pin_Init
</UL>

<P><STRONG><a name="[ae]"></a>crm_periph_reset</STRONG> (Thumb, 62 bytes, Stack size 8 bytes, at32f403a_407_crm.o(i.crm_periph_reset))
<BR><BR>[Stack]<UL><LI>Max Depth = 8<LI>Call Chain = crm_periph_reset
</UL>
<BR>[Called By]<UL><LI><a href="#[93]">&gt;&gt;</a>&nbsp;&nbsp;&nbsp;gpio_reset
</UL>

<P><STRONG><a name="[a3]"></a>crm_pll_config</STRONG> (Thumb, 118 bytes, Stack size 8 bytes, at32f403a_407_crm.o(i.crm_pll_config))
<BR><BR>[Stack]<UL><LI>Max Depth = 8<LI>Call Chain = crm_pll_config
</UL>
<BR>[Called By]<UL><LI><a href="#[5f]">&gt;&gt;</a>&nbsp;&nbsp;&nbsp;System_Init
</UL>

<P><STRONG><a name="[a0]"></a>crm_reset</STRONG> (Thumb, 80 bytes, Stack size 0 bytes, at32f403a_407_crm.o(i.crm_reset))
<BR><BR>[Called By]<UL><LI><a href="#[5f]">&gt;&gt;</a>&nbsp;&nbsp;&nbsp;System_Init
</UL>

<P><STRONG><a name="[a8]"></a>crm_sysclk_switch</STRONG> (Thumb, 54 bytes, Stack size 0 bytes, at32f403a_407_crm.o(i.crm_sysclk_switch))
<BR><BR>[Called By]<UL><LI><a href="#[5f]">&gt;&gt;</a>&nbsp;&nbsp;&nbsp;System_Init
</UL>

<P><STRONG><a name="[a9]"></a>crm_sysclk_switch_status_get</STRONG> (Thumb, 10 bytes, Stack size 0 bytes, at32f403a_407_crm.o(i.crm_sysclk_switch_status_get))
<BR><BR>[Called By]<UL><LI><a href="#[aa]">&gt;&gt;</a>&nbsp;&nbsp;&nbsp;system_core_clock_update
<LI><a href="#[5f]">&gt;&gt;</a>&nbsp;&nbsp;&nbsp;System_Init
</UL>

<P><STRONG><a name="[9a]"></a>gpio_bits_reset</STRONG> (Thumb, 4 bytes, Stack size 0 bytes, at32f403a_407_gpio.o(i.gpio_bits_reset))
<BR><BR>[Called By]<UL><LI><a href="#[70]">&gt;&gt;</a>&nbsp;&nbsp;&nbsp;Pin_Write
</UL>

<P><STRONG><a name="[99]"></a>gpio_bits_set</STRONG> (Thumb, 4 bytes, Stack size 0 bytes, at32f403a_407_gpio.o(i.gpio_bits_set))
<BR><BR>[Called By]<UL><LI><a href="#[70]">&gt;&gt;</a>&nbsp;&nbsp;&nbsp;Pin_Write
</UL>

<P><STRONG><a name="[96]"></a>gpio_default_para_init</STRONG> (Thumb, 22 bytes, Stack size 0 bytes, at32f403a_407_gpio.o(i.gpio_default_para_init))
<BR><BR>[Called By]<UL><LI><a href="#[6f]">&gt;&gt;</a>&nbsp;&nbsp;&nbsp;Pin_Init
</UL>

<P><STRONG><a name="[97]"></a>gpio_init</STRONG> (Thumb, 168 bytes, Stack size 20 bytes, at32f403a_407_gpio.o(i.gpio_init))
<BR><BR>[Stack]<UL><LI>Max Depth = 20<LI>Call Chain = gpio_init
</UL>
<BR>[Called By]<UL><LI><a href="#[6f]">&gt;&gt;</a>&nbsp;&nbsp;&nbsp;Pin_Init
</UL>

<P><STRONG><a name="[98]"></a>gpio_input_data_bit_read</STRONG> (Thumb, 18 bytes, Stack size 0 bytes, at32f403a_407_gpio.o(i.gpio_input_data_bit_read))
<BR><BR>[Called By]<UL><LI><a href="#[72]">&gt;&gt;</a>&nbsp;&nbsp;&nbsp;Pin_Read
</UL>

<P><STRONG><a name="[9c]"></a>gpio_input_data_read</STRONG> (Thumb, 8 bytes, Stack size 0 bytes, at32f403a_407_gpio.o(i.gpio_input_data_read))
<BR><BR>[Called By]<UL><LI><a href="#[77]">&gt;&gt;</a>&nbsp;&nbsp;&nbsp;Port_Read
</UL>

<P><STRONG><a name="[94]"></a>gpio_output_data_bit_read</STRONG> (Thumb, 18 bytes, Stack size 0 bytes, at32f403a_407_gpio.o(i.gpio_output_data_bit_read))
<BR><BR>[Called By]<UL><LI><a href="#[71]">&gt;&gt;</a>&nbsp;&nbsp;&nbsp;Pin_GetOutput
</UL>

<P><STRONG><a name="[9b]"></a>gpio_output_data_read</STRONG> (Thumb, 8 bytes, Stack size 0 bytes, at32f403a_407_gpio.o(i.gpio_output_data_read))
<BR><BR>[Called By]<UL><LI><a href="#[76]">&gt;&gt;</a>&nbsp;&nbsp;&nbsp;Port_GetOutput
</UL>

<P><STRONG><a name="[9d]"></a>gpio_port_write</STRONG> (Thumb, 4 bytes, Stack size 0 bytes, at32f403a_407_gpio.o(i.gpio_port_write))
<BR><BR>[Called By]<UL><LI><a href="#[75]">&gt;&gt;</a>&nbsp;&nbsp;&nbsp;Port_Write
</UL>

<P><STRONG><a name="[93]"></a>gpio_reset</STRONG> (Thumb, 140 bytes, Stack size 8 bytes, at32f403a_407_gpio.o(i.gpio_reset))
<BR><BR>[Stack]<UL><LI>Max Depth = 16<LI>Call Chain = gpio_reset &rArr; crm_periph_reset
</UL>
<BR>[Calls]<UL><LI><a href="#[ae]">&gt;&gt;</a>&nbsp;&nbsp;&nbsp;crm_periph_reset
</UL>
<BR>[Called By]<UL><LI><a href="#[6e]">&gt;&gt;</a>&nbsp;&nbsp;&nbsp;Pin_DeInit
</UL>

<P><STRONG><a name="[82]"></a>$Super$$main</STRONG> (Thumb, 10 bytes, Stack size 8 bytes, main.o(i.main))
<BR><BR>[Stack]<UL><LI>Max Depth = 48<LI>Call Chain = $Super$$main &rArr; Test &rArr; FW_GPIO_Write &rArr; GPIO_PinWrite
</UL>
<BR>[Calls]<UL><LI><a href="#[ac]">&gt;&gt;</a>&nbsp;&nbsp;&nbsp;Test
</UL>
<BR>[Called By]<UL><LI><a href="#[57]">&gt;&gt;</a>&nbsp;&nbsp;&nbsp;main
</UL>

<P><STRONG><a name="[9f]"></a>nvic_priority_group_config</STRONG> (Thumb, 32 bytes, Stack size 0 bytes, at32f403a_407_misc.o(i.nvic_priority_group_config))
<BR><BR>[Called By]<UL><LI><a href="#[5f]">&gt;&gt;</a>&nbsp;&nbsp;&nbsp;System_Init
</UL>

<P><STRONG><a name="[ab]"></a>nvic_vector_table_set</STRONG> (Thumb, 12 bytes, Stack size 0 bytes, at32f403a_407_misc.o(i.nvic_vector_table_set))
<BR><BR>[Called By]<UL><LI><a href="#[65]">&gt;&gt;</a>&nbsp;&nbsp;&nbsp;System_Set_VectorTable
</UL>

<P><STRONG><a name="[aa]"></a>system_core_clock_update</STRONG> (Thumb, 222 bytes, Stack size 32 bytes, system_at32f403a_407.o(i.system_core_clock_update))
<BR><BR>[Stack]<UL><LI>Max Depth = 32<LI>Call Chain = system_core_clock_update
</UL>
<BR>[Calls]<UL><LI><a href="#[a9]">&gt;&gt;</a>&nbsp;&nbsp;&nbsp;crm_sysclk_switch_status_get
</UL>
<BR>[Called By]<UL><LI><a href="#[5f]">&gt;&gt;</a>&nbsp;&nbsp;&nbsp;System_Init
</UL>
<P>
<H3>
Local Symbols
</H3>
<P><STRONG><a name="[68]"></a>System_Clear_RSTSource</STRONG> (Thumb, 2 bytes, Stack size 0 bytes, ll_system.o(i.System_Clear_RSTSource))
<BR>[Address Reference Count : 1]<UL><LI> ll_system.o(.constdata)
</UL>
<P><STRONG><a name="[60]"></a>System_Disable_IRQ</STRONG> (Thumb, 4 bytes, Stack size 0 bytes, ll_system.o(i.System_Disable_IRQ))
<BR>[Address Reference Count : 1]<UL><LI> ll_system.o(.constdata)
</UL>
<P><STRONG><a name="[61]"></a>System_Enable_IRQ</STRONG> (Thumb, 4 bytes, Stack size 0 bytes, ll_system.o(i.System_Enable_IRQ))
<BR>[Address Reference Count : 1]<UL><LI> ll_system.o(.constdata)
</UL>
<P><STRONG><a name="[67]"></a>System_Get_RSTSource</STRONG> (Thumb, 4 bytes, Stack size 0 bytes, ll_system.o(i.System_Get_RSTSource))
<BR>[Address Reference Count : 1]<UL><LI> ll_system.o(.constdata)
</UL>
<P><STRONG><a name="[64]"></a>System_Get_Sysclk</STRONG> (Thumb, 6 bytes, Stack size 0 bytes, ll_system.o(i.System_Get_Sysclk))
<BR>[Address Reference Count : 1]<UL><LI> ll_system.o(.constdata)
</UL>
<P><STRONG><a name="[5f]"></a>System_Init</STRONG> (Thumb, 142 bytes, Stack size 8 bytes, ll_system.o(i.System_Init))
<BR><BR>[Stack]<UL><LI>Max Depth = 40<LI>Call Chain = System_Init &rArr; system_core_clock_update
</UL>
<BR>[Calls]<UL><LI><a href="#[aa]">&gt;&gt;</a>&nbsp;&nbsp;&nbsp;system_core_clock_update
<LI><a href="#[9f]">&gt;&gt;</a>&nbsp;&nbsp;&nbsp;nvic_priority_group_config
<LI><a href="#[a9]">&gt;&gt;</a>&nbsp;&nbsp;&nbsp;crm_sysclk_switch_status_get
<LI><a href="#[a8]">&gt;&gt;</a>&nbsp;&nbsp;&nbsp;crm_sysclk_switch
<LI><a href="#[a0]">&gt;&gt;</a>&nbsp;&nbsp;&nbsp;crm_reset
<LI><a href="#[a3]">&gt;&gt;</a>&nbsp;&nbsp;&nbsp;crm_pll_config
<LI><a href="#[a2]">&gt;&gt;</a>&nbsp;&nbsp;&nbsp;crm_flag_get
<LI><a href="#[a1]">&gt;&gt;</a>&nbsp;&nbsp;&nbsp;crm_clock_source_enable
<LI><a href="#[a7]">&gt;&gt;</a>&nbsp;&nbsp;&nbsp;crm_auto_step_mode_enable
<LI><a href="#[a5]">&gt;&gt;</a>&nbsp;&nbsp;&nbsp;crm_apb2_div_set
<LI><a href="#[a6]">&gt;&gt;</a>&nbsp;&nbsp;&nbsp;crm_apb1_div_set
<LI><a href="#[a4]">&gt;&gt;</a>&nbsp;&nbsp;&nbsp;crm_ahb_div_set
</UL>
<BR>[Address Reference Count : 1]<UL><LI> ll_system.o(.constdata)
</UL>
<P><STRONG><a name="[63]"></a>System_Set_Sysclk</STRONG> (Thumb, 2 bytes, Stack size 0 bytes, ll_system.o(i.System_Set_Sysclk))
<BR>[Address Reference Count : 1]<UL><LI> ll_system.o(.constdata)
</UL>
<P><STRONG><a name="[65]"></a>System_Set_VectorTable</STRONG> (Thumb, 32 bytes, Stack size 16 bytes, ll_system.o(i.System_Set_VectorTable))
<BR><BR>[Stack]<UL><LI>Max Depth = 16<LI>Call Chain = System_Set_VectorTable
</UL>
<BR>[Calls]<UL><LI><a href="#[ab]">&gt;&gt;</a>&nbsp;&nbsp;&nbsp;nvic_vector_table_set
</UL>
<BR>[Address Reference Count : 1]<UL><LI> ll_system.o(.constdata)
</UL>
<P><STRONG><a name="[66]"></a>System_Soft_Reset</STRONG> (Thumb, 36 bytes, Stack size 0 bytes, ll_system.o(i.System_Soft_Reset))
<BR>[Address Reference Count : 1]<UL><LI> ll_system.o(.constdata)
</UL>
<P><STRONG><a name="[6a]"></a>Delay_Get_Clock</STRONG> (Thumb, 6 bytes, Stack size 0 bytes, ll_delay.o(i.Delay_Get_Clock))
<BR>[Address Reference Count : 1]<UL><LI> ll_delay.o(.constdata)
</UL>
<P><STRONG><a name="[6c]"></a>Delay_Get_Counter</STRONG> (Thumb, 8 bytes, Stack size 0 bytes, ll_delay.o(i.Delay_Get_Counter))
<BR>[Address Reference Count : 1]<UL><LI> ll_delay.o(.constdata)
</UL>
<P><STRONG><a name="[6b]"></a>Delay_Get_Reload</STRONG> (Thumb, 8 bytes, Stack size 0 bytes, ll_delay.o(i.Delay_Get_Reload))
<BR>[Address Reference Count : 1]<UL><LI> ll_delay.o(.constdata)
</UL>
<P><STRONG><a name="[6d]"></a>Delay_Get_TickTime</STRONG> (Thumb, 6 bytes, Stack size 0 bytes, ll_delay.o(i.Delay_Get_TickTime))
<BR>[Address Reference Count : 1]<UL><LI> ll_delay.o(.constdata)
</UL>
<P><STRONG><a name="[69]"></a>Delay_Init</STRONG> (Thumb, 66 bytes, Stack size 8 bytes, ll_delay.o(i.Delay_Init))
<BR><BR>[Stack]<UL><LI>Max Depth = 16<LI>Call Chain = Delay_Init &rArr; __NVIC_SetPriority
</UL>
<BR>[Calls]<UL><LI><a href="#[83]">&gt;&gt;</a>&nbsp;&nbsp;&nbsp;__NVIC_SetPriority
</UL>
<BR>[Address Reference Count : 1]<UL><LI> ll_delay.o(.constdata)
</UL>
<P><STRONG><a name="[83]"></a>__NVIC_SetPriority</STRONG> (Thumb, 32 bytes, Stack size 8 bytes, ll_delay.o(i.__NVIC_SetPriority))
<BR><BR>[Stack]<UL><LI>Max Depth = 8<LI>Call Chain = __NVIC_SetPriority
</UL>
<BR>[Called By]<UL><LI><a href="#[69]">&gt;&gt;</a>&nbsp;&nbsp;&nbsp;Delay_Init
</UL>

<P><STRONG><a name="[8b]"></a>FW_GPIO_Init</STRONG> (Thumb, 22 bytes, Stack size 16 bytes, ll_gpio.o(i.FW_GPIO_Init))
<BR><BR>[Stack]<UL><LI>Max Depth = 40<LI>Call Chain = FW_GPIO_Init &rArr; GPIO_PinInit
</UL>
<BR>[Calls]<UL><LI><a href="#[8c]">&gt;&gt;</a>&nbsp;&nbsp;&nbsp;GPIO_PinInit
</UL>
<BR>[Called By]<UL><LI><a href="#[ac]">&gt;&gt;</a>&nbsp;&nbsp;&nbsp;Test
</UL>

<P><STRONG><a name="[8e]"></a>FW_GPIO_Write</STRONG> (Thumb, 18 bytes, Stack size 16 bytes, ll_gpio.o(i.FW_GPIO_Write))
<BR><BR>[Stack]<UL><LI>Max Depth = 40<LI>Call Chain = FW_GPIO_Write &rArr; GPIO_PinWrite
</UL>
<BR>[Calls]<UL><LI><a href="#[8f]">&gt;&gt;</a>&nbsp;&nbsp;&nbsp;GPIO_PinWrite
</UL>
<BR>[Called By]<UL><LI><a href="#[ac]">&gt;&gt;</a>&nbsp;&nbsp;&nbsp;Test
</UL>

<P><STRONG><a name="[6e]"></a>Pin_DeInit</STRONG> (Thumb, 24 bytes, Stack size 16 bytes, ll_gpio.o(i.Pin_DeInit))
<BR><BR>[Stack]<UL><LI>Max Depth = 32<LI>Call Chain = Pin_DeInit &rArr; gpio_reset &rArr; crm_periph_reset
</UL>
<BR>[Calls]<UL><LI><a href="#[93]">&gt;&gt;</a>&nbsp;&nbsp;&nbsp;gpio_reset
</UL>
<BR>[Address Reference Count : 1]<UL><LI> ll_gpio.o(.constdata)
</UL>
<P><STRONG><a name="[71]"></a>Pin_GetOutput</STRONG> (Thumb, 30 bytes, Stack size 16 bytes, ll_gpio.o(i.Pin_GetOutput))
<BR><BR>[Stack]<UL><LI>Max Depth = 16<LI>Call Chain = Pin_GetOutput
</UL>
<BR>[Calls]<UL><LI><a href="#[94]">&gt;&gt;</a>&nbsp;&nbsp;&nbsp;gpio_output_data_bit_read
</UL>
<BR>[Address Reference Count : 1]<UL><LI> ll_gpio.o(.constdata)
</UL>
<P><STRONG><a name="[6f]"></a>Pin_Init</STRONG> (Thumb, 642 bytes, Stack size 32 bytes, ll_gpio.o(i.Pin_Init))
<BR><BR>[Stack]<UL><LI>Max Depth = 52<LI>Call Chain = Pin_Init &rArr; gpio_init
</UL>
<BR>[Calls]<UL><LI><a href="#[97]">&gt;&gt;</a>&nbsp;&nbsp;&nbsp;gpio_init
<LI><a href="#[96]">&gt;&gt;</a>&nbsp;&nbsp;&nbsp;gpio_default_para_init
<LI><a href="#[95]">&gt;&gt;</a>&nbsp;&nbsp;&nbsp;crm_periph_clock_enable
</UL>
<BR>[Address Reference Count : 1]<UL><LI> ll_gpio.o(.constdata)
</UL>
<P><STRONG><a name="[72]"></a>Pin_Read</STRONG> (Thumb, 30 bytes, Stack size 16 bytes, ll_gpio.o(i.Pin_Read))
<BR><BR>[Stack]<UL><LI>Max Depth = 16<LI>Call Chain = Pin_Read
</UL>
<BR>[Calls]<UL><LI><a href="#[98]">&gt;&gt;</a>&nbsp;&nbsp;&nbsp;gpio_input_data_bit_read
</UL>
<BR>[Address Reference Count : 1]<UL><LI> ll_gpio.o(.constdata)
</UL>
<P><STRONG><a name="[70]"></a>Pin_Write</STRONG> (Thumb, 58 bytes, Stack size 16 bytes, ll_gpio.o(i.Pin_Write))
<BR><BR>[Stack]<UL><LI>Max Depth = 16<LI>Call Chain = Pin_Write
</UL>
<BR>[Calls]<UL><LI><a href="#[99]">&gt;&gt;</a>&nbsp;&nbsp;&nbsp;gpio_bits_set
<LI><a href="#[9a]">&gt;&gt;</a>&nbsp;&nbsp;&nbsp;gpio_bits_reset
</UL>
<BR>[Address Reference Count : 1]<UL><LI> ll_gpio.o(.constdata)
</UL>
<P><STRONG><a name="[74]"></a>Port_DeInit</STRONG> (Thumb, 2 bytes, Stack size 0 bytes, ll_gpio.o(i.Port_DeInit))
<BR>[Address Reference Count : 1]<UL><LI> ll_gpio.o(.constdata)
</UL>
<P><STRONG><a name="[73]"></a>Port_GetDefault</STRONG> (Thumb, 20 bytes, Stack size 0 bytes, ll_gpio.o(i.Port_GetDefault))
<BR>[Address Reference Count : 1]<UL><LI> ll_gpio.o(.constdata)
</UL>
<P><STRONG><a name="[76]"></a>Port_GetOutput</STRONG> (Thumb, 24 bytes, Stack size 16 bytes, ll_gpio.o(i.Port_GetOutput))
<BR><BR>[Stack]<UL><LI>Max Depth = 16<LI>Call Chain = Port_GetOutput
</UL>
<BR>[Calls]<UL><LI><a href="#[9b]">&gt;&gt;</a>&nbsp;&nbsp;&nbsp;gpio_output_data_read
</UL>
<BR>[Address Reference Count : 1]<UL><LI> ll_gpio.o(.constdata)
</UL>
<P><STRONG><a name="[77]"></a>Port_Read</STRONG> (Thumb, 24 bytes, Stack size 16 bytes, ll_gpio.o(i.Port_Read))
<BR><BR>[Stack]<UL><LI>Max Depth = 16<LI>Call Chain = Port_Read
</UL>
<BR>[Calls]<UL><LI><a href="#[9c]">&gt;&gt;</a>&nbsp;&nbsp;&nbsp;gpio_input_data_read
</UL>
<BR>[Address Reference Count : 1]<UL><LI> ll_gpio.o(.constdata)
</UL>
<P><STRONG><a name="[75]"></a>Port_Write</STRONG> (Thumb, 28 bytes, Stack size 16 bytes, ll_gpio.o(i.Port_Write))
<BR><BR>[Stack]<UL><LI>Max Depth = 16<LI>Call Chain = Port_Write
</UL>
<BR>[Calls]<UL><LI><a href="#[9d]">&gt;&gt;</a>&nbsp;&nbsp;&nbsp;gpio_port_write
</UL>
<BR>[Address Reference Count : 1]<UL><LI> ll_gpio.o(.constdata)
</UL>
<P><STRONG><a name="[88]"></a>FW_List_Init</STRONG> (Thumb, 6 bytes, Stack size 0 bytes, fw_device.o(i.FW_List_Init))
<BR><BR>[Called By]<UL><LI><a href="#[80]">&gt;&gt;</a>&nbsp;&nbsp;&nbsp;FW_Device_PreBind
</UL>

<P><STRONG><a name="[5d]"></a>ILock</STRONG> (Thumb, 40 bytes, Stack size 8 bytes, fw_system.o(i.ILock))
<BR><BR>[Stack]<UL><LI>Max Depth = 8<LI>Call Chain = ILock
</UL>
<BR>[Address Reference Count : 1]<UL><LI> fw_system.o(i.FW_System_Init)
</UL>
<P><STRONG><a name="[5e]"></a>IUnlock</STRONG> (Thumb, 44 bytes, Stack size 8 bytes, fw_system.o(i.IUnlock))
<BR><BR>[Stack]<UL><LI>Max Depth = 8<LI>Call Chain = IUnlock
</UL>
<BR>[Address Reference Count : 1]<UL><LI> fw_system.o(i.FW_System_Init)
</UL>
<P><STRONG><a name="[79]"></a>NLock</STRONG> (Thumb, 2 bytes, Stack size 0 bytes, fw_system.o(i.NLock))
<BR>[Address Reference Count : 1]<UL><LI> fw_system.o(.data)
</UL>
<P><STRONG><a name="[7a]"></a>NUnlock</STRONG> (Thumb, 2 bytes, Stack size 0 bytes, fw_system.o(i.NUnlock))
<BR>[Address Reference Count : 1]<UL><LI> fw_system.o(.data)
</UL>
<P><STRONG><a name="[5a]"></a>FW_Delay_DefMs</STRONG> (Thumb, 78 bytes, Stack size 16 bytes, fw_delay.o(i.FW_Delay_DefMs))
<BR><BR>[Stack]<UL><LI>Max Depth = 16<LI>Call Chain = FW_Delay_DefMs
</UL>
<BR>[Address Reference Count : 1]<UL><LI> fw_delay.o(i.FW_Delay_Init)
</UL>
<P><STRONG><a name="[8d]"></a>FW_Device_GetDriver</STRONG> (Thumb, 6 bytes, Stack size 0 bytes, fw_gpio.o(i.FW_Device_GetDriver))
<BR><BR>[Called By]<UL><LI><a href="#[8f]">&gt;&gt;</a>&nbsp;&nbsp;&nbsp;GPIO_PinWrite
<LI><a href="#[92]">&gt;&gt;</a>&nbsp;&nbsp;&nbsp;GPIO_PinRead
<LI><a href="#[8c]">&gt;&gt;</a>&nbsp;&nbsp;&nbsp;GPIO_PinInit
<LI><a href="#[5b]">&gt;&gt;</a>&nbsp;&nbsp;&nbsp;FW_GPIO_ToggleUseLAPI
<LI><a href="#[5c]">&gt;&gt;</a>&nbsp;&nbsp;&nbsp;FW_GPIO_ToggleUseGetOutput
</UL>

<P><STRONG><a name="[78]"></a>FW_GPIO_Driver_Probe</STRONG> (Thumb, 64 bytes, Stack size 16 bytes, fw_gpio.o(i.FW_GPIO_Driver_Probe))
<BR><BR>[Stack]<UL><LI>Max Depth = 52<LI>Call Chain = FW_GPIO_Driver_Probe &rArr; FW_Driver_Find &rArr; strncmp
</UL>
<BR>[Calls]<UL><LI><a href="#[84]">&gt;&gt;</a>&nbsp;&nbsp;&nbsp;FW_Driver_Find
</UL>
<BR>[Address Reference Count : 1]<UL><LI> fw_gpio.o(Device_Table)
</UL>
<P><STRONG><a name="[5c]"></a>FW_GPIO_ToggleUseGetOutput</STRONG> (Thumb, 56 bytes, Stack size 16 bytes, fw_gpio.o(i.FW_GPIO_ToggleUseGetOutput))
<BR><BR>[Stack]<UL><LI>Max Depth = 16<LI>Call Chain = FW_GPIO_ToggleUseGetOutput
</UL>
<BR>[Calls]<UL><LI><a href="#[8d]">&gt;&gt;</a>&nbsp;&nbsp;&nbsp;FW_Device_GetDriver
</UL>
<BR>[Address Reference Count : 1]<UL><LI> fw_gpio.o(i.FW_GPIO_Driver_Probe)
</UL>
<P><STRONG><a name="[5b]"></a>FW_GPIO_ToggleUseLAPI</STRONG> (Thumb, 30 bytes, Stack size 16 bytes, fw_gpio.o(i.FW_GPIO_ToggleUseLAPI))
<BR><BR>[Stack]<UL><LI>Max Depth = 16<LI>Call Chain = FW_GPIO_ToggleUseLAPI
</UL>
<BR>[Calls]<UL><LI><a href="#[8d]">&gt;&gt;</a>&nbsp;&nbsp;&nbsp;FW_Device_GetDriver
</UL>
<BR>[Address Reference Count : 1]<UL><LI> fw_gpio.o(i.FW_GPIO_Driver_Probe)
</UL><P>
<H3>
Undefined Global Symbols
</H3><HR></body></html>
