<!doctype html public "-//w3c//dtd html 4.0 transitional//en">
<html><head>
<title>Static Call Graph - [.\Objects\Project.axf]</title></head>
<body><HR>
<H1>Static Call Graph for image .\Objects\Project.axf</H1><HR>
<BR><P>#&#060CALLGRAPH&#062# ARM Linker, 5060750: Last Updated: Mon Aug 19 21:22:53 2024
<BR><P>
<H3>Maximum Stack Usage =        340 bytes + Unknown(Cycles, Untraceable Function Pointers)</H3><H3>
Call chain for Maximum Stack Depth:</H3>
ESP8266_Get_ServerInfo &rArr; ESP8266_Read_Inter &rArr; FW_UART_ReadInter &rArr; RB_Read_Inter &rArr; RB_Find_StringCS &rArr; Strfind
<P>
<H3>
Mutually Recursive functions
</H3> <LI><a href="#[1d]">SVC_Handler</a>&nbsp;&nbsp;&nbsp;&rArr;&nbsp;&nbsp;&nbsp;<a href="#[1d]">SVC_Handler</a><BR>
 <LI><a href="#[1f]">PendSV_Handler</a>&nbsp;&nbsp;&nbsp;&rArr;&nbsp;&nbsp;&nbsp;<a href="#[1f]">PendSV_Handler</a><BR>
 <LI><a href="#[37]">CAN0_EWMC_IRQHandler</a>&nbsp;&nbsp;&nbsp;&rArr;&nbsp;&nbsp;&nbsp;<a href="#[37]">CAN0_EWMC_IRQHandler</a><BR>
</UL>
<P>
<H3>
Function Pointers
</H3><UL>
 <LI><a href="#[33]">ADC0_1_IRQHandler</a> from ll_adc.o(i.ADC0_1_IRQHandler) referenced from startup_gd32f30x_hd.o(RESET)
 <LI><a href="#[19e]">ADC0_Bus_Config</a> from ll_adc.o(i.ADC0_Bus_Config) referenced from ll_adc.o(Device_Table)
 <LI><a href="#[50]">ADC2_IRQHandler</a> from ll_adc.o(i.ADC2_IRQHandler) referenced from startup_gd32f30x_hd.o(RESET)
 <LI><a href="#[102]">ADC_CTL</a> from ll_adc.o(i.ADC_CTL) referenced from ll_adc.o(.constdata)
 <LI><a href="#[103]">ADC_Calibration</a> from ll_adc.o(i.ADC_Calibration) referenced from ll_adc.o(.constdata)
 <LI><a href="#[107]">ADC_Get_Clock</a> from ll_adc.o(i.ADC_Get_Clock) referenced from ll_adc.o(.constdata)
 <LI><a href="#[104]">ADC_Get_ConvTime</a> from ll_adc.o(i.ADC_Get_ConvTime) referenced from ll_adc.o(.constdata)
 <LI><a href="#[101]">ADC_Init</a> from ll_adc.o(i.ADC_Init) referenced from ll_adc.o(.constdata)
 <LI><a href="#[106]">ADC_TempFormula</a> from ll_adc.o(i.ADC_TempFormula) referenced from ll_adc.o(.constdata)
 <LI><a href="#[105]">ADC_VrefFormula</a> from ll_adc.o(i.ADC_VrefFormula) referenced from ll_adc.o(.constdata)
 <LI><a href="#[108]">ADC_WDG_Config</a> from ll_adc.o(i.ADC_WDG_Config) referenced from ll_adc.o(.constdata)
 <LI><a href="#[fb]">BKP_Get_Base</a> from ll_bkp.o(i.BKP_Get_Base) referenced from ll_bkp.o(.constdata)
 <LI><a href="#[fc]">BKP_Get_Size</a> from ll_bkp.o(i.BKP_Get_Size) referenced from ll_bkp.o(.constdata)
 <LI><a href="#[fa]">BKP_Init</a> from ll_bkp.o(i.BKP_Init) referenced from ll_bkp.o(.constdata)
 <LI><a href="#[fe]">BKP_Read</a> from ll_bkp.o(i.BKP_Read) referenced from ll_bkp.o(.constdata)
 <LI><a href="#[61]">BKP_Read_Gran</a> from ll_bkp.o(i.BKP_Read_Gran) referenced from ll_bkp.o(i.BKP_Read)
 <LI><a href="#[61]">BKP_Read_Gran</a> from ll_bkp.o(i.BKP_Read_Gran) referenced from ll_bkp.o(i.BKP_Write)
 <LI><a href="#[fd]">BKP_Write</a> from ll_bkp.o(i.BKP_Write) referenced from ll_bkp.o(.constdata)
 <LI><a href="#[60]">BKP_Write_Gran</a> from ll_bkp.o(i.BKP_Write_Gran) referenced from ll_bkp.o(i.BKP_Read)
 <LI><a href="#[60]">BKP_Write_Gran</a> from ll_bkp.o(i.BKP_Write_Gran) referenced from ll_bkp.o(i.BKP_Write)
 <LI><a href="#[1b]">BusFault_Handler</a> from gd32f30x_it.o(i.BusFault_Handler) referenced from startup_gd32f30x_hd.o(RESET)
 <LI><a href="#[99]">Bus_Init</a> from ili9341.o(i.Bus_Init) referenced from ili9341.o(i.ILI_Init)
 <LI><a href="#[186]">Bus_LCD8_Init</a> from fw_bus.o(i.Bus_LCD8_Init) referenced from fw_bus.o(.constdata)
 <LI><a href="#[189]">Bus_LCD8_ReadData</a> from fw_bus.o(i.Bus_LCD8_ReadData) referenced from fw_bus.o(.constdata)
 <LI><a href="#[67]">Bus_LCD8_ReadDataU16</a> from fw_bus.o(i.Bus_LCD8_ReadDataU16) referenced from fw_bus.o(i.Bus_LCD8_Init)
 <LI><a href="#[64]">Bus_LCD8_ReadDataU32</a> from fw_bus.o(i.Bus_LCD8_ReadDataU32) referenced from fw_bus.o(i.Bus_LCD8_Init)
 <LI><a href="#[6a]">Bus_LCD8_ReadDataU8</a> from fw_bus.o(i.Bus_LCD8_ReadDataU8) referenced from fw_bus.o(i.Bus_LCD8_Init)
 <LI><a href="#[187]">Bus_LCD8_WriteCmd</a> from fw_bus.o(i.Bus_LCD8_WriteCmd) referenced from fw_bus.o(.constdata)
 <LI><a href="#[65]">Bus_LCD8_WriteCmdU16</a> from fw_bus.o(i.Bus_LCD8_WriteCmdU16) referenced from fw_bus.o(i.Bus_LCD8_Init)
 <LI><a href="#[62]">Bus_LCD8_WriteCmdU32</a> from fw_bus.o(i.Bus_LCD8_WriteCmdU32) referenced from fw_bus.o(i.Bus_LCD8_Init)
 <LI><a href="#[68]">Bus_LCD8_WriteCmdU8</a> from fw_bus.o(i.Bus_LCD8_WriteCmdU8) referenced from fw_bus.o(i.Bus_LCD8_Init)
 <LI><a href="#[188]">Bus_LCD8_WriteData</a> from fw_bus.o(i.Bus_LCD8_WriteData) referenced from fw_bus.o(.constdata)
 <LI><a href="#[66]">Bus_LCD8_WriteDataU16</a> from fw_bus.o(i.Bus_LCD8_WriteDataU16) referenced from fw_bus.o(i.Bus_LCD8_Init)
 <LI><a href="#[63]">Bus_LCD8_WriteDataU32</a> from fw_bus.o(i.Bus_LCD8_WriteDataU32) referenced from fw_bus.o(i.Bus_LCD8_Init)
 <LI><a href="#[69]">Bus_LCD8_WriteDataU8</a> from fw_bus.o(i.Bus_LCD8_WriteDataU8) referenced from fw_bus.o(i.Bus_LCD8_Init)
 <LI><a href="#[9c]">Bus_Read_Data</a> from ili9341.o(i.Bus_Read_Data) referenced from ili9341.o(i.ILI_Init)
 <LI><a href="#[9a]">Bus_Write_Cmd</a> from ili9341.o(i.Bus_Write_Cmd) referenced from ili9341.o(i.ILI_Init)
 <LI><a href="#[9b]">Bus_Write_Data</a> from ili9341.o(i.Bus_Write_Data) referenced from ili9341.o(i.ILI_Init)
 <LI><a href="#[37]">CAN0_EWMC_IRQHandler</a> from startup_gd32f30x_hd.o(.text) referenced from startup_gd32f30x_hd.o(RESET)
 <LI><a href="#[36]">CAN0_RX1_IRQHandler</a> from startup_gd32f30x_hd.o(.text) referenced from startup_gd32f30x_hd.o(RESET)
 <LI><a href="#[1a4]">CAN_Config</a> from ll_can.o(i.CAN_Config) referenced 2 times from ll_can.o(Device_Table)
 <LI><a href="#[129]">CAN_DeInit</a> from ll_can.o(i.CAN_DeInit) referenced from ll_can.o(.constdata)
 <LI><a href="#[12b]">CAN_FT_CTL</a> from ll_can.o(i.CAN_FT_CTL) referenced from ll_can.o(.constdata)
 <LI><a href="#[12f]">CAN_Frame_Read</a> from ll_can.o(i.CAN_Frame_Read) referenced from ll_can.o(.constdata)
 <LI><a href="#[12e]">CAN_Frame_Write</a> from ll_can.o(i.CAN_Frame_Write) referenced from ll_can.o(.constdata)
 <LI><a href="#[12a]">CAN_Init</a> from ll_can.o(i.CAN_Init) referenced from ll_can.o(.constdata)
 <LI><a href="#[12d]">CAN_RX_CTL</a> from ll_can.o(i.CAN_RX_CTL) referenced from ll_can.o(.constdata)
 <LI><a href="#[12c]">CAN_TX_CTL</a> from ll_can.o(i.CAN_TX_CTL) referenced from ll_can.o(.constdata)
 <LI><a href="#[1a3]">DAC0_Config</a> from ll_dac.o(i.DAC0_Config) referenced from ll_dac.o(Device_Table)
 <LI><a href="#[122]">DAC_DeInit</a> from ll_dac.o(i.DAC_DeInit) referenced from ll_dac.o(.constdata)
 <LI><a href="#[123]">DAC_Init</a> from ll_dac.o(i.DAC_Init) referenced from ll_dac.o(.constdata)
 <LI><a href="#[126]">DAC_Read</a> from ll_dac.o(i.DAC_Read) referenced from ll_dac.o(.constdata)
 <LI><a href="#[128]">DAC_Trigger_CTL</a> from ll_dac.o(i.DAC_Trigger_CTL) referenced from ll_dac.o(.constdata)
 <LI><a href="#[127]">DAC_Trigger_Config</a> from ll_dac.o(i.DAC_Trigger_Config) referenced from ll_dac.o(.constdata)
 <LI><a href="#[125]">DAC_Write</a> from ll_dac.o(i.DAC_Write) referenced from ll_dac.o(.constdata)
 <LI><a href="#[2c]">DMA0_Channel0_IRQHandler</a> from startup_gd32f30x_hd.o(.text) referenced from startup_gd32f30x_hd.o(RESET)
 <LI><a href="#[2d]">DMA0_Channel1_IRQHandler</a> from startup_gd32f30x_hd.o(.text) referenced from startup_gd32f30x_hd.o(RESET)
 <LI><a href="#[2e]">DMA0_Channel2_IRQHandler</a> from startup_gd32f30x_hd.o(.text) referenced from startup_gd32f30x_hd.o(RESET)
 <LI><a href="#[2f]">DMA0_Channel3_IRQHandler</a> from startup_gd32f30x_hd.o(.text) referenced from startup_gd32f30x_hd.o(RESET)
 <LI><a href="#[30]">DMA0_Channel4_IRQHandler</a> from startup_gd32f30x_hd.o(.text) referenced from startup_gd32f30x_hd.o(RESET)
 <LI><a href="#[31]">DMA0_Channel5_IRQHandler</a> from startup_gd32f30x_hd.o(.text) referenced from startup_gd32f30x_hd.o(RESET)
 <LI><a href="#[32]">DMA0_Channel6_IRQHandler</a> from startup_gd32f30x_hd.o(.text) referenced from startup_gd32f30x_hd.o(RESET)
 <LI><a href="#[59]">DMA1_Channel0_IRQHandler</a> from startup_gd32f30x_hd.o(.text) referenced from startup_gd32f30x_hd.o(RESET)
 <LI><a href="#[5a]">DMA1_Channel1_IRQHandler</a> from startup_gd32f30x_hd.o(.text) referenced from startup_gd32f30x_hd.o(RESET)
 <LI><a href="#[5b]">DMA1_Channel2_IRQHandler</a> from startup_gd32f30x_hd.o(.text) referenced from startup_gd32f30x_hd.o(RESET)
 <LI><a href="#[5c]">DMA1_Channel3_4_IRQHandler</a> from startup_gd32f30x_hd.o(.text) referenced from startup_gd32f30x_hd.o(RESET)
 <LI><a href="#[171]">DS_Get_Temprature</a> from ds18b20.o(i.DS_Get_Temprature) referenced from ds18b20.o(.constdata)
 <LI><a href="#[16e]">DS_Init</a> from ds18b20.o(i.DS_Init) referenced from ds18b20.o(.constdata)
 <LI><a href="#[16f]">DS_Reset</a> from ds18b20.o(i.DS_Reset) referenced from ds18b20.o(.constdata)
 <LI><a href="#[170]">DS_Set_Period</a> from ds18b20.o(i.DS_Set_Period) referenced from ds18b20.o(.constdata)
 <LI><a href="#[1e]">DebugMon_Handler</a> from gd32f30x_it.o(i.DebugMon_Handler) referenced from startup_gd32f30x_hd.o(RESET)
 <LI><a href="#[cb]">Delay_Get_Clock</a> from ll_delay.o(i.Delay_Get_Clock) referenced from ll_delay.o(.constdata)
 <LI><a href="#[cd]">Delay_Get_Counter</a> from ll_delay.o(i.Delay_Get_Counter) referenced from ll_delay.o(.constdata)
 <LI><a href="#[cc]">Delay_Get_Reload</a> from ll_delay.o(i.Delay_Get_Reload) referenced from ll_delay.o(.constdata)
 <LI><a href="#[ce]">Delay_Get_TickTime</a> from ll_delay.o(i.Delay_Get_TickTime) referenced from ll_delay.o(.constdata)
 <LI><a href="#[ca]">Delay_Init</a> from ll_delay.o(i.Delay_Init) referenced from ll_delay.o(.constdata)
 <LI><a href="#[15c]">ESP8266_AP_AutoLink</a> from esp8266.o(i.ESP8266_AP_AutoLink) referenced from esp8266.o(.constdata)
 <LI><a href="#[15a]">ESP8266_AP_Link</a> from esp8266.o(i.ESP8266_AP_Link) referenced from esp8266.o(.constdata)
 <LI><a href="#[159]">ESP8266_AP_Probe</a> from esp8266.o(i.ESP8266_AP_Probe) referenced from esp8266.o(.constdata)
 <LI><a href="#[15b]">ESP8266_AP_Unlink</a> from esp8266.o(i.ESP8266_AP_Unlink) referenced from esp8266.o(.constdata)
 <LI><a href="#[153]">ESP8266_Enter_LPM</a> from esp8266.o(i.ESP8266_Enter_LPM) referenced from esp8266.o(.constdata)
 <LI><a href="#[154]">ESP8266_Exit_LPM</a> from esp8266.o(i.ESP8266_Exit_LPM) referenced from esp8266.o(.constdata)
 <LI><a href="#[15d]">ESP8266_Get_APInfo</a> from esp8266.o(i.ESP8266_Get_APInfo) referenced from esp8266.o(.constdata)
 <LI><a href="#[160]">ESP8266_Get_LinkState</a> from esp8266.o(i.ESP8266_Get_LinkState) referenced from esp8266.o(.constdata)
 <LI><a href="#[158]">ESP8266_Get_LocalInof</a> from esp8266.o(i.ESP8266_Get_LocalInof) referenced from esp8266.o(.constdata)
 <LI><a href="#[156]">ESP8266_Get_Mode</a> from esp8266.o(i.ESP8266_Get_Mode) referenced from esp8266.o(.constdata)
 <LI><a href="#[15f]">ESP8266_Get_ServerInfo</a> from esp8266.o(i.ESP8266_Get_ServerInfo) referenced from esp8266.o(.constdata)
 <LI><a href="#[150]">ESP8266_Init</a> from esp8266.o(i.ESP8266_Init) referenced from esp8266.o(.constdata)
 <LI><a href="#[163]">ESP8266_Read</a> from esp8266.o(i.ESP8266_Read) referenced from esp8266.o(.constdata)
 <LI><a href="#[151]">ESP8266_Reset</a> from esp8266.o(i.ESP8266_Reset) referenced from esp8266.o(.constdata)
 <LI><a href="#[152]">ESP8266_Restore</a> from esp8266.o(i.ESP8266_Restore) referenced from esp8266.o(.constdata)
 <LI><a href="#[15e]">ESP8266_Server_Link</a> from esp8266.o(i.ESP8266_Server_Link) referenced from esp8266.o(.constdata)
 <LI><a href="#[157]">ESP8266_Set_LocalInfo</a> from esp8266.o(i.ESP8266_Set_LocalInfo) referenced from esp8266.o(.constdata)
 <LI><a href="#[155]">ESP8266_Set_Mode</a> from esp8266.o(i.ESP8266_Set_Mode) referenced from esp8266.o(.constdata)
 <LI><a href="#[161]">ESP8266_Set_TRPT</a> from esp8266.o(i.ESP8266_Set_TRPT) referenced from esp8266.o(.constdata)
 <LI><a href="#[162]">ESP8266_Write</a> from esp8266.o(i.ESP8266_Write) referenced from esp8266.o(.constdata)
 <LI><a href="#[51]">EXMC_IRQHandler</a> from startup_gd32f30x_hd.o(.text) referenced from startup_gd32f30x_hd.o(RESET)
 <LI><a href="#[27]">EXTI0_IRQHandler</a> from ll_exti.o(i.EXTI0_IRQHandler) referenced from startup_gd32f30x_hd.o(RESET)
 <LI><a href="#[49]">EXTI10_15_IRQHandler</a> from ll_exti.o(i.EXTI10_15_IRQHandler) referenced from startup_gd32f30x_hd.o(RESET)
 <LI><a href="#[28]">EXTI1_IRQHandler</a> from ll_exti.o(i.EXTI1_IRQHandler) referenced from startup_gd32f30x_hd.o(RESET)
 <LI><a href="#[29]">EXTI2_IRQHandler</a> from ll_exti.o(i.EXTI2_IRQHandler) referenced from startup_gd32f30x_hd.o(RESET)
 <LI><a href="#[2a]">EXTI3_IRQHandler</a> from ll_exti.o(i.EXTI3_IRQHandler) referenced from startup_gd32f30x_hd.o(RESET)
 <LI><a href="#[2b]">EXTI4_IRQHandler</a> from ll_exti.o(i.EXTI4_IRQHandler) referenced from startup_gd32f30x_hd.o(RESET)
 <LI><a href="#[38]">EXTI5_9_IRQHandler</a> from ll_exti.o(i.EXTI5_9_IRQHandler) referenced from startup_gd32f30x_hd.o(RESET)
 <LI><a href="#[db]">EXTI_Attach_IRQ</a> from ll_exti.o(i.EXTI_Attach_IRQ) referenced from ll_exti.o(.constdata)
 <LI><a href="#[da]">EXTI_CTL</a> from ll_exti.o(i.EXTI_CTL) referenced from ll_exti.o(.constdata)
 <LI><a href="#[d9]">EXTI_Init</a> from ll_exti.o(i.EXTI_Init) referenced from ll_exti.o(.constdata)
 <LI><a href="#[1a6]">EXT_GPIO_Config</a> from hc595.o(i.EXT_GPIO_Config) referenced from hc595.o(Device_Table)
 <LI><a href="#[19d]">EX_Bus_Config</a> from ll_bus.o(i.EX_Bus_Config) referenced from ll_bus.o(Device_Table)
 <LI><a href="#[25]">FMC_IRQHandler</a> from startup_gd32f30x_hd.o(.text) referenced from startup_gd32f30x_hd.o(RESET)
 <LI><a href="#[6c]">FW_Delay_DefMs</a> from fw_delay.o(i.FW_Delay_DefMs) referenced from fw_delay.o(i.FW_Delay_Init)
 <LI><a href="#[1a7]">FW_GPIO_Driver_Probe</a> from fw_gpio.o(i.FW_GPIO_Driver_Probe) referenced from fw_gpio.o(Device_Table)
 <LI><a href="#[6e]">FW_GPIO_ToggleUseGetOutput</a> from fw_gpio.o(i.FW_GPIO_ToggleUseGetOutput) referenced from fw_gpio.o(i.FW_GPIO_Driver_Probe)
 <LI><a href="#[6d]">FW_GPIO_ToggleUseLAPI</a> from fw_gpio.o(i.FW_GPIO_ToggleUseLAPI) referenced from fw_gpio.o(i.FW_GPIO_Driver_Probe)
 <LI><a href="#[6f]">FW_I2C_IH_RC</a> from fw_i2c.o(i.FW_I2C_IH_RC) referenced from fw_i2c.o(i.FW_I2C_Init)
 <LI><a href="#[70]">FW_I2C_IH_RX</a> from fw_i2c.o(i.FW_I2C_IH_RX) referenced from fw_i2c.o(i.FW_I2C_Init)
 <LI><a href="#[71]">FW_I2C_IH_TC</a> from fw_i2c.o(i.FW_I2C_IH_TC) referenced from fw_i2c.o(i.FW_I2C_Init)
 <LI><a href="#[72]">FW_I2C_IH_TX</a> from fw_i2c.o(i.FW_I2C_IH_TX) referenced from fw_i2c.o(i.FW_I2C_Init)
 <LI><a href="#[78]">FW_I2C_ReadDMA</a> from fw_i2c.o(i.FW_I2C_ReadDMA) referenced from fw_i2c.o(i.FW_I2C_Init)
 <LI><a href="#[77]">FW_I2C_ReadINT</a> from fw_i2c.o(i.FW_I2C_ReadINT) referenced from fw_i2c.o(i.FW_I2C_Init)
 <LI><a href="#[76]">FW_I2C_ReadPOL</a> from fw_i2c.o(i.FW_I2C_ReadPOL) referenced from fw_i2c.o(i.FW_I2C_Init)
 <LI><a href="#[75]">FW_I2C_WriteDMA</a> from fw_i2c.o(i.FW_I2C_WriteDMA) referenced from fw_i2c.o(i.FW_I2C_Init)
 <LI><a href="#[74]">FW_I2C_WriteINT</a> from fw_i2c.o(i.FW_I2C_WriteINT) referenced from fw_i2c.o(i.FW_I2C_Init)
 <LI><a href="#[73]">FW_I2C_WritePOL</a> from fw_i2c.o(i.FW_I2C_WritePOL) referenced from fw_i2c.o(i.FW_I2C_Init)
 <LI><a href="#[6b]">FW_OS_Delay</a> from fw_os.o(i.FW_OS_Delay) referenced from fw_delay.o(i.FW_Delay_Init)
 <LI><a href="#[18f]">FW_SI2C_Init</a> from fw_si2c.o(i.FW_SI2C_Init) referenced from fw_si2c.o(.constdata)
 <LI><a href="#[191]">FW_SI2C_Read</a> from fw_si2c.o(i.FW_SI2C_Read) referenced from fw_si2c.o(.constdata)
 <LI><a href="#[190]">FW_SI2C_Write</a> from fw_si2c.o(i.FW_SI2C_Write) referenced from fw_si2c.o(.constdata)
 <LI><a href="#[83]">FW_SPI_CSIOSet</a> from fw_spi.o(i.FW_SPI_CSIOSet) referenced from fw_spi.o(i.FW_SPI_Init)
 <LI><a href="#[79]">FW_SPI_IH_RC</a> from fw_spi.o(i.FW_SPI_IH_RC) referenced from fw_spi.o(i.FW_SPI_Init)
 <LI><a href="#[7a]">FW_SPI_IH_RX</a> from fw_spi.o(i.FW_SPI_IH_RX) referenced from fw_spi.o(i.FW_SPI_Init)
 <LI><a href="#[7b]">FW_SPI_IH_TC</a> from fw_spi.o(i.FW_SPI_IH_TC) referenced from fw_spi.o(i.FW_SPI_Init)
 <LI><a href="#[7c]">FW_SPI_IH_TX</a> from fw_spi.o(i.FW_SPI_IH_TX) referenced from fw_spi.o(i.FW_SPI_Init)
 <LI><a href="#[82]">FW_SPI_ReadDMA</a> from fw_spi.o(i.FW_SPI_ReadDMA) referenced from fw_spi.o(i.FW_SPI_Init)
 <LI><a href="#[81]">FW_SPI_ReadINT</a> from fw_spi.o(i.FW_SPI_ReadINT) referenced from fw_spi.o(i.FW_SPI_Init)
 <LI><a href="#[80]">FW_SPI_ReadPOL</a> from fw_spi.o(i.FW_SPI_ReadPOL) referenced from fw_spi.o(i.FW_SPI_Init)
 <LI><a href="#[7f]">FW_SPI_WriteDMA</a> from fw_spi.o(i.FW_SPI_WriteDMA) referenced from fw_spi.o(i.FW_SPI_Init)
 <LI><a href="#[7e]">FW_SPI_WriteINT</a> from fw_spi.o(i.FW_SPI_WriteINT) referenced from fw_spi.o(i.FW_SPI_Init)
 <LI><a href="#[7d]">FW_SPI_WritePOL</a> from fw_spi.o(i.FW_SPI_WritePOL) referenced from fw_spi.o(i.FW_SPI_Init)
 <LI><a href="#[86]">FW_UART_IH_RC</a> from fw_uart.o(i.FW_UART_IH_RC) referenced from fw_uart.o(i.FW_UART_Init)
 <LI><a href="#[87]">FW_UART_IH_RX</a> from fw_uart.o(i.FW_UART_IH_RX) referenced from fw_uart.o(i.FW_UART_Init)
 <LI><a href="#[88]">FW_UART_IH_TC</a> from fw_uart.o(i.FW_UART_IH_TC) referenced from fw_uart.o(i.FW_UART_Init)
 <LI><a href="#[89]">FW_UART_IH_TX</a> from fw_uart.o(i.FW_UART_IH_TX) referenced from fw_uart.o(i.FW_UART_Init)
 <LI><a href="#[8f]">FW_UART_ReadDMA</a> from fw_uart.o(i.FW_UART_ReadDMA) referenced from fw_uart.o(i.FW_UART_Init)
 <LI><a href="#[8e]">FW_UART_ReadINT</a> from fw_uart.o(i.FW_UART_ReadINT) referenced from fw_uart.o(i.FW_UART_Init)
 <LI><a href="#[8d]">FW_UART_ReadPOL</a> from fw_uart.o(i.FW_UART_ReadPOL) referenced from fw_uart.o(i.FW_UART_Init)
 <LI><a href="#[90]">FW_UART_WaitNull</a> from fw_uart.o(i.FW_UART_WaitNull) referenced from fw_uart.o(i.FW_UART_ReadPOL)
 <LI><a href="#[90]">FW_UART_WaitNull</a> from fw_uart.o(i.FW_UART_WaitNull) referenced from fw_uart.o(i.FW_UART_WritePOL)
 <LI><a href="#[8c]">FW_UART_WriteDMA</a> from fw_uart.o(i.FW_UART_WriteDMA) referenced from fw_uart.o(i.FW_UART_Init)
 <LI><a href="#[8b]">FW_UART_WriteINT</a> from fw_uart.o(i.FW_UART_WriteINT) referenced from fw_uart.o(i.FW_UART_Init)
 <LI><a href="#[8a]">FW_UART_WritePOL</a> from fw_uart.o(i.FW_UART_WritePOL) referenced from fw_uart.o(i.FW_UART_Init)
 <LI><a href="#[1a5]">HC595_Config</a> from hc595.o(i.HC595_Config) referenced from hc595.o(Device_Table)
 <LI><a href="#[180]">HC595_Port_Init</a> from hc595.o(i.HC595_Port_Init) referenced from hc595.o(.constdata)
 <LI><a href="#[181]">HC595_Port_Write</a> from hc595.o(i.HC595_Port_Write) referenced from hc595.o(.constdata)
 <LI><a href="#[19]">HardFault_Handler</a> from gd32f30x_it.o(i.HardFault_Handler) referenced from startup_gd32f30x_hd.o(RESET)
 <LI><a href="#[41]">I2C0_ER_IRQHandler</a> from startup_gd32f30x_hd.o(.text) referenced from startup_gd32f30x_hd.o(RESET)
 <LI><a href="#[40]">I2C0_EV_IRQHandler</a> from startup_gd32f30x_hd.o(.text) referenced from startup_gd32f30x_hd.o(RESET)
 <LI><a href="#[43]">I2C1_ER_IRQHandler</a> from startup_gd32f30x_hd.o(.text) referenced from startup_gd32f30x_hd.o(RESET)
 <LI><a href="#[42]">I2C1_EV_IRQHandler</a> from startup_gd32f30x_hd.o(.text) referenced from startup_gd32f30x_hd.o(RESET)
 <LI><a href="#[1a8]">IFlash_Driver_Probe</a> from fw_flash.o(i.IFlash_Driver_Probe) referenced from fw_flash.o(Device_Table)
 <LI><a href="#[ed]">IFlash_Erase_Sector</a> from ll_flash.o(i.IFlash_Erase_Sector) referenced from ll_flash.o(.constdata)
 <LI><a href="#[eb]">IFlash_Get_CID</a> from ll_flash.o(i.IFlash_Get_CID) referenced from ll_flash.o(.constdata)
 <LI><a href="#[ea]">IFlash_Get_Main</a> from ll_flash.o(i.IFlash_Get_Main) referenced from ll_flash.o(.constdata)
 <LI><a href="#[ec]">IFlash_Get_PE</a> from ll_flash.o(i.IFlash_Get_PE) referenced from ll_flash.o(.constdata)
 <LI><a href="#[e8]">IFlash_Get_SectorBase</a> from ll_flash.o(i.IFlash_Get_SectorBase) referenced from ll_flash.o(.constdata)
 <LI><a href="#[e7]">IFlash_Get_SectorNum</a> from ll_flash.o(i.IFlash_Get_SectorNum) referenced from ll_flash.o(.constdata)
 <LI><a href="#[e9]">IFlash_Get_SectorSize</a> from ll_flash.o(i.IFlash_Get_SectorSize) referenced from ll_flash.o(.constdata)
 <LI><a href="#[ef]">IFlash_Read</a> from ll_flash.o(i.IFlash_Read) referenced from ll_flash.o(.constdata)
 <LI><a href="#[98]">IFlash_Read_Gran</a> from ll_flash.o(i.IFlash_Read_Gran) referenced from ll_flash.o(i.IFlash_Write)
 <LI><a href="#[ee]">IFlash_Write</a> from ll_flash.o(i.IFlash_Write) referenced from ll_flash.o(.constdata)
 <LI><a href="#[97]">IFlash_Write_Gran</a> from ll_flash.o(i.IFlash_Write_Gran) referenced from ll_flash.o(i.IFlash_Write)
 <LI><a href="#[135]">ILI_BL_Get</a> from ili9341.o(i.ILI_BL_Get) referenced from ili9341.o(.constdata)
 <LI><a href="#[134]">ILI_BL_Set</a> from ili9341.o(i.ILI_BL_Set) referenced from ili9341.o(.constdata)
 <LI><a href="#[137]">ILI_Draw_Point</a> from ili9341.o(i.ILI_Draw_Point) referenced from ili9341.o(.constdata)
 <LI><a href="#[136]">ILI_Fill_Area</a> from ili9341.o(i.ILI_Fill_Area) referenced from ili9341.o(.constdata)
 <LI><a href="#[133]">ILI_Get_CID</a> from ili9341.o(i.ILI_Get_CID) referenced from ili9341.o(.constdata)
 <LI><a href="#[138]">ILI_Get_Point</a> from ili9341.o(i.ILI_Get_Point) referenced from ili9341.o(.constdata)
 <LI><a href="#[132]">ILI_Init</a> from ili9341.o(i.ILI_Init) referenced from ili9341.o(.constdata)
 <LI><a href="#[84]">ILock</a> from fw_system.o(i.ILock) referenced from fw_system.o(i.FW_System_Init)
 <LI><a href="#[131]">IO_Encoder_GetCounter</a> from io_encoder.o(i.IO_Encoder_GetCounter) referenced from io_encoder.o(.constdata)
 <LI><a href="#[130]">IO_Encoder_Init</a> from io_encoder.o(i.IO_Encoder_Init) referenced from io_encoder.o(.constdata)
 <LI><a href="#[95]">IO_HC595_CTL</a> from hc595.o(i.IO_HC595_CTL) referenced from hc595.o(i.HC595_Port_Init)
 <LI><a href="#[94]">IO_HC595_Init</a> from hc595.o(i.IO_HC595_Init) referenced from hc595.o(i.HC595_Port_Init)
 <LI><a href="#[96]">IO_HC595_Write</a> from hc595.o(i.IO_HC595_Write) referenced from hc595.o(i.HC595_Port_Init)
 <LI><a href="#[9d]">IO_Init</a> from ili9341.o(i.IO_Init) referenced from ili9341.o(i.ILI_Init)
 <LI><a href="#[a0]">IO_Read_Data</a> from ili9341.o(i.IO_Read_Data) referenced from ili9341.o(i.ILI_Init)
 <LI><a href="#[9e]">IO_Write_Cmd</a> from ili9341.o(i.IO_Write_Cmd) referenced from ili9341.o(i.ILI_Init)
 <LI><a href="#[9f]">IO_Write_Data</a> from ili9341.o(i.IO_Write_Data) referenced from ili9341.o(i.ILI_Init)
 <LI><a href="#[1a9]">IRTC_Driver_Probe</a> from fw_rtc.o(i.IRTC_Driver_Probe) referenced from fw_rtc.o(Device_Table)
 <LI><a href="#[f1]">IRTC_Get_Counter</a> from ll_rtc.o(i.IRTC_Get_Counter) referenced from ll_rtc.o(.constdata)
 <LI><a href="#[f0]">IRTC_Init</a> from ll_rtc.o(i.IRTC_Init) referenced from ll_rtc.o(.constdata)
 <LI><a href="#[f3]">IRTC_Set_Alarm</a> from ll_rtc.o(i.IRTC_Set_Alarm) referenced from ll_rtc.o(.constdata)
 <LI><a href="#[f2]">IRTC_Set_Counter</a> from ll_rtc.o(i.IRTC_Set_Counter) referenced from ll_rtc.o(.constdata)
 <LI><a href="#[85]">IUnlock</a> from fw_system.o(i.IUnlock) referenced from fw_system.o(i.FW_System_Init)
 <LI><a href="#[1aa]">IWDG_Driver_Probe</a> from fw_wdg.o(i.IWDG_Driver_Probe) referenced from fw_wdg.o(Device_Table)
 <LI><a href="#[f5]">IWDG_FeedDog</a> from ll_wdg.o(i.IWDG_FeedDog) referenced from ll_wdg.o(.constdata)
 <LI><a href="#[f6]">IWDG_Get_MaxTime</a> from ll_wdg.o(i.IWDG_Get_MaxTime) referenced from ll_wdg.o(.constdata)
 <LI><a href="#[f7]">IWDG_Get_MinTime</a> from ll_wdg.o(i.IWDG_Get_MinTime) referenced from ll_wdg.o(.constdata)
 <LI><a href="#[f4]">IWDG_Init</a> from ll_wdg.o(i.IWDG_Init) referenced from ll_wdg.o(.constdata)
 <LI><a href="#[100]">LCD_Bus_Init</a> from ll_bus.o(i.LCD_Bus_Init) referenced from ll_bus.o(.constdata)
 <LI><a href="#[124]">LL_DAC_CTL</a> from ll_dac.o(i.LL_DAC_CTL) referenced from ll_dac.o(.constdata)
 <LI><a href="#[19f]">LL_Timer_Config</a> from ll_timer.o(i.LL_Timer_Config) referenced 8 times from ll_timer.o(Device_Table)
 <LI><a href="#[22]">LVD_IRQHandler</a> from startup_gd32f30x_hd.o(.text) referenced from startup_gd32f30x_hd.o(RESET)
 <LI><a href="#[16c]">MF_S522_BlockRead</a> from fm17522.o(i.MF_S522_BlockRead) referenced from fm17522.o(.constdata)
 <LI><a href="#[16d]">MF_S522_BlockWrite</a> from fm17522.o(i.MF_S522_BlockWrite) referenced from fm17522.o(.constdata)
 <LI><a href="#[16b]">MF_S522_CardActive</a> from fm17522.o(i.MF_S522_CardActive) referenced from fm17522.o(.constdata)
 <LI><a href="#[169]">MF_S522_CardHalt</a> from fm17522.o(i.MF_S522_CardHalt) referenced from fm17522.o(.constdata)
 <LI><a href="#[16a]">MF_S522_CardRequest</a> from fm17522.o(i.MF_S522_CardRequest) referenced from fm17522.o(.constdata)
 <LI><a href="#[164]">MF_S522_Init</a> from fm17522.o(i.MF_S522_Init) referenced from fm17522.o(.constdata)
 <LI><a href="#[166]">MF_S522_LPMConfig</a> from fm17522.o(i.MF_S522_LPMConfig) referenced from fm17522.o(.constdata)
 <LI><a href="#[165]">MF_S522_Reset</a> from fm17522.o(i.MF_S522_Reset) referenced from fm17522.o(.constdata)
 <LI><a href="#[167]">MF_S522_SetCP</a> from fm17522.o(i.MF_S522_SetCP) referenced from fm17522.o(.constdata)
 <LI><a href="#[168]">MF_S522_SetRFM</a> from fm17522.o(i.MF_S522_SetRFM) referenced from fm17522.o(.constdata)
 <LI><a href="#[1a]">MemManage_Handler</a> from gd32f30x_it.o(i.MemManage_Handler) referenced from startup_gd32f30x_hd.o(RESET)
 <LI><a href="#[6]">NLock</a> from fw_system.o(i.NLock) referenced 2 times from fw_system.o(.data)
 <LI><a href="#[18]">NMI_Handler</a> from ll_system.o(i.NMI_Handler) referenced from startup_gd32f30x_hd.o(RESET)
 <LI><a href="#[7]">NUnlock</a> from fw_system.o(i.NUnlock) referenced 2 times from fw_system.o(.data)
 <LI><a href="#[197]">PWM_CTL</a> from fw_timer.o(i.PWM_CTL) referenced from fw_timer.o(.constdata)
 <LI><a href="#[196]">PWM_Get_DC</a> from fw_timer.o(i.PWM_Get_DC) referenced from fw_timer.o(.constdata)
 <LI><a href="#[194]">PWM_Get_Frequency</a> from fw_timer.o(i.PWM_Get_Frequency) referenced from fw_timer.o(.constdata)
 <LI><a href="#[192]">PWM_Init</a> from fw_timer.o(i.PWM_Init) referenced from fw_timer.o(.constdata)
 <LI><a href="#[195]">PWM_Set_DC</a> from fw_timer.o(i.PWM_Set_DC) referenced from fw_timer.o(.constdata)
 <LI><a href="#[193]">PWM_Set_Frequency</a> from fw_timer.o(i.PWM_Set_Frequency) referenced from fw_timer.o(.constdata)
 <LI><a href="#[1f]">PendSV_Handler</a> from startup_gd32f30x_hd.o(.text) referenced from startup_gd32f30x_hd.o(RESET)
 <LI><a href="#[cf]">Pin_DeInit</a> from ll_gpio.o(i.Pin_DeInit) referenced from ll_gpio.o(.constdata)
 <LI><a href="#[d2]">Pin_GetOutput</a> from ll_gpio.o(i.Pin_GetOutput) referenced from ll_gpio.o(.constdata)
 <LI><a href="#[d0]">Pin_Init</a> from ll_gpio.o(i.Pin_Init) referenced from ll_gpio.o(.constdata)
 <LI><a href="#[d3]">Pin_Read</a> from ll_gpio.o(i.Pin_Read) referenced from ll_gpio.o(.constdata)
 <LI><a href="#[d1]">Pin_Write</a> from ll_gpio.o(i.Pin_Write) referenced from ll_gpio.o(.constdata)
 <LI><a href="#[d5]">Port_DeInit</a> from ll_gpio.o(i.Port_DeInit) referenced from ll_gpio.o(.constdata)
 <LI><a href="#[d4]">Port_GetDefault</a> from ll_gpio.o(i.Port_GetDefault) referenced from ll_gpio.o(.constdata)
 <LI><a href="#[d7]">Port_GetOutput</a> from ll_gpio.o(i.Port_GetOutput) referenced from ll_gpio.o(.constdata)
 <LI><a href="#[d8]">Port_Read</a> from ll_gpio.o(i.Port_Read) referenced from ll_gpio.o(.constdata)
 <LI><a href="#[d6]">Port_Write</a> from ll_gpio.o(i.Port_Write) referenced from ll_gpio.o(.constdata)
 <LI><a href="#[26]">RCU_CTC_IRQHandler</a> from startup_gd32f30x_hd.o(.text) referenced from startup_gd32f30x_hd.o(RESET)
 <LI><a href="#[4a]">RTC_Alarm_IRQHandler</a> from ll_rtc.o(i.RTC_Alarm_IRQHandler) referenced from startup_gd32f30x_hd.o(RESET)
 <LI><a href="#[24]">RTC_IRQHandler</a> from ll_rtc.o(i.RTC_IRQHandler) referenced from startup_gd32f30x_hd.o(RESET)
 <LI><a href="#[17]">Reset_Handler</a> from startup_gd32f30x_hd.o(.text) referenced from startup_gd32f30x_hd.o(RESET)
 <LI><a href="#[af]">SCK_CPOL0</a> from fw_sspi.o(i.SCK_CPOL0) referenced from fw_sspi.o(i.SSPI_Init)
 <LI><a href="#[ac]">SCK_CPOL1</a> from fw_sspi.o(i.SCK_CPOL1) referenced from fw_sspi.o(i.SSPI_Init)
 <LI><a href="#[ad]">SCK_FE</a> from fw_sspi.o(i.SCK_FE) referenced from fw_sspi.o(i.SSPI_Init)
 <LI><a href="#[ae]">SCK_RE</a> from fw_sspi.o(i.SCK_RE) referenced from fw_sspi.o(i.SSPI_Init)
 <LI><a href="#[52]">SDIO_IRQHandler</a> from startup_gd32f30x_hd.o(.text) referenced from startup_gd32f30x_hd.o(RESET)
 <LI><a href="#[a6]">SGP_Erase_Chip</a> from gd25q64.o(i.SGP_Erase_Chip) referenced from gd25q64.o(i.SNOR_Init)
 <LI><a href="#[a7]">SGP_Erase_Sector</a> from gd25q64.o(i.SGP_Erase_Sector) referenced from gd25q64.o(i.SNOR_Init)
 <LI><a href="#[a5]">SGP_Get_CID</a> from gd25q64.o(i.SGP_Get_CID) referenced from gd25q64.o(i.SNOR_Init)
 <LI><a href="#[a2]">SGP_Get_Reg</a> from fm17522.o(i.SGP_Get_Reg) referenced from fm17522.o(i.MF_S522_Init)
 <LI><a href="#[a1]">SGP_Init</a> from fm17522.o(i.SGP_Init) referenced from fm17522.o(i.MF_S522_Init)
 <LI><a href="#[a4]">SGP_Init</a> from gd25q64.o(i.SGP_Init) referenced from gd25q64.o(i.SNOR_Init)
 <LI><a href="#[a9]">SGP_Read</a> from gd25q64.o(i.SGP_Read) referenced from gd25q64.o(i.SNOR_Init)
 <LI><a href="#[a3]">SGP_Set_Reg</a> from fm17522.o(i.SGP_Set_Reg) referenced from fm17522.o(i.MF_S522_Init)
 <LI><a href="#[a8]">SGP_Write</a> from gd25q64.o(i.SGP_Write) referenced from gd25q64.o(i.SNOR_Init)
 <LI><a href="#[140]">SNOR_Erase_Chip</a> from gd25q64.o(i.SNOR_Erase_Chip) referenced from gd25q64.o(.constdata)
 <LI><a href="#[141]">SNOR_Erase_Sector</a> from gd25q64.o(i.SNOR_Erase_Sector) referenced from gd25q64.o(.constdata)
 <LI><a href="#[13e]">SNOR_Get_CID</a> from gd25q64.o(i.SNOR_Get_CID) referenced from gd25q64.o(.constdata)
 <LI><a href="#[13d]">SNOR_Get_Main</a> from gd25q64.o(i.SNOR_Get_Main) referenced from gd25q64.o(.constdata)
 <LI><a href="#[13f]">SNOR_Get_PEState</a> from gd25q64.o(i.SNOR_Get_PEState) referenced from gd25q64.o(.constdata)
 <LI><a href="#[13b]">SNOR_Get_SectorBase</a> from gd25q64.o(i.SNOR_Get_SectorBase) referenced from gd25q64.o(.constdata)
 <LI><a href="#[13a]">SNOR_Get_SectorNum</a> from gd25q64.o(i.SNOR_Get_SectorNum) referenced from gd25q64.o(.constdata)
 <LI><a href="#[13c]">SNOR_Get_SectorSize</a> from gd25q64.o(i.SNOR_Get_SectorSize) referenced from gd25q64.o(.constdata)
 <LI><a href="#[139]">SNOR_Init</a> from gd25q64.o(i.SNOR_Init) referenced from gd25q64.o(.constdata)
 <LI><a href="#[143]">SNOR_Read</a> from gd25q64.o(i.SNOR_Read) referenced from gd25q64.o(.constdata)
 <LI><a href="#[142]">SNOR_Write</a> from gd25q64.o(i.SNOR_Write) referenced from gd25q64.o(.constdata)
 <LI><a href="#[1a0]">SPI0_Config</a> from ll_spi.o(i.SPI0_Config) referenced from ll_spi.o(Device_Table)
 <LI><a href="#[44]">SPI0_IRQHandler</a> from ll_spi.o(i.SPI0_IRQHandler) referenced from startup_gd32f30x_hd.o(RESET)
 <LI><a href="#[1a1]">SPI1_Config</a> from ll_spi.o(i.SPI1_Config) referenced from ll_spi.o(Device_Table)
 <LI><a href="#[45]">SPI1_IRQHandler</a> from ll_spi.o(i.SPI1_IRQHandler) referenced from startup_gd32f30x_hd.o(RESET)
 <LI><a href="#[1a2]">SPI2_Config</a> from ll_spi.o(i.SPI2_Config) referenced from ll_spi.o(Device_Table)
 <LI><a href="#[54]">SPI2_IRQHandler</a> from ll_spi.o(i.SPI2_IRQHandler) referenced from startup_gd32f30x_hd.o(RESET)
 <LI><a href="#[119]">SPI_CTL</a> from ll_spi.o(i.SPI_CTL) referenced from ll_spi.o(.constdata)
 <LI><a href="#[117]">SPI_DeInit</a> from ll_spi.o(i.SPI_DeInit) referenced from ll_spi.o(.constdata)
 <LI><a href="#[92]">SPI_HC595_CTL</a> from hc595.o(i.SPI_HC595_CTL) referenced from hc595.o(i.HC595_Port_Init)
 <LI><a href="#[91]">SPI_HC595_Init</a> from hc595.o(i.SPI_HC595_Init) referenced from hc595.o(i.HC595_Port_Init)
 <LI><a href="#[93]">SPI_HC595_Write</a> from hc595.o(i.SPI_HC595_Write) referenced from hc595.o(i.HC595_Port_Init)
 <LI><a href="#[118]">SPI_Init</a> from ll_spi.o(i.SPI_Init) referenced from ll_spi.o(.constdata)
 <LI><a href="#[11d]">SPI_RX_Byte</a> from ll_spi.o(i.SPI_RX_Byte) referenced from ll_spi.o(.constdata)
 <LI><a href="#[11b]">SPI_RX_CTL</a> from ll_spi.o(i.SPI_RX_CTL) referenced from ll_spi.o(.constdata)
 <LI><a href="#[121]">SPI_Read</a> from ll_spi.o(i.SPI_Read) referenced from ll_spi.o(.constdata)
 <LI><a href="#[11c]">SPI_TX_Byte</a> from ll_spi.o(i.SPI_TX_Byte) referenced from ll_spi.o(.constdata)
 <LI><a href="#[11a]">SPI_TX_CTL</a> from ll_spi.o(i.SPI_TX_CTL) referenced from ll_spi.o(.constdata)
 <LI><a href="#[11f]">SPI_Wait_RC</a> from ll_spi.o(i.SPI_Wait_RC) referenced from ll_spi.o(.constdata)
 <LI><a href="#[11e]">SPI_Wait_TC</a> from ll_spi.o(i.SPI_Wait_TC) referenced from ll_spi.o(.constdata)
 <LI><a href="#[120]">SPI_Write</a> from ll_spi.o(i.SPI_Write) referenced from ll_spi.o(.constdata)
 <LI><a href="#[18c]">SSPI_CS_Set</a> from fw_sspi.o(i.SSPI_CS_Set) referenced from fw_sspi.o(.constdata)
 <LI><a href="#[18a]">SSPI_DeInit</a> from fw_sspi.o(i.SSPI_DeInit) referenced from fw_sspi.o(.constdata)
 <LI><a href="#[18b]">SSPI_Init</a> from fw_sspi.o(i.SSPI_Init) referenced from fw_sspi.o(.constdata)
 <LI><a href="#[18e]">SSPI_Read</a> from fw_sspi.o(i.SSPI_Read) referenced from fw_sspi.o(.constdata)
 <LI><a href="#[18d]">SSPI_Write</a> from fw_sspi.o(i.SSPI_Write) referenced from fw_sspi.o(.constdata)
 <LI><a href="#[175]">ST7735_BL_Get</a> from st7735.o(i.ST7735_BL_Get) referenced from st7735.o(.constdata)
 <LI><a href="#[174]">ST7735_BL_Set</a> from st7735.o(i.ST7735_BL_Set) referenced from st7735.o(.constdata)
 <LI><a href="#[177]">ST7735_Draw_Point</a> from st7735.o(i.ST7735_Draw_Point) referenced from st7735.o(.constdata)
 <LI><a href="#[176]">ST7735_Fill_Area</a> from st7735.o(i.ST7735_Fill_Area) referenced from st7735.o(.constdata)
 <LI><a href="#[173]">ST7735_Get_CID</a> from st7735.o(i.ST7735_Get_CID) referenced from st7735.o(.constdata)
 <LI><a href="#[178]">ST7735_Get_Point</a> from st7735.o(i.ST7735_Get_Point) referenced from st7735.o(.constdata)
 <LI><a href="#[179]">ST7735_Get_ScreenSize</a> from st7735.o(i.ST7735_Get_ScreenSize) referenced from st7735.o(.constdata)
 <LI><a href="#[172]">ST7735_Init</a> from st7735.o(i.ST7735_Init) referenced from st7735.o(.constdata)
 <LI><a href="#[182]">SUART_Init</a> from fw_suart.o(i.SUART_Init) referenced from fw_suart.o(.constdata)
 <LI><a href="#[184]">SUART_RX_Byte</a> from fw_suart.o(i.SUART_RX_Byte) referenced from fw_suart.o(.constdata)
 <LI><a href="#[183]">SUART_TX_Byte</a> from fw_suart.o(i.SUART_TX_Byte) referenced from fw_suart.o(.constdata)
 <LI><a href="#[185]">SUART_Wait_RC</a> from fw_suart.o(i.SUART_Wait_RC) referenced from fw_suart.o(.constdata)
 <LI><a href="#[1d]">SVC_Handler</a> from startup_gd32f30x_hd.o(.text) referenced from startup_gd32f30x_hd.o(RESET)
 <LI><a href="#[20]">SysTick_Handler</a> from ll_delay.o(i.SysTick_Handler) referenced from startup_gd32f30x_hd.o(RESET)
 <LI><a href="#[5e]">SystemInit</a> from system_gd32f30x.o(i.SystemInit) referenced from startup_gd32f30x_hd.o(.text)
 <LI><a href="#[c9]">System_Clear_RSTSource</a> from ll_system.o(i.System_Clear_RSTSource) referenced from ll_system.o(.constdata)
 <LI><a href="#[c1]">System_Disable_IRQ</a> from ll_system.o(i.System_Disable_IRQ) referenced from ll_system.o(.constdata)
 <LI><a href="#[c2]">System_Enable_IRQ</a> from ll_system.o(i.System_Enable_IRQ) referenced from ll_system.o(.constdata)
 <LI><a href="#[c8]">System_Get_RSTSource</a> from ll_system.o(i.System_Get_RSTSource) referenced from ll_system.o(.constdata)
 <LI><a href="#[c5]">System_Get_Sysclk</a> from ll_system.o(i.System_Get_Sysclk) referenced from ll_system.o(.constdata)
 <LI><a href="#[c0]">System_Init</a> from ll_system.o(i.System_Init) referenced from ll_system.o(.constdata)
 <LI><a href="#[c4]">System_Set_Sysclk</a> from ll_system.o(i.System_Set_Sysclk) referenced from ll_system.o(.constdata)
 <LI><a href="#[c6]">System_Set_VectorTable</a> from ll_system.o(i.System_Set_VectorTable) referenced from ll_system.o(.constdata)
 <LI><a href="#[c7]">System_Soft_Reset</a> from ll_system.o(i.System_Soft_Reset) referenced from ll_system.o(.constdata)
 <LI><a href="#[23]">TAMPER_IRQHandler</a> from startup_gd32f30x_hd.o(.text) referenced from startup_gd32f30x_hd.o(RESET)
 <LI><a href="#[39]">TIMER0_BRK_IRQHandler</a> from startup_gd32f30x_hd.o(.text) referenced from startup_gd32f30x_hd.o(RESET)
 <LI><a href="#[3c]">TIMER0_Channel_IRQHandler</a> from startup_gd32f30x_hd.o(.text) referenced from startup_gd32f30x_hd.o(RESET)
 <LI><a href="#[3b]">TIMER0_TRG_CMT_IRQHandler</a> from startup_gd32f30x_hd.o(.text) referenced from startup_gd32f30x_hd.o(RESET)
 <LI><a href="#[3a]">TIMER0_UP_IRQHandler</a> from ll_timer.o(i.TIMER0_UP_IRQHandler) referenced from startup_gd32f30x_hd.o(RESET)
 <LI><a href="#[3d]">TIMER1_IRQHandler</a> from ll_timer.o(i.TIMER1_IRQHandler) referenced from startup_gd32f30x_hd.o(RESET)
 <LI><a href="#[3e]">TIMER2_IRQHandler</a> from ll_timer.o(i.TIMER2_IRQHandler) referenced from startup_gd32f30x_hd.o(RESET)
 <LI><a href="#[3f]">TIMER3_IRQHandler</a> from ll_timer.o(i.TIMER3_IRQHandler) referenced from startup_gd32f30x_hd.o(RESET)
 <LI><a href="#[53]">TIMER4_IRQHandler</a> from ll_timer.o(i.TIMER4_IRQHandler) referenced from startup_gd32f30x_hd.o(RESET)
 <LI><a href="#[57]">TIMER5_IRQHandler</a> from ll_timer.o(i.TIMER5_IRQHandler) referenced from startup_gd32f30x_hd.o(RESET)
 <LI><a href="#[58]">TIMER6_IRQHandler</a> from ll_timer.o(i.TIMER6_IRQHandler) referenced from startup_gd32f30x_hd.o(RESET)
 <LI><a href="#[4c]">TIMER7_BRK_IRQHandler</a> from startup_gd32f30x_hd.o(.text) referenced from startup_gd32f30x_hd.o(RESET)
 <LI><a href="#[4f]">TIMER7_Channel_IRQHandler</a> from startup_gd32f30x_hd.o(.text) referenced from startup_gd32f30x_hd.o(RESET)
 <LI><a href="#[4e]">TIMER7_TRG_CMT_IRQHandler</a> from startup_gd32f30x_hd.o(.text) referenced from startup_gd32f30x_hd.o(RESET)
 <LI><a href="#[4d]">TIMER7_UP_IRQHandler</a> from ll_timer.o(i.TIMER7_UP_IRQHandler) referenced from startup_gd32f30x_hd.o(RESET)
 <LI><a href="#[114]">TIM_CTL</a> from ll_timer.o(i.TIM_CTL) referenced from ll_timer.o(.constdata)
 <LI><a href="#[109]">TIM_DeInit</a> from ll_timer.o(i.TIM_DeInit) referenced from ll_timer.o(.constdata)
 <LI><a href="#[10f]">TIM_Encoder_Init</a> from ll_timer.o(i.TIM_Encoder_Init) referenced from ll_timer.o(.constdata)
 <LI><a href="#[10a]">TIM_Get_Clock</a> from ll_timer.o(i.TIM_Get_Clock) referenced from ll_timer.o(.constdata)
 <LI><a href="#[111]">TIM_Get_Counter</a> from ll_timer.o(i.TIM_Get_Counter) referenced from ll_timer.o(.constdata)
 <LI><a href="#[113]">TIM_Get_DC</a> from ll_timer.o(i.TIM_Get_DC) referenced from ll_timer.o(.constdata)
 <LI><a href="#[10c]">TIM_Get_Frequency</a> from ll_timer.o(i.TIM_Get_Frequency) referenced from ll_timer.o(.constdata)
 <LI><a href="#[116]">TIM_IT_CTL</a> from ll_timer.o(i.TIM_IT_CTL) referenced from ll_timer.o(.constdata)
 <LI><a href="#[115]">TIM_PWM_CTL</a> from ll_timer.o(i.TIM_PWM_CTL) referenced from ll_timer.o(.constdata)
 <LI><a href="#[10e]">TIM_PWM_Init</a> from ll_timer.o(i.TIM_PWM_Init) referenced from ll_timer.o(.constdata)
 <LI><a href="#[110]">TIM_Set_Counter</a> from ll_timer.o(i.TIM_Set_Counter) referenced from ll_timer.o(.constdata)
 <LI><a href="#[112]">TIM_Set_DC</a> from ll_timer.o(i.TIM_Set_DC) referenced from ll_timer.o(.constdata)
 <LI><a href="#[10b]">TIM_Set_Frequency</a> from ll_timer.o(i.TIM_Set_Frequency) referenced from ll_timer.o(.constdata)
 <LI><a href="#[10d]">TIM_Timing_Init</a> from ll_timer.o(i.TIM_Timing_Init) referenced from ll_timer.o(.constdata)
 <LI><a href="#[17e]">TM77_Get_Sample</a> from tm7711.o(i.TM77_Get_Sample) referenced from tm7711.o(.constdata)
 <LI><a href="#[17d]">TM77_Get_Temprature</a> from tm7711.o(i.TM77_Get_Temprature) referenced from tm7711.o(.constdata)
 <LI><a href="#[17a]">TM77_Init</a> from tm7711.o(i.TM77_Init) referenced from tm7711.o(.constdata)
 <LI><a href="#[17b]">TM77_Reset</a> from tm7711.o(i.TM77_Reset) referenced from tm7711.o(.constdata)
 <LI><a href="#[17f]">TM77_Sample_Formula</a> from tm7711.o(i.TM77_Sample_Formula) referenced from tm7711.o(.constdata)
 <LI><a href="#[17c]">TM77_Set_Period</a> from tm7711.o(i.TM77_Set_Period) referenced from tm7711.o(.constdata)
 <LI><a href="#[ab]">TRByte_LSB</a> from fw_sspi.o(i.TRByte_LSB) referenced from fw_sspi.o(i.SSPI_Init)
 <LI><a href="#[aa]">TRByte_MSB</a> from fw_sspi.o(i.TRByte_MSB) referenced from fw_sspi.o(i.SSPI_Init)
 <LI><a href="#[19b]">UART3_Config</a> from ll_uart.o(i.UART3_Config) referenced from ll_uart.o(Device_Table)
 <LI><a href="#[55]">UART3_IRQHandler</a> from ll_uart.o(i.UART3_IRQHandler) referenced from startup_gd32f30x_hd.o(RESET)
 <LI><a href="#[19c]">UART4_Config</a> from ll_uart.o(i.UART4_Config) referenced from ll_uart.o(Device_Table)
 <LI><a href="#[56]">UART4_IRQHandler</a> from ll_uart.o(i.UART4_IRQHandler) referenced from startup_gd32f30x_hd.o(RESET)
 <LI><a href="#[de]">UART_CTL</a> from ll_uart.o(i.UART_CTL) referenced from ll_uart.o(.constdata)
 <LI><a href="#[dc]">UART_DeInit</a> from ll_uart.o(i.UART_DeInit) referenced from ll_uart.o(.constdata)
 <LI><a href="#[e6]">UART_Get_RDL</a> from ll_uart.o(i.UART_Get_RDL) referenced from ll_uart.o(.constdata)
 <LI><a href="#[dd]">UART_Init</a> from ll_uart.o(i.UART_Init) referenced from ll_uart.o(.constdata)
 <LI><a href="#[e2]">UART_RX_Byte</a> from ll_uart.o(i.UART_RX_Byte) referenced from ll_uart.o(.constdata)
 <LI><a href="#[e0]">UART_RX_CTL</a> from ll_uart.o(i.UART_RX_CTL) referenced from ll_uart.o(.constdata)
 <LI><a href="#[e5]">UART_Set_TDL</a> from ll_uart.o(i.UART_Set_TDL) referenced from ll_uart.o(.constdata)
 <LI><a href="#[e1]">UART_TX_Byte</a> from ll_uart.o(i.UART_TX_Byte) referenced from ll_uart.o(.constdata)
 <LI><a href="#[df]">UART_TX_CTL</a> from ll_uart.o(i.UART_TX_CTL) referenced from ll_uart.o(.constdata)
 <LI><a href="#[e4]">UART_Wait_RC</a> from ll_uart.o(i.UART_Wait_RC) referenced from ll_uart.o(.constdata)
 <LI><a href="#[e3]">UART_Wait_TC</a> from ll_uart.o(i.UART_Wait_TC) referenced from ll_uart.o(.constdata)
 <LI><a href="#[198]">USART0_Config</a> from ll_uart.o(i.USART0_Config) referenced from ll_uart.o(Device_Table)
 <LI><a href="#[46]">USART0_IRQHandler</a> from ll_uart.o(i.USART0_IRQHandler) referenced from startup_gd32f30x_hd.o(RESET)
 <LI><a href="#[199]">USART1_Config</a> from ll_uart.o(i.USART1_Config) referenced from ll_uart.o(Device_Table)
 <LI><a href="#[47]">USART1_IRQHandler</a> from ll_uart.o(i.USART1_IRQHandler) referenced from startup_gd32f30x_hd.o(RESET)
 <LI><a href="#[19a]">USART2_Config</a> from ll_uart.o(i.USART2_Config) referenced from ll_uart.o(Device_Table)
 <LI><a href="#[48]">USART2_IRQHandler</a> from ll_uart.o(i.USART2_IRQHandler) referenced from startup_gd32f30x_hd.o(RESET)
 <LI><a href="#[34]">USBD_HP_CAN0_TX_IRQHandler</a> from startup_gd32f30x_hd.o(.text) referenced from startup_gd32f30x_hd.o(RESET)
 <LI><a href="#[35]">USBD_LP_CAN0_RX0_IRQHandler</a> from ll_usb.o(i.USBD_LP_CAN0_RX0_IRQHandler) referenced from startup_gd32f30x_hd.o(RESET)
 <LI><a href="#[4b]">USBD_WKUP_IRQHandler</a> from startup_gd32f30x_hd.o(.text) referenced from startup_gd32f30x_hd.o(RESET)
 <LI><a href="#[ff]">USB_Init</a> from ll_usb.o(i.USB_Init) referenced from ll_usb.o(.constdata)
 <LI><a href="#[1c]">UsageFault_Handler</a> from gd32f30x_it.o(i.UsageFault_Handler) referenced from startup_gd32f30x_hd.o(RESET)
 <LI><a href="#[14e]">WF183D_Get_Pressure</a> from wf183d.o(i.WF183D_Get_Pressure) referenced from wf183d.o(.constdata)
 <LI><a href="#[14d]">WF183D_Get_Temprature</a> from wf183d.o(i.WF183D_Get_Temprature) referenced from wf183d.o(.constdata)
 <LI><a href="#[b4]">WF183D_I2C_GetPressure</a> from wf183d.o(i.WF183D_I2C_GetPressure) referenced from wf183d.o(i.WF183D_Init)
 <LI><a href="#[b5]">WF183D_I2C_GetTemprature</a> from wf183d.o(i.WF183D_I2C_GetTemprature) referenced from wf183d.o(i.WF183D_Init)
 <LI><a href="#[b3]">WF183D_I2C_Init</a> from wf183d.o(i.WF183D_I2C_Init) referenced from wf183d.o(i.WF183D_Init)
 <LI><a href="#[14a]">WF183D_Init</a> from wf183d.o(i.WF183D_Init) referenced from wf183d.o(.constdata)
 <LI><a href="#[b7]">WF183D_OWI_GetPressure</a> from wf183d.o(i.WF183D_OWI_GetPressure) referenced from wf183d.o(i.WF183D_Init)
 <LI><a href="#[b8]">WF183D_OWI_GetTemprature</a> from wf183d.o(i.WF183D_OWI_GetTemprature) referenced from wf183d.o(i.WF183D_Init)
 <LI><a href="#[b6]">WF183D_OWI_Init</a> from wf183d.o(i.WF183D_OWI_Init) referenced from wf183d.o(i.WF183D_Init)
 <LI><a href="#[14f]">WF183D_Press_Formula</a> from wf183d.o(i.WF183D_Press_Formula) referenced from wf183d.o(.constdata)
 <LI><a href="#[14b]">WF183D_Reset</a> from wf183d.o(i.WF183D_Reset) referenced from wf183d.o(.constdata)
 <LI><a href="#[14c]">WF183D_Set_Period</a> from wf183d.o(i.WF183D_Set_Period) referenced from wf183d.o(.constdata)
 <LI><a href="#[b1]">WF183D_UART_GetPressure</a> from wf183d.o(i.WF183D_UART_GetPressure) referenced from wf183d.o(i.WF183D_Init)
 <LI><a href="#[b2]">WF183D_UART_GetTemprature</a> from wf183d.o(i.WF183D_UART_GetTemprature) referenced from wf183d.o(i.WF183D_Init)
 <LI><a href="#[b0]">WF183D_UART_Init</a> from wf183d.o(i.WF183D_UART_Init) referenced from wf183d.o(i.WF183D_Init)
 <LI><a href="#[148]">WF200D_Get_Pressure</a> from wf200d.o(i.WF200D_Get_Pressure) referenced from wf200d.o(.constdata)
 <LI><a href="#[147]">WF200D_Get_Temprature</a> from wf200d.o(i.WF200D_Get_Temprature) referenced from wf200d.o(.constdata)
 <LI><a href="#[b9]">WF200D_I2C_Init</a> from wf200d.o(i.WF200D_I2C_Init) referenced from wf200d.o(i.WF200D_Init)
 <LI><a href="#[bb]">WF200D_I2C_ReadByte</a> from wf200d.o(i.WF200D_I2C_ReadByte) referenced from wf200d.o(i.WF200D_Init)
 <LI><a href="#[ba]">WF200D_I2C_WriteByte</a> from wf200d.o(i.WF200D_I2C_WriteByte) referenced from wf200d.o(i.WF200D_Init)
 <LI><a href="#[144]">WF200D_Init</a> from wf200d.o(i.WF200D_Init) referenced from wf200d.o(.constdata)
 <LI><a href="#[149]">WF200D_Press_Formula</a> from wf200d.o(i.WF200D_Press_Formula) referenced from wf200d.o(.constdata)
 <LI><a href="#[145]">WF200D_Reset</a> from wf200d.o(i.WF200D_Reset) referenced from wf200d.o(.constdata)
 <LI><a href="#[bc]">WF200D_SPI_Init</a> from wf200d.o(i.WF200D_SPI_Init) referenced from wf200d.o(i.WF200D_Init)
 <LI><a href="#[be]">WF200D_SPI_ReadByte</a> from wf200d.o(i.WF200D_SPI_ReadByte) referenced from wf200d.o(i.WF200D_Init)
 <LI><a href="#[bd]">WF200D_SPI_WriteByte</a> from wf200d.o(i.WF200D_SPI_WriteByte) referenced from wf200d.o(i.WF200D_Init)
 <LI><a href="#[146]">WF200D_Set_Period</a> from wf200d.o(i.WF200D_Set_Period) referenced from wf200d.o(.constdata)
 <LI><a href="#[21]">WWDGT_IRQHandler</a> from startup_gd32f30x_hd.o(.text) referenced from startup_gd32f30x_hd.o(RESET)
 <LI><a href="#[1ab]">WWDG_Driver_Probe</a> from fw_wdg.o(i.WWDG_Driver_Probe) referenced from fw_wdg.o(Device_Table)
 <LI><a href="#[f9]">WWDG_FeedDog</a> from ll_wdg.o(i.WWDG_FeedDog) referenced from ll_wdg.o(.constdata)
 <LI><a href="#[f8]">WWDG_Init</a> from ll_wdg.o(i.WWDG_Init) referenced from ll_wdg.o(.constdata)
 <LI><a href="#[c3]">__asm___11_ll_system_c_bb8ca80c__System_Get_IRQState</a> from ll_system.o(.emb_text) referenced from ll_system.o(.constdata)
 <LI><a href="#[5f]">__main</a> from entry.o(.ARM.Collect$$$$00000000) referenced from startup_gd32f30x_hd.o(.text)
 <LI><a href="#[bf]">fputc</a> from fw_uart.o(i.fputc) referenced from printfa.o(i.__0printf)
 <LI><a href="#[5]">free</a> from mallocr.o(i.__free$realloc) referenced 2 times from mm.o(.data)
 <LI><a href="#[5d]">main</a> from fw_startup.o(i.$Sub$$main) referenced from entry9a.o(.ARM.Collect$$$$0000000B)
 <LI><a href="#[4]">malloc</a> from mallocr.o(i.__malloc$realloc) referenced 4 times from mm.o(.data)
 <LI><a href="#[3]">msc_data_handler</a> from msc_core.o(i.msc_data_handler) referenced 2 times from ll_usb.o(.data)
 <LI><a href="#[1]">msc_deinit</a> from msc_core.o(i.msc_deinit) referenced 2 times from ll_usb.o(.data)
 <LI><a href="#[0]">msc_init</a> from msc_core.o(i.msc_init) referenced 2 times from ll_usb.o(.data)
 <LI><a href="#[2]">msc_req_handler</a> from msc_core.o(i.msc_req_handler) referenced 2 times from ll_usb.o(.data)
 <LI><a href="#[9]">usbd_clearfeature</a> from usbd_std.o(i.usbd_clearfeature) referenced 2 times from usbd_std.o(.data)
 <LI><a href="#[15]">usbd_configuration_descriptor_get</a> from usbd_std.o(i.usbd_configuration_descriptor_get) referenced 2 times from usbd_std.o(.data)
 <LI><a href="#[14]">usbd_device_descriptor_get</a> from usbd_std.o(i.usbd_device_descriptor_get) referenced 2 times from usbd_std.o(.data)
 <LI><a href="#[f]">usbd_getconfiguration</a> from usbd_std.o(i.usbd_getconfiguration) referenced 2 times from usbd_std.o(.data)
 <LI><a href="#[d]">usbd_getdescriptor</a> from usbd_std.o(i.usbd_getdescriptor) referenced 2 times from usbd_std.o(.data)
 <LI><a href="#[11]">usbd_getinterface</a> from usbd_std.o(i.usbd_getinterface) referenced 2 times from usbd_std.o(.data)
 <LI><a href="#[8]">usbd_getstatus</a> from usbd_std.o(i.usbd_getstatus) referenced 2 times from usbd_std.o(.data)
 <LI><a href="#[a]">usbd_reserved</a> from usbd_std.o(i.usbd_reserved) referenced 4 times from usbd_std.o(.data)
 <LI><a href="#[c]">usbd_setaddress</a> from usbd_std.o(i.usbd_setaddress) referenced 2 times from usbd_std.o(.data)
 <LI><a href="#[10]">usbd_setconfiguration</a> from usbd_std.o(i.usbd_setconfiguration) referenced 2 times from usbd_std.o(.data)
 <LI><a href="#[e]">usbd_setdescriptor</a> from usbd_std.o(i.usbd_setdescriptor) referenced 2 times from usbd_std.o(.data)
 <LI><a href="#[b]">usbd_setfeature</a> from usbd_std.o(i.usbd_setfeature) referenced 2 times from usbd_std.o(.data)
 <LI><a href="#[12]">usbd_setinterface</a> from usbd_std.o(i.usbd_setinterface) referenced 2 times from usbd_std.o(.data)
 <LI><a href="#[16]">usbd_string_descriptor_get</a> from usbd_std.o(i.usbd_string_descriptor_get) referenced 2 times from usbd_std.o(.data)
 <LI><a href="#[13]">usbd_synchframe</a> from usbd_std.o(i.usbd_synchframe) referenced 2 times from usbd_std.o(.data)
</UL>
<P>
<H3>
Global Symbols
</H3>
<P><STRONG><a name="[5f]"></a>__main</STRONG> (Thumb, 0 bytes, Stack size unknown bytes, entry.o(.ARM.Collect$$$$00000000))
<BR>[Address Reference Count : 1]<UL><LI> startup_gd32f30x_hd.o(.text)
</UL>
<P><STRONG><a name="[3ac]"></a>_main_stk</STRONG> (Thumb, 0 bytes, Stack size unknown bytes, entry2.o(.ARM.Collect$$$$00000001))

<P><STRONG><a name="[1ac]"></a>_main_scatterload</STRONG> (Thumb, 0 bytes, Stack size unknown bytes, entry5.o(.ARM.Collect$$$$00000004))
<BR><BR>[Calls]<UL><LI><a href="#[1ad]">&gt;&gt;</a>&nbsp;&nbsp;&nbsp;__scatterload
</UL>

<P><STRONG><a name="[1c2]"></a>__main_after_scatterload</STRONG> (Thumb, 0 bytes, Stack size unknown bytes, entry5.o(.ARM.Collect$$$$00000004))
<BR><BR>[Called By]<UL><LI><a href="#[1ad]">&gt;&gt;</a>&nbsp;&nbsp;&nbsp;__scatterload
</UL>

<P><STRONG><a name="[3ad]"></a>_main_clock</STRONG> (Thumb, 0 bytes, Stack size unknown bytes, entry7b.o(.ARM.Collect$$$$00000008))

<P><STRONG><a name="[3ae]"></a>_main_cpp_init</STRONG> (Thumb, 0 bytes, Stack size unknown bytes, entry8b.o(.ARM.Collect$$$$0000000A))

<P><STRONG><a name="[3af]"></a>_main_init</STRONG> (Thumb, 0 bytes, Stack size unknown bytes, entry9a.o(.ARM.Collect$$$$0000000B))

<P><STRONG><a name="[3b0]"></a>__rt_final_cpp</STRONG> (Thumb, 0 bytes, Stack size unknown bytes, entry10a.o(.ARM.Collect$$$$0000000D))

<P><STRONG><a name="[3b1]"></a>__rt_final_exit</STRONG> (Thumb, 0 bytes, Stack size unknown bytes, entry11a.o(.ARM.Collect$$$$0000000F))

<P><STRONG><a name="[c3]"></a>__asm___11_ll_system_c_bb8ca80c__System_Get_IRQState</STRONG> (Thumb, 10 bytes, Stack size 0 bytes, ll_system.o(.emb_text))
<BR>[Address Reference Count : 1]<UL><LI> ll_system.o(.constdata)
</UL>
<P><STRONG><a name="[17]"></a>Reset_Handler</STRONG> (Thumb, 8 bytes, Stack size 0 bytes, startup_gd32f30x_hd.o(.text))
<BR>[Address Reference Count : 1]<UL><LI> startup_gd32f30x_hd.o(RESET)
</UL>
<P><STRONG><a name="[1d]"></a>SVC_Handler</STRONG> (Thumb, 2 bytes, Stack size 0 bytes, startup_gd32f30x_hd.o(.text))
<BR><BR>[Calls]<UL><LI><a href="#[1d]">&gt;&gt;</a>&nbsp;&nbsp;&nbsp;SVC_Handler
</UL>
<BR>[Called By]<UL><LI><a href="#[1d]">&gt;&gt;</a>&nbsp;&nbsp;&nbsp;SVC_Handler
</UL>
<BR>[Address Reference Count : 1]<UL><LI> startup_gd32f30x_hd.o(RESET)
</UL>
<P><STRONG><a name="[1f]"></a>PendSV_Handler</STRONG> (Thumb, 2 bytes, Stack size 0 bytes, startup_gd32f30x_hd.o(.text))
<BR><BR>[Calls]<UL><LI><a href="#[1f]">&gt;&gt;</a>&nbsp;&nbsp;&nbsp;PendSV_Handler
</UL>
<BR>[Called By]<UL><LI><a href="#[1f]">&gt;&gt;</a>&nbsp;&nbsp;&nbsp;PendSV_Handler
</UL>
<BR>[Address Reference Count : 1]<UL><LI> startup_gd32f30x_hd.o(RESET)
</UL>
<P><STRONG><a name="[37]"></a>CAN0_EWMC_IRQHandler</STRONG> (Thumb, 0 bytes, Stack size 0 bytes, startup_gd32f30x_hd.o(.text))
<BR><BR>[Calls]<UL><LI><a href="#[37]">&gt;&gt;</a>&nbsp;&nbsp;&nbsp;CAN0_EWMC_IRQHandler
</UL>
<BR>[Called By]<UL><LI><a href="#[37]">&gt;&gt;</a>&nbsp;&nbsp;&nbsp;CAN0_EWMC_IRQHandler
</UL>
<BR>[Address Reference Count : 1]<UL><LI> startup_gd32f30x_hd.o(RESET)
</UL>
<P><STRONG><a name="[36]"></a>CAN0_RX1_IRQHandler</STRONG> (Thumb, 0 bytes, Stack size 0 bytes, startup_gd32f30x_hd.o(.text))
<BR>[Address Reference Count : 1]<UL><LI> startup_gd32f30x_hd.o(RESET)
</UL>
<P><STRONG><a name="[2c]"></a>DMA0_Channel0_IRQHandler</STRONG> (Thumb, 0 bytes, Stack size 0 bytes, startup_gd32f30x_hd.o(.text))
<BR>[Address Reference Count : 1]<UL><LI> startup_gd32f30x_hd.o(RESET)
</UL>
<P><STRONG><a name="[2d]"></a>DMA0_Channel1_IRQHandler</STRONG> (Thumb, 0 bytes, Stack size 0 bytes, startup_gd32f30x_hd.o(.text))
<BR>[Address Reference Count : 1]<UL><LI> startup_gd32f30x_hd.o(RESET)
</UL>
<P><STRONG><a name="[2e]"></a>DMA0_Channel2_IRQHandler</STRONG> (Thumb, 0 bytes, Stack size 0 bytes, startup_gd32f30x_hd.o(.text))
<BR>[Address Reference Count : 1]<UL><LI> startup_gd32f30x_hd.o(RESET)
</UL>
<P><STRONG><a name="[2f]"></a>DMA0_Channel3_IRQHandler</STRONG> (Thumb, 0 bytes, Stack size 0 bytes, startup_gd32f30x_hd.o(.text))
<BR>[Address Reference Count : 1]<UL><LI> startup_gd32f30x_hd.o(RESET)
</UL>
<P><STRONG><a name="[30]"></a>DMA0_Channel4_IRQHandler</STRONG> (Thumb, 0 bytes, Stack size 0 bytes, startup_gd32f30x_hd.o(.text))
<BR>[Address Reference Count : 1]<UL><LI> startup_gd32f30x_hd.o(RESET)
</UL>
<P><STRONG><a name="[31]"></a>DMA0_Channel5_IRQHandler</STRONG> (Thumb, 0 bytes, Stack size 0 bytes, startup_gd32f30x_hd.o(.text))
<BR>[Address Reference Count : 1]<UL><LI> startup_gd32f30x_hd.o(RESET)
</UL>
<P><STRONG><a name="[32]"></a>DMA0_Channel6_IRQHandler</STRONG> (Thumb, 0 bytes, Stack size 0 bytes, startup_gd32f30x_hd.o(.text))
<BR>[Address Reference Count : 1]<UL><LI> startup_gd32f30x_hd.o(RESET)
</UL>
<P><STRONG><a name="[59]"></a>DMA1_Channel0_IRQHandler</STRONG> (Thumb, 0 bytes, Stack size 0 bytes, startup_gd32f30x_hd.o(.text))
<BR>[Address Reference Count : 1]<UL><LI> startup_gd32f30x_hd.o(RESET)
</UL>
<P><STRONG><a name="[5a]"></a>DMA1_Channel1_IRQHandler</STRONG> (Thumb, 0 bytes, Stack size 0 bytes, startup_gd32f30x_hd.o(.text))
<BR>[Address Reference Count : 1]<UL><LI> startup_gd32f30x_hd.o(RESET)
</UL>
<P><STRONG><a name="[5b]"></a>DMA1_Channel2_IRQHandler</STRONG> (Thumb, 0 bytes, Stack size 0 bytes, startup_gd32f30x_hd.o(.text))
<BR>[Address Reference Count : 1]<UL><LI> startup_gd32f30x_hd.o(RESET)
</UL>
<P><STRONG><a name="[5c]"></a>DMA1_Channel3_4_IRQHandler</STRONG> (Thumb, 0 bytes, Stack size 0 bytes, startup_gd32f30x_hd.o(.text))
<BR>[Address Reference Count : 1]<UL><LI> startup_gd32f30x_hd.o(RESET)
</UL>
<P><STRONG><a name="[51]"></a>EXMC_IRQHandler</STRONG> (Thumb, 0 bytes, Stack size 0 bytes, startup_gd32f30x_hd.o(.text))
<BR>[Address Reference Count : 1]<UL><LI> startup_gd32f30x_hd.o(RESET)
</UL>
<P><STRONG><a name="[25]"></a>FMC_IRQHandler</STRONG> (Thumb, 0 bytes, Stack size 0 bytes, startup_gd32f30x_hd.o(.text))
<BR>[Address Reference Count : 1]<UL><LI> startup_gd32f30x_hd.o(RESET)
</UL>
<P><STRONG><a name="[41]"></a>I2C0_ER_IRQHandler</STRONG> (Thumb, 0 bytes, Stack size 0 bytes, startup_gd32f30x_hd.o(.text))
<BR>[Address Reference Count : 1]<UL><LI> startup_gd32f30x_hd.o(RESET)
</UL>
<P><STRONG><a name="[40]"></a>I2C0_EV_IRQHandler</STRONG> (Thumb, 0 bytes, Stack size 0 bytes, startup_gd32f30x_hd.o(.text))
<BR>[Address Reference Count : 1]<UL><LI> startup_gd32f30x_hd.o(RESET)
</UL>
<P><STRONG><a name="[43]"></a>I2C1_ER_IRQHandler</STRONG> (Thumb, 0 bytes, Stack size 0 bytes, startup_gd32f30x_hd.o(.text))
<BR>[Address Reference Count : 1]<UL><LI> startup_gd32f30x_hd.o(RESET)
</UL>
<P><STRONG><a name="[42]"></a>I2C1_EV_IRQHandler</STRONG> (Thumb, 0 bytes, Stack size 0 bytes, startup_gd32f30x_hd.o(.text))
<BR>[Address Reference Count : 1]<UL><LI> startup_gd32f30x_hd.o(RESET)
</UL>
<P><STRONG><a name="[22]"></a>LVD_IRQHandler</STRONG> (Thumb, 0 bytes, Stack size 0 bytes, startup_gd32f30x_hd.o(.text))
<BR>[Address Reference Count : 1]<UL><LI> startup_gd32f30x_hd.o(RESET)
</UL>
<P><STRONG><a name="[26]"></a>RCU_CTC_IRQHandler</STRONG> (Thumb, 0 bytes, Stack size 0 bytes, startup_gd32f30x_hd.o(.text))
<BR>[Address Reference Count : 1]<UL><LI> startup_gd32f30x_hd.o(RESET)
</UL>
<P><STRONG><a name="[52]"></a>SDIO_IRQHandler</STRONG> (Thumb, 0 bytes, Stack size 0 bytes, startup_gd32f30x_hd.o(.text))
<BR>[Address Reference Count : 1]<UL><LI> startup_gd32f30x_hd.o(RESET)
</UL>
<P><STRONG><a name="[23]"></a>TAMPER_IRQHandler</STRONG> (Thumb, 0 bytes, Stack size 0 bytes, startup_gd32f30x_hd.o(.text))
<BR>[Address Reference Count : 1]<UL><LI> startup_gd32f30x_hd.o(RESET)
</UL>
<P><STRONG><a name="[39]"></a>TIMER0_BRK_IRQHandler</STRONG> (Thumb, 0 bytes, Stack size 0 bytes, startup_gd32f30x_hd.o(.text))
<BR>[Address Reference Count : 1]<UL><LI> startup_gd32f30x_hd.o(RESET)
</UL>
<P><STRONG><a name="[3c]"></a>TIMER0_Channel_IRQHandler</STRONG> (Thumb, 0 bytes, Stack size 0 bytes, startup_gd32f30x_hd.o(.text))
<BR>[Address Reference Count : 1]<UL><LI> startup_gd32f30x_hd.o(RESET)
</UL>
<P><STRONG><a name="[3b]"></a>TIMER0_TRG_CMT_IRQHandler</STRONG> (Thumb, 0 bytes, Stack size 0 bytes, startup_gd32f30x_hd.o(.text))
<BR>[Address Reference Count : 1]<UL><LI> startup_gd32f30x_hd.o(RESET)
</UL>
<P><STRONG><a name="[4c]"></a>TIMER7_BRK_IRQHandler</STRONG> (Thumb, 0 bytes, Stack size 0 bytes, startup_gd32f30x_hd.o(.text))
<BR>[Address Reference Count : 1]<UL><LI> startup_gd32f30x_hd.o(RESET)
</UL>
<P><STRONG><a name="[4f]"></a>TIMER7_Channel_IRQHandler</STRONG> (Thumb, 0 bytes, Stack size 0 bytes, startup_gd32f30x_hd.o(.text))
<BR>[Address Reference Count : 1]<UL><LI> startup_gd32f30x_hd.o(RESET)
</UL>
<P><STRONG><a name="[4e]"></a>TIMER7_TRG_CMT_IRQHandler</STRONG> (Thumb, 0 bytes, Stack size 0 bytes, startup_gd32f30x_hd.o(.text))
<BR>[Address Reference Count : 1]<UL><LI> startup_gd32f30x_hd.o(RESET)
</UL>
<P><STRONG><a name="[34]"></a>USBD_HP_CAN0_TX_IRQHandler</STRONG> (Thumb, 0 bytes, Stack size 0 bytes, startup_gd32f30x_hd.o(.text))
<BR>[Address Reference Count : 1]<UL><LI> startup_gd32f30x_hd.o(RESET)
</UL>
<P><STRONG><a name="[4b]"></a>USBD_WKUP_IRQHandler</STRONG> (Thumb, 0 bytes, Stack size 0 bytes, startup_gd32f30x_hd.o(.text))
<BR>[Address Reference Count : 1]<UL><LI> startup_gd32f30x_hd.o(RESET)
</UL>
<P><STRONG><a name="[21]"></a>WWDGT_IRQHandler</STRONG> (Thumb, 0 bytes, Stack size 0 bytes, startup_gd32f30x_hd.o(.text))
<BR>[Address Reference Count : 1]<UL><LI> startup_gd32f30x_hd.o(RESET)
</UL>
<P><STRONG><a name="[1ae]"></a>__aeabi_uldivmod</STRONG> (Thumb, 98 bytes, Stack size 40 bytes, uldiv.o(.text), UNUSED)
<BR><BR>[Calls]<UL><LI><a href="#[1af]">&gt;&gt;</a>&nbsp;&nbsp;&nbsp;__aeabi_llsr
<LI><a href="#[1b0]">&gt;&gt;</a>&nbsp;&nbsp;&nbsp;__aeabi_llsl
</UL>
<BR>[Called By]<UL><LI><a href="#[37a]">&gt;&gt;</a>&nbsp;&nbsp;&nbsp;_printf_core
<LI><a href="#[37c]">&gt;&gt;</a>&nbsp;&nbsp;&nbsp;_fp_digits
</UL>

<P><STRONG><a name="[1be]"></a>__rt_ctype_table</STRONG> (Thumb, 4 bytes, Stack size 0 bytes, ctype_o.o(.text))
<BR><BR>[Called By]<UL><LI><a href="#[1b6]">&gt;&gt;</a>&nbsp;&nbsp;&nbsp;strtol
</UL>

<P><STRONG><a name="[3b2]"></a>____aeabi_memcpy8$ret$move</STRONG> (Thumb, 0 bytes, Stack size 8 bytes, memmove.o(.text), UNUSED)

<P><STRONG><a name="[3b3]"></a>___aeabi_memmove4$ret</STRONG> (Thumb, 0 bytes, Stack size 8 bytes, memmove.o(.text), UNUSED)

<P><STRONG><a name="[3b4]"></a>___aeabi_memmove8$ret</STRONG> (Thumb, 0 bytes, Stack size 8 bytes, memmove.o(.text), UNUSED)

<P><STRONG><a name="[1fe]"></a>__aeabi_memcpy</STRONG> (Thumb, 66 bytes, Stack size 8 bytes, memmove.o(.text))
<BR><BR>[Stack]<UL><LI>Max Depth = 8<LI>Call Chain = __aeabi_memcpy
</UL>
<BR>[Called By]<UL><LI><a href="#[1f2]">&gt;&gt;</a>&nbsp;&nbsp;&nbsp;MBlock_Read_SelfAlign
<LI><a href="#[1f4]">&gt;&gt;</a>&nbsp;&nbsp;&nbsp;MBlock_Write_SelfAlign
<LI><a href="#[12e]">&gt;&gt;</a>&nbsp;&nbsp;&nbsp;CAN_Frame_Write
<LI><a href="#[12f]">&gt;&gt;</a>&nbsp;&nbsp;&nbsp;CAN_Frame_Read
<LI><a href="#[142]">&gt;&gt;</a>&nbsp;&nbsp;&nbsp;SNOR_Write
<LI><a href="#[2a0]">&gt;&gt;</a>&nbsp;&nbsp;&nbsp;RB_Write
<LI><a href="#[2a2]">&gt;&gt;</a>&nbsp;&nbsp;&nbsp;RB_Read
<LI><a href="#[2f2]">&gt;&gt;</a>&nbsp;&nbsp;&nbsp;RB_Find_StringCS
<LI><a href="#[254]">&gt;&gt;</a>&nbsp;&nbsp;&nbsp;FM_Anticollision
<LI><a href="#[15f]">&gt;&gt;</a>&nbsp;&nbsp;&nbsp;ESP8266_Get_ServerInfo
<LI><a href="#[37b]">&gt;&gt;</a>&nbsp;&nbsp;&nbsp;internal_alloc
</UL>

<P><STRONG><a name="[293]"></a>__aeabi_memcpy4</STRONG> (Thumb, 0 bytes, Stack size 8 bytes, memmove.o(.text))
<BR><BR>[Stack]<UL><LI>Max Depth = 8<LI>Call Chain = __aeabi_memcpy4
</UL>
<BR>[Called By]<UL><LI><a href="#[23f]">&gt;&gt;</a>&nbsp;&nbsp;&nbsp;FW_UART_Init
<LI><a href="#[290]">&gt;&gt;</a>&nbsp;&nbsp;&nbsp;FW_I2C_Init
<LI><a href="#[2a3]">&gt;&gt;</a>&nbsp;&nbsp;&nbsp;FW_SPI_Init
</UL>

<P><STRONG><a name="[243]"></a>__aeabi_memmove</STRONG> (Thumb, 0 bytes, Stack size 8 bytes, memmove.o(.text))
<BR><BR>[Stack]<UL><LI>Max Depth = 8<LI>Call Chain = __aeabi_memmove
</UL>
<BR>[Called By]<UL><LI><a href="#[239]">&gt;&gt;</a>&nbsp;&nbsp;&nbsp;ESP8266_Read_Inter
</UL>

<P><STRONG><a name="[3b5]"></a>memcpy</STRONG> (Thumb, 0 bytes, Stack size 8 bytes, memmove.o(.text), UNUSED)

<P><STRONG><a name="[3b6]"></a>memmove</STRONG> (Thumb, 0 bytes, Stack size 8 bytes, memmove.o(.text), UNUSED)

<P><STRONG><a name="[1b2]"></a>__aeabi_memset</STRONG> (Thumb, 14 bytes, Stack size 0 bytes, memseta.o(.text))
<BR><BR>[Called By]<UL><LI><a href="#[34f]">&gt;&gt;</a>&nbsp;&nbsp;&nbsp;Test
<LI><a href="#[1b3]">&gt;&gt;</a>&nbsp;&nbsp;&nbsp;memset
<LI><a href="#[1b1]">&gt;&gt;</a>&nbsp;&nbsp;&nbsp;__aeabi_memclr
</UL>

<P><STRONG><a name="[3b7]"></a>__aeabi_memset4</STRONG> (Thumb, 0 bytes, Stack size 0 bytes, memseta.o(.text), UNUSED)

<P><STRONG><a name="[3b8]"></a>__aeabi_memset8</STRONG> (Thumb, 0 bytes, Stack size 0 bytes, memseta.o(.text), UNUSED)

<P><STRONG><a name="[1b1]"></a>__aeabi_memclr</STRONG> (Thumb, 4 bytes, Stack size 0 bytes, memseta.o(.text))
<BR><BR>[Calls]<UL><LI><a href="#[1b2]">&gt;&gt;</a>&nbsp;&nbsp;&nbsp;__aeabi_memset
</UL>
<BR>[Called By]<UL><LI><a href="#[294]">&gt;&gt;</a>&nbsp;&nbsp;&nbsp;SGTR_Config
</UL>

<P><STRONG><a name="[238]"></a>__aeabi_memclr4</STRONG> (Thumb, 0 bytes, Stack size 0 bytes, memseta.o(.text))
<BR><BR>[Called By]<UL><LI><a href="#[292]">&gt;&gt;</a>&nbsp;&nbsp;&nbsp;SGTR_DeInit
<LI><a href="#[294]">&gt;&gt;</a>&nbsp;&nbsp;&nbsp;SGTR_Config
<LI><a href="#[155]">&gt;&gt;</a>&nbsp;&nbsp;&nbsp;ESP8266_Set_Mode
<LI><a href="#[15f]">&gt;&gt;</a>&nbsp;&nbsp;&nbsp;ESP8266_Get_ServerInfo
<LI><a href="#[160]">&gt;&gt;</a>&nbsp;&nbsp;&nbsp;ESP8266_Get_LinkState
<LI><a href="#[18a]">&gt;&gt;</a>&nbsp;&nbsp;&nbsp;SSPI_DeInit
</UL>

<P><STRONG><a name="[3b9]"></a>__aeabi_memclr8</STRONG> (Thumb, 0 bytes, Stack size 0 bytes, memseta.o(.text), UNUSED)

<P><STRONG><a name="[1b3]"></a>memset</STRONG> (Thumb, 18 bytes, Stack size 8 bytes, memseta.o(.text), UNUSED)
<BR><BR>[Calls]<UL><LI><a href="#[1b2]">&gt;&gt;</a>&nbsp;&nbsp;&nbsp;__aeabi_memset
</UL>

<P><STRONG><a name="[246]"></a>strcat</STRONG> (Thumb, 24 bytes, Stack size 0 bytes, strcat.o(.text))
<BR><BR>[Called By]<UL><LI><a href="#[155]">&gt;&gt;</a>&nbsp;&nbsp;&nbsp;ESP8266_Set_Mode
</UL>

<P><STRONG><a name="[232]"></a>strstr</STRONG> (Thumb, 36 bytes, Stack size 12 bytes, strstr.o(.text))
<BR><BR>[Stack]<UL><LI>Max Depth = 12<LI>Call Chain = strstr
</UL>
<BR>[Called By]<UL><LI><a href="#[15f]">&gt;&gt;</a>&nbsp;&nbsp;&nbsp;ESP8266_Get_ServerInfo
<LI><a href="#[15d]">&gt;&gt;</a>&nbsp;&nbsp;&nbsp;ESP8266_Get_APInfo
<LI><a href="#[15a]">&gt;&gt;</a>&nbsp;&nbsp;&nbsp;ESP8266_AP_Link
</UL>

<P><STRONG><a name="[233]"></a>strlen</STRONG> (Thumb, 14 bytes, Stack size 0 bytes, strlen.o(.text))
<BR><BR>[Called By]<UL><LI><a href="#[2b0]">&gt;&gt;</a>&nbsp;&nbsp;&nbsp;RB_String_IsExist
<LI><a href="#[2af]">&gt;&gt;</a>&nbsp;&nbsp;&nbsp;RB_Read_Inter
<LI><a href="#[2ac]">&gt;&gt;</a>&nbsp;&nbsp;&nbsp;RB_Read_Fisrt
<LI><a href="#[2f7]">&gt;&gt;</a>&nbsp;&nbsp;&nbsp;RB_Find_StringCS_RL1
<LI><a href="#[2f2]">&gt;&gt;</a>&nbsp;&nbsp;&nbsp;RB_Find_StringCS
<LI><a href="#[1ee]">&gt;&gt;</a>&nbsp;&nbsp;&nbsp;ESP8266_Write_Cmd
<LI><a href="#[239]">&gt;&gt;</a>&nbsp;&nbsp;&nbsp;ESP8266_Read_Inter
<LI><a href="#[15f]">&gt;&gt;</a>&nbsp;&nbsp;&nbsp;ESP8266_Get_ServerInfo
<LI><a href="#[15d]">&gt;&gt;</a>&nbsp;&nbsp;&nbsp;ESP8266_Get_APInfo
<LI><a href="#[15a]">&gt;&gt;</a>&nbsp;&nbsp;&nbsp;ESP8266_AP_Link
</UL>

<P><STRONG><a name="[23e]"></a>strcmp</STRONG> (Thumb, 28 bytes, Stack size 8 bytes, strcmp.o(.text))
<BR><BR>[Stack]<UL><LI>Max Depth = 8<LI>Call Chain = strcmp
</UL>
<BR>[Called By]<UL><LI><a href="#[15f]">&gt;&gt;</a>&nbsp;&nbsp;&nbsp;ESP8266_Get_ServerInfo
</UL>

<P><STRONG><a name="[237]"></a>strcpy</STRONG> (Thumb, 18 bytes, Stack size 0 bytes, strcpy.o(.text))
<BR><BR>[Called By]<UL><LI><a href="#[15d]">&gt;&gt;</a>&nbsp;&nbsp;&nbsp;ESP8266_Get_APInfo
<LI><a href="#[1c6]">&gt;&gt;</a>&nbsp;&nbsp;&nbsp;FW_Device_PreBind
</UL>

<P><STRONG><a name="[1d6]"></a>strncmp</STRONG> (Thumb, 30 bytes, Stack size 12 bytes, strncmp.o(.text))
<BR><BR>[Stack]<UL><LI>Max Depth = 12<LI>Call Chain = strncmp
</UL>
<BR>[Called By]<UL><LI><a href="#[dd]">&gt;&gt;</a>&nbsp;&nbsp;&nbsp;UART_Init
<LI><a href="#[dc]">&gt;&gt;</a>&nbsp;&nbsp;&nbsp;UART_DeInit
<LI><a href="#[10d]">&gt;&gt;</a>&nbsp;&nbsp;&nbsp;TIM_Timing_Init
<LI><a href="#[10e]">&gt;&gt;</a>&nbsp;&nbsp;&nbsp;TIM_PWM_Init
<LI><a href="#[10f]">&gt;&gt;</a>&nbsp;&nbsp;&nbsp;TIM_Encoder_Init
<LI><a href="#[109]">&gt;&gt;</a>&nbsp;&nbsp;&nbsp;TIM_DeInit
<LI><a href="#[101]">&gt;&gt;</a>&nbsp;&nbsp;&nbsp;ADC_Init
<LI><a href="#[12a]">&gt;&gt;</a>&nbsp;&nbsp;&nbsp;CAN_Init
<LI><a href="#[129]">&gt;&gt;</a>&nbsp;&nbsp;&nbsp;CAN_DeInit
<LI><a href="#[21f]">&gt;&gt;</a>&nbsp;&nbsp;&nbsp;FW_Device_Find
<LI><a href="#[123]">&gt;&gt;</a>&nbsp;&nbsp;&nbsp;DAC_Init
<LI><a href="#[122]">&gt;&gt;</a>&nbsp;&nbsp;&nbsp;DAC_DeInit
<LI><a href="#[118]">&gt;&gt;</a>&nbsp;&nbsp;&nbsp;SPI_Init
<LI><a href="#[117]">&gt;&gt;</a>&nbsp;&nbsp;&nbsp;SPI_DeInit
<LI><a href="#[253]">&gt;&gt;</a>&nbsp;&nbsp;&nbsp;FW_Driver_Find
<LI><a href="#[1c6]">&gt;&gt;</a>&nbsp;&nbsp;&nbsp;FW_Device_PreBind
</UL>

<P><STRONG><a name="[236]"></a>strtok</STRONG> (Thumb, 62 bytes, Stack size 16 bytes, strtok.o(.text))
<BR><BR>[Stack]<UL><LI>Max Depth = 16<LI>Call Chain = strtok
</UL>
<BR>[Called By]<UL><LI><a href="#[15f]">&gt;&gt;</a>&nbsp;&nbsp;&nbsp;ESP8266_Get_ServerInfo
<LI><a href="#[15d]">&gt;&gt;</a>&nbsp;&nbsp;&nbsp;ESP8266_Get_APInfo
</UL>

<P><STRONG><a name="[1b4]"></a>atoi</STRONG> (Thumb, 26 bytes, Stack size 16 bytes, atoi.o(.text))
<BR><BR>[Stack]<UL><LI>Max Depth = 88<LI>Call Chain = atoi &rArr; strtol &rArr; _strtoul
</UL>
<BR>[Calls]<UL><LI><a href="#[1b6]">&gt;&gt;</a>&nbsp;&nbsp;&nbsp;strtol
<LI><a href="#[1b5]">&gt;&gt;</a>&nbsp;&nbsp;&nbsp;__aeabi_errno_addr
</UL>
<BR>[Called By]<UL><LI><a href="#[163]">&gt;&gt;</a>&nbsp;&nbsp;&nbsp;ESP8266_Read
<LI><a href="#[15d]">&gt;&gt;</a>&nbsp;&nbsp;&nbsp;ESP8266_Get_APInfo
</UL>

<P><STRONG><a name="[1b7]"></a>__aeabi_dadd</STRONG> (Thumb, 322 bytes, Stack size 48 bytes, dadd.o(.text), UNUSED)
<BR><BR>[Calls]<UL><LI><a href="#[1b8]">&gt;&gt;</a>&nbsp;&nbsp;&nbsp;__aeabi_lasr
<LI><a href="#[1b0]">&gt;&gt;</a>&nbsp;&nbsp;&nbsp;__aeabi_llsl
<LI><a href="#[1ba]">&gt;&gt;</a>&nbsp;&nbsp;&nbsp;_double_round
<LI><a href="#[1b9]">&gt;&gt;</a>&nbsp;&nbsp;&nbsp;_double_epilogue
</UL>
<BR>[Called By]<UL><LI><a href="#[1bb]">&gt;&gt;</a>&nbsp;&nbsp;&nbsp;__aeabi_dsub
<LI><a href="#[1bc]">&gt;&gt;</a>&nbsp;&nbsp;&nbsp;__aeabi_drsub
<LI><a href="#[37c]">&gt;&gt;</a>&nbsp;&nbsp;&nbsp;_fp_digits
</UL>

<P><STRONG><a name="[1bb]"></a>__aeabi_dsub</STRONG> (Thumb, 6 bytes, Stack size 0 bytes, dadd.o(.text), UNUSED)
<BR><BR>[Calls]<UL><LI><a href="#[1b7]">&gt;&gt;</a>&nbsp;&nbsp;&nbsp;__aeabi_dadd
</UL>

<P><STRONG><a name="[1bc]"></a>__aeabi_drsub</STRONG> (Thumb, 6 bytes, Stack size 0 bytes, dadd.o(.text), UNUSED)
<BR><BR>[Calls]<UL><LI><a href="#[1b7]">&gt;&gt;</a>&nbsp;&nbsp;&nbsp;__aeabi_dadd
</UL>

<P><STRONG><a name="[1bd]"></a>__aeabi_dmul</STRONG> (Thumb, 228 bytes, Stack size 48 bytes, dmul.o(.text), UNUSED)
<BR><BR>[Calls]<UL><LI><a href="#[1b9]">&gt;&gt;</a>&nbsp;&nbsp;&nbsp;_double_epilogue
</UL>
<BR>[Called By]<UL><LI><a href="#[37c]">&gt;&gt;</a>&nbsp;&nbsp;&nbsp;_fp_digits
</UL>

<P><STRONG><a name="[37d]"></a>__aeabi_cdrcmple</STRONG> (Thumb, 48 bytes, Stack size 0 bytes, cdrcmple.o(.text), UNUSED)
<BR><BR>[Called By]<UL><LI><a href="#[37c]">&gt;&gt;</a>&nbsp;&nbsp;&nbsp;_fp_digits
</UL>

<P><STRONG><a name="[3ba]"></a>__aeabi_uidiv</STRONG> (Thumb, 0 bytes, Stack size 12 bytes, uidiv.o(.text), UNUSED)

<P><STRONG><a name="[380]"></a>__aeabi_uidivmod</STRONG> (Thumb, 44 bytes, Stack size 12 bytes, uidiv.o(.text), UNUSED)
<BR><BR>[Called By]<UL><LI><a href="#[37a]">&gt;&gt;</a>&nbsp;&nbsp;&nbsp;_printf_core
</UL>

<P><STRONG><a name="[1b0]"></a>__aeabi_llsl</STRONG> (Thumb, 30 bytes, Stack size 0 bytes, llshl.o(.text), UNUSED)
<BR><BR>[Called By]<UL><LI><a href="#[1b7]">&gt;&gt;</a>&nbsp;&nbsp;&nbsp;__aeabi_dadd
<LI><a href="#[1ae]">&gt;&gt;</a>&nbsp;&nbsp;&nbsp;__aeabi_uldivmod
<LI><a href="#[1b9]">&gt;&gt;</a>&nbsp;&nbsp;&nbsp;_double_epilogue
<LI><a href="#[1c1]">&gt;&gt;</a>&nbsp;&nbsp;&nbsp;__aeabi_d2ulz
</UL>

<P><STRONG><a name="[3bb]"></a>_ll_shift_l</STRONG> (Thumb, 0 bytes, Stack size 0 bytes, llshl.o(.text), UNUSED)

<P><STRONG><a name="[1af]"></a>__aeabi_llsr</STRONG> (Thumb, 32 bytes, Stack size 0 bytes, llushr.o(.text), UNUSED)
<BR><BR>[Called By]<UL><LI><a href="#[1ae]">&gt;&gt;</a>&nbsp;&nbsp;&nbsp;__aeabi_uldivmod
<LI><a href="#[1b9]">&gt;&gt;</a>&nbsp;&nbsp;&nbsp;_double_epilogue
<LI><a href="#[1c1]">&gt;&gt;</a>&nbsp;&nbsp;&nbsp;__aeabi_d2ulz
</UL>

<P><STRONG><a name="[3bc]"></a>_ll_ushift_r</STRONG> (Thumb, 0 bytes, Stack size 0 bytes, llushr.o(.text), UNUSED)

<P><STRONG><a name="[1b8]"></a>__aeabi_lasr</STRONG> (Thumb, 36 bytes, Stack size 0 bytes, llsshr.o(.text), UNUSED)
<BR><BR>[Called By]<UL><LI><a href="#[1b7]">&gt;&gt;</a>&nbsp;&nbsp;&nbsp;__aeabi_dadd
</UL>

<P><STRONG><a name="[3bd]"></a>_ll_sshift_r</STRONG> (Thumb, 0 bytes, Stack size 0 bytes, llsshr.o(.text), UNUSED)

<P><STRONG><a name="[1b6]"></a>strtol</STRONG> (Thumb, 112 bytes, Stack size 32 bytes, strtol.o(.text))
<BR><BR>[Stack]<UL><LI>Max Depth = 72<LI>Call Chain = strtol &rArr; _strtoul
</UL>
<BR>[Calls]<UL><LI><a href="#[1be]">&gt;&gt;</a>&nbsp;&nbsp;&nbsp;__rt_ctype_table
<LI><a href="#[1bf]">&gt;&gt;</a>&nbsp;&nbsp;&nbsp;_strtoul
<LI><a href="#[1b5]">&gt;&gt;</a>&nbsp;&nbsp;&nbsp;__aeabi_errno_addr
</UL>
<BR>[Called By]<UL><LI><a href="#[1b4]">&gt;&gt;</a>&nbsp;&nbsp;&nbsp;atoi
</UL>

<P><STRONG><a name="[3be]"></a>__I$use$fp</STRONG> (Thumb, 0 bytes, Stack size 8 bytes, iusefp.o(.text), UNUSED)

<P><STRONG><a name="[1ba]"></a>_double_round</STRONG> (Thumb, 30 bytes, Stack size 8 bytes, depilogue.o(.text), UNUSED)
<BR><BR>[Called By]<UL><LI><a href="#[1b7]">&gt;&gt;</a>&nbsp;&nbsp;&nbsp;__aeabi_dadd
<LI><a href="#[1b9]">&gt;&gt;</a>&nbsp;&nbsp;&nbsp;_double_epilogue
<LI><a href="#[1c0]">&gt;&gt;</a>&nbsp;&nbsp;&nbsp;__aeabi_ddiv
</UL>

<P><STRONG><a name="[1b9]"></a>_double_epilogue</STRONG> (Thumb, 156 bytes, Stack size 32 bytes, depilogue.o(.text), UNUSED)
<BR><BR>[Calls]<UL><LI><a href="#[1af]">&gt;&gt;</a>&nbsp;&nbsp;&nbsp;__aeabi_llsr
<LI><a href="#[1b0]">&gt;&gt;</a>&nbsp;&nbsp;&nbsp;__aeabi_llsl
<LI><a href="#[1ba]">&gt;&gt;</a>&nbsp;&nbsp;&nbsp;_double_round
</UL>
<BR>[Called By]<UL><LI><a href="#[1b7]">&gt;&gt;</a>&nbsp;&nbsp;&nbsp;__aeabi_dadd
<LI><a href="#[1bd]">&gt;&gt;</a>&nbsp;&nbsp;&nbsp;__aeabi_dmul
</UL>

<P><STRONG><a name="[1c0]"></a>__aeabi_ddiv</STRONG> (Thumb, 222 bytes, Stack size 32 bytes, ddiv.o(.text), UNUSED)
<BR><BR>[Calls]<UL><LI><a href="#[1ba]">&gt;&gt;</a>&nbsp;&nbsp;&nbsp;_double_round
</UL>
<BR>[Called By]<UL><LI><a href="#[37c]">&gt;&gt;</a>&nbsp;&nbsp;&nbsp;_fp_digits
</UL>

<P><STRONG><a name="[1c1]"></a>__aeabi_d2ulz</STRONG> (Thumb, 48 bytes, Stack size 0 bytes, dfixul.o(.text), UNUSED)
<BR><BR>[Calls]<UL><LI><a href="#[1af]">&gt;&gt;</a>&nbsp;&nbsp;&nbsp;__aeabi_llsr
<LI><a href="#[1b0]">&gt;&gt;</a>&nbsp;&nbsp;&nbsp;__aeabi_llsl
</UL>
<BR>[Called By]<UL><LI><a href="#[37c]">&gt;&gt;</a>&nbsp;&nbsp;&nbsp;_fp_digits
</UL>

<P><STRONG><a name="[1ad]"></a>__scatterload</STRONG> (Thumb, 28 bytes, Stack size 0 bytes, init.o(.text))
<BR><BR>[Calls]<UL><LI><a href="#[1c2]">&gt;&gt;</a>&nbsp;&nbsp;&nbsp;__main_after_scatterload
</UL>
<BR>[Called By]<UL><LI><a href="#[1ac]">&gt;&gt;</a>&nbsp;&nbsp;&nbsp;_main_scatterload
</UL>

<P><STRONG><a name="[3bf]"></a>__scatterload_rt2</STRONG> (Thumb, 0 bytes, Stack size 0 bytes, init.o(.text), UNUSED)

<P><STRONG><a name="[1c3]"></a>_chval</STRONG> (Thumb, 28 bytes, Stack size 0 bytes, _chval.o(.text))
<BR><BR>[Called By]<UL><LI><a href="#[1bf]">&gt;&gt;</a>&nbsp;&nbsp;&nbsp;_strtoul
</UL>

<P><STRONG><a name="[1bf]"></a>_strtoul</STRONG> (Thumb, 158 bytes, Stack size 40 bytes, _strtoul.o(.text))
<BR><BR>[Stack]<UL><LI>Max Depth = 40<LI>Call Chain = _strtoul
</UL>
<BR>[Calls]<UL><LI><a href="#[1c3]">&gt;&gt;</a>&nbsp;&nbsp;&nbsp;_chval
<LI><a href="#[1b5]">&gt;&gt;</a>&nbsp;&nbsp;&nbsp;__aeabi_errno_addr
</UL>
<BR>[Called By]<UL><LI><a href="#[1b6]">&gt;&gt;</a>&nbsp;&nbsp;&nbsp;strtol
</UL>

<P><STRONG><a name="[3c0]"></a>__decompress</STRONG> (Thumb, 0 bytes, Stack size unknown bytes, __dczerorl2.o(.text), UNUSED)

<P><STRONG><a name="[3c1]"></a>__decompress1</STRONG> (Thumb, 86 bytes, Stack size unknown bytes, __dczerorl2.o(.text), UNUSED)

<P><STRONG><a name="[5d]"></a>main</STRONG> (Thumb, 98 bytes, Stack size 16 bytes, fw_startup.o(i.$Sub$$main))
<BR><BR>[Stack]<UL><LI>Max Depth = 76<LI>Call Chain = main &rArr; FW_Delay_Init &rArr; FW_Driver_Find &rArr; strncmp
</UL>
<BR>[Calls]<UL><LI><a href="#[1c4]">&gt;&gt;</a>&nbsp;&nbsp;&nbsp;FW_System_Init
<LI><a href="#[1c5]">&gt;&gt;</a>&nbsp;&nbsp;&nbsp;FW_Delay_Init
<LI><a href="#[1c8]">&gt;&gt;</a>&nbsp;&nbsp;&nbsp;$Super$$main
<LI><a href="#[1c7]">&gt;&gt;</a>&nbsp;&nbsp;&nbsp;FW_Device_PreInit
<LI><a href="#[1c6]">&gt;&gt;</a>&nbsp;&nbsp;&nbsp;FW_Device_PreBind
</UL>
<BR>[Address Reference Count : 1]<UL><LI> entry9a.o(.ARM.Collect$$$$0000000B)
</UL>
<P><STRONG><a name="[33]"></a>ADC0_1_IRQHandler</STRONG> (Thumb, 14 bytes, Stack size 8 bytes, ll_adc.o(i.ADC0_1_IRQHandler))
<BR><BR>[Stack]<UL><LI>Max Depth = 16<LI>Call Chain = ADC0_1_IRQHandler &rArr; FW_ADC_Bus_IH
</UL>
<BR>[Calls]<UL><LI><a href="#[1c9]">&gt;&gt;</a>&nbsp;&nbsp;&nbsp;FW_ADC_Bus_IH
</UL>
<BR>[Address Reference Count : 1]<UL><LI> startup_gd32f30x_hd.o(RESET)
</UL>
<P><STRONG><a name="[50]"></a>ADC2_IRQHandler</STRONG> (Thumb, 2 bytes, Stack size 0 bytes, ll_adc.o(i.ADC2_IRQHandler))
<BR>[Address Reference Count : 1]<UL><LI> startup_gd32f30x_hd.o(RESET)
</UL>
<P><STRONG><a name="[1b]"></a>BusFault_Handler</STRONG> (Thumb, 4 bytes, Stack size 0 bytes, gd32f30x_it.o(i.BusFault_Handler))
<BR>[Address Reference Count : 1]<UL><LI> startup_gd32f30x_hd.o(RESET)
</UL>
<P><STRONG><a name="[1e]"></a>DebugMon_Handler</STRONG> (Thumb, 2 bytes, Stack size 0 bytes, gd32f30x_it.o(i.DebugMon_Handler))
<BR>[Address Reference Count : 1]<UL><LI> startup_gd32f30x_hd.o(RESET)
</UL>
<P><STRONG><a name="[27]"></a>EXTI0_IRQHandler</STRONG> (Thumb, 20 bytes, Stack size 8 bytes, ll_exti.o(i.EXTI0_IRQHandler))
<BR><BR>[Stack]<UL><LI>Max Depth = 48<LI>Call Chain = EXTI0_IRQHandler &rArr; EXTI_IRQHandler &rArr; FW_EXTI_IH_ISR
</UL>
<BR>[Calls]<UL><LI><a href="#[24a]">&gt;&gt;</a>&nbsp;&nbsp;&nbsp;EXTI_IRQHandler
</UL>
<BR>[Address Reference Count : 1]<UL><LI> startup_gd32f30x_hd.o(RESET)
</UL>
<P><STRONG><a name="[49]"></a>EXTI10_15_IRQHandler</STRONG> (Thumb, 90 bytes, Stack size 8 bytes, ll_exti.o(i.EXTI10_15_IRQHandler))
<BR><BR>[Stack]<UL><LI>Max Depth = 48<LI>Call Chain = EXTI10_15_IRQHandler &rArr; EXTI_IRQHandler &rArr; FW_EXTI_IH_ISR
</UL>
<BR>[Calls]<UL><LI><a href="#[24a]">&gt;&gt;</a>&nbsp;&nbsp;&nbsp;EXTI_IRQHandler
</UL>
<BR>[Address Reference Count : 1]<UL><LI> startup_gd32f30x_hd.o(RESET)
</UL>
<P><STRONG><a name="[28]"></a>EXTI1_IRQHandler</STRONG> (Thumb, 20 bytes, Stack size 8 bytes, ll_exti.o(i.EXTI1_IRQHandler))
<BR><BR>[Stack]<UL><LI>Max Depth = 48<LI>Call Chain = EXTI1_IRQHandler &rArr; EXTI_IRQHandler &rArr; FW_EXTI_IH_ISR
</UL>
<BR>[Calls]<UL><LI><a href="#[24a]">&gt;&gt;</a>&nbsp;&nbsp;&nbsp;EXTI_IRQHandler
</UL>
<BR>[Address Reference Count : 1]<UL><LI> startup_gd32f30x_hd.o(RESET)
</UL>
<P><STRONG><a name="[29]"></a>EXTI2_IRQHandler</STRONG> (Thumb, 20 bytes, Stack size 8 bytes, ll_exti.o(i.EXTI2_IRQHandler))
<BR><BR>[Stack]<UL><LI>Max Depth = 48<LI>Call Chain = EXTI2_IRQHandler &rArr; EXTI_IRQHandler &rArr; FW_EXTI_IH_ISR
</UL>
<BR>[Calls]<UL><LI><a href="#[24a]">&gt;&gt;</a>&nbsp;&nbsp;&nbsp;EXTI_IRQHandler
</UL>
<BR>[Address Reference Count : 1]<UL><LI> startup_gd32f30x_hd.o(RESET)
</UL>
<P><STRONG><a name="[2a]"></a>EXTI3_IRQHandler</STRONG> (Thumb, 20 bytes, Stack size 8 bytes, ll_exti.o(i.EXTI3_IRQHandler))
<BR><BR>[Stack]<UL><LI>Max Depth = 48<LI>Call Chain = EXTI3_IRQHandler &rArr; EXTI_IRQHandler &rArr; FW_EXTI_IH_ISR
</UL>
<BR>[Calls]<UL><LI><a href="#[24a]">&gt;&gt;</a>&nbsp;&nbsp;&nbsp;EXTI_IRQHandler
</UL>
<BR>[Address Reference Count : 1]<UL><LI> startup_gd32f30x_hd.o(RESET)
</UL>
<P><STRONG><a name="[2b]"></a>EXTI4_IRQHandler</STRONG> (Thumb, 20 bytes, Stack size 8 bytes, ll_exti.o(i.EXTI4_IRQHandler))
<BR><BR>[Stack]<UL><LI>Max Depth = 48<LI>Call Chain = EXTI4_IRQHandler &rArr; EXTI_IRQHandler &rArr; FW_EXTI_IH_ISR
</UL>
<BR>[Calls]<UL><LI><a href="#[24a]">&gt;&gt;</a>&nbsp;&nbsp;&nbsp;EXTI_IRQHandler
</UL>
<BR>[Address Reference Count : 1]<UL><LI> startup_gd32f30x_hd.o(RESET)
</UL>
<P><STRONG><a name="[38]"></a>EXTI5_9_IRQHandler</STRONG> (Thumb, 76 bytes, Stack size 8 bytes, ll_exti.o(i.EXTI5_9_IRQHandler))
<BR><BR>[Stack]<UL><LI>Max Depth = 48<LI>Call Chain = EXTI5_9_IRQHandler &rArr; EXTI_IRQHandler &rArr; FW_EXTI_IH_ISR
</UL>
<BR>[Calls]<UL><LI><a href="#[24a]">&gt;&gt;</a>&nbsp;&nbsp;&nbsp;EXTI_IRQHandler
</UL>
<BR>[Address Reference Count : 1]<UL><LI> startup_gd32f30x_hd.o(RESET)
</UL>
<P><STRONG><a name="[1d5]"></a>FW_ADC_Bus_GetChannelNum</STRONG> (Thumb, 10 bytes, Stack size 0 bytes, fw_adc.o(i.FW_ADC_Bus_GetChannelNum))
<BR><BR>[Called By]<UL><LI><a href="#[101]">&gt;&gt;</a>&nbsp;&nbsp;&nbsp;ADC_Init
</UL>

<P><STRONG><a name="[1eb]"></a>FW_ADC_Bus_GetFS</STRONG> (Thumb, 16 bytes, Stack size 0 bytes, fw_adc.o(i.FW_ADC_Bus_GetFS))
<BR><BR>[Called By]<UL><LI><a href="#[105]">&gt;&gt;</a>&nbsp;&nbsp;&nbsp;ADC_VrefFormula
<LI><a href="#[106]">&gt;&gt;</a>&nbsp;&nbsp;&nbsp;ADC_TempFormula
[...]
</UL>

<P><STRONG><a name="[297]"></a>SI2C_Start</STRONG> (Thumb, 58 bytes, Stack size 8 bytes, fw_si2c.o(i.SI2C_Start))
<BR><BR>[Stack]<UL><LI>Max Depth = 64<LI>Call Chain = SI2C_Start &rArr; SDA_OUT &rArr; FW_GPIO_Write &rArr; GPIO_PinWrite
</UL>
<BR>[Calls]<UL><LI><a href="#[268]">&gt;&gt;</a>&nbsp;&nbsp;&nbsp;FW_Delay_Us
<LI><a href="#[29d]">&gt;&gt;</a>&nbsp;&nbsp;&nbsp;SDA_OUT
<LI><a href="#[29c]">&gt;&gt;</a>&nbsp;&nbsp;&nbsp;SCL_OUT
</UL>
<BR>[Called By]<UL><LI><a href="#[190]">&gt;&gt;</a>&nbsp;&nbsp;&nbsp;FW_SI2C_Write
<LI><a href="#[191]">&gt;&gt;</a>&nbsp;&nbsp;&nbsp;FW_SI2C_Read
</UL>

<P><STRONG><a name="[29e]"></a>SI2C_Stop</STRONG> (Thumb, 58 bytes, Stack size 8 bytes, fw_si2c.o(i.SI2C_Stop))
<BR><BR>[Stack]<UL><LI>Max Depth = 64<LI>Call Chain = SI2C_Stop &rArr; SDA_OUT &rArr; FW_GPIO_Write &rArr; GPIO_PinWrite
</UL>
<BR>[Calls]<UL><LI><a href="#[268]">&gt;&gt;</a>&nbsp;&nbsp;&nbsp;FW_Delay_Us
<LI><a href="#[29d]">&gt;&gt;</a>&nbsp;&nbsp;&nbsp;SDA_OUT
<LI><a href="#[29c]">&gt;&gt;</a>&nbsp;&nbsp;&nbsp;SCL_OUT
</UL>
<BR>[Called By]<UL><LI><a href="#[190]">&gt;&gt;</a>&nbsp;&nbsp;&nbsp;FW_SI2C_Write
<LI><a href="#[191]">&gt;&gt;</a>&nbsp;&nbsp;&nbsp;FW_SI2C_Read
</UL>

<P><STRONG><a name="[299]"></a>SI2C_Write_Byte</STRONG> (Thumb, 178 bytes, Stack size 16 bytes, fw_si2c.o(i.SI2C_Write_Byte))
<BR><BR>[Stack]<UL><LI>Max Depth = 72<LI>Call Chain = SI2C_Write_Byte &rArr; SDA_OUT &rArr; FW_GPIO_Write &rArr; GPIO_PinWrite
</UL>
<BR>[Calls]<UL><LI><a href="#[268]">&gt;&gt;</a>&nbsp;&nbsp;&nbsp;FW_Delay_Us
<LI><a href="#[29d]">&gt;&gt;</a>&nbsp;&nbsp;&nbsp;SDA_OUT
<LI><a href="#[29c]">&gt;&gt;</a>&nbsp;&nbsp;&nbsp;SCL_OUT
</UL>
<BR>[Called By]<UL><LI><a href="#[190]">&gt;&gt;</a>&nbsp;&nbsp;&nbsp;FW_SI2C_Write
<LI><a href="#[191]">&gt;&gt;</a>&nbsp;&nbsp;&nbsp;FW_SI2C_Read
</UL>

<P><STRONG><a name="[2a7]"></a>FW_Device_GetDriver</STRONG> (Thumb, 6 bytes, Stack size 0 bytes, fw_timer.o(i.FW_Device_GetDriver))
<BR><BR>[Called By]<UL><LI><a href="#[224]">&gt;&gt;</a>&nbsp;&nbsp;&nbsp;FW_TIM_SetFrequency
<LI><a href="#[220]">&gt;&gt;</a>&nbsp;&nbsp;&nbsp;FW_TIM_Init
<LI><a href="#[225]">&gt;&gt;</a>&nbsp;&nbsp;&nbsp;FW_TIM_CTL
<LI><a href="#[2a8]">&gt;&gt;</a>&nbsp;&nbsp;&nbsp;FW_TIM_GetClock
<LI><a href="#[193]">&gt;&gt;</a>&nbsp;&nbsp;&nbsp;PWM_Set_Frequency
<LI><a href="#[195]">&gt;&gt;</a>&nbsp;&nbsp;&nbsp;PWM_Set_DC
<LI><a href="#[192]">&gt;&gt;</a>&nbsp;&nbsp;&nbsp;PWM_Init
<LI><a href="#[194]">&gt;&gt;</a>&nbsp;&nbsp;&nbsp;PWM_Get_Frequency
<LI><a href="#[196]">&gt;&gt;</a>&nbsp;&nbsp;&nbsp;PWM_Get_DC
<LI><a href="#[197]">&gt;&gt;</a>&nbsp;&nbsp;&nbsp;PWM_CTL
</UL>

<P><STRONG><a name="[2e7]"></a>FW_Device_GetParent</STRONG> (Thumb, 6 bytes, Stack size 0 bytes, fw_timer.o(i.FW_Device_GetParent))
<BR><BR>[Called By]<UL><LI><a href="#[193]">&gt;&gt;</a>&nbsp;&nbsp;&nbsp;PWM_Set_Frequency
<LI><a href="#[195]">&gt;&gt;</a>&nbsp;&nbsp;&nbsp;PWM_Set_DC
<LI><a href="#[192]">&gt;&gt;</a>&nbsp;&nbsp;&nbsp;PWM_Init
<LI><a href="#[194]">&gt;&gt;</a>&nbsp;&nbsp;&nbsp;PWM_Get_Frequency
<LI><a href="#[196]">&gt;&gt;</a>&nbsp;&nbsp;&nbsp;PWM_Get_DC
<LI><a href="#[197]">&gt;&gt;</a>&nbsp;&nbsp;&nbsp;PWM_CTL
</UL>

<P><STRONG><a name="[197]"></a>PWM_CTL</STRONG> (Thumb, 40 bytes, Stack size 24 bytes, fw_timer.o(i.PWM_CTL))
<BR><BR>[Stack]<UL><LI>Max Depth = 24<LI>Call Chain = PWM_CTL
</UL>
<BR>[Calls]<UL><LI><a href="#[2e7]">&gt;&gt;</a>&nbsp;&nbsp;&nbsp;FW_Device_GetParent
<LI><a href="#[2a7]">&gt;&gt;</a>&nbsp;&nbsp;&nbsp;FW_Device_GetDriver
</UL>
<BR>[Address Reference Count : 1]<UL><LI> fw_timer.o(.constdata)
</UL>
<P><STRONG><a name="[196]"></a>PWM_Get_DC</STRONG> (Thumb, 32 bytes, Stack size 16 bytes, fw_timer.o(i.PWM_Get_DC))
<BR><BR>[Stack]<UL><LI>Max Depth = 16<LI>Call Chain = PWM_Get_DC
</UL>
<BR>[Calls]<UL><LI><a href="#[2e7]">&gt;&gt;</a>&nbsp;&nbsp;&nbsp;FW_Device_GetParent
<LI><a href="#[2a7]">&gt;&gt;</a>&nbsp;&nbsp;&nbsp;FW_Device_GetDriver
</UL>
<BR>[Address Reference Count : 1]<UL><LI> fw_timer.o(.constdata)
</UL>
<P><STRONG><a name="[194]"></a>PWM_Get_Frequency</STRONG> (Thumb, 28 bytes, Stack size 16 bytes, fw_timer.o(i.PWM_Get_Frequency))
<BR><BR>[Stack]<UL><LI>Max Depth = 16<LI>Call Chain = PWM_Get_Frequency
</UL>
<BR>[Calls]<UL><LI><a href="#[2e7]">&gt;&gt;</a>&nbsp;&nbsp;&nbsp;FW_Device_GetParent
<LI><a href="#[2a7]">&gt;&gt;</a>&nbsp;&nbsp;&nbsp;FW_Device_GetDriver
</UL>
<BR>[Address Reference Count : 1]<UL><LI> fw_timer.o(.constdata)
</UL>
<P><STRONG><a name="[192]"></a>PWM_Init</STRONG> (Thumb, 32 bytes, Stack size 16 bytes, fw_timer.o(i.PWM_Init))
<BR><BR>[Stack]<UL><LI>Max Depth = 16<LI>Call Chain = PWM_Init
</UL>
<BR>[Calls]<UL><LI><a href="#[2e7]">&gt;&gt;</a>&nbsp;&nbsp;&nbsp;FW_Device_GetParent
<LI><a href="#[2a7]">&gt;&gt;</a>&nbsp;&nbsp;&nbsp;FW_Device_GetDriver
</UL>
<BR>[Address Reference Count : 1]<UL><LI> fw_timer.o(.constdata)
</UL>
<P><STRONG><a name="[195]"></a>PWM_Set_DC</STRONG> (Thumb, 50 bytes, Stack size 24 bytes, fw_timer.o(i.PWM_Set_DC))
<BR><BR>[Stack]<UL><LI>Max Depth = 24<LI>Call Chain = PWM_Set_DC
</UL>
<BR>[Calls]<UL><LI><a href="#[2e7]">&gt;&gt;</a>&nbsp;&nbsp;&nbsp;FW_Device_GetParent
<LI><a href="#[2a7]">&gt;&gt;</a>&nbsp;&nbsp;&nbsp;FW_Device_GetDriver
</UL>
<BR>[Address Reference Count : 1]<UL><LI> fw_timer.o(.constdata)
</UL>
<P><STRONG><a name="[193]"></a>PWM_Set_Frequency</STRONG> (Thumb, 44 bytes, Stack size 24 bytes, fw_timer.o(i.PWM_Set_Frequency))
<BR><BR>[Stack]<UL><LI>Max Depth = 24<LI>Call Chain = PWM_Set_Frequency
</UL>
<BR>[Calls]<UL><LI><a href="#[2e7]">&gt;&gt;</a>&nbsp;&nbsp;&nbsp;FW_Device_GetParent
<LI><a href="#[2a7]">&gt;&gt;</a>&nbsp;&nbsp;&nbsp;FW_Device_GetDriver
</UL>
<BR>[Address Reference Count : 1]<UL><LI> fw_timer.o(.constdata)
</UL>
<P><STRONG><a name="[27c]"></a>FW_GPIO_Init</STRONG> (Thumb, 22 bytes, Stack size 16 bytes, fw_ow.o(i.FW_GPIO_Init))
<BR><BR>[Stack]<UL><LI>Max Depth = 40<LI>Call Chain = FW_GPIO_Init &rArr; GPIO_PinInit
</UL>
<BR>[Calls]<UL><LI><a href="#[20b]">&gt;&gt;</a>&nbsp;&nbsp;&nbsp;GPIO_PinInit
</UL>
<BR>[Called By]<UL><LI><a href="#[229]">&gt;&gt;</a>&nbsp;&nbsp;&nbsp;FW_OW_WaitACK
<LI><a href="#[228]">&gt;&gt;</a>&nbsp;&nbsp;&nbsp;FW_OW_Reset
<LI><a href="#[22c]">&gt;&gt;</a>&nbsp;&nbsp;&nbsp;FW_OW_Init
<LI><a href="#[296]">&gt;&gt;</a>&nbsp;&nbsp;&nbsp;FW_OW_WriteByte
<LI><a href="#[295]">&gt;&gt;</a>&nbsp;&nbsp;&nbsp;FW_OW_ReadByte
</UL>

<P><STRONG><a name="[282]"></a>FW_GPIO_Read</STRONG> (Thumb, 14 bytes, Stack size 8 bytes, fw_ow.o(i.FW_GPIO_Read))
<BR><BR>[Stack]<UL><LI>Max Depth = 24<LI>Call Chain = FW_GPIO_Read &rArr; GPIO_PinRead
</UL>
<BR>[Calls]<UL><LI><a href="#[27e]">&gt;&gt;</a>&nbsp;&nbsp;&nbsp;GPIO_PinRead
</UL>
<BR>[Called By]<UL><LI><a href="#[229]">&gt;&gt;</a>&nbsp;&nbsp;&nbsp;FW_OW_WaitACK
<LI><a href="#[22c]">&gt;&gt;</a>&nbsp;&nbsp;&nbsp;FW_OW_Init
<LI><a href="#[295]">&gt;&gt;</a>&nbsp;&nbsp;&nbsp;FW_OW_ReadByte
</UL>

<P><STRONG><a name="[28f]"></a>FW_GPIO_Write</STRONG> (Thumb, 18 bytes, Stack size 16 bytes, fw_ow.o(i.FW_GPIO_Write))
<BR><BR>[Stack]<UL><LI>Max Depth = 40<LI>Call Chain = FW_GPIO_Write &rArr; GPIO_PinWrite
</UL>
<BR>[Calls]<UL><LI><a href="#[285]">&gt;&gt;</a>&nbsp;&nbsp;&nbsp;GPIO_PinWrite
</UL>
<BR>[Called By]<UL><LI><a href="#[228]">&gt;&gt;</a>&nbsp;&nbsp;&nbsp;FW_OW_Reset
<LI><a href="#[22c]">&gt;&gt;</a>&nbsp;&nbsp;&nbsp;FW_OW_Init
<LI><a href="#[296]">&gt;&gt;</a>&nbsp;&nbsp;&nbsp;FW_OW_WriteByte
<LI><a href="#[295]">&gt;&gt;</a>&nbsp;&nbsp;&nbsp;FW_OW_ReadByte
</UL>

<P><STRONG><a name="[295]"></a>FW_OW_ReadByte</STRONG> (Thumb, 100 bytes, Stack size 24 bytes, fw_ow.o(i.FW_OW_ReadByte))
<BR><BR>[Stack]<UL><LI>Max Depth = 64<LI>Call Chain = FW_OW_ReadByte &rArr; FW_GPIO_Write &rArr; GPIO_PinWrite
</UL>
<BR>[Calls]<UL><LI><a href="#[268]">&gt;&gt;</a>&nbsp;&nbsp;&nbsp;FW_Delay_Us
<LI><a href="#[28f]">&gt;&gt;</a>&nbsp;&nbsp;&nbsp;FW_GPIO_Write
<LI><a href="#[282]">&gt;&gt;</a>&nbsp;&nbsp;&nbsp;FW_GPIO_Read
<LI><a href="#[27c]">&gt;&gt;</a>&nbsp;&nbsp;&nbsp;FW_GPIO_Init
</UL>
<BR>[Called By]<UL><LI><a href="#[22d]">&gt;&gt;</a>&nbsp;&nbsp;&nbsp;FW_OW_Read
</UL>

<P><STRONG><a name="[296]"></a>FW_OW_WriteByte</STRONG> (Thumb, 114 bytes, Stack size 24 bytes, fw_ow.o(i.FW_OW_WriteByte))
<BR><BR>[Stack]<UL><LI>Max Depth = 64<LI>Call Chain = FW_OW_WriteByte &rArr; FW_GPIO_Write &rArr; GPIO_PinWrite
</UL>
<BR>[Calls]<UL><LI><a href="#[268]">&gt;&gt;</a>&nbsp;&nbsp;&nbsp;FW_Delay_Us
<LI><a href="#[28f]">&gt;&gt;</a>&nbsp;&nbsp;&nbsp;FW_GPIO_Write
<LI><a href="#[27c]">&gt;&gt;</a>&nbsp;&nbsp;&nbsp;FW_GPIO_Init
</UL>
<BR>[Called By]<UL><LI><a href="#[22e]">&gt;&gt;</a>&nbsp;&nbsp;&nbsp;FW_OW_Write
</UL>

<P><STRONG><a name="[398]"></a>system_clock_120m_irc8m</STRONG> (Thumb, 236 bytes, Stack size 0 bytes, system_gd32f30x.o(i.system_clock_120m_irc8m))
<BR><BR>[Called By]<UL><LI><a href="#[326]">&gt;&gt;</a>&nbsp;&nbsp;&nbsp;system_clock_config
</UL>

<P><STRONG><a name="[326]"></a>system_clock_config</STRONG> (Thumb, 8 bytes, Stack size 8 bytes, system_gd32f30x.o(i.system_clock_config))
<BR><BR>[Stack]<UL><LI>Max Depth = 8<LI>Call Chain = system_clock_config
</UL>
<BR>[Calls]<UL><LI><a href="#[398]">&gt;&gt;</a>&nbsp;&nbsp;&nbsp;system_clock_120m_irc8m
</UL>
<BR>[Called By]<UL><LI><a href="#[5e]">&gt;&gt;</a>&nbsp;&nbsp;&nbsp;SystemInit
</UL>

<P><STRONG><a name="[387]"></a>dma_periph_and_channel_check</STRONG> (Thumb, 18 bytes, Stack size 0 bytes, gd32f30x_dma.o(i.dma_periph_and_channel_check))
<BR><BR>[Called By]<UL><LI><a href="#[1dd]">&gt;&gt;</a>&nbsp;&nbsp;&nbsp;dma_circulation_enable
<LI><a href="#[359]">&gt;&gt;</a>&nbsp;&nbsp;&nbsp;dma_transfer_number_get
<LI><a href="#[21d]">&gt;&gt;</a>&nbsp;&nbsp;&nbsp;dma_transfer_number_config
<LI><a href="#[317]">&gt;&gt;</a>&nbsp;&nbsp;&nbsp;dma_memory_to_memory_disable
<LI><a href="#[31e]">&gt;&gt;</a>&nbsp;&nbsp;&nbsp;dma_memory_address_config
<LI><a href="#[1dc]">&gt;&gt;</a>&nbsp;&nbsp;&nbsp;dma_init
<LI><a href="#[1d9]">&gt;&gt;</a>&nbsp;&nbsp;&nbsp;dma_deinit
<LI><a href="#[20e]">&gt;&gt;</a>&nbsp;&nbsp;&nbsp;dma_circulation_disable
<LI><a href="#[1de]">&gt;&gt;</a>&nbsp;&nbsp;&nbsp;dma_channel_enable
<LI><a href="#[21c]">&gt;&gt;</a>&nbsp;&nbsp;&nbsp;dma_channel_disable
<LI><a href="#[322]">&gt;&gt;</a>&nbsp;&nbsp;&nbsp;dma_memory_increase_enable
</UL>

<P><STRONG><a name="[3a7]"></a>usbd_intf_esof</STRONG> (Thumb, 84 bytes, Stack size 0 bytes, usbd_int.o(i.usbd_intf_esof))
<BR><BR>[Called By]<UL><LI><a href="#[36e]">&gt;&gt;</a>&nbsp;&nbsp;&nbsp;usbd_isr
</UL>

<P><STRONG><a name="[39e]"></a>usbd_intf_lpst</STRONG> (Thumb, 340 bytes, Stack size 32 bytes, usbd_int.o(i.usbd_intf_lpst))
<BR><BR>[Stack]<UL><LI>Max Depth = 100<LI>Call Chain = usbd_intf_lpst &rArr; usbd_setup_transaction &rArr; usbd_device_class_request &rArr; usbd_enum_error &rArr; usbd_ep_stall
</UL>
<BR>[Calls]<UL><LI><a href="#[386]">&gt;&gt;</a>&nbsp;&nbsp;&nbsp;usbd_ep_rx
<LI><a href="#[3a0]">&gt;&gt;</a>&nbsp;&nbsp;&nbsp;usbd_setup_transaction
<LI><a href="#[3a1]">&gt;&gt;</a>&nbsp;&nbsp;&nbsp;usbd_out_transaction
<LI><a href="#[39d]">&gt;&gt;</a>&nbsp;&nbsp;&nbsp;usbd_in_transaction
<LI><a href="#[39f]">&gt;&gt;</a>&nbsp;&nbsp;&nbsp;usbd_ep_data_read
</UL>
<BR>[Called By]<UL><LI><a href="#[36e]">&gt;&gt;</a>&nbsp;&nbsp;&nbsp;usbd_isr
</UL>

<P><STRONG><a name="[3a8]"></a>usbd_intf_reset</STRONG> (Thumb, 130 bytes, Stack size 8 bytes, usbd_int.o(i.usbd_intf_reset))
<BR><BR>[Stack]<UL><LI>Max Depth = 8<LI>Call Chain = usbd_intf_reset
</UL>
<BR>[Called By]<UL><LI><a href="#[36e]">&gt;&gt;</a>&nbsp;&nbsp;&nbsp;usbd_isr
</UL>

<P><STRONG><a name="[3a6]"></a>usbd_intf_sof</STRONG> (Thumb, 24 bytes, Stack size 8 bytes, usbd_int.o(i.usbd_intf_sof))
<BR><BR>[Stack]<UL><LI>Max Depth = 8<LI>Call Chain = usbd_intf_sof
</UL>
<BR>[Called By]<UL><LI><a href="#[36e]">&gt;&gt;</a>&nbsp;&nbsp;&nbsp;usbd_isr
</UL>

<P><STRONG><a name="[3a2]"></a>usbd_intf_suspend</STRONG> (Thumb, 34 bytes, Stack size 8 bytes, usbd_int.o(i.usbd_intf_suspend))
<BR><BR>[Stack]<UL><LI>Max Depth = 8<LI>Call Chain = usbd_intf_suspend
</UL>
<BR>[Calls]<UL><LI><a href="#[3a3]">&gt;&gt;</a>&nbsp;&nbsp;&nbsp;usbd_suspend
</UL>
<BR>[Called By]<UL><LI><a href="#[36e]">&gt;&gt;</a>&nbsp;&nbsp;&nbsp;usbd_isr
</UL>

<P><STRONG><a name="[3a4]"></a>usbd_intf_wakeup</STRONG> (Thumb, 22 bytes, Stack size 8 bytes, usbd_int.o(i.usbd_intf_wakeup))
<BR><BR>[Stack]<UL><LI>Max Depth = 8<LI>Call Chain = usbd_intf_wakeup
</UL>
<BR>[Calls]<UL><LI><a href="#[3a5]">&gt;&gt;</a>&nbsp;&nbsp;&nbsp;resume_mcu
</UL>
<BR>[Called By]<UL><LI><a href="#[36e]">&gt;&gt;</a>&nbsp;&nbsp;&nbsp;usbd_isr
</UL>

<P><STRONG><a name="[9]"></a>usbd_clearfeature</STRONG> (Thumb, 280 bytes, Stack size 16 bytes, usbd_std.o(i.usbd_clearfeature))
<BR><BR>[Stack]<UL><LI>Max Depth = 52<LI>Call Chain = usbd_clearfeature &rArr; usbd_enum_error &rArr; usbd_ep_stall
</UL>
<BR>[Calls]<UL><LI><a href="#[393]">&gt;&gt;</a>&nbsp;&nbsp;&nbsp;usbd_enum_error
<LI><a href="#[39a]">&gt;&gt;</a>&nbsp;&nbsp;&nbsp;usbd_ep_clear_stall
</UL>
<BR>[Address Reference Count : 1]<UL><LI> usbd_std.o(.data)
</UL>
<P><STRONG><a name="[15]"></a>usbd_configuration_descriptor_get</STRONG> (Thumb, 16 bytes, Stack size 0 bytes, usbd_std.o(i.usbd_configuration_descriptor_get))
<BR>[Address Reference Count : 1]<UL><LI> usbd_std.o(.data)
</UL>
<P><STRONG><a name="[14]"></a>usbd_device_descriptor_get</STRONG> (Thumb, 16 bytes, Stack size 0 bytes, usbd_std.o(i.usbd_device_descriptor_get))
<BR>[Address Reference Count : 1]<UL><LI> usbd_std.o(.data)
</UL>
<P><STRONG><a name="[f]"></a>usbd_getconfiguration</STRONG> (Thumb, 80 bytes, Stack size 16 bytes, usbd_std.o(i.usbd_getconfiguration))
<BR><BR>[Stack]<UL><LI>Max Depth = 60<LI>Call Chain = usbd_getconfiguration &rArr; usbd_ep_tx &rArr; usbd_ep_data_write
</UL>
<BR>[Calls]<UL><LI><a href="#[393]">&gt;&gt;</a>&nbsp;&nbsp;&nbsp;usbd_enum_error
<LI><a href="#[384]">&gt;&gt;</a>&nbsp;&nbsp;&nbsp;usbd_ep_tx
</UL>
<BR>[Address Reference Count : 1]<UL><LI> usbd_std.o(.data)
</UL>
<P><STRONG><a name="[d]"></a>usbd_getdescriptor</STRONG> (Thumb, 144 bytes, Stack size 32 bytes, usbd_std.o(i.usbd_getdescriptor))
<BR><BR>[Stack]<UL><LI>Max Depth = 76<LI>Call Chain = usbd_getdescriptor &rArr; usbd_ep_tx &rArr; usbd_ep_data_write
</UL>
<BR>[Calls]<UL><LI><a href="#[393]">&gt;&gt;</a>&nbsp;&nbsp;&nbsp;usbd_enum_error
<LI><a href="#[384]">&gt;&gt;</a>&nbsp;&nbsp;&nbsp;usbd_ep_tx
</UL>
<BR>[Address Reference Count : 1]<UL><LI> usbd_std.o(.data)
</UL>
<P><STRONG><a name="[11]"></a>usbd_getinterface</STRONG> (Thumb, 68 bytes, Stack size 16 bytes, usbd_std.o(i.usbd_getinterface))
<BR><BR>[Stack]<UL><LI>Max Depth = 52<LI>Call Chain = usbd_getinterface &rArr; usbd_enum_error &rArr; usbd_ep_stall
</UL>
<BR>[Calls]<UL><LI><a href="#[393]">&gt;&gt;</a>&nbsp;&nbsp;&nbsp;usbd_enum_error
</UL>
<BR>[Address Reference Count : 1]<UL><LI> usbd_std.o(.data)
</UL>
<P><STRONG><a name="[8]"></a>usbd_getstatus</STRONG> (Thumb, 250 bytes, Stack size 24 bytes, usbd_std.o(i.usbd_getstatus))
<BR><BR>[Stack]<UL><LI>Max Depth = 68<LI>Call Chain = usbd_getstatus &rArr; usbd_ep_tx &rArr; usbd_ep_data_write
</UL>
<BR>[Calls]<UL><LI><a href="#[393]">&gt;&gt;</a>&nbsp;&nbsp;&nbsp;usbd_enum_error
<LI><a href="#[384]">&gt;&gt;</a>&nbsp;&nbsp;&nbsp;usbd_ep_tx
</UL>
<BR>[Address Reference Count : 1]<UL><LI> usbd_std.o(.data)
</UL>
<P><STRONG><a name="[a]"></a>usbd_reserved</STRONG> (Thumb, 2 bytes, Stack size 0 bytes, usbd_std.o(i.usbd_reserved))
<BR>[Address Reference Count : 1]<UL><LI> usbd_std.o(.data)
</UL>
<P><STRONG><a name="[c]"></a>usbd_setaddress</STRONG> (Thumb, 104 bytes, Stack size 16 bytes, usbd_std.o(i.usbd_setaddress))
<BR><BR>[Stack]<UL><LI>Max Depth = 52<LI>Call Chain = usbd_setaddress &rArr; usbd_enum_error &rArr; usbd_ep_stall
</UL>
<BR>[Calls]<UL><LI><a href="#[393]">&gt;&gt;</a>&nbsp;&nbsp;&nbsp;usbd_enum_error
</UL>
<BR>[Address Reference Count : 1]<UL><LI> usbd_std.o(.data)
</UL>
<P><STRONG><a name="[10]"></a>usbd_setconfiguration</STRONG> (Thumb, 328 bytes, Stack size 16 bytes, usbd_std.o(i.usbd_setconfiguration))
<BR><BR>[Stack]<UL><LI>Max Depth = 52<LI>Call Chain = usbd_setconfiguration &rArr; usbd_enum_error &rArr; usbd_ep_stall
</UL>
<BR>[Calls]<UL><LI><a href="#[393]">&gt;&gt;</a>&nbsp;&nbsp;&nbsp;usbd_enum_error
</UL>
<BR>[Address Reference Count : 1]<UL><LI> usbd_std.o(.data)
</UL>
<P><STRONG><a name="[e]"></a>usbd_setdescriptor</STRONG> (Thumb, 2 bytes, Stack size 0 bytes, usbd_std.o(i.usbd_setdescriptor))
<BR>[Address Reference Count : 1]<UL><LI> usbd_std.o(.data)
</UL>
<P><STRONG><a name="[b]"></a>usbd_setfeature</STRONG> (Thumb, 242 bytes, Stack size 16 bytes, usbd_std.o(i.usbd_setfeature))
<BR><BR>[Stack]<UL><LI>Max Depth = 52<LI>Call Chain = usbd_setfeature &rArr; usbd_enum_error &rArr; usbd_ep_stall
</UL>
<BR>[Calls]<UL><LI><a href="#[394]">&gt;&gt;</a>&nbsp;&nbsp;&nbsp;usbd_ep_stall
<LI><a href="#[393]">&gt;&gt;</a>&nbsp;&nbsp;&nbsp;usbd_enum_error
</UL>
<BR>[Address Reference Count : 1]<UL><LI> usbd_std.o(.data)
</UL>
<P><STRONG><a name="[12]"></a>usbd_setinterface</STRONG> (Thumb, 102 bytes, Stack size 16 bytes, usbd_std.o(i.usbd_setinterface))
<BR><BR>[Stack]<UL><LI>Max Depth = 52<LI>Call Chain = usbd_setinterface &rArr; usbd_enum_error &rArr; usbd_ep_stall
</UL>
<BR>[Calls]<UL><LI><a href="#[393]">&gt;&gt;</a>&nbsp;&nbsp;&nbsp;usbd_enum_error
</UL>
<BR>[Address Reference Count : 1]<UL><LI> usbd_std.o(.data)
</UL>
<P><STRONG><a name="[16]"></a>usbd_string_descriptor_get</STRONG> (Thumb, 18 bytes, Stack size 8 bytes, usbd_std.o(i.usbd_string_descriptor_get))
<BR><BR>[Stack]<UL><LI>Max Depth = 8<LI>Call Chain = usbd_string_descriptor_get
</UL>
<BR>[Address Reference Count : 1]<UL><LI> usbd_std.o(.data)
</UL>
<P><STRONG><a name="[13]"></a>usbd_synchframe</STRONG> (Thumb, 2 bytes, Stack size 0 bytes, usbd_std.o(i.usbd_synchframe))
<BR>[Address Reference Count : 1]<UL><LI> usbd_std.o(.data)
</UL>
<P><STRONG><a name="[37c]"></a>_fp_digits</STRONG> (Thumb, 366 bytes, Stack size 64 bytes, printfa.o(i._fp_digits), UNUSED)
<BR><BR>[Calls]<UL><LI><a href="#[1b7]">&gt;&gt;</a>&nbsp;&nbsp;&nbsp;__aeabi_dadd
<LI><a href="#[37d]">&gt;&gt;</a>&nbsp;&nbsp;&nbsp;__aeabi_cdrcmple
<LI><a href="#[1ae]">&gt;&gt;</a>&nbsp;&nbsp;&nbsp;__aeabi_uldivmod
<LI><a href="#[1bd]">&gt;&gt;</a>&nbsp;&nbsp;&nbsp;__aeabi_dmul
<LI><a href="#[1c0]">&gt;&gt;</a>&nbsp;&nbsp;&nbsp;__aeabi_ddiv
<LI><a href="#[1c1]">&gt;&gt;</a>&nbsp;&nbsp;&nbsp;__aeabi_d2ulz
</UL>
<BR>[Called By]<UL><LI><a href="#[37a]">&gt;&gt;</a>&nbsp;&nbsp;&nbsp;_printf_core
</UL>

<P><STRONG><a name="[37a]"></a>_printf_core</STRONG> (Thumb, 1744 bytes, Stack size 136 bytes, printfa.o(i._printf_core), UNUSED)
<BR><BR>[Calls]<UL><LI><a href="#[1ae]">&gt;&gt;</a>&nbsp;&nbsp;&nbsp;__aeabi_uldivmod
<LI><a href="#[380]">&gt;&gt;</a>&nbsp;&nbsp;&nbsp;__aeabi_uidivmod
<LI><a href="#[37e]">&gt;&gt;</a>&nbsp;&nbsp;&nbsp;_printf_pre_padding
<LI><a href="#[37f]">&gt;&gt;</a>&nbsp;&nbsp;&nbsp;_printf_post_padding
<LI><a href="#[37c]">&gt;&gt;</a>&nbsp;&nbsp;&nbsp;_fp_digits
</UL>
<BR>[Called By]<UL><LI><a href="#[379]">&gt;&gt;</a>&nbsp;&nbsp;&nbsp;__0printf
</UL>

<P><STRONG><a name="[37f]"></a>_printf_post_padding</STRONG> (Thumb, 36 bytes, Stack size 24 bytes, printfa.o(i._printf_post_padding), UNUSED)
<BR><BR>[Called By]<UL><LI><a href="#[37a]">&gt;&gt;</a>&nbsp;&nbsp;&nbsp;_printf_core
</UL>

<P><STRONG><a name="[37e]"></a>_printf_pre_padding</STRONG> (Thumb, 46 bytes, Stack size 24 bytes, printfa.o(i._printf_pre_padding), UNUSED)
<BR><BR>[Called By]<UL><LI><a href="#[37a]">&gt;&gt;</a>&nbsp;&nbsp;&nbsp;_printf_core
</UL>

<P><STRONG><a name="[37b]"></a>internal_alloc</STRONG> (Thumb, 76 bytes, Stack size 24 bytes, mallocr.o(i.internal_alloc))
<BR><BR>[Stack]<UL><LI>Max Depth = 32<LI>Call Chain = internal_alloc &rArr; __aeabi_memcpy
</UL>
<BR>[Calls]<UL><LI><a href="#[1fe]">&gt;&gt;</a>&nbsp;&nbsp;&nbsp;__aeabi_memcpy
</UL>
<BR>[Called By]<UL><LI><a href="#[4]">&gt;&gt;</a>&nbsp;&nbsp;&nbsp;malloc
</UL>
<P>
<H3>
Undefined Global Symbols
</H3><HR></body></html>
