<html>
<body>
<pre>
<h1>µVision Build Log</h1>
<h2>Tool Versions:</h2>
IDE-Version: ¦ÌVision V5.29.0.0
Copyright (C) 2019 ARM Ltd and ARM Germany GmbH. All rights reserved.
License Information: S Administrator, S, LIC=EPPLD-8YQCT-5BPEB-2LCS9-VKYDK-TRBBD
 
Tool Versions:
Toolchain:       MDK-ARM Professional  Version: 5.29.0.0
Toolchain Path:  D:\Program Files (x86)\MDK\ARM\ARMCC\Bin
C Compiler:      Armcc.exe V5.06 update 6 (build 750)
Assembler:       Armasm.exe V5.06 update 6 (build 750)
Linker/Locator:  ArmLink.exe V5.06 update 6 (build 750)
Library Manager: ArmAr.exe V5.06 update 6 (build 750)
Hex Converter:   FromElf.exe V5.06 update 6 (build 750)
CPU DLL:         SARMCM3.DLL V5.29.0.0
Dialog DLL:      DCM.DLL V1.17.3.0
Target DLL:      CMSIS_AGDI.dll V1.32.0.0
Dialog DLL:      TCM.DLL V1.36.5.0
 
<h2>Project:</h2>
E:\0-F2M_V1.0.0\Firmware\AT32F403A_407_Firmware_Library\project\at_start_f403a\examples\acc\calibration\mdk_v5\calibration.uvprojx
Project File Date:  05/22/2024

<h2>Output:</h2>
*** Using Compiler 'V5.06 update 6 (build 750)', folder: 'D:\Program Files (x86)\MDK\ARM\ARMCC\Bin'
Build target 'calibration'
compiling at32f403a_407_int.c...
compiling at32f403a_407_clock.c...
compiling main.c...
compiling at32f403a_407_board.c...
compiling at32f403a_407_bpr.c...
compiling at32f403a_407_acc.c...
compiling at32f403a_407_adc.c...
compiling at32f403a_407_can.c...
compiling at32f403a_407_crc.c...
compiling at32f403a_407_dac.c...
compiling at32f403a_407_crm.c...
compiling at32f403a_407_debug.c...
compiling at32f403a_407_dma.c...
compiling at32f403a_407_exint.c...
compiling at32f403a_407_emac.c...
compiling at32f403a_407_flash.c...
compiling at32f403a_407_misc.c...
compiling at32f403a_407_gpio.c...
compiling at32f403a_407_i2c.c...
compiling at32f403a_407_pwc.c...
compiling at32f403a_407_rtc.c...
compiling at32f403a_407_spi.c...
compiling at32f403a_407_sdio.c...
compiling at32f403a_407_tmr.c...
compiling at32f403a_407_wdt.c...
compiling at32f403a_407_usart.c...
compiling at32f403a_407_usb.c...
compiling at32f403a_407_wwdt.c...
assembling startup_at32f403a_407.s...
compiling at32f403a_407_xmc.c...
compiling system_at32f403a_407.c...
compiling usbd_core.c...
compiling usbd_int.c...
compiling cdc_class.c...
compiling usbd_sdr.c...
compiling cdc_desc.c...
linking...
Program Size: Code=10600 RO-data=436 RW-data=316 ZI-data=2796  
FromELF: creating hex file...
".\objects\calibration.axf" - 0 Error(s), 0 Warning(s).

<h2>Software Packages used:</h2>

Package Vendor: ArteryTek
                
                ArteryTek.AT32F403A_407_DFP.2.1.9
                ArteryTek AT32F403A_407 Series Device Support,Drivers

<h2>Collection of Component include folders:</h2>
  .\RTE\_calibration
  D:\Program Files (x86)\MDK\Arm\Packs\ArteryTek\AT32F403A_407_DFP\2.1.9\Device\Include

<h2>Collection of Component Files used:</h2>
Build Time Elapsed:  00:00:10
</pre>
</body>
</html>
